Archive member included to satisfy reference by file (symbol)

C:\Nburn/lib/DBNANO54415.a(hardware_init.od)
                              c:/nburn/gcc-m68k/bin/../lib/gcc/m68k-unknown-elf/5.2.0/m54455\nb-crt0.o (hardware_init_hook)
C:\Nburn/lib/DBNANO54415.a(serial.od)
                              Drivers\dsm2.od (UartData)
C:\Nburn/lib/DBNANO54415.a(pins.od)
                              main.od (Pins)
C:\Nburn/lib/DBNANO54415.a(SimpleAD.od)
                              main.od (_Z15InitSingleEndADv)
C:\Nburn/lib/DBNANO54415.a(FlashOps.od)
                              C:\Nburn/lib/DBNANO54415.a(hardware_init.od) (CopySPIFlashImageOnBoot)
C:\Nburn/lib/DBNANO54415.a(HiResTimer.od)
                              Drivers\MPU9250.od (_ZN10HiResTimer4initEd)
C:\Nburn/lib/DBNANO54415.a(netwait.od)
                              main.od (_Z29InitializeNetworkGDB_and_Waitv)
C:\Nburn/lib/DBNANO54415.a(pin_irq.od)
                              Drivers\Odometer.od (_Z9SetPinIrqiiPFvvE)
C:\Nburn/lib/DBNANO54415.a(dbethernet.od)
                              C:\Nburn/lib/DBNANO54415.a(netwait.od) (_Z17GDBDebugConnectedv)
C:\Nburn/lib/DBNANO54415.a(bsp.od)
                              C:\Nburn/lib/DBNANO54415.a(serial.od) (CPU_CLOCK)
C:\Nburn/lib/DBNANO54415.a(localio.od)
                              C:\Nburn/lib/DBNANO54415.a(serial.od) (_Z13GetUartRecordi)
C:\Nburn/lib/DBNANO54415.a(userparam.od)
                              main.od (_Z18SaveUserParametersPvi)
C:\Nburn/lib/DBNANO54415.a(multichanneli2c.od)
                              main.od (MultiChannel_I2CInit)
C:\Nburn/lib/DBNANO54415.a(bspa.od)
                              C:\Nburn/lib/DBNANO54415.a(bsp.od) (CatchNullWrites)
C:\Nburn/lib/DBNANO54415.a(defpins.od)
                              C:\Nburn/lib/DBNANO54415.a(bsp.od) (_Z14SetDefPinUsagev)
C:\Nburn/lib/DBNANO54415.a(ethernet.od)
                              C:\Nburn/lib/DBNANO54415.a(dbethernet.od) (enet0)
C:\Nburn/lib/DBNANO54415.a(etherprint.od)
                              C:\Nburn/lib/DBNANO54415.a(ethernet.od) (_ZN12EthernetVars9EtherLinkEv)
C:\Nburn/lib/DBNANO54415.a(emulticast.od)
                              C:\Nburn/lib/DBNANO54415.a(ethernet.od) (_ZN12EthernetVars18EthEnableMulticastE6MACADR)
C:\Nburn/lib/DBNANO54415.a(SPIFlash.od)
                              C:\Nburn/lib/DBNANO54415.a(FlashOps.od) (_ZN8SPIFlashC1Ei)
C:\Nburn/lib/DBNANO54415.a(ethernetauxdb.od)
                              C:\Nburn/lib/DBNANO54415.a(dbethernet.od) (_Z16OSMaxTasksEnetDBv)
C:\Nburn/lib/DBNANO54415.a(ether2nd.od)
                              C:\Nburn/lib/DBNANO54415.a(dbethernet.od) (EthernetBlock1)
C:\Nburn/lib/DBNANO54415.a(etherswitch.od)
                              C:\Nburn/lib/DBNANO54415.a(emulticast.od) (_Z14UpdateMacTableblPhjj)
C:\Nburn/lib/DBNANO54415.a(weak_autoenet_var.od)
                              C:\Nburn/lib/DBNANO54415.a(ethernet.od) (bAutomatic2ndEther)
C:\Nburn/lib/DBNANO54415.a(i2c_class.od)
                              C:\Nburn/lib/DBNANO54415.a(multichanneli2c.od) (I2C)
C:\Nburn/lib/DBNetBurner.a(ucosmcfa.od)
                              C:\Nburn/lib/DBNANO54415.a(bsp.od) (OSCtxSw)
C:\Nburn/lib/DBNetBurner.a(software_init.od)
                              c:/nburn/gcc-m68k/bin/../lib/gcc/m68k-unknown-elf/5.2.0/m54455\nb-crt0.o (software_init_hook)
C:\Nburn/lib/DBNetBurner.a(main.od)
                              c:/nburn/gcc-m68k/bin/../lib/gcc/m68k-unknown-elf/5.2.0/m54455\nb-crt0.o (main)
C:\Nburn/lib/DBNetBurner.a(ucosmcfc.od)
                              main.od (_Z17OSTaskCreatewNamePFvPvES_S_S_hPKc)
C:\Nburn/lib/DBNetBurner.a(ucos.od)
                              C:\Nburn/lib/DBNANO54415.a(dbethernet.od) (TimeTick)
C:\Nburn/lib/DBNetBurner.a(cppmain.od)
                              C:\Nburn/lib/DBNetBurner.a(main.od) (cppmain)
C:\Nburn/lib/DBNetBurner.a(debugtrap.od)
                              C:\Nburn/lib/DBNANO54415.a(bsp.od) (_Z23SetAddressReadRangeTrapmm)
C:\Nburn/lib/DBNetBurner.a(ucosmain.od)
                              C:\Nburn/lib/DBNANO54415.a(dbethernet.od) (OSTCBTbl)
C:\Nburn/lib/DBNetBurner.a(fileio.od)
                              C:\Nburn/lib/DBNetBurner.a(ucosmain.od) (ioctl)
C:\Nburn/lib/DBNetBurner.a(system.od)
                              C:\Nburn/lib/DBNANO54415.a(serial.od) (rnd_cnt)
C:\Nburn/lib/DBNetBurner.a(utils.od)
                              C:\Nburn/lib/DBNANO54415.a(ethernet.od) (frames_tx)
C:\Nburn/lib/DBNetBurner.a(ip.od)
                              C:\Nburn/lib/DBNANO54415.a(dbethernet.od) (wGlobalPktId)
C:\Nburn/lib/DBNetBurner.a(buffers.od)
                              C:\Nburn/lib/DBNANO54415.a(bsp.od) (static_pool_buffers)
C:\Nburn/lib/DBNetBurner.a(arp.od)
                              C:\Nburn/lib/DBNetBurner.a(ip.od) (_Z25GetInterfaceForMyAddress47IPADDR4)
C:\Nburn/lib/DBNetBurner.a(udp.od)
                              C:\Nburn/lib/DBNetBurner.a(ip.od) (_Z12process_udp4P11pool_bufferP5IPPKTt)
[...]
Memory Configuration

Name             Origin             Length             Attributes
ram              0x40000400         0x03fffcff         xrw
SRAM             0x80000400         0x0000fbf0         xrw
Cold_SRAM        0x8000fffe         0x00000002         xrw
*default*        0x00000000         0xffffffff

Linker script and memory map

LOAD c:/nburn/gcc-m68k/bin/../lib/gcc/m68k-unknown-elf/5.2.0/m54455\nb-crt0.o
LOAD c:/nburn/gcc-m68k/bin/../lib/gcc/m68k-unknown-elf/5.2.0/m54455/crtbegin.o
LOAD tests.od
LOAD main.od
LOAD Utility.od
LOAD Nav.od
LOAD Map.od
LOAD Logger.od
LOAD Drivers\servodrive.od
LOAD Drivers\pwm.od
LOAD Drivers\introspec.od
LOAD Drivers\dsm2.od
LOAD Drivers\SpinningLidar.od
LOAD Drivers\Odometer.od
LOAD Drivers\MadgwickFilter.od
LOAD Drivers\MPU9250.od
LOAD Drivers\LidarPWM.od
LOAD Drivers\LCD.od
LOAD Drivers\IMUSetupAndSample.od
LOAD htmldata.od
LOAD C:\Nburn/NANO54415/lib/sys.ld
                0x40000000                ovector_base = 0x40000000
                0x80000000                vector_base = 0x80000000
                0x80000400                SRAM_START_ADDR = 0x80000400
                0x8000fffe                SRAM_END_ADDR = 0x8000fffe
                0x8c000000                sim_rgpio = 0x8c000000
                0xec008000                sim1 = 0xec008000
                0xfc004000                sim2 = 0xfc004000
                0x00004000                FlashAppBase = 0x4000
                0xfc0d4008                DBETHER_EMIR_REG = 0xfc0d4008
                0x8000d000                comm_loc = 0x8000d000
START GROUP
LOAD C:\Nburn/lib/DBNANO54415.a
LOAD C:\Nburn/lib/DBNetBurner.a
LOAD C:\Nburn/lib/FatFile.a
LOAD c:/nburn/gcc-m68k/bin/../m68k-unknown-elf/sysroot/lib/m54455\libstdc++.a
LOAD C:\Nburn\lib\DBcryptolib.a
LOAD C:\Nburn\lib\DBdebugLibrary.a
LOAD C:\Nburn\lib\DBLua_Full.a
LOAD C:\Nburn\lib\DBnb-libxively.a
LOAD C:\Nburn\lib\DBnbwifilib.a
LOAD C:\Nburn\lib\DBsshLibrary.a
LOAD C:\Nburn\lib\DBwebclient.a
END GROUP
LOAD c:/nburn/gcc-m68k/bin/../m68k-unknown-elf/sysroot/lib/m54455\libstdc++.a
LOAD c:/nburn/gcc-m68k/bin/../m68k-unknown-elf/sysroot/lib/m54455\libm.a
LOAD c:/nburn/gcc-m68k/bin/../lib/gcc/m68k-unknown-elf/5.2.0/m54455\libgcc.a
LOAD c:/nburn/gcc-m68k/bin/../m68k-unknown-elf/sysroot/lib/m54455\libc.a
LOAD c:/nburn/gcc-m68k/bin/../lib/gcc/m68k-unknown-elf/5.2.0/m54455\libgcc.a
LOAD c:/nburn/gcc-m68k/bin/../lib/gcc/m68k-unknown-elf/5.2.0/m54455/crtend.o
START GROUP
LOAD c:/nburn/gcc-m68k/bin/../m68k-unknown-elf/sysroot/lib/m54455\libc.a
LOAD c:/nburn/gcc-m68k/bin/../lib/gcc/m68k-unknown-elf/5.2.0/m54455\libgcc.a
LOAD c:/nburn/gcc-m68k/bin/../m68k-unknown-elf/sysroot/lib/m54455\libm.a
END GROUP
                0x00000000                __DYNAMIC = 0x0
                0x44000000                PROVIDE (__stack, 0x44000000)
                [!provide]                PROVIDE (hardware_init_hook, 0x0)
                [!provide]                PROVIDE (_hardware_init_hook, 0x0)
                [!provide]                PROVIDE (software_init_hook, 0x0)
                [!provide]                PROVIDE (_software_init_hook, 0x0)

.gcc_except_table._ZN10__cxxabiv111__terminateEPFvvE
                0x40000400       0x1d
 .gcc_except_table._ZN10__cxxabiv111__terminateEPFvvE
                0x40000400       0x1d c:/nburn/gcc-m68k/bin/../m68k-unknown-elf/sysroot/lib/m54455\libstdc++.a(eh_terminate.o)

.gcc_except_table.__gxx_personality_v0
                0x40000420       0x1c
 .gcc_except_table.__gxx_personality_v0
                0x40000420       0x1c c:/nburn/gcc-m68k/bin/../m68k-unknown-elf/sysroot/lib/m54455\libstdc++.a(eh_personality.o)

.gcc_except_table.__cxa_call_unexpected
                0x4000043c       0x1c
 .gcc_except_table.__cxa_call_unexpected
                0x4000043c       0x1c c:/nburn/gcc-m68k/bin/../m68k-unknown-elf/sysroot/lib/m54455\libstdc++.a(eh_personality.o)

.gcc_except_table._ZN9__gnu_cxx27__verbose_terminate_handlerEv
                0x40000458       0x2c
 .gcc_except_table._ZN9__gnu_cxx27__verbose_terminate_handlerEv
                0x40000458       0x2c c:/nburn/gcc-m68k/bin/../m68k-unknown-elf/sysroot/lib/m54455\libstdc++.a(vterminate.o)

.SRAM_SECT      0x80000400        0x0
                0x80000400                SRAM_START = .
 *(SYS_VAR_SECT)
                0x80000400                SYS_VAR_SECT_END = .
                0x80000400                . = ALIGN (0x10)
 *(IDLE_STK_SECT)
                0x80000400                IDLE_STK_SECT_END = .
                0x80000400                . = ALIGN (0x10)
 *(MAIN_STK_SECT)
                0x80000400                MAIN_STK_SECT_END = .
                0x80000400                . = ALIGN (0x4)
 *(ETHER_VAR_SECT)
                0x80000400                ETHER_VAR_SECT_END = .
                0x80000400                . = ALIGN (0x10)
 *(ETHER_STK_SECT)
                0x80000400                ETHER_STK_SECT_END = .
                0x80000400                . = ALIGN (0x4)
 *(IP_VAR_SECT)
                0x80000400                IP_VAR_SECT_END = .
                0x80000400                . = ALIGN (0x10)
 *(IP_STK_SECT)
                0x80000400                IP_STK_SECT_END = .
                0x80000400                . = ALIGN (0x4)
 *(TCP_VAR_SECT)
                0x80000400                TCP_VAR_SECT_END = .
                0x80000400                . = ALIGN (0x10)
 *(TCP_STK_SECT)
                0x80000400                TCP_STK_SECT_END = .
                0x80000400                . = ALIGN (0x10)
 *(HTTP_STK_SECT)
                0x80000400                HTTP_STK_SECT_END = .
                0x80000400                . = ALIGN (0x10)
 *(FTP_STK_SECT)
                0x80000400                FTP_STK_SECT_END = .
                0x80000400                . = ALIGN (0x10)
 *(WIFI_STK_SECT)
                0x80000400                WIFI_STK_SECT_END = .
                0x80000400                . = ALIGN (0x10)
 *(PPP_STK_SECT)
                0x80000400                PPP_STK_SECT_END = .
                0x80000400                . = ALIGN (0x10)
 *(COMMAND_STK_SECT)
                0x80000400                COMMAND_STK_SECT_END = .
                0x80000400                . = ALIGN (0x4)
 *(USER_VAR_SECT)
                0x80000400                USER_VAR_SECT_END = .
                0x80000400                . = ALIGN (0x10)
 *(USER_STK_SECT)
                0x80000400                USER_STK_SECT_END = .
                0x80000400                . = ALIGN (0x4)
 *(TLS_VAR_SECT)
                0x80000400                TLS_VAR_SECT_END = .
                0x80000400                BUFFERS_SECT_START = .
                0x80000400                . = ALIGN (0x10)
 *(BUFFERS_VAR_SECT)
                0x80000400                . = ALIGN (0x10)
                0x80000400                BUFFERS_VAR_SECT_END = .
                0x80000400                . = ALIGN (0x10)
                0x80000400                SRAM_END = .

.COLD_SRAM_SECT
                0x8000fffe        0x2
 *(COLD_SRAM_VAR)
 COLD_SRAM_VAR  0x8000fffe        0x2 C:\Nburn/lib/DBNetBurner.a(ip.od)

.text           0x40000490    0x82720
 nb-crt0.o()
 .text          0x40000490       0xaa c:/nburn/gcc-m68k/bin/../lib/gcc/m68k-unknown-elf/5.2.0/m54455\nb-crt0.o
                0x40000490                start
 *fill*         0x4000053a        0x2 
 .data          0x4000053c        0x4 c:/nburn/gcc-m68k/bin/../lib/gcc/m68k-unknown-elf/5.2.0/m54455\nb-crt0.o
 .bss           0x40000540        0x0 c:/nburn/gcc-m68k/bin/../lib/gcc/m68k-unknown-elf/5.2.0/m54455\nb-crt0.o
                0x40000540                gConfigRec = .
                0x40002540                . = (. + 0x2000)
 *fill*         0x40000540     0x2000 
                0x40002540                UserParamBase = .
                0x40004540                . = (. + 0x2000)
 *fill*         0x40002540     0x2000 
 *(.text)
 .text          0x40004540      0x12c c:/nburn/gcc-m68k/bin/../lib/gcc/m68k-unknown-elf/5.2.0/m54455/crtbegin.o
 .text          0x4000466c        0x8 C:\Nburn/lib/DBNANO54415.a(hardware_init.od)
                0x4000466c                hardware_init_hook
 .text          0x40004674     0x288c C:\Nburn/lib/DBNANO54415.a(serial.od)
                0x40004674                _Z11FdSerialMapi
                0x400046b0                _Z14InitializeMapsv
                0x40004758                _Z6WakeTxi
                0x4000483c                _Z11BasePutCharih
                0x4000499c                _Z11BaseGetChari
                0x40004a98                _Z8DoSerIsri
                0x40004f20                _Z14fake_SER_0_ISRv
                0x40004f24                SER_0_ISR
                0x40004f74                real_SER_0_ISR
                0x40004f88                _Z14fake_SER_1_ISRv
                0x40004f8c                SER_1_ISR
                0x40004fdc                real_SER_1_ISR
                0x40004ff0                _Z14fake_SER_2_ISRv
                0x40004ff4                SER_2_ISR
                0x40005044                real_SER_2_ISR
                0x40005058                _Z14fake_SER_3_ISRv
                0x4000505c                SER_3_ISR
                0x400050ac                real_SER_3_ISR
                0x400050c0                _Z14fake_SER_4_ISRv
                0x400050c4                SER_4_ISR
                0x40005114                real_SER_4_ISR
                0x40005128                _Z14fake_SER_5_ISRv
                0x4000512c                SER_5_ISR
                0x4000517c                real_SER_5_ISR
                0x40005190                _Z14fake_SER_6_ISRv
                0x40005194                SER_6_ISR
                0x400051e4                real_SER_6_ISR
                0x400051f8                _Z14fake_SER_7_ISRv
                0x400051fc                SER_7_ISR
                0x4000524c                real_SER_7_ISR
                0x40005260                _Z14fake_SER_8_ISRv
                0x40005264                SER_8_ISR
                0x400052b4                real_SER_8_ISR
                0x400052c8                _Z14fake_SER_9_ISRv
                0x400052cc                SER_9_ISR
                0x4000531c                real_SER_9_ISR
                0x40005330                _Z15serwriteaddressic
                0x400054a0                _Z8serwriteiPKci
                0x400055f8                _Z10serreadwtoiPcii
                0x40005890                _Z7serreadiPci
                0x400058b0                _Z10OpenSerialijii11parity_mode
                0x40005eac                _Z11SerialClosei
                0x40005fd4                _Z16serexternalclosei
                0x40006008                _Z18SerialEnableTxFlowii
                0x400060b8                _Z18SerialEnableRxFlowii
                0x400061f0                _Z20Serial485HalfDupModeii
                0x40006504                _Z20SerialEnableHwTxFlowii
                0x40006764                _Z20SerialEnableHwRxFlowii
                0x4000692c                _Z9SendBreakim
                0x400069cc                _Z15GetUartErrorRegi
                0x40006a8c                _Z15fShowSerialDataP7__sFILE
                0x40006d4c                _Z20SerialExpandRxBufferii
                0x40006d9c                _Z18SerialSendCompletei
 .text          0x40006f00     0x20d2 C:\Nburn/lib/DBNANO54415.a(pins.od)
                0x40006f00                _ZN5PinIO3setEh
                0x40007714                _ZN5PinIO6toggleEv
                0x40007dac                _ZN5PinIO5driveEv
                0x400080b8                _ZN5PinIO4readEv
                0x4000876c                _ZN5PinIO8readBackEv
                0x400089c0                _ZN5PinIO8functionEi
 *fill*         0x40008fd2        0x2 
 .text          0x40008fd4      0x12a C:\Nburn/lib/DBNANO54415.a(SimpleAD.od)
                0x40008fd4                _Z15InitSingleEndADv
                0x4000909c                _Z7StartADv
                0x400090b8                _Z6ADDonev
                0x400090e0                _Z11GetADResulti
 *fill*         0x400090fe        0x2 
 .text          0x40009100      0x3f4 C:\Nburn/lib/DBNANO54415.a(FlashOps.od)
                0x40009100                _Z11InConfigRecPv
                0x40009138                _Z10AddrAdjustPv
                0x400091b4                _Z15GetSpiFlashCritv
                0x400091f4                _Z19ReleaseSpiFlashCritv
                0x40009210                _Z10FlashErasePvi
                0x4000925c                _Z12FlashProgramPvS_i
                0x4000933c                CopySPIFlashImageOnBoot
                0x400093bc                _Z12FlashComparePKhS0_m
 .text          0x400094f4      0xc44 C:\Nburn/lib/DBNANO54415.a(HiResTimer.od)
                0x400094f4                _Z21fake_Timer0_Interruptv
                0x400094f8                Timer0_Interrupt
                0x40009548                real_Timer0_Interrupt
                0x4000955c                _Z21fake_Timer1_Interruptv
                0x40009560                Timer1_Interrupt
                0x400095b0                real_Timer1_Interrupt
                0x400095c8                _Z21fake_Timer2_Interruptv
                0x400095cc                Timer2_Interrupt
                0x4000961c                real_Timer2_Interrupt
                0x40009634                _Z21fake_Timer3_Interruptv
                0x40009638                Timer3_Interrupt
                0x40009688                real_Timer3_Interrupt
                0x400096a0                _ZN10HiResTimer4initEd
                0x400097dc                _ZN10HiResTimer10init_ticksEmi
                0x4000992c                _ZN10HiResTimer8readTimeEv
                0x40009aa0                _ZN10HiResTimer5delayEd
                0x40009b08                _ZN10HiResTimer10delay_uSecEm
                0x40009bf0                _ZN10HiResTimer12pollingDelayEd
                0x40009c9c                _ZN10HiResTimer21pollingDelay_refTicksEm
                0x40009d10                _ZN10HiResTimer14clockGeneratorEd
                0x40009da8                _ZN10HiResTimer13getHiResTimerEi
                0x40009e90                _ZN10HiResTimer12releaseTimerEv
                0x40009eac                _ZN10HiResTimerC1Ei
                0x40009eac                _ZN10HiResTimerC2Ei
                0x40009f18                _ZN10HiResTimeraSERKS_
                0x40009fc4                _ZN10HiResTimer8toStringEv
 .text          0x4000a138       0x26 C:\Nburn/lib/DBNANO54415.a(netwait.od)
                0x4000a138                _Z29InitializeNetworkGDB_and_Waitv
 *fill*         0x4000a15e        0x2 
 .text          0x4000a160      0x316 C:\Nburn/lib/DBNANO54415.a(pin_irq.od)
                0x4000a160                _Z18fake_firq2_pin_isrv
                0x4000a164                firq2_pin_isr
                0x4000a1b4                real_firq2_pin_isr
                0x4000a1d8                _Z18fake_firq3_pin_isrv
                0x4000a1dc                firq3_pin_isr
                0x4000a22c                real_firq3_pin_isr
                0x4000a250                _Z9SetPinIrqiiPFvvE
                0x4000a3f0                _Z9EnableIrqi
                0x4000a434                _Z10DisableIrqi
 *fill*         0x4000a476        0xa 
 .text          0x4000a480     0x416c C:\Nburn/lib/DBNANO54415.a(dbethernet.od)
                0x4000a480                _Z13read_eth_addrP6MACADR
                0x4000a4b4                _Z14FillNMIBuffersv
                0x4000a5bc                _Z16NMI_Eth_TransmitP11pool_buffer
                0x4000a600                MASKABLE_ENET_ISR
                0x4000a6fc                _Z21CheckTcpDebugSettingsv
                0x4000b3a4                _Z17process_debug_arpP11CompleteARP
                0x4000b448                _Z17process_debug_tcpP14CompleteTCPPKT
                0x4000b830                _Z17GDBDebugConnectedv
                0x4000b84c                _Z18FillerFunctionNamev
                0x4000b850                ENET_TRAP
                0x4000b878                GDB_TRAP
                0x4000b93c                gdb_tcp_c_trap
                0x4000da84                _Z20InitializeNetworkGDBv
                0x4000db98                _ZN8dbip_objC1EPKc
                0x4000db98                _ZN8dbip_objC2EPKc
                0x4000dc20                _Z27MakeCompilerStopComplainingv
                0x4000dc4c                _Z15ProcessDBPacketP11pool_buffer
                0x4000deb8                _Z13DEnetClrSWIsrv
                0x4000ded4                _Z20DEnetMakeSWIsrHappenv
                0x4000def0                _Z15DEnetSetUpSWISRm
                0x4000df4c                _ZN12EthernetVars16NMIEthernetYieldERVmmm
                0x4000e1a8                _ZN12EthernetVars15DebugEthernetTxEP11pool_buffer
                0x4000e304                _ZN12EthernetVars16NMI_Eth_TransmitEP11pool_buffer
                0x4000e4c8                _Z14GetNMIEthTimerv
                0x4000e4d8                _Z16ResetNMIEthTimerv
                0x4000e4e8                _Z10SafeRebootv
                0x4000e570                _Z14FixUpDebugIsrsv
                0x4000e598                _Z16Get_Counter_Seedv
 .text          0x4000e5ec      0x5ee C:\Nburn/lib/DBNANO54415.a(bsp.od)
                0x4000e5ec                _Z5xTickv
                0x4000e5f0                Tick5441X
                0x4000e60c                _Z16fake_faultvectorv
                0x4000e610                faultvector
                0x4000e62c                real_faultvector
                0x4000e670                _Z7SetIntcilii
                0x4000e7e8                _Z13HardwareSetupl
                0x4000e974                _Z11ForceRebootb
                0x4000e99c                _Z11C_DebugTrapv
                0x4000e9a8                _Z12DisableCachev
                0x4000ea0c                _Z11isCacheablemm
                0x4000ea18                _Z11EnableCachev
                0x4000eb0c                _sbrk_r
                0x4000eb78                _Z6atexitPFvvE
                0x4000eb84                _Z9spaceleftv
                0x4000ebc0                _Z8getdipswv
                0x4000ebcc                _Z18BspGetTickFractionv
 *fill*         0x4000ebda        0x2 
 .text          0x4000ebdc      0x130 C:\Nburn/lib/DBNANO54415.a(localio.od)
                0x4000ebdc                _Z13GetUartRecordi
                0x4000ec28                _Z10GetDefUartv
                0x4000ec48                _Z11LocalInBytev
                0x4000ec7c                _Z12LocalOutBytec
                0x4000ece4                _Z14LocalCharAvailv
 .text          0x4000ed0c       0x8a C:\Nburn/lib/DBNANO54415.a(userparam.od)
                0x4000ed0c                _Z18SaveUserParametersPvi
                0x4000ed88                _Z17GetUserParametersv
 *fill*         0x4000ed96        0x2 
 .text          0x4000ed98      0x8f0 C:\Nburn/lib/DBNANO54415.a(multichanneli2c.od)
                0x4000ed98                MultiChannel_I2CInit
                0x4000f004                MultiChannel_I2CStart
                0x4000f074                MultiChannel_I2CRestart
                0x4000f0e4                MultiChannel_I2CStop
                0x4000f128                MultiChannel_I2CSend
                0x4000f184                MultiChannel_I2CRead
                0x4000f1d0                MultiChannel_I2CSendBuf
                0x4000f35c                MultiChannel_I2CReadBuf
                0x4000f560                MultiChannel_I2CFillSlaveTXBuf
                0x4000f5a4                MultiChannel_I2CGetByte
                0x4000f5cc                MultiChannel_I2CRXAvail
                0x4000f5f4                MultiChannel_I2CTXAvail
                0x4000f61c                I2CMultiChannelResetPeripheral
 *fill*         0x4000f688        0x8 
 .text          0x4000f690      0x19c C:\Nburn/lib/DBNANO54415.a(bspa.od)
                0x4000f690                CatchNullWrites
                0x4000f6a0                _cache_inval
                0x4000f6c0                _cache_push
                0x4000f6e0                _cache_flush
                0x4000f720                PushCacheLines
                0x4000f770                InvalidateCacheLines
                0x4000f7c0                FlushCacheLines
 .text          0x4000f82c      0x4de C:\Nburn/lib/DBNANO54415.a(defpins.od)
                0x4000f82c                _Z14SetDefPinUsagev
 *fill*         0x4000fd0a        0x2 
 .text          0x4000fd0c     0x360c C:\Nburn/lib/DBNANO54415.a(ethernet.od)
                0x4000fd28                _ZN12EthernetVars19ProcessDuplexStatusEt
                0x40010238                _ZN12EthernetVars15ProcessRxBufferEP11pool_buffer
                0x4001063c                _Z17Ether_ProcessTaskPv
                0x400107d4                _ZN12EthernetVars9RxIsrProcERVmmm
                0x40010b34                _Z15fake_rxenetisr0v
                0x40010b38                rxenetisr0
                0x40010b88                real_rxenetisr0
                0x40010bcc                _Z15fake_txenetisr0v
                0x40010bd0                txenetisr0
                0x40010c20                real_txenetisr0
                0x40010c5c                _Z15fake_rxenetisr1v
                0x40010c60                rxenetisr1
                0x40010cb0                real_rxenetisr1
                0x40010cf4                _Z15fake_txenetisr1v
                0x40010cf8                txenetisr1
                0x40010d48                real_txenetisr1
                0x40010d84                _ZN12EthernetVars9TxIsrProcERVmmm
                0x400110f0                _ZN12EthernetVars17EthTransmitBufferEP11pool_buffer
                0x40011364                _ZN12EthernetVars6GetMIIEh
                0x40011394                _ZN12EthernetVars6GetMIIEhh
                0x40011478                _ZN12EthernetVars6SetMIIEht
                0x400114bc                _ZN12EthernetVars6SetMIIEhht
                0x400115b4                _ZN12EthernetVars9ResetEnetEv
                0x40011cd8                _ZN12EthernetVars14ResetEnetPart2Ev
                0x400125a0                _ZN12EthernetVars16ReadyDescriptorsEv
                0x40012738                _ZN12EthernetVars13WarmEnetResetEv
                0x4001287c                _ZN12EthernetVars8StopEnetEv
                0x40012900                _ZN12EthernetVars18InitializeEthernetEiiR6MACADR
                0x40012ce4                _Z13EthMultifunc06MACADRh
                0x40012d34                _Z18EthTransmitBuffer0P11pool_buffer
                0x40012d50                _Z9StopEnet0v
                0x40012d68                _Z10EtherLink0v
                0x40012db8                _Z20AddEthernetInterfacev
                0x40012efc                _ZN12EthernetVars20ManualEthernetConfigEhhh
                0x40012fac                _ZN12EthernetVars14SetPromiscuousEh
                0x40012fec                _ZN12EthernetVars10DisablePHYEv
                0x400130bc                _ZN12EthernetVars9EnablePHYEv
                0x40013150                _Z9EtherLinkv
                0x40013184                _Z11EtherDuplexv
                0x400131b8                _Z13EtherSpeed100v
                0x400131ec                _Z10DisablePHYv
                0x40013204                _Z9EnablePHYv
                0x4001321c                _Z20ManualEthernetConfighhh
                0x40013264                _Z14SetPromiscuoush
 .text          0x40013318     0x1698 C:\Nburn/lib/DBNANO54415.a(etherprint.od)
                0x40013318                _ZN12EthernetVars9EtherLinkEv
                0x40013368                _ZN12EthernetVars13EtherSpeed100Ev
                0x40013538                _ZN12EthernetVars11EtherDuplexEv
                0x40013708                _ZN12EthernetVars14ShowLinkStatusEv
                0x400137b0                _Z10showbinarytt
                0x4001385c                _ZN12EthernetVars7ShowMIIEhhPKct
                0x400138e4                _ZN12EthernetVars13ShowPhyterMIIEv
                0x40013c64                _ZN12EthernetVars16ShowFECRegistersEv
                0x4001425c                _Z16ShowESWRegistersv
                0x40014648                _Z5denetv
                0x40014660                _Z5dEnetv
                0x40014678                DoDumpEnet
                0x400146b8                _Z9RawGetMIIhh
                0x4001476c                _Z6SetMIIhht
                0x4001481c                _Z13SwitchMIIPagem
                0x40014848                _Z9EtherInitv
 .text          0x400149b0      0x7b2 C:\Nburn/lib/DBNANO54415.a(emulticast.od)
                0x400149b0                _Z15GetMultiCastCRC6MACADR
                0x40014a28                _ZN12EthernetVars18EthEnableMulticastE6MACADR
                0x40014cd0                _ZN12EthernetVars19EthDisableMulticastE6MACADR
                0x40014f48                _Z18EthEnableMulticast6MACADR
                0x40015038                _Z19EthDisableMulticast6MACADR
 *fill*         0x40015162        0x2 
 .text          0x40015164      0xc42 C:\Nburn/lib/DBNANO54415.a(SPIFlash.od)
                0x40015164                _ZN8SPIFlashC2Ei
                0x40015164                _ZN8SPIFlashC1Ei
                0x400151ac                _ZN8SPIFlash9SendSPITXEhi
                0x40015220                _ZN8SPIFlash7DoSpiRxEv
                0x40015264                _ZN8SPIFlashD2Ev
                0x40015264                _ZN8SPIFlashD1Ev
                0x40015270                _ZN8SPIFlash8SpiStartEv
                0x40015288                _ZN8SPIFlash12SpiFrameWaitEv
                0x400152b0                _ZN8SPIFlash9SpiAscCmdEPKc
                0x40015498                _ZN8SPIFlash11WriteEnableEb
                0x400154ac                _ZN8SPIFlash11QFlushSPIRXEv
                0x400154fc                _ZN8SPIFlash9WriteDataEPhii
                0x40015720                _ZN8SPIFlash15WriteDataWEraseEPhii
                0x4001579c                _ZN8SPIFlash10EraseRangeEii
                0x400157f8                _ZN8SPIFlash11EraseSectorEi
                0x400158fc                _ZN8SPIFlash7JedecIdEv
                0x40015974                _ZN8SPIFlash9UniqueIdMEv
                0x40015a30                _ZN8SPIFlash9UniqueIdLEv
                0x40015b14                _ZN8SPIFlash6ReadSREv
                0x40015b5c                _ZN8SPIFlash7WriteSREh
                0x40015bd8                _ZN8SPIFlash12WriteEnabledEv
                0x40015bfc                _ZN8SPIFlash12WriteProtectEi
                0x40015c34                _ZN8SPIFlash7ResetMeEv
                0x40015c98                _ZN8SPIFlash8ReadDataEPhii
 *fill*         0x40015da6        0x2 
 .text          0x40015da8       0x4a C:\Nburn/lib/DBNANO54415.a(ethernetauxdb.od)
                0x40015da8                _Z16OSMaxTasksEnetDBv
                0x40015db4                _Z15GetBufferEnetDBv
                0x40015dd0                _Z16FreeBufferEnetDBP11pool_buffer
 *fill*         0x40015df2        0x2 
 .text          0x40015df4      0x370 C:\Nburn/lib/DBNANO54415.a(ether2nd.od)
                0x40015df4                _Z9StopEnet1v
                0x40015e0c                _Z10EtherLink1v
                0x40015e38                _Z18EthTransmitBuffer1P11pool_buffer
                0x40015e78                _Z13EthMultifunc16MACADRh
                0x40015ec8                _Z14Add2ndEthernetv
 .text          0x40016164      0x85a C:\Nburn/lib/DBNANO54415.a(etherswitch.od)
                0x40016164                _Z14UpdateMacTableblPhjj
                0x400163d0                _Z11GetMacEntrymPmS_
                0x4001640c                _Z11SetMacEntrymmm
                0x40016444                _Z13ClearMacTablev
                0x40016474                _Z9crc8_calcPh
                0x400164fc                _Z12InitMacTablev
                0x40016594                _Z17fake_rxeswitchisrv
                0x40016598                rxeswitchisr
                0x400165e8                real_rxeswitchisr
                0x40016618                _Z17fake_txeswitchisrv
                0x4001661c                txeswitchisr
                0x4001666c                real_txeswitchisr
                0x4001669c                _Z14fake_eswlrnisrv
                0x400166a0                eswlrnisr
                0x400166f0                real_eswlrnisr
                0x400167b4                _Z15EtherSwitchInitv
 *fill*         0x400169be        0x2 
 .text          0x400169c0     0x1080 C:\Nburn/lib/DBNANO54415.a(i2c_class.od)
                0x400169c0                _ZN10i2c_master3isrEv
                0x40016d20                _Z34fake_i2c0_multichannel_int_routinev
                0x40016d24                i2c0_multichannel_int_routine
                0x40016d74                real_i2c0_multichannel_int_routine
                0x40016d8c                _Z34fake_i2c1_multichannel_int_routinev
                0x40016d90                i2c1_multichannel_int_routine
                0x40016de0                real_i2c1_multichannel_int_routine
                0x40016df8                _Z34fake_i2c2_multichannel_int_routinev
                0x40016dfc                i2c2_multichannel_int_routine
                0x40016e4c                real_i2c2_multichannel_int_routine
                0x40016e64                _Z34fake_i2c3_multichannel_int_routinev
                0x40016e68                i2c3_multichannel_int_routine
                0x40016eb8                real_i2c3_multichannel_int_routine
                0x40016ed0                _Z34fake_i2c4_multichannel_int_routinev
                0x40016ed4                i2c4_multichannel_int_routine
                0x40016f24                real_i2c4_multichannel_int_routine
                0x40016f3c                _Z34fake_i2c5_multichannel_int_routinev
                0x40016f40                i2c5_multichannel_int_routine
                0x40016f90                real_i2c5_multichannel_int_routine
                0x40016fa8                _Z15i2cModuleSwitchi
                0x40017010                _ZN10i2c_masterC1Ev
                0x40017010                _ZN10i2c_masterC2Ev
                0x40017044                _ZN10i2c_master4initEhh
                0x40017200                _ZN10i2c_master4stopEm
                0x40017270                _ZN10i2c_master6write8Ehm
                0x40017334                _ZN10i2c_master5startEhbm
                0x40017458                _ZN10i2c_master7restartEhbm
                0x40017500                _ZN10i2c_master5read8EPhm
                0x400175a8                _ZN10i2c_master5resetEv
                0x40017650                _ZN10i2c_master14fillSlaveTXBufEPhmb
                0x400177a8                _ZN10i2c_master7getByteEv
                0x4001780c                _ZN10i2c_master7RXAvailEv
                0x4001782c                _ZN10i2c_master7TXAvailEv
                0x40017888                _ZN10i2c_master16SlaveTX_CallBackEv
                0x40017908                _ZN10i2c_master20SlaveTX_NAK_CallBackEv
                0x40017914                _ZN10i2c_master16SlaveRX_CallbackEh
 .text          0x40017a40      0x41a C:\Nburn/lib/DBNetBurner.a(ucosmcfa.od)
                0x40017a40                OSStartHighRdy
                0x40017a60                OSCtxSw
                0x40017a90                OSIntCtxSw
                0x40017ac0                OSTickISR
                0x40017b00                OSSetupVBR
                0x40017b20                OSDebugTraceHalt
                0x40017b30                memcpy
                0x40017b30                fmemcpy
                0x40017c00                memcpysum
                0x40017d90                memset
                0x40017d90                fmemset
                0x40017e30                GetSR_IntLevel
                0x40017e40                SetSR_IntLevel
 *fill*         0x40017e5a        0x2 
 .text          0x40017e5c        0x8 C:\Nburn/lib/DBNetBurner.a(software_init.od)
                0x40017e5c                software_init_hook
 .text          0x40017e64       0x46 C:\Nburn/lib/DBNetBurner.a(main.od)
                0x40017e64                __do_global_ctors
                0x40017e9c                main
 *fill*         0x40017eaa        0x2 
 .text          0x40017eac      0x452 C:\Nburn/lib/DBNetBurner.a(ucosmcfc.od)
                0x40017eac                _Z22TopOfStackKillfunctionv
                0x40017eb0                KillFunctionLink
                0x40017ebc                _Z17OSTaskCreatewNamePFvPvES_S_S_hPKc
                0x40018160                _Z12OSTaskCreatePFvPvES_S_S_h
                0x40018194                _Z9OSTCBInithPvS_PlPKc
 *fill*         0x400182fe        0x2 
 .text          0x40018300     0x1ada C:\Nburn/lib/DBNetBurner.a(ucos.od)
                0x40018300                _Z6OSInitPvS_h
                0x400184a4                _Z7OSStartv
                0x4001853c                OSSched
                0x400185ea                UCOSWAITS_HERE
                0x400185fc                OSIntExit
                0x400186bc                _Z9OSTimeDlyt
                0x400187b4                _Z15OSChangeTaskDlytt
                0x40018870                OSTimeTick
                0x4001898c                _Z12OSTCBGetFreev
                0x400189c8                _Z6OSLockv
                0x400189f0                _Z8OSUnlockv
                0x40018a40                _Z12OSChangePrioh
                0x40018bdc                _Z12OSTaskDeletev
                0x40018d40                _ZN15OS_TASK_DLY_OBJC2Ev
                0x40018d40                _ZN15OS_TASK_DLY_OBJC1Ev
                0x40018d58                _ZN6OS_SEM5ClaimEv
                0x40018dd4                _ZN6OS_SEM4InitEl
                0x40018e3c                _ZN6OS_SEM4PendEm
                0x40018f68                _ZN6OS_SEM10PendNoWaitEv
                0x40018fa0                _ZN6OS_SEM4PostEv
                0x40019004                _ZN7OS_MBOX4InitEPv
                0x40019050                _ZN7OS_MBOX4PendEPPvm
                0x400191d4                _ZN7OS_MBOX10PendNoWaitEPPv
                0x40019234                _ZN7OS_MBOX4PostEPv
                0x40019284                _ZN4OS_Q4InitEPPvh
                0x4001930c                _ZN4OS_Q4PendEPPvm
                0x400194e0                _ZN4OS_Q10PendNoWaitEPPv
                0x40019570                _ZN4OS_Q4PostEPv
                0x40019614                _ZN4OS_Q10PostUniqueEPv
                0x40019694                _ZN4OS_Q9PostFirstEPv
                0x40019744                _ZN7OS_FIFO4InitEv
                0x4001977c                _ZN7OS_FIFO4PendEPPV10os_fifo_elm
                0x400198d4                _ZN7OS_FIFO10PendNoWaitEPPV10os_fifo_el
                0x40019948                _ZN7OS_FIFO4PostEP10os_fifo_el
                0x400199a0                _ZN7OS_FIFO9PostFirstEP10os_fifo_el
                0x400199f0                getpid
                0x40019a0c                _ZN7OS_CRIT4InitEv
                0x40019a48                _ZN7OS_CRIT12LockAndEnterEm
                0x40019a7c                _ZN7OS_CRIT5EnterEm
                0x40019c5c                _ZN7OS_CRIT11EnterNoWaitEv
                0x40019d00                _ZN7OS_CRIT14LeaveAndUnlockEv
                0x40019d18                _ZN7OS_CRIT5LeaveEv
                0x40019d9c                _Z8OSTaskIDv
                0x40019db0                _Z9OSSetNamePKc
                0x40019dc8                _Z10OSTaskNamev
 *fill*         0x40019dda        0x2 
 .text          0x40019ddc       0x44 C:\Nburn/lib/DBNetBurner.a(cppmain.od)
                0x40019ddc                cppmain
 .text          0x40019e20      0x18c C:\Nburn/lib/DBNetBurner.a(debugtrap.od)
                0x40019e20                _Z6WDEBUGhm
                0x40019e84                _Z21SetAddressWrittenTrapm
                0x40019ec8                _Z24SetAddressWriteRangeTrapmm
                0x40019f18                _Z18SetAddressReadTrapm
                0x40019f5c                _Z23SetAddressReadRangeTrapmm
 .text          0x40019fac      0x470 C:\Nburn/lib/DBNetBurner.a(ucosmain.od)
                0x40019fac                UCosSetup
                0x40019ffc                __malloc_lock
                0x4001a024                __malloc_unlock
                0x4001a048                balloc_lock
                0x4001a070                balloc_unlock
                0x4001a094                _Z9UCosBeginv
                0x4001a168                _Z11OSDumpStackv
                0x4001a350                _Z22EnableOSStackProtectorv
                0x4001a368                OSStackProtector
                0x4001a3aa                OSStackProtectCtxSw
 .text          0x4001a41c      0x94e C:\Nburn/lib/DBNetBurner.a(fileio.od)
                0x4001a41c                ioctl
                0x4001a4d0                close
                0x4001a534                open
                0x4001a54c                _Z8rawwriteiPKci
                0x4001a5e4                write
                0x4001a764                isatty
                0x4001a77c                read
                0x4001aa90                lseek
                0x4001aaa8                fstat
                0x4001aac8                _Z11stdioinbytei
                0x4001ab54                charavail
                0x4001ab90                _Z5getsnPci
                0x4001ac40                ReplaceStdio
                0x4001ad10                CurrentStdioFD
                0x4001ad3c                fcntl
                0x4001ad48                _Z7outbytec
 *fill*         0x4001ad6a        0x2 
 .text          0x4001ad6c      0x988 C:\Nburn/lib/DBNetBurner.a(system.od)
                0x4001ad6c                _Z9isvalidcrP12ConfigRecord
                0x4001ae04                _Z12RawGetConfigi
                0x4001ae38                _Z14GetValidConfigi
                0x4001ae6c                _Z22UpdateConfigRecord_NumP12ConfigRecordi
                0x4001b0c4                _Z18UpdateConfigRecordP12ConfigRecord
                0x4001b0dc                _Z8ReadLinePci
                0x4001b398                _Z10IpQuestionPKcP7IPADDR4
                0x4001b4a4                _Z10ShowChangePKcP7IPADDR4PKS1_
                0x4001b528                _Z11SetupDialogv
 .text          0x4001b6f4     0x17d2 C:\Nburn/lib/DBNetBurner.a(utils.od)
                0x4001b6f4                kill
                0x4001b700                _exit
                0x4001b708                _fini
                0x4001b714                _Z14DiagMenuPickerih
                0x4001b764                _Z13sShowCountersPci
                0x4001b814                _Z13fShowCountersP7__sFILE
                0x4001b890                _Z12ShowCountersv
                0x4001b900                _Z8fShowMacP7__sFILEP6MACADR
                0x4001b984                _Z7ShowMacP6MACADR
                0x4001ba04                _Z9snShowMacPcmP6MACADR
                0x4001ba8c                _Z7MacToIDP6MACADRPc
                0x4001bb68                _Z7ShowIP47IPADDR4
                0x4001bbd0                _Z9snShowIP4Pcm7IPADDR4
                0x4001bc3c                _Z8fShowIP4P7__sFILE7IPADDR4
                0x4001bca8                _Z10AsciiToIp4PKc
                0x4001bd78                _Z9ValidIPv4PKc
                0x4001be40                _ZNK7IPADDR45printEv
                0x4001be68                _ZNK7IPADDR47fdprintEi
                0x4001bea4                _ZNK7IPADDR47sprintfEPci
                0x4001bed8                _ZN7IPADDR412SetFromAsciiEPKc
                0x4001bf04                _Z8ShowDataPKht
                0x4001c7d4                _Z9FancyDumpPhi
                0x4001c90c                __builtin_delete
                0x4001c9a8                _Z23convertBinaryToHexAsciiPhjS_j
                0x4001caa4                _Z23convertHexAsciiToBinaryPhjS_j
                0x4001cb10                _Z7bufnstrPKcS0_m
                0x4001cba0                _Z7AskTestPKcm
                0x4001cc8c                _Z11SetLogLevelv
                0x4001cd9c                _Z10putbytenumh
                0x4001ce44                _Z6putnumi
 *fill*         0x4001cec6        0x2 
 .text          0x4001cec8     0x2090 C:\Nburn/lib/DBNetBurner.a(ip.od)
                0x4001cec8                _Z12AddInterface7IPADDR4S_S_i
                0x4001d088                _Z22GetMultiHomeInterface47IPADDR4i
                0x4001d138                _Z20GetLocalIPInterface47IPADDR4
                0x4001d1c0                _Z8IsLocal47IPADDR4i
                0x4001d25c                _Z11IsBroadCast7IPADDR4i
                0x4001d2e4                GetSum
                0x4001d368                GetSum20
                0x4001d464                GetSumHdr
                0x4001d57c                _Z7GetDataP5IPPKT
                0x4001d5cc                _Z7IsMyIp47IPADDR4
                0x4001d608                _Z16FixHeaderAndSendP11pool_bufferP5IPPKT
                0x4001d8b8                _Z28FixHeaderAndSendViaInterfaceP11pool_bufferP5IPPKTi
                0x4001db04                _Z9SaveErrorP11pool_buffer
                0x4001db70                _Z13process_icmp4P11pool_bufferP5IPPKTt
                0x4001dd5c                _Z10DoIPPacketP11pool_bufferP6EFRAMEt
                0x4001e0b0                _Z16InitializeCStack7IPADDR4S_S_S_
                0x4001e134                _Z15InitializeStack7IPADDR4S_S_S_
                0x4001e33c                _Z9KillStackv
                0x4001e34c                _Z15PrepareIPOutputP11pool_buffer7IPADDR4t
                0x4001e3ac                _Z9FixUpICMPP5IPPKThhPht
                0x4001e46c                _Z9SendPing47IPADDR4tti
                0x4001e5cc                _Z13SendICMPErrorP11pool_bufferhh
                0x4001e6a8                _Z5Ping47IPADDR4ttt
                0x4001e710                _Z17Ping4ViaInterface7IPADDR4ttti
                0x4001e90c                _Z6IPTaskPv
                0x4001ebd4                _Z23IpProcessEthernetPacketP11pool_buffert
                0x4001ee54                _Z16GetEphemeralPortv
 .text          0x4001ef58     0x1a8c C:\Nburn/lib/DBNetBurner.a(buffers.od)
                0x4001ef58                _Z15ShowBuffers_Webi
                0x4001f250                _Z11ShowBuffersv
                0x4001f41c                _Z11DumpBuffersv
                0x4001f628                _Z11InitBuffersv
                0x4001f6b0                _Z13IncUsageCountP11pool_buffer
                0x4001f6f0                _Z11FreeBufferXP11pool_bufferPKci
                0x4001f784                _Z14FreeBufferListP11pool_buffer
                0x4001f7c0                _Z10GetBufferXPKci
                0x4001f834                _Z12ChangeOwnerXP11pool_bufferPKci
                0x4001f85c                _Z12GetFreeCountv
                0x4001f874                _ZN11buffer_list10InsertHeadEP11pool_buffer
                0x4001f90c                _ZN11buffer_list10InsertTailEP11pool_buffer
                0x4001f9a0                _ZN11buffer_list12InsertBeforeEP11pool_bufferS1_
                0x4001fa44                _ZN11buffer_list11InsertAfterEP11pool_bufferS1_
                0x4001fae8                _ZN11buffer_list6RemoveEP11pool_buffer
                0x4001fbb8                _ZN11buffer_list10RemoveHeadEv
                0x4001fc68                _ZN11buffer_list10RemoveTailEv
                0x4001fd0c                _Z10ShowBufferP11pool_buffer
                0x4001fe74                _ZN19fifo_buffer_storage14LongSpaceAvailEv
                0x4001ff0c                _ZN19fifo_buffer_storage10SpaceAvailEv
                0x4001ff38                _ZN19fifo_buffer_storage9SpaceUsedEv
                0x4001ff4c                _ZN19fifo_buffer_storage8ReadDataEPhi
                0x400200e0                _ZN19fifo_buffer_storage12ReadDatawSumEPhiRm
                0x40020354                _ZN19fifo_buffer_storage9WriteDataEPhi
                0x40020764                _ZN19fifo_buffer_storageC2Ehh
                0x40020764                _ZN19fifo_buffer_storageC1Ehh
                0x400207ac                _ZN19fifo_buffer_storageD2Ev
                0x400207ac                _ZN19fifo_buffer_storageD1Ev
                0x400207c4                _ZN19fifo_buffer_storage4InitEhh
                0x4002083c                _ZN19fifo_buffer_storage13SetMaxBuffersEh
                0x4002087c                _ZN19fifo_buffer_storage5ResetEh
                0x40020920                _ZN19fifo_buffer_storage5EmptyEv
                0x40020938                _ZN19fifo_buffer_storage4FullEv
 .text          0x400209e4     0x29b4 C:\Nburn/lib/DBNetBurner.a(arp.od)
                0x400209e4                _Z6IsNullP9ArpRecord
                0x400209fc                _Z25GetInterfaceForMyAddress47IPADDR4
                0x40020a9c                _Z9GetSrcIp47IPADDR4
                0x40020c5c                _Z19GetProperInterface47IPADDR4
                0x40020d88                _Z13InitializeArpv
                0x40020e94                _Z7FindArp7IPADDR4
                0x40021164                _Z10FindAddArp7IPADDR4
                0x400215d0                _Z12AddStaticArpP6MACADR7IPADDR4i
                0x40021650                _Z9DeleteArpP9ArpRecord
                0x400218c0                _Z11GetFirstArpv
                0x40021924                _Z10GetNextArpP9ArpRecord
                0x400219b4                _Z7Cleanupv
                0x400219c0                _Z10FreeOneArpv
                0x40021a60                _Z8fShowArpP7__sFILE
                0x40021b5c                _Z7ShowArpv
                0x40021c3c                _Z10processArpP11pool_bufferP6EFRAME
                0x400221a4                _Z10RawSendArpP9ArpRecord7IPADDR4i
                0x40022334                _Z17sendGratuitousArpi
                0x400224a8                _Z7SendArpP9ArpRecordi
                0x40022518                _Z6AgeArpv
                0x40022664                _Z6SetMacP9ArpRecord6MACADRi
                0x4002272c                _Z10AddPendingP6MACADR7IPADDR4i
                0x400227a4                _Z11AddCheckArpP6MACADR7IPADDR4i
                0x4002285c                _Z8NeedsArpi
                0x400228b0                _Z8RouteOutP6EFRAME7IPADDR4P11pool_buffer
                0x40022ccc                _Z11RouteOutViaP6EFRAME7IPADDR4P11pool_bufferi
                0x40023030                _Z8MacEqual6MACADRS_
                0x4002309c                _Z24IsMyAddressUsedArpDetectti
                0x4002326c                _Z15DeleteArpFromIp7IPADDR4
                0x400232a8                _Z15GetArpMacFromIp7IPADDR4R6MACADR
 .text          0x40023398     0x2478 C:\Nburn/lib/DBNetBurner.a(udp.od)
                0x40023398                _Z13GetUdpFifoRecti
                0x40023460                _ZN9UDPPacketC2EP11pool_buffer
                0x40023460                _ZN9UDPPacketC1EP11pool_buffer
                0x4002348c                _ZN9UDPPacketC1ERS_
                0x4002348c                _ZN9UDPPacketC2ERS_
                0x400234a4                _ZN9UDPPacketC1Eb
                0x400234a4                _ZN9UDPPacketC2Eb
                0x40023518                _ZN9UDPPacketC1EP7OS_FIFOm
                0x40023518                _ZN9UDPPacketC2EP7OS_FIFOm
                0x40023570                _ZN9UDPPacket4SwapERS_
                0x400235e0                _ZN9UDPPacketD2Ev
                0x400235e0                _ZN9UDPPacketD1Ev
                0x40023628                _ZN9UDPPacketaSERS_
                0x4002366c                _ZN9UDPPacket13SetSourcePortEt
                0x40023698                _ZNK9UDPPacket13GetSourcePortEv
                0x400236bc                _ZN9UDPPacket17GetSourceAddress4Ev
                0x40023704                _ZN9UDPPacket22GetDestinationAddress4Ev
                0x4002374c                _ZN9UDPPacket11GetPacketIdEv
                0x40023774                _ZN9UDPPacket18SetDestinationPortEt
                0x400237a4                _ZNK9UDPPacket18GetDestinationPortEv
                0x400237c8                _ZN9UDPPacket20GetRecievedInterfaceEv
                0x400237f0                _ZN9UDPPacket13GetDataBufferEb
                0x40023878                _ZN9UDPPacket11SetDataSizeEt
                0x400238ac                _ZNK9UDPPacket11GetDataSizeEv
                0x400238d4                _ZN9UDPPacket7AddDataEPKht
                0x400239ac                _ZN9UDPPacket7AddDataEPKc
                0x400239dc                _ZN9UDPPacket11AddDataWordEt
                0x40023a0c                _ZN9UDPPacket11AddDataByteEh
                0x40023a34                _ZN9UDPPacket9ResetDataEv
                0x40023a4c                _ZN9UDPPacket11GetIpPacketEv
                0x40023a64                _ZN9UDPPacket12SendAndKeep4E7IPADDR4h
                0x40023adc                _ZN9UDPPacket5Send4E7IPADDR4h
                0x40023c74                _ZN9UDPPacket20SendViaInterfaceNum4E7IPADDR4ih
                0x40023dd4                _ZN9UDPPacket8ValidateEv
                0x40023edc                _Z18RegisterUDPFifoViatP7OS_FIFOi
                0x40024010                _Z28RegisterUDPFifoWithNotifyViatP7OS_FIFOPFvS0_tEi
                0x40024148                _Z15RegisterUDPFifotP7OS_FIFO
                0x40024170                _Z25RegisterUDPFifoWithNotifytP7OS_FIFOPFvS0_tE
                0x4002419c                _Z17UnregisterUDPFifotb
                0x40024300                _Z24RegisterEphemeralFifoViaP7OS_FIFOi
                0x40024378                _Z21RegisterEphemeralFifoP7OS_FIFO
                0x40024390                _Z15FixIDDataPacketR9UDPPacketP15_InterfaceBlock
                0x400244c4                _Z13FixWifiConfigR12ConfigRecord
                0x400246c4                _Z15FixIDDataPacketR9UDPPacketi
                0x400246e8                _Z15ProcessIDPacketR9UDPPacketi
                0x40025094                _ZN9UDPPacket15process_all_udpEv
                0x400254cc                _Z12process_udp4P11pool_bufferP5IPPKTt
                0x4002556c                _ZN9UDPPacket15SendandKeepCopyEP11pool_buffer
                0x40025604                _ZN9UDPPacket21SendAndKeepViaIfAddr4E7IPADDR4S0_h
                0x400256b0                _ZN9UDPPacket14SendViaIfAddr4E7IPADDR4S0_h
                0x40025720                _Z24RegisterEphemeralFifoViaP7OS_FIFO7IPADDR6
                0x40025764                _Z18RegisterUDPFifoViatP7OS_FIFO7IPADDR6
                0x400257b8                _Z28RegisterUDPFifoWithNotifyViatP7OS_FIFOPFvS0_tE7IPADDR6
 .text          0x40025810     0x35e0 C:\Nburn/lib/DBNetBurner.a(ftpd.od)
                0x40025878                _Z12FTPDDoAcceptv
                0x400259f0                _Z8UserFunci
                0x40025a68                _Z8PassFunci
                0x40025b88                _Z7PwdFunci
                0x40025c70                _Z8QUITFunci
                0x40025d74                _Z12FTPdRawErrori
                0x40025e68                _Z13Return202Funci
                0x40025e9c                _Z13Return200Funci
                0x40025ed0                _Z8STRUFunci
                0x40025f9c                _Z8TYPEFunci
                0x40026014                _Z8MODEFunci
                0x400260e0                _Z8PASVFunci
                0x40026380                _Z8PORTFunci
                0x400266cc                _Z9GetDataFdi
                0x40026a14                _Z8RETRFunci
                0x40026c4c                _Z11FilterMatchPKcS0_
                0x40026c58                _Z12NLSTCallBackiPKc
                0x40026ce0                _Z12LISTCallBackiPKc
                0x40026d68                _Z13DLISTCallBackiPKc
                0x40026df0                _Z12SIZECallBackiPKc
                0x40026e78                _Z8NLSTFunci
                0x40027024                _Z8LISTFunci
                0x40027254                _Z7RMDFunci
                0x40027410                _Z7MKDFunci
                0x400276cc                _Z8DELEFunci
                0x40027828                _Z8STORFunci
                0x40027a60                _Z7TrimDirPc
                0x40027ac4                _Z7CWDFunci
                0x40027e78                _Z8CDUPFunci
                0x40027ed0                _Z8RNFRFunci
                0x40027fd8                _Z8RNTOFunci
                0x40028138                _Z8SIZEFunci
                0x4002829c                _Z8SYSTFunci
                0x400282d0                _Z8HELPFunci
                0x400283c4                _Z14FTPdRawCommandi
                0x400284c8                _Z11FTPdRawReadi
                0x400289bc                _Z8FTPdTaskPv
                0x40028c74                _Z9FTPDStartth
                0x40028d40                _Z11FTPDStopReqv
 .text          0x40028df0     0xae24 C:\Nburn/lib/DBNetBurner.a(tcp.od)
                0x40028df0                _Z11GetFirstSeqv
                0x40028e2c                _ZN13socket_struct8SetStateEi
                0x40028e64                _Z12ValidateTCP4P5IPPKTt
                0x40028f5c                _Z20FixHeaderAndSendTcp4P11pool_bufferP5IPPKTP13socket_struct
                0x40029150                _Z12TcpSendwSum4P13socket_struct7IPADDR4R16TcpCarrierPackethm
                0x4002946c                _Z11TcpSendwSumP13socket_structRK7IPADDR6R16TcpCarrierPackethm
                0x400294ec                _Z15TcpSendwSumFromRK7IPADDR6S1_R16TcpCarrierPackethm
                0x4002956c                _Z7TcpSendP13socket_structRK7IPADDR6R16TcpCarrierPacketh
                0x40029678                _Z13SendTcpSynRstR16TcpCarrierPacket
                0x4002975c                _Z10SendTcpRstR16TcpCarrierPacket
                0x4002986c                _Z16core_process_tcpR16TcpCarrierPacket
                0x400299b4                _Z16core_process_tcpP11pool_buffer
                0x40029a14                _Z12process_tcp6R25IPv6FrameProcessingStruct
                0x40029a94                _Z12process_tcp4P11pool_bufferP5IPPKTt
                0x40029b10                _Z7InitTCPv
                0x40029cb8                _Z10FREESOCKETP13socket_struct
                0x40029d90                _Z23RemoveFromUserCloseListP13socket_struct
                0x40029ea0                _Z13GetFreeSocketv
                0x40029fdc                _Z8connect47IPADDR4ttm
                0x4002a048                _ZN13socket_struct11CoreConnectE7IPADDR6ttS0_
                0x4002a508                _Z15NoBlockConnect47IPADDR4ttS_
                0x4002a5f8                _Z18NoBlockconnectvia47IPADDR4ttS_
                0x4002a6f4                _Z15NoBlockConnect6RK7IPADDR6ttS1_
                0x4002a780                _Z11connectvia47IPADDR4ttmS_
                0x4002a94c                _Z8connect47IPADDR4ttmS_
                0x4002aa40                _Z8connect6RK7IPADDR6ttm
                0x4002aa90                _Z8connect6RK7IPADDR6ttmS1_
                0x4002abec                _Z7listen47IPADDR4th
                0x4002ad60                _Z7listen6RK7IPADDR6th
                0x4002aeb8                _Z9listenvia7IPADDR6thi
                0x4002b000                _Z9listenvia7IPADDR6thS_
                0x4002b0a8                _Z7accept6iP7IPADDR6Ptt
                0x4002b4bc                _Z7accept4iP7IPADDR4Ptt
                0x4002b554                _Z16FindListenSocketR16TcpCarrierPacket
                0x4002b66c                _Z16FindListenSocketP13socket_struct
                0x4002b764                _Z12GetTcpSocketR16TcpCarrierPacket
                0x4002b7f8                _ZN13socket_struct7processER16TcpCarrierPacket
                0x4002c528                _ZN13socket_struct18MyAdvertisedWindowEv
                0x4002c5f0                _ZN13socket_struct10OpenWindowEv
                0x4002c664                _Z10fixoverlapmmRmS_
                0x4002c760                _ZN13socket_struct9SendStateEtP11pool_buffer
                0x4002c7e8                _ZN13socket_struct9SendStateEtR16TcpCarrierPacket
                0x4002cf20                _ZN13socket_struct14processoptionsER16TcpCarrierPacket
                0x4002d120                _Z12TCPTimerTaskPv
                0x4002d2d0                _ZN13socket_struct8SetTimerEm
                0x4002d348                _ZN13socket_struct12ProcessTimerEv
                0x4002d4b8                _ZN13socket_struct8SaveDataEPhth
                0x4002d5f0                _Z14getsocketerrori
                0x4002d638                _Z19GetSocketLocalAddr4i
                0x4002d6a0                _Z20GetSocketRemoteAddr4i
                0x4002d700                _Z20GetSocketRemoteAddr6i
                0x4002d768                _Z19GetSocketLocalAddr6i
                0x4002d7c8                _Z19GetSocketRemotePorti
                0x4002d810                _Z18GetSocketLocalPorti
                0x4002d858                _Z21_Socket_Private_closei
                0x4002d9d4                _Z19SockReadWithTimeoutiPcim
                0x4002dd4c                _Z20_Socket_Private_readiPci
                0x4002dd6c                _Z21_Socket_Private_writeiPKci
                0x4002e0d8                _Z11abortsocketi
                0x4002e244                _ZN13socket_struct9DoRawSendEv
                0x4002e84c                _ZN13socket_struct10ProcessAckER16TcpCarrierPacket
                0x4002ec94                _ZN13socket_struct7CalcRTOEm
                0x4002ed54                _ZN13socket_struct12DoRetransmitEh
                0x4002ef9c                _ZN13socket_struct7DoCloseEi
                0x4002f3b0                _ZN13socket_struct19SetUpNextRetransmitEv
                0x4002f4b8                _ZN13socket_struct22CleanUpDeletedListenerEv
                0x4002f4f4                _ZN13socket_struct10ProcessRSTEv
                0x4002f5dc                _ZN13socket_struct10ProcessFINER16TcpCarrierPackett
                0x4002f838                _Z13setsockoptionii
                0x4002f894                _Z13getsockoptioni
                0x4002f8dc                _Z13clrsockoptionii
                0x4002f994                _Z19setsocketackbuffersih
                0x4002f9e8                _Z18SetSocketRxBuffersii
                0x4002fa48                _Z18SetSocketTxBuffersii
                0x4002faa8                _ZN13socket_struct14TestOutofOrderEv
                0x4002fe90                _ZN13socket_struct18ProcessDataSegmentER16TcpCarrierPackettPh
                0x4003026c                _ZN13socket_struct9DoCleanupEv
                0x400304fc                _ZN13socket_struct12ClearPendingEi
                0x40030574                _ZN13socket_struct14ShowSocketInfoEv
                0x40030818                _ZN13socket_struct14ShowSocketInfoEb
                0x40030884                _Z14DebugTraceFuncP13socket_structP16TcpCarrierPacketti
                0x40030ae0                _Z14EnableTcpDebugt
                0x40030afc                _Z15RawDumpTcpDebugP13socket_struct
                0x40031068                _Z12DumpTcpDebugv
                0x4003107c                _Z13DumpTcpPacketR16TcpCarrierPacket
                0x400314cc                _ZN14HashSocketListC1Ev
                0x400314cc                _ZN14HashSocketListC2Ev
                0x400314d8                _ZNK14HashSocketList4InitEv
                0x40031500                _ZNK14HashSocketList10findsocketER16TcpCarrierPacket
                0x40031680                _ZNK14HashSocketList9AddSocketEP13socket_struct
                0x40031774                _ZNK14HashSocketList12RemoveSocketEP13socket_struct
                0x40031864                _ZN15ShortSocketList12GetFreeShortEv
                0x40031b08                _ZNK15ShortSocketList9FreeShortEP11ShortSocket
                0x40031b6c                _ZN15ShortSocketListC2Ev
                0x40031b6c                _ZN15ShortSocketListC1Ev
                0x40031b90                _ZN15ShortSocketList4InitEv
                0x40031bdc                _ZN15ShortSocketList9AddSocketEP13socket_struct
                0x40031dac                _ZNK15ShortSocketList7processER16TcpCarrierPacket
                0x4003224c                _ZN15ShortSocketList11processTickEv
                0x400323b4                _ZNK15ShortSocketList10findsocketER16TcpCarrierPacket
                0x40032538                _Z11GetTcpStatei
                0x40032588                _Z21RegisterTCPReadNotifyiPFviE
                0x400325d0                _Z14GetTcpRtxCounti
                0x40032660                _Z20SetOutOfOrderbuffersih
                0x400326c0                _Z16TcpGetLastRxTimei
                0x40032708                _Z16TcpSendKeepAlivei
                0x400327cc                _Z15ShowFdTcpSocketi
                0x40032c54                _Z18GetFreeSocketCountv
                0x40032cf8                _Z17TcpGetSocketStatei
                0x40032d48                _Z20TcpGetLastRxIntervali
                0x40032dc4                _Z23TcpGetRxBufferSpaceUsedi
                0x40032e20                _Z24TcpGetTxBufferAvailSpacei
                0x40032e7c                _Z15TcpAllDataAckedi
                0x40032eec                _Z18WaitForSocketFlushim
                0x40032f50                _ZN16TcpCarrierPacket20SourceShouldLoopBackEv
                0x40033010                _ZN16TcpCarrierPacket15GetSourceIpHashEv
                0x40033044                _ZN16TcpCarrierPacket20GetDestinationIpHashEv
                0x40033078                _ZN13socket_struct24CreateInitOutBoundPacketER16TcpCarrierPackettP11pool_buffer
                0x40033150                _ZN16TcpCarrierPacket10IsSourceIPERK7IPADDR6
                0x40033210                _ZN16TcpCarrierPacket16GetDestinationIPEv
                0x4003327c                _ZN16TcpCarrierPacket11GetSourceIPEv
                0x400332e4                _ZN16TcpCarrierPacket9GetDefMssERK7IPADDR6
                0x40033340                _ZN16TcpCarrierPacketC1EP11pool_buffer
                0x40033340                _ZN16TcpCarrierPacketC2EP11pool_buffer
                0x40033454                _ZN16TcpCarrierPacketC1ER25IPv6FrameProcessingStruct
                0x40033454                _ZN16TcpCarrierPacketC2ER25IPv6FrameProcessingStruct
                0x4003346c                _ZN16TcpCarrierPacket15InitIPv6CarrierER25IPv6FrameProcessingStruct
                0x40033534                _ZN16TcpCarrierPacket9InitBlankEP11pool_bufferb
                0x4003369c                _Z6BeToLet
                0x400336dc                _Z6BeToLem
                0x40033734                _Z6BeToLes
                0x40033774                _Z6BeToLel
                0x400337cc                _Z6BeToLef
                0x40033824                _Z6BeToLed
                0x400338c0                _ZN16TcpCarrierPacketC2Eb
                0x400338c0                _ZN16TcpCarrierPacketC1Eb
                0x40033904                _ZN16TcpCarrierPacket15SetOutBoundSizeEt
                0x40033964                _Z32GetProperInterfaceForDestinationRK7IPADDR6
                0x400339c4                _Z7IsLocalRK7IPADDR6i
                0x40033a2c                _Z28GetInterfaceNumberFromMyAddr7IPADDR6
                0x40033a8c                _Z18GetSocketInterfacei
 .text          0x40033c14      0x3c6 C:\Nburn/lib/DBNetBurner.a(extraio.od)
                0x40033c14                _Z10ExpandReadiPci
                0x40033c74                _Z11ExpandWriteiPKci
                0x40033cd4                _Z11ExpandClosei
                0x40033d2c                _Z10InitExtrasv
                0x40033d70                _Z10GetExtraFDPvP14IoExpandStruct
                0x40033d8c                _Z15GetExtraFDwIntfPvP14IoExpandStructi
                0x40033e58                _Z11FreeExtraFdi
                0x40033eb8                _Z12GetExtraDatai
                0x40033eec                _Z12SetExtraDataiPv
                0x40033f20                _Z17GetExtraExtraDatai
                0x40033f58                _Z17GetExtraInterfacei
                0x40033f8c                _Z19GetFreeExtraFDCountv
 *fill*         0x40033fda        0x2 
 .text          0x40033fdc      0xa80 C:\Nburn/lib/DBNetBurner.a(http.od)
                0x40033fdc                _Z18processHttpRequestPPcS_S_iR12HTTP_Request
                0x4003413c                _Z8HttpMainPv
                0x400349b0                _Z9StartHTTPt
 .text          0x40034a5c     0x1616 C:\Nburn/lib/DBNetBurner.a(httpinternal.od)
                0x40034a5c                _ZN12HTTP_Request11ProcessLineEPc
                0x40035114                _Z14SendHTMLHeaderi
                0x40035130                _Z21SendHTMLHeaderWCookieiPc
                0x4003516c                _Z14SendTextHeaderi
                0x40035188                _Z13SendGifHeaderi
                0x400351a4                _ZN12HTTP_Request7RespondEi
                0x4003538c                _Z8StopHTTPv
                0x40035398                _Z6appendRPcPKc
                0x400353d0                _Z15writesafestringiPKc
                0x4003551c                _Z18writeallsafestringiPKc
                0x40035670                _Z11alnumToBytec
                0x400356f4                _Z9decodeURIPc
                0x40035830                _Z16RedirectResponseiPKc
                0x40035870                _Z16NotFoundResponseiPKc
                0x400358c0                _Z17ForbiddenResponseiPKc
                0x40035910                _Z20NotAvailableResponseiPKc
                0x40035960                _Z18BadRequestResponseiPKcS0_
                0x400359d4                _Z10BaseDoPostiPcS_S_
                0x400359e0                _Z15BaseInterfaceOKiP16HTML_FILE_RECORD
                0x40035a8c                _Z9BaseDoGetiPcS_
                0x40035c38                _Z10BaseDoHeadiPcS_
                0x40035cd0                _Z15ExtractPostDataPKcS0_Pci
                0x40035f58                _Z17SetNewPostHandlerPFiiPcS_S_E
                0x40035f78                _Z15SetNewWSHandlerPFiP12HTTP_RequestiPcS1_E
                0x40035f98                _Z16SetNewGetHandlerPFiiPcS_E
                0x40035fb8                _Z17SetNewHeadHandlerPFiiPcS_E
                0x40035fd8                _Z22SetNewMultiPartHandlerPFiiPcS_S_mE
                0x40035ff8                _Z29SetNewMultiPartExtractHandlerPFiPKcS0_PciE
                0x40036018                _Z18SetNewErrorHandlerPFi7IPADDR610eWEB_ERRORPvE
                0x40036038                _Z8InitHttpv
 *fill*         0x40036072        0x2 
 .text          0x40036074       0x74 C:\Nburn/lib/DBNetBurner.a(httpstricmp.od)
                0x40036074                _Z11httpstricmpPKcS0_
 .text          0x400360e8      0xb96 C:\Nburn/lib/DBNetBurner.a(htmldecomp.od)
                0x400361e8                _Z17GetRecordFromNamePKc
                0x40036248                _Z14SendCompressediPci
                0x40036268                _Z8SendHtmliPciPKc
                0x40036654                _Z8SendDataP16HTML_FILE_RECORDiPKc
                0x40036734                _Z13SendXMLHeaderi
                0x40036750                _Z10SendHeaderiPKcm
                0x40036770                _Z10SendHeaderiPKcmb
                0x40036814                _Z17SendEmailResponseiPKcS0_
                0x400369f4                _Z16SendFullResponsePKci
                0x40036b4c                _Z18SendHeaderResponsePKci
                0x40036c18                _Z16SendFileFragmentPKciS0_
 *fill*         0x40036c7e        0x2 
 .text          0x40036c80      0x8f8 C:\Nburn/lib/DBNetBurner.a(iosys.od)
                0x40036c80                _Z10FD_OVERLAPP6fd_setS0_
                0x40036cd0                _Z15RawCheckSelectsv
                0x40036d64                _Z12CheckSelectsv
                0x40036dbc                _Z9AddSelectP13PendingSelect
                0x40036e38                _Z12RemoveSelectP13PendingSelect
                0x40036ed0                _Z12SetDataAvaili
                0x40036f0c                _Z12ClrDataAvaili
                0x40036f28                _Z13SetWriteAvaili
                0x40036f64                _Z13ClrWriteAvaili
                0x40036f80                _Z12SetHaveErrori
                0x40036fa0                _Z12ClrHaveErrori
                0x40036fbc                ReadWithTimeout
                0x400370a0                FD_ZERO
                0x400370d0                FD_CLR
                0x4003714c                FD_SET
                0x400371c4                FD_ISSET
                0x40037238                _Z11countdwbitsm
                0x4003726c                _Z9countbitsP6fd_set
                0x400372b0                _Z15FD_SELECT_COUNTR6fd_setS0_
                0x40037310                ZeroWaitSelect
                0x40037370                select
                0x4003745c                writeall
                0x400374d8                writestring
                0x40037540                dataavail
 .text          0x40037578       0x28 C:\Nburn/lib/DBNetBurner.a(new_ops.od)
                0x40037578                _Znwm
 .text          0x400375a0      0x9b4 C:\Nburn/lib/DBNetBurner.a(autoip.od)
                0x400375a0                _ZN12AutoIPClientC1Ei
                0x400375a0                _ZN12AutoIPClientC2Ei
                0x40037648                _ZN12AutoIPClientD1Ev
                0x40037648                _ZN12AutoIPClientD2Ev
                0x400376bc                _ZN12AutoIPClient5startEv
                0x40037700                _ZN12AutoIPClient4stopEv
                0x40037784                _ZN12AutoIPClient7restartEv
                0x400377a4                _ZN12AutoIPClient16addressCollisionEv
                0x400377ec                _ZN12AutoIPClient8getStateEv
                0x400377fc                _ZN12AutoIPClient11getNextTickEv
                0x4003780c                _ZN12AutoIPClient14staticTimeTickEv
                0x40037884                _ZN12AutoIPClient8timeTickEv
                0x40037914                _ZN12AutoIPClient6setRNGEv
                0x4003798c                _ZN12AutoIPClient17generateNewIPAddrEv
                0x40037a1c                _ZN12AutoIPClient9tickDelayEi
                0x40037a5c                _ZN12AutoIPClient9negotiateEv
                0x40037af8                _ZN12AutoIPClient8startArpEv
                0x40037c6c                _ZN12AutoIPClient8arpCheckEv
                0x40037dd0                _ZN12AutoIPClient8announceEv
                0x40037e2c                _Z18AddAutoIPInterfacei
 .text          0x40037f54     0x33d0 C:\Nburn/lib/DBNetBurner.a(dhcpc.od)
                0x40037f54                _ZN11DHCPMessageC1Ev
                0x40037f54                _ZN11DHCPMessageC2Ev
                0x40037fec                _ZN11DHCPMessageC1EPh
                0x40037fec                _ZN11DHCPMessageC2EPh
                0x40038030                _ZN11DHCPMessage11CreateReplyEmm
                0x400380a8                _ZN11DHCPMessage12ClearOptionsEv
                0x40038100                _ZN11DHCPMessage10ResetBytesEv
                0x40038198                _ZN11DHCPMessage12SetRandomXidEv
                0x40038208                _ZN11DHCPMessage13GetOptionDataEhRi
                0x400382dc                _ZN11DHCPMessage13GetOptionDataEh
                0x40038308                _Z13CompareChaddrPhS_
                0x40038360                _ZN11DHCPMessage15MsgForInterfaceEi
                0x400383a0                _ZN11DHCPMessage7SendMsgE7IPADDR4i
                0x4003847c                _ZN11DHCPMessage13SendServerMsgE7IPADDR4i
                0x40038558                _Z12ValidDhcpMsgPh
                0x400385c8                _Z14AddDhcpOptionsR11DHCPMessageRi
                0x40038740                _Z21CreateDhcpDiscoverMsgR11DHCPMessagei
                0x40038ac0                _Z20CreateDhcpRequestMsgR11DHCPMessageS0_i
                0x40039098                _ZN10DhcpObject18CreateDhcpRenewMsgER11DHCPMessage
                0x40039428                _ZN10DhcpObject20CreateDhcpReleaseMsgER11DHCPMessage
                0x40039724                _ZN10DhcpObject11BootpConfigER11DHCPMessage
                0x400398d0                _ZN10DhcpObject10DhcpConfigER11DHCPMessage
                0x40039e44                _ZN10DhcpObject19UpdateIPRuntimeVarsEh
                0x40039fdc                _ZN10DhcpObject16ReTransmitPacketEm
                0x4003a1bc                _ZN10DhcpObject9RenewDHCPEv
                0x4003a1f0                _ZN10DhcpObject10RebindDHCPEv
                0x4003a224                _ZN10DhcpObject9DHCPTimerEv
                0x4003a424                _ZN10DhcpObject10DHCPPacketEP11pool_buffer
                0x4003a7f4                _ZN10DhcpObject9StartDHCPEv
                0x4003a834                _ZN10DhcpObject10StartBOOTPEv
                0x4003a868                _ZN10DhcpObject9StopBOOTPEv
                0x4003a87c                _ZN10DhcpObject8StopDHCPEv
                0x4003a928                _ZN10DhcpObject11RestartDHCPEv
                0x4003a954                _Z13__restartDHCPP10DhcpObject
                0x4003a968                _ZN10DhcpObject12GetDHCPStateEv
                0x4003a978                _ZN10DhcpObject14CreateBootpMsgER11DHCPMessage
                0x4003ab9c                _ZN10DhcpObject14ValidDhcpLeaseEv
                0x4003abd0                _ZN10DhcpObject25GetRemainingDhcpLeaseTimeEv
                0x4003ac10                _ZN10DhcpObjectC2Ei
                0x4003ac10                _ZN10DhcpObjectC1Ei
                0x4003ae64                _ZN10DhcpObject14StopProcessingEv
                0x4003ae78                _ZN10DhcpObjectD1Ev
                0x4003ae78                _ZN10DhcpObjectD2Ev
                0x4003aef0                _ZN10DhcpObject16staticDHCPPacketEP11pool_buffer
                0x4003af6c                _ZN10DhcpObject15staticDHCPTimerEv
                0x4003afa8                _Z14GetDHCPAddressi
                0x4003b09c                _Z25GetDHCPAddressIfNecessaryib
                0x4003b11c                _Z29All_GetDHCPAddressIfNecessaryb
                0x4003b310                _Z22SetDHCPDiscoverSecondsm
 .text          0x4003b324      0x402 C:\Nburn/lib/DBNetBurner.a(netrx.od)
                0x4003b324                _Z7NetDoRXP11pool_bufferti
 *fill*         0x4003b726        0x2 
 .text          0x4003b728      0x724 C:\Nburn/lib/DBNetBurner.a(netinterface.od)
                0x4003b728                _Z14TransmitBufferP11pool_bufferi
                0x4003b7e8                _Z17GetFirstInterfacev
                0x4003b820                _Z16GetnextInterfacei
                0x4003b85c                _Z17GetInterFaceBlocki
                0x4003b890                _Z18GetInterfaceNumberP15_InterfaceBlock
                0x4003b8cc                _Z11InterfaceIPi
                0x4003b924                _Z12InterfaceDNSi
                0x4003b980                _Z13InterfaceDNS2i
                0x4003b9dc                _Z13InterfaceMASKi
                0x4003ba38                _Z13InterfaceGatei
                0x4003ba94                _Z12InterfaceMACi
                0x4003bae4                _Z16GetInterfaceLinki
                0x4003bb44                _Z9GetEframeP11pool_buffer
                0x4003bb58                _Z15EnableMulticast6MACADRi
                0x4003bb94                _Z16DisableMulticast6MACADRi
                0x4003bbcc                _Z17InitializeNetworkPFvP11pool_bufferP6EFRAMEtEPFvS0_S2_E
                0x4003bc40                _Z12StopNetworksv
                0x4003bc4c                _Z26RegisterMultiHomeInterfaceP15_InterfaceBlock
                0x4003bcdc                _Z17RegisterInterfaceP15_InterfaceBlock
                0x4003bd7c                _Z15Removeinterfacei
                0x4003bdbc                _Z11GetIfConfigi
                0x4003be04                _Z12SaveIfConfigP12ConfigRecordi
 .text          0x4003be4c      0x2b6 C:\Nburn/lib/DBNetBurner.a(multiconfig.od)
                0x4003be4c                _Z16SetupIFConfigRecR15_InterfaceBlock
 *fill*         0x4003c102        0x2 
 .text          0x4003c104      0x7ae C:\Nburn/lib/DBNetBurner.a(taskmon.od)
                0x4003c104                _Z18BufferDumpTCBStateP6os_tcb
                0x4003c738                _Z17ProcessTaskPacketR9UDPPacketi
                0x4003c820                _Z17EnableTaskMonitorv
                0x4003c838                _Z23GetUCOS_TaskStateBufferv
 *fill*         0x4003c8b2        0x2 
 .text          0x4003c8b4      0xbbe C:\Nburn/lib/DBNetBurner.a(smarttrap.od)
                0x4003c8b4                _Z15Local_OutStringPKc
                0x4003c8e4                _Z12Local_OutHexmi
                0x4003c9bc                _Z18Local_ShowTaskNamePV6os_tcb
                0x4003cae8                _Z8SafeReadm
                0x4003cb2c                _Z9WalkStackP6os_tcbmm
                0x4003cbac                _Z17Local_OutTCBStateP6os_tcbmm
                0x4003ce40                _Z17Smart_Trap_Holderv
                0x4003ce46                smart_trap_asm
                0x4003d440                _Z16EnableSmartTrapsv
 *fill*         0x4003d472        0x2 
 .text          0x4003d474      0xa66 C:\Nburn/lib/DBNetBurner.a(autoupdate.od)
                0x4003d474                _Z16EnableAutoUpdatev
                0x4003d4ac                _Z7DoStartR9UDPPacket
                0x4003d790                _Z6DoDataR9UDPPacket
                0x4003d9e8                _Z8DoRebootv
                0x4003da40                _Z9DoExecuteR9UDPPacketi
                0x4003ddec                _Z23ProcessAutoUpdatePacketR9UDPPacket
 *fill*         0x4003deda        0x2 
 .text          0x4003dedc       0xa8 C:\Nburn/lib/DBNetBurner.a(device.od)
                0x4003dedc                _Z19DeviceInitializeSemv
                0x4003df0c                _Z16DeviceGetQspiSemv
                0x4003df1c                _Z15DeviceGetI2cSemv
 .text          0x4003df84      0x83a C:\Nburn/lib/DBNetBurner.a(base64.od)
                0x4003df84                _Z12Base64DecodePKcPhS0_
                0x4003e100                _Z12Base64EncodePhiPc
                0x4003e218                _Z23Base64StreamEncodeChunkPhRiPciRmS0_
                0x4003e308                _Z18Base64StreamFinishPcmi
                0x4003e398                _ZN6b64ctxC1EPci
                0x4003e398                _ZN6b64ctxC2EPci
                0x4003e3d4                _ZN6b64ctx4initEPci
                0x4003e410                _ZN6b64ctx5flushEv
                0x4003e490                _ZN6b64ctx5writeEPKci
                0x4003e55c                _ZN6b64ctx5closeEv
                0x4003e5ec                _Z10b64io_readiPci
                0x4003e5f8                _Z11b64io_writeiPKci
                0x4003e630                _Z11b64io_closei
                0x4003e65c                _ZN6b64ctx5GetFDER14IoExpandStructi
                0x4003e6cc                _Z18Base64StreamEncodeiPhiPci
 *fill*         0x4003e7be        0x2 
 .text          0x4003e7c0     0x2c1c C:\Nburn/lib/DBNetBurner.a(nbiprintf.od)
                0x4003e7c0                _Z10decimallenm
                0x4003e854                _Z13decimallenully
                0x4003e9bc                _Z6hexlenm
                0x4003ea34                _Z9hexlenully
                0x4003ea88                _Z6octlenm
                0x4003eb2c                _Z6binlenm
                0x4003ed30                _Z10Put20CharsPvPFiS_PKciEiS1_
                0x4003ed9c                _Z8prespaceimiPFiPvPKciES_Ri
                0x4003ee10                _Z9postspaceimiPFiPvPKciES_Ri
                0x4003ee84                _Z8leadzeroimiPFiPvPKciES_Ri
                0x4003eeec                _Z7FillHexPcm
                0x4003ef3c                _Z7IsInRamPv
                0x4003ef80                _Z26NormalGetNextParamFunctionPv
                0x4003efa0                _Z19NB_internal_iprintfPFiPvPKciES_Pm
                0x4003efc8                _Z15CoreLongLongDecyPFiPvPKciES_R7pfstate
                0x4003f448                _Z7CoreDecmPFiPvPKciES_R7pfstate
                0x4003f874                _Z23NB_internal_iprintf_indPFiPvPKciES_PFmS_ES_
                0x40041394                _Z8putcharsPvPKci
                0x400413b4                iprintf
 .text          0x400413dc       0x38 C:\Nburn/lib/DBNetBurner.a(nbprintf.od)
                0x400413dc                printf
 .text          0x40041414      0x148 C:\Nburn/lib/DBNetBurner.a(nbsiprintf.od)
                0x40041414                _Z11putstrcharsPvPKci
                0x400414b0                siprintf
                0x40041504                sniprintf
 .text          0x4004155c      0x290 C:\Nburn/lib/DBNetBurner.a(nbsprintf.od)
                0x4004155c                sprintf
                0x400415b8                snprintf
                0x40041620                _Z8pva_funcPv
                0x40041664                vsnprintf
                0x400416d8                vsprintf
                0x400416f8                _Z12putfilecharsPvPKci
                0x40041724                vfiprintf
                0x40041760                vfprintf
                0x40041788                fprintf
                0x400417c0                fiprintf
 .text          0x400417ec       0x16 C:\Nburn/lib/DBNetBurner.a(weakumain.od)
                0x400417ec                _Z8UserMainPv
 *fill*         0x40041802        0x2 
 .text          0x40041804       0x16 C:\Nburn/lib/DBNetBurner.a(cusermain.od)
                0x40041804                callcusermain
 *fill*         0x4004181a        0x2 
 .text          0x4004181c       0x88 C:\Nburn/lib/DBNetBurner.a(fdprintf.od)
                0x4004181c                _Z8fdprintfiPKcz
 .text          0x400418a4     0x112a C:\Nburn/lib/DBNetBurner.a(ipv6_addr.od)
                0x400418a4                _ZNK7IPADDR68McastMacEv
                0x40041978                _ZNK7IPADDR613CompactformatEPc
                0x40041b74                _ZNK7IPADDR65printEbb
                0x40041cac                _ZNK7IPADDR67fdprintEibb
                0x40041e08                _ZNK7IPADDR67sprintfEPcibb
                0x40042114                _ZN7IPADDR612SetFromAsciiEPKcb
                0x40042530                _ZN7IPADDR616SolicitedNodeIP6ERKS_
                0x4004255c                _ZN7IPADDR610AsciiToIp6EPKcb
                0x4004259c                _Z10AsciiToIp6PKc
                0x400425c0                _ZN7IPADDR66NullIPEv
                0x400425f0                _ZN7IPADDR619SetSolicitedNodeIP6ERKS_
                0x4004262c                _ZN7IPADDR69SetGlobalER6MACADRRKS_
                0x4004269c                _ZN7IPADDR610FromIPMaskER6MACADRRKS_i
                0x400426d4                _ZN7IPADDR613SetFromIPMaskER6MACADRRKS_i
                0x40042900                _ZN7IPADDR610SetFromIP4E7IPADDR4
                0x4004293c                _ZN7IPADDR64csumEv
 *fill*         0x400429ce        0x2 
 .text          0x400429d0      0x73c C:\Nburn/lib/DBNetBurner.a(ipv6_tcp.od)
                0x400429d0                _Z7IsMyIp6RK7IPADDR6
                0x40042a08                _Z9GetSrcIp6RK7IPADDR6
                0x40042aa0                _Z8SumTCPV6R25IPv6FrameProcessingStructR16TcpCarrierPacketm
                0x40042bb0                _Z18RetransmitV6PacketP11pool_bufferP13socket_struct
                0x40042c88                _Z16TcpSendwSumFrom6RK7IPADDR6S1_R16TcpCarrierPackethm
                0x40042e2c                _Z12TcpSendwSum6P13socket_structRK7IPADDR6R16TcpCarrierPackethm
                0x40043100                _ZN13IPv6Interface17GetDestinationMTUERK7IPADDR6
 .text          0x4004310c     0xa700 C:\Nburn/lib/DBNetBurner.a(ipv6_ip.od)
                0x4004310c                _Z5ERRORPKc
                0x40043138                _ZN25IPv6FrameProcessingStruct16free_proc_structEv
                0x40043190                _ZN25IPv6FrameProcessingStruct7releaseEv
                0x40043444                _ZN25IPv6FrameProcessingStruct25RouterHeaderParseHasErrorEPhPi
                0x40043484                _ZN25IPv6FrameProcessingStruct21HopByHopParseHasErrorEPhPi
                0x400435c4                _ZN25IPv6FrameProcessingStruct15DestOptHasErrorEPhPi
                0x400435e0                _ZN25IPv6FrameProcessingStruct14WalkNextHeaderEPi
                0x40043bc8                _ZN13IPv6Interface7SumIcmpER25IPv6FrameProcessingStruct
                0x40043ce4                _Z18ValidOptionLengthsR25IPv6FrameProcessingStructi
                0x40043d60                _Z11HasSLOptionR25IPv6FrameProcessingStructi
                0x40043df4                _ZN13IPv6Interface19ProcessND_N_SolicitER25IPv6FrameProcessingStruct
                0x40044404                _ZN13IPv6Interface21ProcessND_N_AdvertiseER25IPv6FrameProcessingStruct
                0x400446b4                _ZN13IPv6Interface20ProcessRouterOptionsEP11IPV6_ROUTERR25IPv6FrameProcessingStructRiRPh
                0x400450c4                _ZN13IPv6Interface19CalcRandomReachableEv
                0x40045140                _ZN13IPv6Interface21ProcessND_R_AdvertiseER25IPv6FrameProcessingStruct
                0x400459bc                _ZN13IPv6Interface18ProcessND_RedirectER25IPv6FrameProcessingStruct
                0x40045e6c                _ZN13IPv6Interface18ProcessPingRequestER25IPv6FrameProcessingStruct
                0x400460e0                _ZN13IPv6Interface16ProcessPingReplyER25IPv6FrameProcessingStruct
                0x40046134                _ZN13IPv6Interface18ProcessIcmpUnreachER25IPv6FrameProcessingStruct
                0x40046148                _ZN13IPv6Interface13ProcessTooBigER25IPv6FrameProcessingStruct
                0x40046264                _ZN13IPv6Interface19ProcessTimeExceededER25IPv6FrameProcessingStruct
                0x40046278                _ZN13IPv6Interface16ProcessParamProbER25IPv6FrameProcessingStruct
                0x4004628c                _ZN13IPv6Interface18ValidateIcmpPacketER25IPv6FrameProcessingStruct
                0x40046494                _ZN13IPv6Interface13ProcessIcmpV6ER25IPv6FrameProcessingStruct
                0x40046620                _ZN11IPV6_PREFIX6OnLinkERK7IPADDR6
                0x40046764                _ZN13IPv6Interface6OnLinkERK7IPADDR6
                0x400467fc                _ZN13IPv6Interface11IsMyAddressERK7IPADDR6b
                0x40046948                _ZN13IPv6Interface10RootErrorsEhhmR25IPv6FrameProcessingStruct
                0x40046d20                _ZN13IPv6Interface16SendTimeExceededEP11pool_buffer
                0x40046d60                _ZN13IPv6Interface15SendUnreachableER25IPv6FrameProcessingStruct
                0x40046d84                _ZN13IPv6Interface20SendParameterProblemER25IPv6FrameProcessingStructii
                0x40046db4                _ZN13IPv6Interface9ProcessV6ER25IPv6FrameProcessingStruct
                0x40046fc8                _ZN25IPv6FrameProcessingStructC2EP11pool_buffer
                0x40046fc8                _ZN25IPv6FrameProcessingStructC1EP11pool_buffer
                0x40047028                _ZN13IPv6Interface13RootProcessV6EP11pool_buffer
                0x4004719c                _ZN13IPv6Interface17RootProcessV6TickEv
                0x400471c4                _ZN13IPv6Interface17SendRouterSolicitEb
                0x40047414                _ZN13IPv6Interface4pingERK7IPADDR6ttti
                0x400478b0                _ZN13IPv6Interface16SendDUP_DiscoverERK7IPADDR6
                0x40047a70                _ZN13IPv6Interface13AddDefAddressERK7IPADDR6
                0x40047c2c                _ZN13IPv6Interface4TickEv
                0x40048294                _ZN13IPv6InterfaceC1Ei
                0x40048294                _ZN13IPv6InterfaceC2Ei
                0x4004863c                _ZN13IPv6Interface7StartNDEv
                0x40048818                _ZN13IPv6Interface22GetFirst_IP6_InterfaceEv
                0x40048828                _ZN13IPv6Interface21GetNext_IP6_InterfaceEv
                0x40048844                _ZN13IPv6Interface13GetInterfaceNEi
                0x4004888c                _ZN13IPv6Interface26GetInterfaceForDestinationERK7IPADDR6
                0x4004891c                _ZN13IPv6Interface21GetInterfaceForSourceERK7IPADDR6
                0x40048968                _ZN13IPv6Interface14ClearDHCPDInfoEP10IPV6_DHCPD
                0x40048a60                _Z20AddStaticIPv6AddressRK7IPADDR6i
                0x40048aa8                _ZN13IPv6Interface16AddStaticAddressERK7IPADDR6i
                0x40048c60                _ZN13IPv6Interface17AddDefaultGatewayERK7IPADDR6
                0x40048d04                _ZN13IPv6Interface12AddStaticDNSERK7IPADDR6
                0x40048d8c                _Z23RemoveStaticIPv6AddressRK7IPADDR6i
                0x40048dcc                _ZN13IPv6Interface19RemoveStaticAddressERK7IPADDR6
                0x40048e04                _ZN13IPv6Interface20RemoveDefaultGatewayERK7IPADDR6
                0x40048e3c                _ZN13IPv6Interface15RemoveStaticDNSERK7IPADDR6
                0x40048e74                _Z8InitIPv6i
                0x40048f2c                _Z5Ping6RK7IPADDR6ttti
                0x40049018                _Z17Ping6ViaInterfaceRK7IPADDR6tttii
                0x400490d8                _ZN13IPv6Interface8HasRouteERK7IPADDR6
                0x400490fc                _ZN13IPv6Interface8RouteOutER25IPv6FrameProcessingStructP9IPV6_DEST
                0x4004983c                _ZN11IPV6_PREFIX12free_elementEv
                0x40049864                _ZN9IPV6_DEST12free_elementEv
                0x4004988c                _ZN11IPV6_ROUTER12free_elementEv
                0x400498b4                _ZN13IPV6_NEIGHBOR12free_elementEv
                0x400498dc                _ZN8IPV6_DNS12free_elementEv
                0x40049904                _ZN10IPV6_DHCPD12free_elementEv
                0x4004992c                _ZN11IPV6_PREFIXC1Ev
                0x4004992c                _ZN11IPV6_PREFIXC2Ev
                0x400499a0                _ZN13IPv6Interface11PrefixAllocERK7IPADDR6
                0x40049a6c                _ZN13IPv6Interface9DestAllocERK7IPADDR6
                0x40049b64                _ZN13IPv6Interface11RouterAllocERK7IPADDR6
                0x40049c3c                _ZN13IPv6Interface18FindCreateNeighborERK7IPADDR6
                0x40049cb8                _ZN13IPv6Interface13NeighborAllocERK7IPADDR6
                0x40049d74                _ZN13IPv6Interface8DnsAllocERK7IPADDR6b
                0x40049e68                _ZN13IPv6Interface10DHCPDAllocERK7IPADDR6
                0x40049f28                _ZN12IPV6_ROOT_ELD1Ev
                0x40049f28                _ZN12IPV6_ROOT_ELD2Ev
                0x40049f54                _ZN12IPV6_ROOT_ELD0Ev
                0x40049f78                _ZN22IPV6_ROOT_EL_CONTAINER6InsertEP12IPV6_ROOT_EL
                0x40049fdc                _ZN22IPV6_ROOT_EL_CONTAINER10InsertBackEP12IPV6_ROOT_EL
                0x4004a054                _ZN22IPV6_ROOT_EL_CONTAINER6RemoveEP12IPV6_ROOT_EL
                0x4004a1b8                _ZN22IPV6_ROOT_EL_CONTAINER4FindERK7IPADDR6b
                0x4004a2d0                _ZN13IPv6Interface7FindDNSERK7IPADDR6bP10IPV6_DHCPD
                0x4004a408                _ZN13IPv6Interface14FindDNSByDHCPDEP10IPV6_DHCPDP8IPV6_DNS
                0x4004a454                _ZN10IPV6_DHCPD11FindIA_AddrEP11IPV6_PREFIX
                0x4004a484                _ZN22IPV6_ROOT_EL_CONTAINER5FirstEv
                0x4004a494                _ZN22IPV6_ROOT_EL_CONTAINERC1Ev
                0x4004a494                _ZN22IPV6_ROOT_EL_CONTAINERC2Ev
                0x4004a4c8                _ZN22IPV6_ROOT_EL_CONTAINER6AttachER13IPv6InterfacePKc
                0x4004a4e4                _ZN13IPV6_NEIGHBORC1Ev
                0x4004a4e4                _ZN13IPV6_NEIGHBORC2Ev
                0x4004a55c                _ZN13IPV6_NEIGHBOR13ProcessAdvertER25IPv6FrameProcessingStructP15ICMP6_ND_ADVERT
                0x4004ac0c                _ZN13IPV6_NEIGHBOR15Send_ND_SolicitEb
                0x4004b048                _ZN13IPV6_NEIGHBOR7DiscardEv
                0x4004b130                _ZN13IPV6_NEIGHBOR11ProcessTickEv
                0x4004b3e8                _ZN13IPv6Interface14FirstDefRouterEv
                0x4004b45c                _ZN11IPV6_ROUTER12GetNextValidEv
                0x4004b4d4                _ZN11IPV6_PREFIX16CleanUpAndRemoveEv
                0x4004b540                _ZN8IPV6_DNS16CleanUpAndRemoveEv
                0x4004b5ac                _ZN11IPV6_ROUTER16CleanUpAndRemoveEv
                0x4004b82c                _ZN11IPV6_ROUTER17RemoveFromDefaultEv
                0x4004ba30                _ZN13IPV6_NEIGHBOR4SendER25IPv6FrameProcessingStructt