Archive member included to satisfy reference by file (symbol)

C:\Nburn/lib/NANO54415.a(hardware_init.o)
                              c:/nburn/gcc-m68k/bin/../lib/gcc/m68k-unknown-elf/5.2.0/m54455\nb-crt0.o (hardware_init_hook)
C:\Nburn/lib/NANO54415.a(serial.o)
                              Drivers\dsm2.o (UartData)
C:\Nburn/lib/NANO54415.a(pins.o)
                              Drivers\IMUSetupAndSample.o (_ZN5PinIO3setEh)
C:\Nburn/lib/NANO54415.a(SimpleAD.o)
                              main.o (_Z15InitSingleEndADv)
C:\Nburn/lib/NANO54415.a(FlashOps.o)
                              C:\Nburn/lib/NANO54415.a(hardware_init.o) (CopySPIFlashImageOnBoot)
C:\Nburn/lib/NANO54415.a(HiResTimer.o)
                              Drivers\MPU9250.o (_ZN10HiResTimer4initEd)
C:\Nburn/lib/NANO54415.a(pin_irq.o)
                              Drivers\Odometer.o (_Z9SetPinIrqiiPFvvE)
C:\Nburn/lib/NANO54415.a(bsp.o)
                              Drivers\servodrive.o (_Z7SetIntcilii)
C:\Nburn/lib/NANO54415.a(localio.o)
                              C:\Nburn/lib/NANO54415.a(serial.o) (_Z13GetUartRecordi)
C:\Nburn/lib/NANO54415.a(userparam.o)
                              main.o (_Z18SaveUserParametersPvi)
C:\Nburn/lib/NANO54415.a(multichanneli2c.o)
                              main.o (MultiChannel_I2CInit)
C:\Nburn/lib/NANO54415.a(bspa.o)
                              C:\Nburn/lib/NANO54415.a(bsp.o) (CatchNullWrites)
C:\Nburn/lib/NANO54415.a(defpins.o)
                              C:\Nburn/lib/NANO54415.a(bsp.o) (_Z14SetDefPinUsagev)
C:\Nburn/lib/NANO54415.a(SPIFlash.o)
                              C:\Nburn/lib/NANO54415.a(FlashOps.o) (_ZN8SPIFlashC1Ei)
C:\Nburn/lib/NANO54415.a(i2c_class.o)
                              C:\Nburn/lib/NANO54415.a(multichanneli2c.o) (_ZN10i2c_master4initEhh)
C:\Nburn/lib/NetBurner.a(ucosmcfa.o)
                              C:\Nburn/lib/NANO54415.a(bsp.o) (OSCtxSw)
C:\Nburn/lib/NetBurner.a(software_init.o)
                              c:/nburn/gcc-m68k/bin/../lib/gcc/m68k-unknown-elf/5.2.0/m54455\nb-crt0.o (software_init_hook)
C:\Nburn/lib/NetBurner.a(main.o)
                              c:/nburn/gcc-m68k/bin/../lib/gcc/m68k-unknown-elf/5.2.0/m54455\nb-crt0.o (main)
C:\Nburn/lib/NetBurner.a(ucosmcfc.o)
                              main.o (_Z17OSTaskCreatewNamePFvPvES_S_S_hPKc)
C:\Nburn/lib/NetBurner.a(ucos.o)
                              C:\Nburn/lib/NetBurner.a(ucosmcfc.o) (OSRdyTbl)
C:\Nburn/lib/NetBurner.a(cppmain.o)
                              C:\Nburn/lib/NetBurner.a(main.o) (cppmain)
C:\Nburn/lib/NetBurner.a(debugtrap.o)
                              C:\Nburn/lib/NANO54415.a(bsp.o) (_Z23SetAddressReadRangeTrapmm)
C:\Nburn/lib/NetBurner.a(ucosmain.o)
                              C:\Nburn/lib/NetBurner.a(software_init.o) (UCosSetup)
C:\Nburn/lib/NetBurner.a(fileio.o)
                              C:\Nburn/lib/NetBurner.a(ucosmain.o) (ioctl)
C:\Nburn/lib/NetBurner.a(system.o)
                              C:\Nburn/lib/NANO54415.a(serial.o) (rnd_collect)
C:\Nburn/lib/NetBurner.a(utils.o)
                              C:\Nburn/lib/NetBurner.a(system.o) (_Z7ShowIP47IPADDR4)
C:\Nburn/lib/NetBurner.a(ip.o)
                              main.o (_Z15InitializeStack7IPADDR4S_S_S_)
C:\Nburn/lib/NetBurner.a(buffers.o)
                              C:\Nburn/lib/NetBurner.a(utils.o) (_Z12GetFreeCountv)
C:\Nburn/lib/NetBurner.a(arp.o)
                              C:\Nburn/lib/NetBurner.a(ip.o) (_Z25GetInterfaceForMyAddress47IPADDR4)
C:\Nburn/lib/NetBurner.a(udp.o)
                              C:\Nburn/lib/NetBurner.a(ip.o) (_Z12process_udp4P11pool_bufferP5IPPKTt)
C:\Nburn/lib/NetBurner.a(ftpd.o)
                              Drivers\introspec.o (_Z9FTPDStartth)
C:\Nburn/lib/NetBurner.a(tcp.o)
                              C:\Nburn/lib/NetBurner.a(ip.o) (_Z7InitTCPv)
C:\Nburn/lib/NetBurner.a(extraio.o)
                              Drivers\introspec.o (_Z10GetExtraFDPvP14IoExpandStruct)
C:\Nburn/lib/NetBurner.a(http.o)
                              main.o (_Z9StartHTTPt)
C:\Nburn/lib/NetBurner.a(httpinternal.o)
                              C:\Nburn/lib/NetBurner.a(http.o) (_ZN12HTTP_Request11ProcessLineEPc)
C:\Nburn/lib/NetBurner.a(httpstricmp.o)
                              C:\Nburn/lib/NetBurner.a(httpinternal.o) (_Z11httpstricmpPKcS0_)
C:\Nburn/lib/NetBurner.a(htmldecomp.o)
                              C:\Nburn/lib/NetBurner.a(httpinternal.o) (_Z16SendFullResponsePKci)
C:\Nburn/lib/NetBurner.a(iosys.o)
                              C:\Nburn/lib/NANO54415.a(serial.o) (_Z12SetDataAvaili)
C:\Nburn/lib/NetBurner.a(new_ops.o)
                              Drivers\introspec.o (_Znwm)
C:\Nburn/lib/NetBurner.a(autoip.o)
                              C:\Nburn/lib/NetBurner.a(arp.o) (_ZN12AutoIPClient16addressCollisionEv)
C:\Nburn/lib/NetBurner.a(dhcpc.o)
                              main.o (_Z25GetDHCPAddressIfNecessaryib)
C:\Nburn/lib/NetBurner.a(netinterface.o)
[...]
Memory Configuration

Name             Origin             Length             Attributes
ram              0x40000400         0x03fffcff         xrw
SRAM             0x80000400         0x0000fbf0         xrw
Cold_SRAM        0x8000fffe         0x00000002         xrw
*default*        0x00000000         0xffffffff

Linker script and memory map

LOAD c:/nburn/gcc-m68k/bin/../lib/gcc/m68k-unknown-elf/5.2.0/m54455\nb-crt0.o
LOAD c:/nburn/gcc-m68k/bin/../lib/gcc/m68k-unknown-elf/5.2.0/m54455/crtbegin.o
LOAD tests.o
LOAD main.o
LOAD Utility.o
LOAD Nav.o
LOAD Map.o
LOAD Logger.o
LOAD Drivers\servodrive.o
LOAD Drivers\pwm.o
LOAD Drivers\introspec.o
LOAD Drivers\dsm2.o
LOAD Drivers\SpinningLidar.o
LOAD Drivers\Odometer.o
LOAD Drivers\MadgwickFilter.o
LOAD Drivers\MPU9250.o
LOAD Drivers\LidarPWM.o
LOAD Drivers\LCD.o
LOAD Drivers\IMUSetupAndSample.o
LOAD htmldata.o
LOAD C:\Nburn/NANO54415/lib/sys.ld
                0x40000000                ovector_base = 0x40000000
                0x80000000                vector_base = 0x80000000
                0x80000400                SRAM_START_ADDR = 0x80000400
                0x8000fffe                SRAM_END_ADDR = 0x8000fffe
                0x8c000000                sim_rgpio = 0x8c000000
                0xec008000                sim1 = 0xec008000
                0xfc004000                sim2 = 0xfc004000
                0x00004000                FlashAppBase = 0x4000
                0xfc0d4008                DBETHER_EMIR_REG = 0xfc0d4008
                0x8000d000                comm_loc = 0x8000d000
START GROUP
LOAD C:\Nburn/lib/NANO54415.a
LOAD C:\Nburn/lib/NetBurner.a
LOAD C:\Nburn/lib/FatFile.a
LOAD c:/nburn/gcc-m68k/bin/../m68k-unknown-elf/sysroot/lib/m54455\libstdc++.a
LOAD C:\Nburn\lib\cryptolib.a
LOAD C:\Nburn\lib\debugLibrary.a
LOAD C:\Nburn\lib\Lua_Full.a
LOAD C:\Nburn\lib\nb-libxively.a
LOAD C:\Nburn\lib\nbwifilib.a
LOAD C:\Nburn\lib\sshLibrary.a
LOAD C:\Nburn\lib\webclient.a
END GROUP
LOAD c:/nburn/gcc-m68k/bin/../m68k-unknown-elf/sysroot/lib/m54455\libstdc++.a
LOAD c:/nburn/gcc-m68k/bin/../m68k-unknown-elf/sysroot/lib/m54455\libm.a
LOAD c:/nburn/gcc-m68k/bin/../lib/gcc/m68k-unknown-elf/5.2.0/m54455\libgcc.a
LOAD c:/nburn/gcc-m68k/bin/../m68k-unknown-elf/sysroot/lib/m54455\libc.a
LOAD c:/nburn/gcc-m68k/bin/../lib/gcc/m68k-unknown-elf/5.2.0/m54455\libgcc.a
LOAD c:/nburn/gcc-m68k/bin/../lib/gcc/m68k-unknown-elf/5.2.0/m54455/crtend.o
START GROUP
LOAD c:/nburn/gcc-m68k/bin/../m68k-unknown-elf/sysroot/lib/m54455\libc.a
LOAD c:/nburn/gcc-m68k/bin/../lib/gcc/m68k-unknown-elf/5.2.0/m54455\libgcc.a
LOAD c:/nburn/gcc-m68k/bin/../m68k-unknown-elf/sysroot/lib/m54455\libm.a
END GROUP
                0x00000000                __DYNAMIC = 0x0
                0x44000000                PROVIDE (__stack, 0x44000000)
                [!provide]                PROVIDE (hardware_init_hook, 0x0)
                [!provide]                PROVIDE (_hardware_init_hook, 0x0)
                [!provide]                PROVIDE (software_init_hook, 0x0)
                [!provide]                PROVIDE (_software_init_hook, 0x0)

.gcc_except_table._ZN10__cxxabiv111__terminateEPFvvE
                0x40000400       0x1d
 .gcc_except_table._ZN10__cxxabiv111__terminateEPFvvE
                0x40000400       0x1d c:/nburn/gcc-m68k/bin/../m68k-unknown-elf/sysroot/lib/m54455\libstdc++.a(eh_terminate.o)

.gcc_except_table.__gxx_personality_v0
                0x40000420       0x1c
 .gcc_except_table.__gxx_personality_v0
                0x40000420       0x1c c:/nburn/gcc-m68k/bin/../m68k-unknown-elf/sysroot/lib/m54455\libstdc++.a(eh_personality.o)

.gcc_except_table.__cxa_call_unexpected
                0x4000043c       0x1c
 .gcc_except_table.__cxa_call_unexpected
                0x4000043c       0x1c c:/nburn/gcc-m68k/bin/../m68k-unknown-elf/sysroot/lib/m54455\libstdc++.a(eh_personality.o)

.gcc_except_table._ZN9__gnu_cxx27__verbose_terminate_handlerEv
                0x40000458       0x2c
 .gcc_except_table._ZN9__gnu_cxx27__verbose_terminate_handlerEv
                0x40000458       0x2c c:/nburn/gcc-m68k/bin/../m68k-unknown-elf/sysroot/lib/m54455\libstdc++.a(vterminate.o)

.SRAM_SECT      0x80000400     0xac60
                0x80000400                SRAM_START = .
 *(SYS_VAR_SECT)
 SYS_VAR_SECT   0x80000400        0x4 C:\Nburn/lib/NANO54415.a(bsp.o)
                0x80000400                cacrMirror
 SYS_VAR_SECT   0x80000404      0x238 C:\Nburn/lib/NetBurner.a(ucos.o)
                0x80000404                OSRunning
                0x80000406                OSISRLevel
                0x80000408                OSRdyGrp
                0x8000040c                OSLockNesting
                0x80000410                OSIntNesting
                0x80000414                OSTCBFreeList
                0x80000418                OSTCBList
                0x8000041c                OSTCBHighRdy
                0x80000420                OSTCBCur
                0x80000424                OSRdyTbl
                0x8000042c                OSTCBPrioTbl
                0x8000052c                OSUnMapTbl
                0x8000062c                OSMapTbl
                0x80000634                Secs
                0x80000638                TimeTick
 SYS_VAR_SECT   0x8000063c      0x272 C:\Nburn/lib/NetBurner.a(ucosmain.o)
                0x8000064e                critical_count
                0x80000652                OSTcbStructSize
                0x80000656                OSTCBTbl
 SYS_VAR_SECT   0x800008ae       0x1c C:\Nburn/lib/NetBurner.a(fileio.o)
                0x800008ae                fd_map
                0x800008c6                pExtraFdFunc
 SYS_VAR_SECT   0x800008ca       0x20 C:\Nburn/lib/NetBurner.a(iosys.o)
                0x800008d2                error_file_sets
                0x800008da                write_file_sets
                0x800008e2                read_file_sets
                0x800008ea                SYS_VAR_SECT_END = .
                0x800008f0                . = ALIGN (0x10)
 *fill*         0x800008ea        0x6 
 *(IDLE_STK_SECT)
                0x800008f0                IDLE_STK_SECT_END = .
                0x800008f0                . = ALIGN (0x10)
 *(MAIN_STK_SECT)
 MAIN_STK_SECT  0x800008f0     0x3000 C:\Nburn/lib/NetBurner.a(cppmain.o)
                0x800008f0                MainStk
                0x800038f0                MAIN_STK_SECT_END = .
                0x800038f0                . = ALIGN (0x4)
 *(ETHER_VAR_SECT)
 ETHER_VAR_SECT
                0x800038f0      0x280 C:\Nburn/lib/NANO54415.a(ethernet.o)
                0x800038f0                FecFifo
                0x80003910                enet1
                0x80003a40                enet0
                0x80003b70                ETHER_VAR_SECT_END = .
                0x80003b70                . = ALIGN (0x10)
 *(ETHER_STK_SECT)
 ETHER_STK_SECT
                0x80003b70     0x2000 C:\Nburn/lib/NANO54415.a(ethernet.o)
                0x80003b70                EtherSendStk
                0x80005b70                ETHER_STK_SECT_END = .
                0x80005b70                . = ALIGN (0x4)
 *(IP_VAR_SECT)
 IP_VAR_SECT    0x80005b70      0x32a C:\Nburn/lib/NetBurner.a(ip.o)
                0x80005b70                delay
                0x80005b74                next_arp_time
                0x80005b78                multi_if_block
                0x80005e34                multi_home_if_record
                0x80005e5c                nAdditional_Homes
                0x80005e60                pFragFunc
                0x80005e64                pMultiCastFunc
                0x80005e68                pPromisciousPacketFunc
                0x80005e6c                pIpv6Tick
                0x80005e70                pAutoIPTick
                0x80005e74                pMultiTick
                0x80005e78                pDHCPServerTick
                0x80005e7c                pDHCPTick
                0x80005e80                IcmpFifo
                0x80005e84                ipRxFifo
                0x80005e96                bTTL_Default
                0x80005e98                wGlobalPktId
 IP_VAR_SECT    0x80005e9a       0xa4 C:\Nburn/lib/NetBurner.a(udp.o)
                0x80005e9a                UdpNetbiosNameServicePtr
                0x80005e9e                pTaskPacketFunc
                0x80005ea2                pDHCPv6ClientProcessFunction
                0x80005ea6                pDHCPServerProcessFunction
                0x80005eaa                pDHCPProcessFunction
                0x80005eae                UDP_fifos_used
                0x80005eb2                udp_fifos
                0x80005f3e                IP_VAR_SECT_END = .
                0x80005f40                . = ALIGN (0x10)
 *fill*         0x80005f3e        0x2 
 *(IP_STK_SECT)
 IP_STK_SECT    0x80005f40     0x2000 C:\Nburn/lib/NetBurner.a(ip.o)
                0x80005f40                IPStk
                0x80007f40                IP_STK_SECT_END = .
                0x80007f40                . = ALIGN (0x4)
 *(TCP_VAR_SECT)
 TCP_VAR_SECT   0x80007f40       0x20 C:\Nburn/lib/NetBurner.a(tcp.o)
                0x80007f40                TCP_TimerSemaphore
                0x80007f52                TCP_critical_section
                0x80007f60                TCP_VAR_SECT_END = .
                0x80007f60                . = ALIGN (0x10)
 *(TCP_STK_SECT)
 TCP_STK_SECT   0x80007f60     0x3000 C:\Nburn/lib/NetBurner.a(tcp.o)
                0x80007f60                TCPStk
                0x8000af60                TCP_STK_SECT_END = .
                0x8000af60                . = ALIGN (0x10)
 *(HTTP_STK_SECT)
                0x8000af60                HTTP_STK_SECT_END = .
                0x8000af60                . = ALIGN (0x10)
 *(FTP_STK_SECT)
                0x8000af60                FTP_STK_SECT_END = .
                0x8000af60                . = ALIGN (0x10)
 *(WIFI_STK_SECT)
                0x8000af60                WIFI_STK_SECT_END = .
                0x8000af60                . = ALIGN (0x10)
 *(PPP_STK_SECT)
                0x8000af60                PPP_STK_SECT_END = .
                0x8000af60                . = ALIGN (0x10)
 *(COMMAND_STK_SECT)
                0x8000af60                COMMAND_STK_SECT_END = .
                0x8000af60                . = ALIGN (0x4)
 *(USER_VAR_SECT)
 USER_VAR_SECT  0x8000af60       0x16 Drivers\introspec.o
                0x8000af60                LogCrit
                0x8000af6e                LogPut
                0x8000af72                LogGet
 USER_VAR_SECT  0x8000af76       0xbc C:\Nburn/lib/NANO54415.a(HiResTimer.o)
                0x8000af76                _ZN10HiResTimer12timerCreatedE
                0x8000af7a                _ZN10HiResTimer6timersE
                0x8000b032                USER_VAR_SECT_END = .
                0x8000b040                . = ALIGN (0x10)
 *fill*         0x8000b032        0xe 
 *(USER_STK_SECT)
                0x8000b040                USER_STK_SECT_END = .
                0x8000b040                . = ALIGN (0x4)
 *(TLS_VAR_SECT)
                0x8000b040                TLS_VAR_SECT_END = .
                0x8000b040                BUFFERS_SECT_START = .
                0x8000b040                . = ALIGN (0x10)
 *(BUFFERS_VAR_SECT)
 BUFFERS_VAR_SECT
                0x8000b040       0x1c C:\Nburn/lib/NetBurner.a(buffers.o)
                0x8000b040                free_list_is_initialized
                0x8000b044                free_fast_list
                0x8000b04e                free_list
                0x8000b058                FAST_BUFFER_POOL_SIZE
                0x8000b060                . = ALIGN (0x10)
 *fill*         0x8000b05c        0x4 
                0x8000b060                BUFFERS_VAR_SECT_END = .
                0x8000b060                . = ALIGN (0x10)
                0x8000b060                SRAM_END = .

.COLD_SRAM_SECT
                0x8000fffe        0x2
 *(COLD_SRAM_VAR)
 COLD_SRAM_VAR  0x8000fffe        0x2 C:\Nburn/lib/NetBurner.a(ip.o)

.text           0x40000490    0x4e2c0
 nb-crt0.o()
 .text          0x40000490       0xaa c:/nburn/gcc-m68k/bin/../lib/gcc/m68k-unknown-elf/5.2.0/m54455\nb-crt0.o
                0x40000490                start
 *fill*         0x4000053a        0x2 
 .data          0x4000053c        0x4 c:/nburn/gcc-m68k/bin/../lib/gcc/m68k-unknown-elf/5.2.0/m54455\nb-crt0.o
 .bss           0x40000540        0x0 c:/nburn/gcc-m68k/bin/../lib/gcc/m68k-unknown-elf/5.2.0/m54455\nb-crt0.o
                0x40000540                gConfigRec = .
                0x40002540                . = (. + 0x2000)
 *fill*         0x40000540     0x2000 
                0x40002540                UserParamBase = .
                0x40004540                . = (. + 0x2000)
 *fill*         0x40002540     0x2000 
 *(.text)
 .text          0x40004540      0x12c c:/nburn/gcc-m68k/bin/../lib/gcc/m68k-unknown-elf/5.2.0/m54455/crtbegin.o
 .text          0x4000466c        0x8 C:\Nburn/lib/NANO54415.a(hardware_init.o)
                0x4000466c                hardware_init_hook
 *fill*         0x40004674        0xc 
 .text          0x40004680      0x19c C:\Nburn/lib/NANO54415.a(bspa.o)
                0x40004680                CatchNullWrites
                0x40004690                _cache_inval
                0x400046b0                _cache_push
                0x400046d0                _cache_flush
                0x40004710                PushCacheLines
                0x40004760                InvalidateCacheLines
                0x400047b0                FlushCacheLines
 *fill*         0x4000481c        0x4 
 .text          0x40004820      0x41a C:\Nburn/lib/NetBurner.a(ucosmcfa.o)
                0x40004820                OSStartHighRdy
                0x40004840                OSCtxSw
                0x40004870                OSIntCtxSw
                0x400048a0                OSTickISR
                0x400048e0                OSSetupVBR
                0x40004900                OSDebugTraceHalt
                0x40004910                memcpy
                0x40004910                fmemcpy
                0x400049e0                memcpysum
                0x40004b70                memset
                0x40004b70                fmemset
                0x40004c10                GetSR_IntLevel
                0x40004c20                SetSR_IntLevel
 *fill*         0x40004c3a        0x2 
 .text          0x40004c3c        0x8 C:\Nburn/lib/NetBurner.a(software_init.o)
                0x40004c3c                software_init_hook
 .text          0x40004c44       0x2e C:\Nburn/lib/NetBurner.a(ucosmain.o)
                0x40004c44                OSStackProtectCtxSw
 *fill*         0x40004c72        0x2 
 .text          0x40004c74      0x1c0 C:\Nburn/lib/NetBurner.a(ip.o)
                0x40004c74                GetSum
                0x40004d30                GetSum20
                0x40004d68                GetSumHdr
 .text          0x40004e34     0x440e c:/nburn/gcc-m68k/bin/../m68k-unknown-elf/sysroot/lib/m54455\libstdc++.a(cp-demangle.o)
                0x4000912c                __cxa_demangle
                0x4000920c                __gcclibcxx_demangle_callback
 *fill*         0x40009242        0x2 
 .text          0x40009244       0x6c c:/nburn/gcc-m68k/bin/../m68k-unknown-elf/sysroot/lib/m54455\libm.a(lib_a-s_fpclassify.o)
                0x40009244                __fpclassifyd
 .text          0x400092b0       0xda c:/nburn/gcc-m68k/bin/../m68k-unknown-elf/sysroot/lib/m54455\libm.a(lib_a-s_modf.o)
                0x400092b0                modf
 *fill*         0x4000938a        0x2 
 .text          0x4000938c       0xc6 c:/nburn/gcc-m68k/bin/../m68k-unknown-elf/sysroot/lib/m54455\libm.a(lib_a-s_round.o)
                0x4000938c                round
 *fill*         0x40009452        0x2 
 .text          0x40009454      0x436 c:/nburn/gcc-m68k/bin/../m68k-unknown-elf/sysroot/lib/m54455\libm.a(lib_a-w_pow.o)
                0x40009454                pow
 *fill*         0x4000988a        0x2 
 .text          0x4000988c       0xec c:/nburn/gcc-m68k/bin/../m68k-unknown-elf/sysroot/lib/m54455\libm.a(lib_a-wf_asin.o)
                0x4000988c                asinf
 .text          0x40009978        0xc c:/nburn/gcc-m68k/bin/../m68k-unknown-elf/sysroot/lib/m54455\libm.a(lib_a-wf_atan2.o)
                0x40009978                atan2f
 .text          0x40009984       0xfe c:/nburn/gcc-m68k/bin/../m68k-unknown-elf/sysroot/lib/m54455\libm.a(lib_a-wf_sqrt.o)
                0x40009984                sqrtf
 *fill*         0x40009a82        0x2 
 .text          0x40009a84      0xdfe c:/nburn/gcc-m68k/bin/../m68k-unknown-elf/sysroot/lib/m54455\libm.a(lib_a-e_pow.o)
                0x40009a84                __ieee754_pow
 *fill*         0x4000a882        0x2 
 .text          0x4000a884      0x1d0 c:/nburn/gcc-m68k/bin/../m68k-unknown-elf/sysroot/lib/m54455\libm.a(lib_a-e_sqrt.o)
                0x4000a884                __ieee754_sqrt
 .text          0x4000aa54      0x39a c:/nburn/gcc-m68k/bin/../m68k-unknown-elf/sysroot/lib/m54455\libm.a(lib_a-ef_asin.o)
                0x4000aa54                __ieee754_asinf
 *fill*         0x4000adee        0x2 
 .text          0x4000adf0      0x1c6 c:/nburn/gcc-m68k/bin/../m68k-unknown-elf/sysroot/lib/m54455\libm.a(lib_a-ef_atan2.o)
                0x4000adf0                __ieee754_atan2f
 *fill*         0x4000afb6        0x2 
 .text          0x4000afb8       0xe4 c:/nburn/gcc-m68k/bin/../m68k-unknown-elf/sysroot/lib/m54455\libm.a(lib_a-ef_sqrt.o)
                0x4000afb8                __ieee754_sqrtf
 .text          0x4000b09c       0x1c c:/nburn/gcc-m68k/bin/../m68k-unknown-elf/sysroot/lib/m54455\libm.a(lib_a-s_fabs.o)
                0x4000b09c                fabs
 .text          0x4000b0b8       0x1c c:/nburn/gcc-m68k/bin/../m68k-unknown-elf/sysroot/lib/m54455\libm.a(lib_a-s_finite.o)
                0x4000b0b8                finite
 .text          0x4000b0d4        0xa c:/nburn/gcc-m68k/bin/../m68k-unknown-elf/sysroot/lib/m54455\libm.a(lib_a-s_matherr.o)
                0x4000b0d4                matherr
 *fill*         0x4000b0de        0x2 
 .text          0x4000b0e0       0x10 c:/nburn/gcc-m68k/bin/../m68k-unknown-elf/sysroot/lib/m54455\libm.a(lib_a-s_nan.o)
                0x4000b0e0                nan
 .text          0x4000b0f0      0x19e c:/nburn/gcc-m68k/bin/../m68k-unknown-elf/sysroot/lib/m54455\libm.a(lib_a-s_rint.o)
                0x4000b0f0                rint
 *fill*         0x4000b28e        0x2 
 .text          0x4000b290      0x188 c:/nburn/gcc-m68k/bin/../m68k-unknown-elf/sysroot/lib/m54455\libm.a(lib_a-s_scalbn.o)
                0x4000b290                scalbn
 .text          0x4000b418      0x2c0 c:/nburn/gcc-m68k/bin/../m68k-unknown-elf/sysroot/lib/m54455\libm.a(lib_a-sf_atan.o)
                0x4000b418                atanf
 .text          0x4000b6d8       0x10 c:/nburn/gcc-m68k/bin/../m68k-unknown-elf/sysroot/lib/m54455\libm.a(lib_a-sf_fabs.o)
                0x4000b6d8                fabsf
 .text          0x4000b6e8       0x4a c:/nburn/gcc-m68k/bin/../m68k-unknown-elf/sysroot/lib/m54455\libm.a(lib_a-sf_fpclassify.o)
                0x4000b6e8                __fpclassifyf
 *fill*         0x4000b732        0x2 
 .text          0x4000b734       0x2a c:/nburn/gcc-m68k/bin/../m68k-unknown-elf/sysroot/lib/m54455\libm.a(lib_a-s_copysign.o)
                0x4000b734                copysign
 *fill*         0x4000b75e        0x2 
 .text          0x4000b760      0xba0 c:/nburn/gcc-m68k/bin/../lib/gcc/m68k-unknown-elf/5.2.0/m54455\libgcc.a(_double.o)
                0x4000b7ba                __subdf3
                0x4000b7c0                __adddf3
                0x4000bc5c                __muldf3
                0x4000be38                __divdf3
                0x4000c128                __negdf2
                0x4000c186                __cmpdf2_internal
                0x4000c25e                __cmpdf2
 .text          0x4000c300      0x7ca c:/nburn/gcc-m68k/bin/../lib/gcc/m68k-unknown-elf/5.2.0/m54455\libgcc.a(_float.o)
                0x4000c348                __subsf3
                0x4000c34e                __addsf3
                0x4000c630                __mulsf3
                0x4000c772                __divsf3
                0x4000c966                __negsf2
                0x4000c9b8                __cmpsf2_internal
                0x4000ca58                __cmpsf2
 *fill*         0x4000caca        0x2 
 .text          0x4000cacc       0x74 c:/nburn/gcc-m68k/bin/../lib/gcc/m68k-unknown-elf/5.2.0/m54455\libgcc.a(_floatex.o)
                0x4000cacc                __clear_sticky_bit
                0x4000cad8                $_exception_handler
 .text          0x4000cb40       0x22 c:/nburn/gcc-m68k/bin/../lib/gcc/m68k-unknown-elf/5.2.0/m54455\libgcc.a(_eqdf2.o)
                0x4000cb40                __eqdf2
 *fill*         0x4000cb62        0x2 
 .text          0x4000cb64       0x22 c:/nburn/gcc-m68k/bin/../lib/gcc/m68k-unknown-elf/5.2.0/m54455\libgcc.a(_nedf2.o)
                0x4000cb64                __nedf2
 *fill*         0x4000cb86        0x2 
 .text          0x4000cb88       0x22 c:/nburn/gcc-m68k/bin/../lib/gcc/m68k-unknown-elf/5.2.0/m54455\libgcc.a(_gtdf2.o)
                0x4000cb88                __gtdf2
 *fill*         0x4000cbaa        0x2 
 .text          0x4000cbac       0x22 c:/nburn/gcc-m68k/bin/../lib/gcc/m68k-unknown-elf/5.2.0/m54455\libgcc.a(_gedf2.o)
                0x4000cbac                __gedf2
 *fill*         0x4000cbce        0x2 
 .text          0x4000cbd0       0x22 c:/nburn/gcc-m68k/bin/../lib/gcc/m68k-unknown-elf/5.2.0/m54455\libgcc.a(_ltdf2.o)
                0x4000cbd0                __ltdf2
 *fill*         0x4000cbf2        0x2 
 .text          0x4000cbf4       0x22 c:/nburn/gcc-m68k/bin/../lib/gcc/m68k-unknown-elf/5.2.0/m54455\libgcc.a(_ledf2.o)
                0x4000cbf4                __ledf2
 *fill*         0x4000cc16        0x2 
 .text          0x4000cc18       0x1a c:/nburn/gcc-m68k/bin/../lib/gcc/m68k-unknown-elf/5.2.0/m54455\libgcc.a(_eqsf2.o)
                0x4000cc18                __eqsf2
 *fill*         0x4000cc32        0x2 
 .text          0x4000cc34       0x1a c:/nburn/gcc-m68k/bin/../lib/gcc/m68k-unknown-elf/5.2.0/m54455\libgcc.a(_gtsf2.o)
                0x4000cc34                __gtsf2
 *fill*         0x4000cc4e        0x2 
 .text          0x4000cc50       0x1a c:/nburn/gcc-m68k/bin/../lib/gcc/m68k-unknown-elf/5.2.0/m54455\libgcc.a(_ltsf2.o)
                0x4000cc50                __ltsf2
 *fill*         0x4000cc6a        0x2 
 .text          0x4000cc6c       0x66 c:/nburn/gcc-m68k/bin/../lib/gcc/m68k-unknown-elf/5.2.0/m54455\libgcc.a(_muldi3.o)
                0x4000cc6c                __muldi3
 *fill*         0x4000ccd2        0x2 
 .text          0x4000ccd4       0x58 c:/nburn/gcc-m68k/bin/../lib/gcc/m68k-unknown-elf/5.2.0/m54455\libgcc.a(_fixunssfsi.o)
                0x4000ccd4                __fixunssfsi
 .text          0x4000cd2c       0x76 c:/nburn/gcc-m68k/bin/../lib/gcc/m68k-unknown-elf/5.2.0/m54455\libgcc.a(_fixunsdfsi.o)
                0x4000cd2c                __fixunsdfsi
 *fill*         0x4000cda2        0x2 
 .text          0x4000cda4       0x7a c:/nburn/gcc-m68k/bin/../lib/gcc/m68k-unknown-elf/5.2.0/m54455\libgcc.a(_fixunsdfdi.o)
                0x4000cda4                __fixunsdfdi
 *fill*         0x4000ce1e        0x2 
 .text          0x4000ce20      0x3fe c:/nburn/gcc-m68k/bin/../lib/gcc/m68k-unknown-elf/5.2.0/m54455\libgcc.a(_udivdi3.o)
                0x4000ce20                __udivdi3
 *fill*         0x4000d21e        0x2 
 .text          0x4000d220      0x372 c:/nburn/gcc-m68k/bin/../lib/gcc/m68k-unknown-elf/5.2.0/m54455\libgcc.a(_umoddi3.o)
                0x4000d220                __umoddi3
 *fill*         0x4000d592        0x2 
 .text          0x4000d594      0x442 c:/nburn/gcc-m68k/bin/../lib/gcc/m68k-unknown-elf/5.2.0/m54455\libgcc.a(fpgnulib.o)
                0x4000d594                __unordsf2
                0x4000d5ec                __unorddf2
                0x4000d656                __floatunsidf
                0x4000d6ba                __floatsidf
                0x4000d766                __floatunsisf
                0x4000d780                __floatsisf
                0x4000d79a                __extendsfdf2
                0x4000d806                __truncdfsf2
                0x4000d930                __fixdfsi
                0x4000d9bc                __fixsfsi
 *fill*         0x4000d9d6        0x2 
 .text          0x4000d9d8     0x21b4 c:/nburn/gcc-m68k/bin/../lib/gcc/m68k-unknown-elf/5.2.0/m54455\libgcc.a(unwind-dw2.o)
                0x4000f5b2                _Unwind_GetGR
                0x4000f618                _Unwind_GetCFA
                0x4000f628                _Unwind_SetGR
                0x4000f692                _Unwind_GetIP
                0x4000f6a2                _Unwind_GetIPInfo
                0x4000f6c2                _Unwind_SetIP
                0x4000f6d4                _Unwind_GetLanguageSpecificData
                0x4000f6e4                _Unwind_GetRegionStart
                0x4000f6f4                _Unwind_FindEnclosingFunction
                0x4000f71e                _Unwind_GetDataRelBase
                0x4000f72e                _Unwind_GetTextRelBase
                0x4000f73e                __frame_state_for
                0x4000f80a                _Unwind_RaiseException
                0x4000f924                _Unwind_ForcedUnwind
                0x4000f9b8                _Unwind_Resume
                0x4000fa4e                _Unwind_Resume_or_Rethrow
                0x4000fae8                _Unwind_DeleteException
                0x4000fb06                _Unwind_Backtrace
 .text          0x4000fb8c     0x126e c:/nburn/gcc-m68k/bin/../lib/gcc/m68k-unknown-elf/5.2.0/m54455\libgcc.a(unwind-dw2-fde.o)
                0x400109e0                __register_frame_info_bases
                0x40010a28                __register_frame_info
                0x40010a70                __register_frame
                0x40010ac8                __register_frame_info_table_bases
                0x40010b12                __register_frame_info_table
                0x40010b58                __register_frame_table
                0x40010ba8                __deregister_frame_info_bases
                0x40010c7e                __deregister_frame_info
                0x40010c88                __deregister_frame
                0x40010cac                _Unwind_Find_FDE
 *fill*         0x40010dfa        0x2 
 .text          0x40010dfc       0x1a c:/nburn/gcc-m68k/bin/../lib/gcc/m68k-unknown-elf/5.2.0/m54455\libgcc.a(_gesf2.o)
                0x40010dfc                __gesf2
 *fill*         0x40010e16        0x2 
 .text          0x40010e18       0x18 c:/nburn/gcc-m68k/bin/../m68k-unknown-elf/sysroot/lib/m54455\libc.a(lib_a-abort.o)
                0x40010e18                abort
 .text          0x40010e30       0x18 c:/nburn/gcc-m68k/bin/../m68k-unknown-elf/sysroot/lib/m54455\libc.a(lib_a-atexit.o)
                0x40010e30                atexit
 .text          0x40010e48       0x34 c:/nburn/gcc-m68k/bin/../m68k-unknown-elf/sysroot/lib/m54455\libc.a(lib_a-atoi.o)
                0x40010e48                atoi
                0x40010e60                _atoi_r
 .text          0x40010e7c       0x5c c:/nburn/gcc-m68k/bin/../m68k-unknown-elf/sysroot/lib/m54455\libc.a(lib_a-bsearch.o)
                0x40010e7c                bsearch
 .text          0x40010ed8       0x1e c:/nburn/gcc-m68k/bin/../m68k-unknown-elf/sysroot/lib/m54455\libc.a(lib_a-cxa_atexit.o)
                0x40010ed8                __cxa_atexit
 *fill*         0x40010ef6        0x2 
 .text          0x40010ef8        0xe c:/nburn/gcc-m68k/bin/../m68k-unknown-elf/sysroot/lib/m54455\libc.a(lib_a-errno.o)
                0x40010ef8                __errno
 *fill*         0x40010f06        0x2 
 .text          0x40010f08       0x5c c:/nburn/gcc-m68k/bin/../m68k-unknown-elf/sysroot/lib/m54455\libc.a(lib_a-fputc.o)
                0x40010f08                _fputc_r
                0x40010f4a                fputc
 .text          0x40010f64       0xa4 c:/nburn/gcc-m68k/bin/../m68k-unknown-elf/sysroot/lib/m54455\libc.a(lib_a-fputs.o)
                0x40010f64                _fputs_r
                0x40010fee                fputs
 .text          0x40011008      0x366 c:/nburn/gcc-m68k/bin/../m68k-unknown-elf/sysroot/lib/m54455\libc.a(lib_a-fvwrite.o)
                0x40011008                __sfvwrite_r
 *fill*         0x4001136e        0x2 
 .text          0x40011370       0x1a c:/nburn/gcc-m68k/bin/../m68k-unknown-elf/sysroot/lib/m54455\libc.a(lib_a-isspace.o)
                0x40011370                isspace
 *fill*         0x4001138a        0x2 
 .text          0x4001138c       0x32 c:/nburn/gcc-m68k/bin/../m68k-unknown-elf/sysroot/lib/m54455\libc.a(lib_a-malloc.o)
                0x4001138c                malloc
                0x400113a4                free
 *fill*         0x400113be        0x2 
 .text          0x400113c0      0x584 c:/nburn/gcc-m68k/bin/../m68k-unknown-elf/sysroot/lib/m54455\libc.a(lib_a-mallocr.o)
                0x400113c0                _malloc_r
 .text          0x40011944       0x32 c:/nburn/gcc-m68k/bin/../m68k-unknown-elf/sysroot/lib/m54455\libc.a(lib_a-memchr.o)
                0x40011944                memchr
 *fill*         0x40011976        0x2 
 .text          0x40011978       0x32 c:/nburn/gcc-m68k/bin/../m68k-unknown-elf/sysroot/lib/m54455\libc.a(lib_a-memcmp.o)
                0x40011978                memcmp
 *fill*         0x400119aa        0x2 
 .text          0x400119ac       0x54 c:/nburn/gcc-m68k/bin/../m68k-unknown-elf/sysroot/lib/m54455\libc.a(lib_a-memmove.o)
                0x400119ac                memmove
 .text          0x40011a00       0xa0 c:/nburn/gcc-m68k/bin/../m68k-unknown-elf/sysroot/lib/m54455\libc.a(lib_a-putc.o)
                0x40011a00                _putc_r
                0x40011a86                putc
 .text          0x40011aa0       0xac c:/nburn/gcc-m68k/bin/../m68k-unknown-elf/sysroot/lib/m54455\libc.a(lib_a-puts.o)
                0x40011aa0                _puts_r
                0x40011b36                puts
 .text          0x40011b4c       0x62 c:/nburn/gcc-m68k/bin/../m68k-unknown-elf/sysroot/lib/m54455\libc.a(lib_a-rand.o)
                0x40011b4c                srand
                0x40011b64                rand
 *fill*         0x40011bae        0x2 
 .text          0x40011bb0       0x1c c:/nburn/gcc-m68k/bin/../m68k-unknown-elf/sysroot/lib/m54455\libc.a(lib_a-realloc.o)
                0x40011bb0                realloc
 .text          0x40011bcc      0x456 c:/nburn/gcc-m68k/bin/../m68k-unknown-elf/sysroot/lib/m54455\libc.a(lib_a-reallocr.o)
                0x40011bcc                _realloc_r
 *fill*         0x40012022        0x2 
 .text          0x40012024      0x146 c:/nburn/gcc-m68k/bin/../m68k-unknown-elf/sysroot/lib/m54455\libc.a(lib_a-setvbuf.o)
                0x40012024                setvbuf
 *fill*         0x4001216a        0x2 
 .text          0x4001216c      0x1ce c:/nburn/gcc-m68k/bin/../m68k-unknown-elf/sysroot/lib/m54455\libc.a(lib_a-signal.o)
                0x4001216c                _init_signal_r
                0x400121b4                _signal_r
                0x40012200                _raise_r
                0x40012274                __sigtramp_r
                0x400122e2                raise
                0x400122f8                signal
                0x40012312                _init_signal
                0x40012324                __sigtramp
 *fill*         0x4001233a        0x2 
 .text          0x4001233c       0x3e c:/nburn/gcc-m68k/bin/../m68k-unknown-elf/sysroot/lib/m54455\libc.a(lib_a-signalr.o)
                0x4001233c                _kill_r
                0x4001236e                _getpid_r
 *fill*         0x4001237a        0x2 
 .text          0x4001237c       0x18 c:/nburn/gcc-m68k/bin/../m68k-unknown-elf/sysroot/lib/m54455\libc.a(lib_a-stpcpy.o)
                0x4001237c                stpcpy
 .text          0x40012394       0x2e c:/nburn/gcc-m68k/bin/../m68k-unknown-elf/sysroot/lib/m54455\libc.a(lib_a-strcat.o)
                0x40012394                strcat
 *fill*         0x400123c2        0x2 
 .text          0x400123c4       0x2e c:/nburn/gcc-m68k/bin/../m68k-unknown-elf/sysroot/lib/m54455\libc.a(lib_a-strcmp.o)
                0x400123c4                strcmp
 *fill*         0x400123f2        0x2 
 .text          0x400123f4       0x1c c:/nburn/gcc-m68k/bin/../m68k-unknown-elf/sysroot/lib/m54455\libc.a(lib_a-strcpy.o)
                0x400123f4                strcpy
 .text          0x40012410       0x1a c:/nburn/gcc-m68k/bin/../m68k-unknown-elf/sysroot/lib/m54455\libc.a(lib_a-strlen.o)
                0x40012410                strlen
 *fill*         0x4001242a        0x2 
 .text          0x4001242c       0x4e c:/nburn/gcc-m68k/bin/../m68k-unknown-elf/sysroot/lib/m54455\libc.a(lib_a-strncmp.o)
                0x4001242c                strncmp
 *fill*         0x4001247a        0x2 
 .text          0x4001247c       0x30 c:/nburn/gcc-m68k/bin/../m68k-unknown-elf/sysroot/lib/m54455\libc.a(lib_a-strncpy.o)
                0x4001247c                strncpy
 .text          0x400124ac       0x4a c:/nburn/gcc-m68k/bin/../m68k-unknown-elf/sysroot/lib/m54455\libc.a(lib_a-strstr.o)
                0x400124ac                strstr
 *fill*         0x400124f6        0x2 
 .text          0x400124f8      0x16e c:/nburn/gcc-m68k/bin/../m68k-unknown-elf/sysroot/lib/m54455\libc.a(lib_a-strtol.o)
                0x400124f8                _strtol_r
                0x40012648                strtol
 *fill*         0x40012666        0x2 
 .text          0x40012668       0x2a c:/nburn/gcc-m68k/bin/../m68k-unknown-elf/sysroot/lib/m54455\libc.a(lib_a-tolower.o)
                0x40012668                tolower
 *fill*         0x40012692        0x2 
 .text          0x40012694       0x2a c:/nburn/gcc-m68k/bin/../m68k-unknown-elf/sysroot/lib/m54455\libc.a(lib_a-toupper.o)
                0x40012694                toupper
 *fill*         0x400126be        0x2 
 .text          0x400126c0       0xf4 c:/nburn/gcc-m68k/bin/../m68k-unknown-elf/sysroot/lib/m54455\libc.a(lib_a-wbuf.o)
                0x400126c0                __swbuf_r
                0x4001279a                __swbuf
 .text          0x400127b4      0x116 c:/nburn/gcc-m68k/bin/../m68k-unknown-elf/sysroot/lib/m54455\libc.a(lib_a-wsetup.o)
                0x400127b4                __swsetup_r
 *fill*         0x400128ca        0x2 
 .text          0x400128cc       0xa0 c:/nburn/gcc-m68k/bin/../m68k-unknown-elf/sysroot/lib/m54455\libc.a(lib_a-__atexit.o)
                0x400128cc                __register_exitproc
 .text          0x4001296c      0x204 c:/nburn/gcc-m68k/bin/../m68k-unknown-elf/sysroot/lib/m54455\libc.a(lib_a-fflush.o)
                0x4001296c                __sflush_r
                0x40012af4                _fflush_r
                0x40012b42                fflush
 .text          0x40012b70      0x28c c:/nburn/gcc-m68k/bin/../m68k-unknown-elf/sysroot/lib/m54455\libc.a(lib_a-findfp.o)
                0x40012b7a                _cleanup_r
                0x40012c16                __sfmoreglue
                0x40012c72                _cleanup
                0x40012c86                __sinit
                0x40012cf6                __sfp
                0x40012da8                __sfp_lock_acquire
                0x40012db0                __sfp_lock_release
                0x40012db8                __sinit_lock_acquire
                0x40012dc0                __sinit_lock_release
                0x40012dc8                __fp_lock_all
                0x40012de2                __fp_unlock_all
 .text          0x40012dfc      0x2ec c:/nburn/gcc-m68k/bin/../m68k-unknown-elf/sysroot/lib/m54455\libc.a(lib_a-freer.o)
                0x40012dfc                _malloc_trim_r
                0x40012ed0                _free_r
 .text          0x400130e8       0xb4 c:/nburn/gcc-m68k/bin/../m68k-unknown-elf/sysroot/lib/m54455\libc.a(lib_a-fwalk.o)
                0x400130e8                _fwalk
                0x40013140                _fwalk_reent
 .text          0x4001319c      0x152 c:/nburn/gcc-m68k/bin/../m68k-unknown-elf/sysroot/lib/m54455\libc.a(lib_a-makebuf.o)
                0x4001319c                __smakebuf_r
 *fill*         0x400132ee        0x2 
 .text          0x400132f0      0x126 c:/nburn/gcc-m68k/bin/../m68k-unknown-elf/sysroot/lib/m54455\libc.a(lib_a-stdio.o)
                0x400132f0                __sread
                0x40013334                __seofread
                0x4001333e                __swrite
                0x400133aa                __sseek
                0x400133fe                __sclose
 *fill*         0x40013416        0x2 
 .text          0x40013418       0x38 c:/nburn/gcc-m68k/bin/../m68k-unknown-elf/sysroot/lib/m54455\libc.a(lib_a-writer.o)
                0x40013418                _write_r
 .text          0x40013450       0x2e c:/nburn/gcc-m68k/bin/../m68k-unknown-elf/sysroot/lib/m54455\libc.a(lib_a-closer.o)
                0x40013450                _close_r
 *fill*         0x4001347e        0x2 
 .text          0x40013480       0xe2 c:/nburn/gcc-m68k/bin/../m68k-unknown-elf/sysroot/lib/m54455\libc.a(lib_a-fclose.o)
                0x40013480                _fclose_r
                0x4001354c                fclose
 *fill*         0x40013562        0x2 
 .text          0x40013564       0x32 c:/nburn/gcc-m68k/bin/../m68k-unknown-elf/sysroot/lib/m54455\libc.a(lib_a-fstatr.o)
                0x40013564                _fstat_r
 *fill*         0x40013596        0x2 
 .text          0x40013598       0x2e c:/nburn/gcc-m68k/bin/../m68k-unknown-elf/sysroot/lib/m54455\libc.a(lib_a-isattyr.o)
                0x40013598                _isatty_r
 *fill*         0x400135c6        0x2 
 .text          0x400135c8       0x38 c:/nburn/gcc-m68k/bin/../m68k-unknown-elf/sysroot/lib/m54455\libc.a(lib_a-lseekr.o)
                0x400135c8                _lseek_r
 .text          0x40013600       0x38 c:/nburn/gcc-m68k/bin/../m68k-unknown-elf/sysroot/lib/m54455\libc.a(lib_a-readr.o)
                0x40013600                _read_r
 .text          0x40013638       0x32 c:/nburn/gcc-m68k/bin/../lib/gcc/m68k-unknown-elf/5.2.0/m54455/crtend.o
                0x40013670                . = ALIGN (0x10)
 *fill*         0x4001366a        0x6 
 *(.text.*)
 .text._Z9LCDUpdatePv
                0x40013670      0x170 main.o
                0x40013670                _Z9LCDUpdatePv
 .text._Z5DrivePv
                0x400137e0      0x116 main.o
                0x400137e0                _Z5DrivePv
 *fill*         0x400138f6        0x2 
 .text._Z15CheckNVSettingsv
                0x400138f8      0x1bc main.o
                0x400138f8                _Z15CheckNVSettingsv
 .text._Z4initv
                0x40013ab4      0x226 main.o
                0x40013ab4                _Z4initv
 *fill*         0x40013cda        0x2 
 .text.UserMain
                0x40013cdc      0x100 main.o
                0x40013cdc                UserMain
 .text.startup._GLOBAL__sub_I_MainTaskSem
                0x40013ddc       0xb8 main.o
 .text._ZN7Utility4modeEv
                0x40013e94       0x32 Utility.o
                0x40013e94                _ZN7Utility4modeEv
 *fill*         0x40013ec6        0x2 
 .text._ZN7Utility10degreeWrapEf
                0x40013ec8       0x90 Utility.o
                0x40013ec8                _ZN7Utility10degreeWrapEf
 .text._ZN7Utility9switchValEi
                0x40013f58       0x26 Utility.o
                0x40013f58                _ZN7Utility9switchValEi
 *fill*         0x40013f7e        0x2 
 .text._ZN3NavD2Ev
                0x40013f80        0x8 Nav.o
                0x40013f80                _ZN3NavD1Ev
                0x40013f80                _ZN3NavD2Ev
 .text._ZN3NavD0Ev
                0x40013f88       0x1c Nav.o
                0x40013f88                _ZN3NavD0Ev
 .text._ZN3NavC2Ev
                0x40013fa4       0x26 Nav.o
                0x40013fa4                _ZN3NavC2Ev
                0x40013fa4                _ZN3NavC1Ev
 *fill*         0x40013fca        0x2 
 .text._ZN3Nav4getXEv
                0x40013fcc       0x10 Nav.o
                0x40013fcc                _ZN3Nav4getXEv
 .text._ZN3Nav4getYEv
                0x40013fdc       0x10 Nav.o
                0x40013fdc                _ZN3Nav4getYEv
 .text._ZN3Nav8getSteerEv
                0x40013fec       0x56 Nav.o
                0x40013fec                _ZN3Nav8getSteerEv
 *fill*         0x40014042        0x2 
 .text._ZN3Nav11getThrottleEv
                0x40014044        0xa Nav.o
                0x40014044                _ZN3Nav11getThrottleEv
 *fill*         0x4001404e        0x2 
 .text._ZN3Nav10getHeadDesEv
                0x40014050       0x10 Nav.o
                0x40014050                _ZN3Nav10getHeadDesEv
 .text._ZN13MainLogObject9GetExtentERPmS1_
                0x40014060       0x24 Logger.o
                0x40014060                _ZN13MainLogObject9GetExtentERPmS1_
 .text._ZN6Logger7logLoopEPv
                0x40014084      0x136 Logger.o
                0x40014084                _ZN6Logger7logLoopEPv
 *fill*         0x400141ba        0x2 
 .text._ZN13MainLogObject8BuildOneEv
                0x400141bc      0x204 Logger.o
                0x400141bc                _ZN13MainLogObject8BuildOneEv
 .text._ZN13MainLogObjectC2Ev
                0x400143c0      0x2be Logger.o
                0x400143c0                _ZN13MainLogObjectC2Ev
                0x400143c0                _ZN13MainLogObjectC1Ev
 *fill*         0x4001467e        0x2 
 .text._ZN6Logger8logBeginEv
                0x40014680       0x3a Logger.o
                0x40014680                _ZN6Logger8logBeginEv
 *fill*         0x400146ba        0x2 
 .text.startup._GLOBAL__sub_I_mainLog
                0x400146bc       0x1a Logger.o
 *fill*         0x400146d6        0x2 
 .text._Z11CoreRcTimeri
                0x400146d8       0xfa Drivers\servodrive.o
                0x400146d8                _Z11CoreRcTimeri
 *fill*         0x400147d2        0x2 
 .text._Z12fake_Ch0_ISRv
                0x400147d4       0x54 Drivers\servodrive.o
                0x400147d4                _Z12fake_Ch0_ISRv
                0x400147d8                Ch0_ISR
 .text.real_Ch0_ISR
                0x40014828       0x16 Drivers\servodrive.o
                0x40014828                real_Ch0_ISR
 *fill*         0x4001483e        0x2 
 .text._Z12fake_Ch1_ISRv
                0x40014840       0x54 Drivers\servodrive.o
                0x40014840                _Z12fake_Ch1_ISRv
                0x40014844                Ch1_ISR
 .text.real_Ch1_ISR
                0x40014894       0x18 Drivers\servodrive.o
                0x40014894                real_Ch1_ISR
 .text._Z14ServoDriveInitv
                0x400148ac      0x16e Drivers\servodrive.o
                0x400148ac                _Z14ServoDriveInitv
 *fill*         0x40014a1a        0x2 
 .text._Z11SetServoPosid
                0x40014a1c      0x134 Drivers\servodrive.o
                0x40014a1c                _Z11SetServoPosid
 .text._Z11SetServoRawii
                0x40014b50       0xc2 Drivers\servodrive.o
                0x40014b50                _Z11SetServoRawii
 *fill*         0x40014c12        0x2 
 .text._Z11getServoPosi
                0x40014c14       0x1c Drivers\servodrive.o
                0x40014c14                _Z11getServoPosi
 .text._Z14PinFunctionPWMi
                0x40014c30      0x11a Drivers\pwm.o
                0x40014c30                _Z14PinFunctionPWMi
 *fill*         0x40014d4a        0x2 
 .text._Z18CheckLoadOkayClearv
                0x40014d4c       0x7c Drivers\pwm.o
                0x40014d4c                _Z18CheckLoadOkayClearv
 .text._Z19RegisterDefinitionsih
                0x40014dc8       0x9a Drivers\pwm.o
                0x40014dc8                _Z19RegisterDefinitionsih
 *fill*         0x40014e62        0x2 
 .text._Z14EdgeAlignedPWMiii
                0x40014e64      0x408 Drivers\pwm.o
                0x40014e64                _Z14EdgeAlignedPWMiii
 .text._Z6PinPWMiid
                0x4001526c       0x86 Drivers\pwm.o
                0x4001526c                _Z6PinPWMiid
 *fill*         0x400152f2        0x2 
 .text._Z22BuildOrFindDescriptionPKc
                0x400152f4       0xa2 Drivers\introspec.o
                0x400152f4                _Z22BuildOrFindDescriptionPKc
 *fill*         0x40015396        0x2 
 .text._ZN15IntrospecObjectC2EPKc
                0x40015398       0x1c Drivers\introspec.o
                0x40015398                _ZN15IntrospecObjectC1EPKc
                0x40015398                _ZN15IntrospecObjectC2EPKc
 .text._Z14LogEscapedByteh
                0x400153b4       0x72 Drivers\introspec.o
                0x400153b4                _Z14LogEscapedByteh
 *fill*         0x40015426        0x2 
 .text._Z10LogRawByteh
                0x40015428       0x58 Drivers\introspec.o
                0x40015428                _Z10LogRawByteh
 .text._Z8LogRaw32m
                0x40015480      0x130 Drivers\introspec.o
                0x40015480                _Z8LogRaw32m
 .text._ZN15IntrospecObject7ElementEPvmPKcc
                0x400155b0       0x94 Drivers\introspec.o
                0x400155b0                _ZN15IntrospecObject7ElementEPvmPKcc
 .text._ZN15IntrospecObject12LogStructureEv
                0x40015644       0x98 Drivers\introspec.o
                0x40015644                _ZN15IntrospecObject12LogStructureEv
 .text._ZN15IntrospecObject3LogEb
                0x400156dc      0x136 Drivers\introspec.o
                0x400156dc                _ZN15IntrospecObject3LogEb
 *fill*         0x40015812        0x2 
 .text._Z10LogMessagePKcb
                0x40015814       0x84 Drivers\introspec.o
                0x40015814                _Z10LogMessagePKcb
 .text._Z12WriteLogToFdi
                0x40015898       0xf0 Drivers\introspec.o
                0x40015898                _Z12WriteLogToFdi
 .text._Z10GetLogSizev
                0x40015988       0x80 Drivers\introspec.o
                0x40015988                _Z10GetLogSizev
 .text._Z10InitLogFtpi
                0x40015a08       0x20 Drivers\introspec.o
                0x40015a08                _Z10InitLogFtpi
 .text._Z22FTPD_GetFileFromClientPKcS0_Pvi
                0x40015a28        0xa Drivers\introspec.o
                0x40015a28                _Z22FTPD_GetFileFromClientPKcS0_Pvi
 *fill*         0x40015a32        0x2 
 .text._Z21FTPD_AbleToCreateFilePKcS0_Pv
                0x40015a34        0xa Drivers\introspec.o
                0x40015a34                _Z21FTPD_AbleToCreateFilePKcS0_Pv
 *fill*         0x40015a3e        0x2 
 .text._Z16FTPDSessionStartPKcS0_7IPADDR4
                0x40015a40        0xa Drivers\introspec.o
                0x40015a40                _Z16FTPDSessionStartPKcS0_7IPADDR4
 *fill*         0x40015a4a        0x2 
 .text._Z14FTPDSessionEndPv
                0x40015a4c        0x8 Drivers\introspec.o
                0x40015a4c                _Z14FTPDSessionEndPv
 .text._Z23FTPD_ListSubDirectoriesPKcPvPFviS0_Ei
                0x40015a54        0xa Drivers\introspec.o
                0x40015a54                _Z23FTPD_ListSubDirectoriesPKcPvPFviS0_Ei
 *fill*         0x40015a5e        0x2 
 .text._Z20FTPD_DirectoryExistsPKcPv
                0x40015a60        0xa Drivers\introspec.o
                0x40015a60                _Z20FTPD_DirectoryExistsPKcPv
 *fill*         0x40015a6a        0x2 
 .text._Z23FTPD_CreateSubDirectoryPKcS0_Pv
                0x40015a6c        0xa Drivers\introspec.o
                0x40015a6c                _Z23FTPD_CreateSubDirectoryPKcS0_Pv
 *fill*         0x40015a76        0x2 
 .text._Z23FTPD_DeleteSubDirectoryPKcS0_Pv
                0x40015a78        0xa Drivers\introspec.o
                0x40015a78                _Z23FTPD_DeleteSubDirectoryPKcS0_Pv
 *fill*         0x40015a82        0x2 
 .text._Z15FTPD_DeleteFilePKcS0_Pv
                0x40015a84       0x60 Drivers\introspec.o
                0x40015a84                _Z15FTPD_DeleteFilePKcS0_Pv
 .text._Z11FTPD_RenamePKcS0_S0_Pv
                0x40015ae4        0xa Drivers\introspec.o
                0x40015ae4                _Z11FTPD_RenamePKcS0_S0_Pv
 *fill*         0x40015aee        0x2 
 .text._Z16FTPD_GetFileSizePKcS0_
                0x40015af0        0xa Drivers\introspec.o
                0x40015af0                _Z16FTPD_GetFileSizePKcS0_
 *fill*         0x40015afa        0x2 
 .text._Z12getdirstringPKclPc
                0x40015afc       0xac Drivers\introspec.o
                0x40015afc                _Z12getdirstringPKclPc
 .text._Z13FTPD_ListFilePKcPvPFviS0_Ei
                0x40015ba8       0x5e Drivers\introspec.o
                0x40015ba8                _Z13FTPD_ListFilePKcPvPFviS0_Ei
 *fill*         0x40015c06        0x2 
 .text._Z21FTPD_SendFileToClientPKcS0_Pvi
                0x40015c08       0x78 Drivers\introspec.o
                0x40015c08                _Z21FTPD_SendFileToClientPKcS0_Pvi
 .text._Z15FTPD_FileExistsPKcS0_Pv
                0x40015c80        0xa Drivers\introspec.o
                0x40015c80                _Z15FTPD_FileExistsPKcS0_Pv
 *fill*         0x40015c8a        0x2 
 .text._ZN7FileLogC2EPKc
                0x40015c8c       0x20 Drivers\introspec.o
                0x40015c8c                _ZN7FileLogC2EPKc
                0x40015c8c                _ZN7FileLogC1EPKc
 .text._Z15LogFileVersionsv
                0x40015cac       0x5e Drivers\introspec.o
                0x40015cac                _Z15LogFileVersionsv
 *fill*         0x40015d0a        0x2 
 .text.startup._GLOBAL__sub_I__ZN15IntrospecObject7bShowMeE
                0x40015d0c       0x44 Drivers\introspec.o
 .text._Z15RC_ProcessCharsih
                0x40015d50       0xe6 Drivers\dsm2.o
                0x40015d50                _Z15RC_ProcessCharsih
 *fill*         0x40015e36        0x2 
 .text._Z10InitDSM2Rxi
                0x40015e38       0x52 Drivers\dsm2.o
                0x40015e38                _Z10InitDSM2Rxi
 *fill*         0x40015e8a        0x2 
 .text._ZN13SpinningLidar17SpinningLidarInitEv
                0x40015e8c       0x34 Drivers\SpinningLidar.o
                0x40015e8c                _ZN13SpinningLidar17SpinningLidarInitEv
 .text._ZN13SpinningLidar11checkHealthEi
                0x40015ec0       0xe6 Drivers\SpinningLidar.o
                0x40015ec0                _ZN13SpinningLidar11checkHealthEi
 *fill*         0x40015fa6        0x2 
 .text._ZN13SpinningLidar9hardResetEi
                0x40015fa8       0x46 Drivers\SpinningLidar.o
                0x40015fa8                _ZN13SpinningLidar9hardResetEi
 *fill*         0x40015fee        0x2 
 .text._ZN13SpinningLidar9startScanEi
                0x40015ff0       0x78 Drivers\SpinningLidar.o
                0x40015ff0                _ZN13SpinningLidar9startScanEi
 .text._ZN13SpinningLidar11processCharEih
                0x40016068      0x154 Drivers\SpinningLidar.o
                0x40016068                _ZN13SpinningLidar11processCharEih
 .text._ZN13SpinningLidar9LidarTaskEPv
                0x400161bc      0x14a Drivers\SpinningLidar.o
                0x400161bc                _ZN13SpinningLidar9LidarTaskEPv
 *fill*         0x40016306        0x2 
 .text._ZN8OdometerD2Ev
                0x40016308        0x8 Drivers\Odometer.o
                0x40016308                _ZN8OdometerD2Ev
                0x40016308                _ZN8OdometerD1Ev
 .text._ZN8OdometerD0Ev
                0x40016310       0x1c Drivers\Odometer.o
                0x40016310                _ZN8OdometerD0Ev
 .text._ZN8Odometer6OdoIrqEv
                0x4001632c       0x46 Drivers\Odometer.o
                0x4001632c                _ZN8Odometer6OdoIrqEv
 *fill*         0x40016372        0x2 
 .text._ZN8OdometerC2Ev
                0x40016374       0x12 Drivers\Odometer.o
                0x40016374                _ZN8OdometerC1Ev
                0x40016374                _ZN8OdometerC2Ev
 *fill*         0x40016386        0x2 
 .text._ZN8OdometerC2Ei
                0x40016388       0x52 Drivers\Odometer.o
                0x40016388                _ZN8OdometerC1Ei
                0x40016388                _ZN8OdometerC2Ei
 *fill*         0x400163da        0x2 
 .text._ZN8Odometer8getCountEv
                0x400163dc        0xe Drivers\Odometer.o
                0x400163dc                _ZN8Odometer8getCountEv
 .text._ZN5Madge24MadgwickQuaternionUpdateEfffffffff
                0x400163ea      0xcfc Drivers\MadgwickFilter.o
                0x400163ea                _ZN5Madge24MadgwickQuaternionUpdateEfffffffff
 *fill*         0x400170e6        0x2 
 .text._ZN7MPU9250C2Eh
                0x400170e8       0x66 Drivers\MPU9250.o
                0x400170e8                _ZN7MPU9250C1Eh
                0x400170e8                _ZN7MPU9250C2Eh
 *fill*         0x4001714e        0x2 
 .text._ZN7MPU92507getMresEh
                0x40017150       0x4e Drivers\MPU9250.o
                0x40017150                _ZN7MPU92507getMresEh
 *fill*         0x4001719e        0x2 
 .text._ZN7MPU92507getGresEh
                0x400171a0       0x7e Drivers\MPU9250.o
                0x400171a0                _ZN7MPU92507getGresEh
 *fill*         0x4001721e        0x2 
 .text._ZN7MPU92507getAresEh
                0x40017220       0x7e Drivers\MPU9250.o
                0x40017220                _ZN7MPU92507getAresEh
 *fill*         0x4001729e        0x2 
 .text._ZN7MPU925018I2CWriteReadBufferEhhPhi
                0x400172a0       0xb0 Drivers\MPU9250.o
                0x400172a0                _ZN7MPU925018I2CWriteReadBufferEhhPhi
 .text._ZN7MPU925011initMPU9250Ehh
                0x40017350      0x1f8 Drivers\MPU9250.o
                0x40017350                _ZN7MPU925011initMPU9250Ehh
 .text._ZN7MPU925015readMPU9250DataEPs
                0x40017548       0xfa Drivers\MPU9250.o
                0x40017548                _ZN7MPU925015readMPU9250DataEPs
 *fill*         0x40017642        0x2 
 .text._ZN7MPU925011readMagDataEPs
                0x40017644       0x72 Drivers\MPU9250.o
                0x40017644                _ZN7MPU925011readMagDataEPs
 *fill*         0x400176b6        0x2 
 .text._ZN7MPU925013magcalMPU9250EPfS0_
                0x400176b8      0x332 Drivers\MPU9250.o
                0x400176b8                _ZN7MPU925013magcalMPU9250EPfS0_
 *fill*         0x400179ea        0x2 
 .text._ZN7MPU925010initAK8963EhhPf
                0x400179ec      0x1ea Drivers\MPU9250.o
                0x400179ec                _ZN7MPU925010initAK8963EhhPf
 *fill*         0x40017bd6        0x2 
 .text._ZN7MPU925016calibrateMPU9250EPfS0_
                0x40017bd8      0x81e Drivers\MPU9250.o
                0x40017bd8                _ZN7MPU925016calibrateMPU9250EPfS0_
 *fill*         0x400183f6        0x2 
 .text._ZN7MPU92508SelfTestEPf
                0x400183f8      0x8cc Drivers\MPU9250.o
                0x400183f8                _ZN7MPU92508SelfTestEPf
 .text._ZN7MPU92508readByteEhh
                0x40018cc4       0x2e Drivers\MPU9250.o
                0x40018cc4                _ZN7MPU92508readByteEhh
 *fill*         0x40018cf2        0x2 
 .text._ZN7MPU9250C2Ev
                0x40018cf4        0x8 Drivers\MPU9250.o
                0x40018cf4                _ZN7MPU9250C2Ev
                0x40018cf4                _ZN7MPU9250C1Ev
 .text._Z20fake_LIDAR_ISR_RIGHTv
                0x40018cfc       0x54 Drivers\LidarPWM.o
                0x40018cfc                _Z20fake_LIDAR_ISR_RIGHTv
                0x40018d00                LIDAR_ISR_RIGHT
 .text.real_LIDAR_ISR_RIGHT
                0x40018d50       0x90 Drivers\LidarPWM.o
                0x40018d50                real_LIDAR_ISR_RIGHT
 .text._Z12LidarPWMInitv
                0x40018de0       0x7c Drivers\LidarPWM.o
                0x40018de0                _Z12LidarPWMInitv
 .text._ZN3LCDD2Ev
                0x40018e5c        0x8 Drivers\LCD.o
                0x40018e5c                _ZN3LCDD2Ev
                0x40018e5c                _ZN3LCDD1Ev
 .text._ZN3LCDD0Ev
                0x40018e64       0x1c Drivers\LCD.o
                0x40018e64                _ZN3LCDD0Ev
 .text._ZN3LCDC2Ev
                0x40018e80       0x16 Drivers\LCD.o
                0x40018e80                _ZN3LCDC1Ev
                0x40018e80                _ZN3LCDC2Ev
 *fill*         0x40018e96        0x2 
 .text._ZN3LCDC2Eii
                0x40018e98       0x3c Drivers\LCD.o
                0x40018e98                _ZN3LCDC1Eii
                0x40018e98                _ZN3LCDC2Eii
 .text._ZN3LCD5clearEv
                0x40018ed4       0x7c Drivers\LCD.o
                0x40018ed4                _ZN3LCD5clearEv
 .text._ZN3LCD5printEPKc
                0x40018f50       0x1a Drivers\LCD.o
                0x40018f50                _ZN3LCD5printEPKc
 *fill*         0x40018f6a        0x2 
 .text._ZN3LCD5printEPKci
                0x40018f6c       0x1a Drivers\LCD.o
                0x40018f6c                _ZN3LCD5printEPKci
 *fill*         0x40018f86        0x2 
 .text._Z4Pirqv
                0x40018f88       0x28 Drivers\IMUSetupAndSample.o
                0x40018f88                _Z4Pirqv
 .text._Z13IMUSampleLoopPv
                0x40018fb0      0xa6c Drivers\IMUSetupAndSample.o
                0x40018fb0                _Z13IMUSampleLoopPv
 .text._Z15CalibAccAndGyrov
                0x40019a1c      0x216 Drivers\IMUSetupAndSample.o
                0x40019a1c                _Z15CalibAccAndGyrov
 *fill*         0x40019c32        0x2 
 .text._Z9unclodI2Cv
                0x40019c34       0xf0 Drivers\IMUSetupAndSample.o
                0x40019c34                _Z9unclodI2Cv
 .text._Z11whoAmICheckv
                0x40019d24       0x80 Drivers\IMUSetupAndSample.o
                0x40019d24                _Z11whoAmICheckv
 .text._Z8IMUSetupv
                0x40019da4      0x354 Drivers\IMUSetupAndSample.o
                0x40019da4                _Z8IMUSetupv
 .text._Z6IMURunv
                0x4001a0f8       0x6a Drivers\IMUSetupAndSample.o
                0x4001a0f8                _Z6IMURunv
 *fill*         0x4001a162        0x2 
 .text._Z10getHeadingv
                0x4001a164        0xe Drivers\IMUSetupAndSample.o
                0x4001a164                _Z10getHeadingv
 *fill*         0x4001a172        0x2 
 .text._Z13getQuaternionv
                0x4001a174        0xe Drivers\IMUSetupAndSample.o
                0x4001a174                _Z13getQuaternionv
 *fill*         0x4001a182        0x2 
 .text.startup._GLOBAL__sub_I_Gscale
                0x4001a184       0x9e Drivers\IMUSetupAndSample.o
 *fill*         0x4001a222        0x2 
 .text._Z14DoHtmlFunctioniPKct
                0x4001a224        0xa htmldata.o
                0x4001a224                _Z14DoHtmlFunctioniPKct
 *fill*         0x4001a22e        0x2 
 .text._Z14DoHtmlVariableit
                0x4001a230        0xa htmldata.o
                0x4001a230                _Z14DoHtmlVariableit
 *fill*         0x4001a23a        0x2 
 .text.__tcf_0  0x4001a23c       0x38 C:\Nburn/lib/NANO54415.a(serial.o)
 .text._Z11BaseGetChari
                0x4001a274       0xac C:\Nburn/lib/NANO54415.a(serial.o)
                0x4001a274                _Z11BaseGetChari
 .text._Z14InitializeMapsv.part.1
                0x4001a320       0x76 C:\Nburn/lib/NANO54415.a(serial.o)
 *fill*         0x4001a396        0x2 
 .text._Z6WakeTxi
                0x4001a398       0x8c C:\Nburn/lib/NANO54415.a(serial.o)
                0x4001a398                _Z6WakeTxi
 .text._Z11BasePutCharih
                0x4001a424       0xf0 C:\Nburn/lib/NANO54415.a(serial.o)
                0x4001a424                _Z11BasePutCharih
 .text._Z8serwriteiPKci
                0x4001a514      0x156 C:\Nburn/lib/NANO54415.a(serial.o)
                0x4001a514                _Z8serwriteiPKci
 *fill*         0x4001a66a        0x2 
 .text._Z8DoSerIsri
                0x4001a66c      0x302 C:\Nburn/lib/NANO54415.a(serial.o)
                0x4001a66c                _Z8DoSerIsri
 *fill*         0x4001a96e        0x2 
 .text._Z14fake_SER_0_ISRv
                0x4001a970       0x54 C:\Nburn/lib/NANO54415.a(serial.o)
                0x4001a970                _Z14fake_SER_0_ISRv
                0x4001a974                SER_0_ISR
 .text.real_SER_0_ISR
                0x4001a9c4       0x12 C:\Nburn/lib/NANO54415.a(serial.o)
                0x4001a9c4                real_SER_0_ISR
 *fill*         0x4001a9d6        0x2 
 .text._Z14fake_SER_1_ISRv
                0x4001a9d8       0x54 C:\Nburn/lib/NANO54415.a(serial.o)
                0x4001a9d8                _Z14fake_SER_1_ISRv
                0x4001a9dc                SER_1_ISR
 .text.real_SER_1_ISR
                0x4001aa2c       0x14 C:\Nburn/lib/NANO54415.a(serial.o)
                0x4001aa2c                real_SER_1_ISR
 .text._Z14fake_SER_2_ISRv
                0x4001aa40       0x54 C:\Nburn/lib/NANO54415.a(serial.o)
                0x4001aa40                _Z14fake_SER_2_ISRv
                0x4001aa44                SER_2_ISR
 .text.real_SER_2_ISR
                0x4001aa94       0x14 C:\Nburn/lib/NANO54415.a(serial.o)
                0x4001aa94                real_SER_2_ISR
 .text._Z14fake_SER_3_ISRv
                0x4001aaa8       0x54 C:\Nburn/lib/NANO54415.a(serial.o)
                0x4001aaa8                _Z14fake_SER_3_ISRv
                0x4001aaac                SER_3_ISR
 .text.real_SER_3_ISR
                0x4001aafc       0x14 C:\Nburn/lib/NANO54415.a(serial.o)
                0x4001aafc                real_SER_3_ISR
 .text._Z14fake_SER_4_ISRv
                0x4001ab10       0x54 C:\Nburn/lib/NANO54415.a(serial.o)
                0x4001ab10                _Z14fake_SER_4_ISRv
                0x4001ab14                SER_4_ISR
 .text.real_SER_4_ISR
                0x4001ab64       0x14 C:\Nburn/lib/NANO54415.a(serial.o)
                0x4001ab64                real_SER_4_ISR
 .text._Z14fake_SER_5_ISRv
                0x4001ab78       0x54 C:\Nburn/lib/NANO54415.a(serial.o)
                0x4001ab78                _Z14fake_SER_5_ISRv
                0x4001ab7c                SER_5_ISR
 .text.real_SER_5_ISR
                0x4001abcc       0x14 C:\Nburn/lib/NANO54415.a(serial.o)
                0x4001abcc                real_SER_5_ISR
 .text._Z14fake_SER_6_ISRv
                0x4001abe0       0x54 C:\Nburn/lib/NANO54415.a(serial.o)
                0x4001abe0                _Z14fake_SER_6_ISRv
                0x4001abe4                SER_6_ISR
 .text.real_SER_6_ISR
                0x4001ac34       0x14 C:\Nburn/lib/NANO54415.a(serial.o)
                0x4001ac34                real_SER_6_ISR
 .text._Z14fake_SER_7_ISRv
                0x4001ac48       0x54 C:\Nburn/lib/NANO54415.a(serial.o)
                0x4001ac48                _Z14fake_SER_7_ISRv
                0x4001ac4c                SER_7_ISR
 .text.real_SER_7_ISR
                0x4001ac9c       0x14 C:\Nburn/lib/NANO54415.a(serial.o)
                0x4001ac9c                real_SER_7_ISR
 .text._Z14fake_SER_8_ISRv
                0x4001acb0       0x54 C:\Nburn/lib/NANO54415.a(serial.o)
                0x4001acb0                _Z14fake_SER_8_ISRv
                0x4001acb4                SER_8_ISR
 .text.real_SER_8_ISR
                0x4001ad04       0x14 C:\Nburn/lib/NANO54415.a(serial.o)
                0x4001ad04                real_SER_8_ISR
 .text._Z14fake_SER_9_ISRv
                0x4001ad18       0x54 C:\Nburn/lib/NANO54415.a(serial.o)
                0x4001ad18                _Z14fake_SER_9_ISRv
                0x4001ad1c                SER_9_ISR
 .text.real_SER_9_ISR
                0x4001ad6c       0x14 C:\Nburn/lib/NANO54415.a(serial.o)
                0x4001ad6c                real_SER_9_ISR
 .text._Z10serreadwtoiPcii
                0x4001ad80      0x21a C:\Nburn/lib/NANO54415.a(serial.o)
                0x4001ad80                _Z10serreadwtoiPcii
 *fill*         0x4001af9a        0x2 
 .text._Z7serreadiPci
                0x4001af9c       0x1c C:\Nburn/lib/NANO54415.a(serial.o)
                0x4001af9c                _Z7serreadiPci
 .text._Z10OpenSerialijii11parity_mode
                0x4001afb8      0x6f0 C:\Nburn/lib/NANO54415.a(serial.o)
                0x4001afb8                _Z10OpenSerialijii11parity_mode
 .text._Z11SerialClosei
                0x4001b6a8       0xda C:\Nburn/lib/NANO54415.a(serial.o)
                0x4001b6a8                _Z11SerialClosei
 *fill*         0x4001b782        0x2 
 .text._Z16serexternalclosei
                0x4001b784       0x34 C:\Nburn/lib/NANO54415.a(serial.o)
                0x4001b784                _Z16serexternalclosei
 .text.startup._GLOBAL__sub_I_Uarts
                0x4001b7b8       0x5e C:\Nburn/lib/NANO54415.a(serial.o)
 *fill*         0x4001b816        0x2 
 .text._ZN5PinIO3setEh
                0x4001b818      0xa84 C:\Nburn/lib/NANO54415.a(pins.o)
                0x4001b818                _ZN5PinIO3setEh
 .text._ZN5PinIO4readEv
                0x4001c29c      0x5d8 C:\Nburn/lib/NANO54415.a(pins.o)
                0x4001c29c                _ZN5PinIO4readEv
 .text._ZN5PinIO8functionEi
                0x4001c874      0x524 C:\Nburn/lib/NANO54415.a(pins.o)
                0x4001c874                _ZN5PinIO8functionEi
 .text._Z15InitSingleEndADv
                0x4001cd98       0xec C:\Nburn/lib/NANO54415.a(SimpleAD.o)
                0x4001cd98                _Z15InitSingleEndADv
 .text._Z7StartADv
                0x4001ce84       0x26 C:\Nburn/lib/NANO54415.a(SimpleAD.o)
                0x4001ce84                _Z7StartADv
 *fill*         0x4001ceaa        0x2 
 .text._Z6ADDonev
                0x4001ceac       0x20 C:\Nburn/lib/NANO54415.a(SimpleAD.o)
                0x4001ceac                _Z6ADDonev
 .text._Z11GetADResulti
                0x4001cecc       0x1c C:\Nburn/lib/NANO54415.a(SimpleAD.o)
                0x4001cecc                _Z11GetADResulti
 .text._Z15GetSpiFlashCritv
                0x4001cee8       0x46 C:\Nburn/lib/NANO54415.a(FlashOps.o)
                0x4001cee8                _Z15GetSpiFlashCritv
 *fill*         0x4001cf2e        0x2 
 .text._Z10FlashErasePvi
                0x4001cf30       0xac C:\Nburn/lib/NANO54415.a(FlashOps.o)
                0x4001cf30                _Z10FlashErasePvi
 .text._Z12FlashProgramPvS_i
                0x4001cfdc      0x160 C:\Nburn/lib/NANO54415.a(FlashOps.o)
                0x4001cfdc                _Z12FlashProgramPvS_i
 .text.CopySPIFlashImageOnBoot
                0x4001d13c       0x66 C:\Nburn/lib/NANO54415.a(FlashOps.o)
                0x4001d13c                CopySPIFlashImageOnBoot
 *fill*         0x4001d1a2        0x2 
 .text.startup._GLOBAL__sub_I_SPI_Main
                0x4001d1a4       0x4a C:\Nburn/lib/NANO54415.a(FlashOps.o)
 *fill*         0x4001d1ee        0x2 
 .text.__tcf_0  0x4001d1f0        0x8 C:\Nburn/lib/NANO54415.a(HiResTimer.o)
 .text._Z21fake_Timer0_Interruptv
                0x4001d1f8       0x54 C:\Nburn/lib/NANO54415.a(HiResTimer.o)
                0x4001d1f8                _Z21fake_Timer0_Interruptv
                0x4001d1fc                Timer0_Interrupt
 .text.real_Timer0_Interrupt
                0x4001d24c       0x6c C:\Nburn/lib/NANO54415.a(HiResTimer.o)
                0x4001d24c                real_Timer0_Interrupt
 .text._Z21fake_Timer1_Interruptv
                0x4001d2b8       0x54 C:\Nburn/lib/NANO54415.a(HiResTimer.o)
                0x4001d2b8                _Z21fake_Timer1_Interruptv
                0x4001d2bc                Timer1_Interrupt
 .text.real_Timer1_Interrupt
                0x4001d30c       0x6c C:\Nburn/lib/NANO54415.a(HiResTimer.o)
                0x4001d30c                real_Timer1_Interrupt
 .text._Z21fake_Timer2_Interruptv
                0x4001d378       0x54 C:\Nburn/lib/NANO54415.a(HiResTimer.o)
                0x4001d378                _Z21fake_Timer2_Interruptv
                0x4001d37c                Timer2_Interrupt
 .text.real_Timer2_Interrupt
                0x4001d3cc       0x6c C:\Nburn/lib/NANO54415.a(HiResTimer.o)
                0x4001d3cc                real_Timer2_Interrupt
 .text._Z21fake_Timer3_Interruptv
                0x4001d438       0x54 C:\Nburn/lib/NANO54415.a(HiResTimer.o)
                0x4001d438                _Z21fake_Timer3_Interruptv
                0x4001d43c                Timer3_Interrupt
 .text.real_Timer3_Interrupt
                0x4001d48c       0x6c C:\Nburn/lib/NANO54415.a(HiResTimer.o)
                0x4001d48c                real_Timer3_Interrupt
 .text._ZN10HiResTimer10init_ticksEmi
                0x4001d4f8       0xf2 C:\Nburn/lib/NANO54415.a(HiResTimer.o)
                0x4001d4f8                _ZN10HiResTimer10init_ticksEmi
 *fill*         0x4001d5ea        0x2 
 .text._ZN10HiResTimer4initEd
                0x4001d5ec      0x122 C:\Nburn/lib/NANO54415.a(HiResTimer.o)
                0x4001d5ec                _ZN10HiResTimer4initEd
 *fill*         0x4001d70e        0x2 
 .text._ZN10HiResTimer8readTimeEv
                0x4001d710       0xfe C:\Nburn/lib/NANO54415.a(HiResTimer.o)
                0x4001d710                _ZN10HiResTimer8readTimeEv
 *fill*         0x4001d80e        0x2 
 .text._ZN10HiResTimer5delayEd
                0x4001d810       0x70 C:\Nburn/lib/NANO54415.a(HiResTimer.o)
                0x4001d810                _ZN10HiResTimer5delayEd
 .text._ZN10HiResTimerC2Ei
                0x4001d880       0x5e C:\Nburn/lib/NANO54415.a(HiResTimer.o)
                0x4001d880                _ZN10HiResTimerC2Ei
                0x4001d880                _ZN10HiResTimerC1Ei
 *fill*         0x4001d8de        0x2 
 .text._ZN10HiResTimer13getHiResTimerEi
                0x4001d8e0       0xf8 C:\Nburn/lib/NANO54415.a(HiResTimer.o)
                0x4001d8e0                _ZN10HiResTimer13getHiResTimerEi
 .text.startup._GLOBAL__sub_I__ZN10HiResTimer6timersE
                0x4001d9d8       0x58 C:\Nburn/lib/NANO54415.a(HiResTimer.o)
 .text._Z18fake_firq2_pin_isrv
                0x4001da30       0x54 C:\Nburn/lib/NANO54415.a(pin_irq.o)
                0x4001da30                _Z18fake_firq2_pin_isrv
                0x4001da34                firq2_pin_isr
 .text.real_firq2_pin_isr
                0x4001da84       0x28 C:\Nburn/lib/NANO54415.a(pin_irq.o)
                0x4001da84                real_firq2_pin_isr
 .text._Z18fake_firq3_pin_isrv
                0x4001daac       0x54 C:\Nburn/lib/NANO54415.a(pin_irq.o)
                0x4001daac                _Z18fake_firq3_pin_isrv
                0x4001dab0                firq3_pin_isr
 .text.real_firq3_pin_isr
                0x4001db00       0x28 C:\Nburn/lib/NANO54415.a(pin_irq.o)
                0x4001db00                real_firq3_pin_isr
 .text._Z9SetPinIrqiiPFvvE
                0x4001db28      0x266 C:\Nburn/lib/NANO54415.a(pin_irq.o)
                0x4001db28                _Z9SetPinIrqiiPFvvE
 *fill*         0x4001dd8e        0x2 
 .text._Z5xTickv
                0x4001dd90       0x1c C:\Nburn/lib/NANO54415.a(bsp.o)
                0x4001dd90                _Z5xTickv
                0x4001dd94                Tick5441X
 .text._Z7SetIntcilii
                0x4001ddac       0xc0 C:\Nburn/lib/NANO54415.a(bsp.o)
                0x4001ddac                _Z7SetIntcilii
 .text._Z11ForceRebootb
                0x4001de6c       0x26 C:\Nburn/lib/NANO54415.a(bsp.o)
                0x4001de6c                _Z11ForceRebootb
 *fill*         0x4001de92        0x2 
 .text._Z12DisableCachev
                0x4001de94       0x56 C:\Nburn/lib/NANO54415.a(bsp.o)
                0x4001de94                _Z12DisableCachev
 *fill*         0x4001deea        0x2 
 .text._Z11EnableCachev
                0x4001deec       0x42 C:\Nburn/lib/NANO54415.a(bsp.o)
                0x4001deec                _Z11EnableCachev
 *fill*         0x4001df2e        0x2 
 .text._Z13HardwareSetupl
                0x4001df30      0x1e0 C:\Nburn/lib/NANO54415.a(bsp.o)
                0x4001df30                _Z13HardwareSetupl
 .text._sbrk_r  0x4001e110       0x48 C:\Nburn/lib/NANO54415.a(bsp.o)
                0x4001e110                _sbrk_r
 .text._Z18BspGetTickFractionv
                0x4001e158       0x18 C:\Nburn/lib/NANO54415.a(bsp.o)
                0x4001e158                _Z18BspGetTickFractionv
 .text._Z13GetUartRecordi
                0x4001e170       0x3a C:\Nburn/lib/NANO54415.a(localio.o)
                0x4001e170                _Z13GetUartRecordi
 *fill*         0x4001e1aa        0x2 
 .text._Z11LocalInBytev
                0x4001e1ac       0x5e C:\Nburn/lib/NANO54415.a(localio.o)
                0x4001e1ac                _Z11LocalInBytev
 *fill*         0x4001e20a        0x2 
 .text._Z12LocalOutBytec
                0x4001e20c       0x66 C:\Nburn/lib/NANO54415.a(localio.o)
                0x4001e20c                _Z12LocalOutBytec
 *fill*         0x4001e272        0x2 
 .text._Z14LocalCharAvailv
                0x4001e274       0x58 C:\Nburn/lib/NANO54415.a(localio.o)
                0x4001e274                _Z14LocalCharAvailv
 .text._Z18SaveUserParametersPvi
                0x4001e2cc       0x78 C:\Nburn/lib/NANO54415.a(userparam.o)
                0x4001e2cc                _Z18SaveUserParametersPvi
 .text._Z17GetUserParametersv
                0x4001e344        0xe C:\Nburn/lib/NANO54415.a(userparam.o)
                0x4001e344                _Z17GetUserParametersv
 *fill*         0x4001e352        0x2 
 .text.MultiChannel_I2CInit
                0x4001e354      0x1e6 C:\Nburn/lib/NANO54415.a(multichanneli2c.o)
                0x4001e354                MultiChannel_I2CInit
 *fill*         0x4001e53a        0x2 
 .text.MultiChannel_I2CRestart
                0x4001e53c       0x42 C:\Nburn/lib/NANO54415.a(multichanneli2c.o)
                0x4001e53c                MultiChannel_I2CRestart
 *fill*         0x4001e57e        0x2 
 .text.MultiChannel_I2CSendBuf
                0x4001e580      0x1ac C:\Nburn/lib/NANO54415.a(multichanneli2c.o)
                0x4001e580                MultiChannel_I2CSendBuf
 .text.MultiChannel_I2CReadBuf
                0x4001e72c      0x25e C:\Nburn/lib/NANO54415.a(multichanneli2c.o)
                0x4001e72c                MultiChannel_I2CReadBuf
 *fill*         0x4001e98a        0x2 
 .text.I2CMultiChannelResetPeripheral
                0x4001e98c       0x24 C:\Nburn/lib/NANO54415.a(multichanneli2c.o)
                0x4001e98c                I2CMultiChannelResetPeripheral
 .text.startup._GLOBAL__sub_I_I2C_SlaveTX_Callback
                0x4001e9b0       0x26 C:\Nburn/lib/NANO54415.a(multichanneli2c.o)
 *fill*         0x4001e9d6        0x2 
 .text._Z14SetDefPinUsagev
                0x4001e9d8      0x1aa C:\Nburn/lib/NANO54415.a(defpins.o)
                0x4001e9d8                _Z14SetDefPinUsagev
 *fill*         0x4001eb82        0x2 
 .text._ZN8SPIFlashC2Ei
                0x4001eb84       0x66 C:\Nburn/lib/NANO54415.a(SPIFlash.o)
                0x4001eb84                _ZN8SPIFlashC1Ei
                0x4001eb84                _ZN8SPIFlashC2Ei
 *fill*         0x4001ebea        0x2 
 .text._ZN8SPIFlashD2Ev
                0x4001ebec        0x8 C:\Nburn/lib/NANO54415.a(SPIFlash.o)
                0x4001ebec                _ZN8SPIFlashD1Ev
                0x4001ebec                _ZN8SPIFlashD2Ev
 .text._ZN8SPIFlash9SpiAscCmdEPKc
                0x4001ebf4      0x1ce C:\Nburn/lib/NANO54415.a(SPIFlash.o)
                0x4001ebf4                _ZN8SPIFlash9SpiAscCmdEPKc
 *fill*         0x4001edc2        0x2 
 .text._ZN8SPIFlash9WriteDataEPhii
                0x4001edc4      0x490 C:\Nburn/lib/NANO54415.a(SPIFlash.o)
                0x4001edc4                _ZN8SPIFlash9WriteDataEPhii
 .text._ZN8SPIFlash11EraseSectorEi
                0x4001f254      0x2d6 C:\Nburn/lib/NANO54415.a(SPIFlash.o)
                0x4001f254                _ZN8SPIFlash11EraseSectorEi
 *fill*         0x4001f52a        0x2 
 .text._ZN8SPIFlash15WriteDataWEraseEPhii
                0x4001f52c       0x7a C:\Nburn/lib/NANO54415.a(SPIFlash.o)
                0x4001f52c                _ZN8SPIFlash15WriteDataWEraseEPhii
 *fill*         0x4001f5a6        0x2 
 .text._ZN8SPIFlash10EraseRangeEii
                0x4001f5a8       0x64 C:\Nburn/lib/NANO54415.a(SPIFlash.o)
                0x4001f5a8                _ZN8SPIFlash10EraseRangeEii
 .text._ZN8SPIFlash7ResetMeEv
                0x4001f60c      0x164 C:\Nburn/lib/NANO54415.a(SPIFlash.o)
                0x4001f60c                _ZN8SPIFlash7ResetMeEv
 .text._ZN8SPIFlash8ReadDataEPhii
                0x4001f770      0x34e C:\Nburn/lib/NANO54415.a(SPIFlash.o)
                0x4001f770                _ZN8SPIFlash8ReadDataEPhii
 *fill*         0x4001fabe        0x2 
 .text._Z34fake_i2c0_multichannel_int_routinev
                0x4001fac0       0x54 C:\Nburn/lib/NANO54415.a(i2c_class.o)
                0x4001fac0                _Z34fake_i2c0_multichannel_int_routinev
                0x4001fac4                i2c0_multichannel_int_routine
 .text._Z34fake_i2c1_multichannel_int_routinev
                0x4001fb14       0x54 C:\Nburn/lib/NANO54415.a(i2c_class.o)
                0x4001fb14                _Z34fake_i2c1_multichannel_int_routinev
                0x4001fb18                i2c1_multichannel_int_routine
 .text._Z34fake_i2c2_multichannel_int_routinev
                0x4001fb68       0x54 C:\Nburn/lib/NANO54415.a(i2c_class.o)
                0x4001fb68                _Z34fake_i2c2_multichannel_int_routinev
                0x4001fb6c                i2c2_multichannel_int_routine
 .text._Z34fake_i2c3_multichannel_int_routinev
                0x4001fbbc       0x54 C:\Nburn/lib/NANO54415.a(i2c_class.o)
                0x4001fbbc                _Z34fake_i2c3_multichannel_int_routinev
                0x4001fbc0                i2c3_multichannel_int_routine
 .text._Z34fake_i2c4_multichannel_int_routinev
                0x4001fc10       0x54 C:\Nburn/lib/NANO54415.a(i2c_class.o)
                0x4001fc10                _Z34fake_i2c4_multichannel_int_routinev
                0x4001fc14                i2c4_multichannel_int_routine
 .text._Z34fake_i2c5_multichannel_int_routinev
                0x4001fc64       0x54 C:\Nburn/lib/NANO54415.a(i2c_class.o)
                0x4001fc64                _Z34fake_i2c5_multichannel_int_routinev
                0x4001fc68                i2c5_multichannel_int_routine
 .text._ZN10i2c_masterC2Ev
                0x4001fcb8       0x48 C:\Nburn/lib/NANO54415.a(i2c_class.o)
                0x4001fcb8                _ZN10i2c_masterC2Ev
                0x4001fcb8                _ZN10i2c_masterC1Ev
 .text._ZN10i2c_master4initEhh
                0x4001fd00      0x1b0 C:\Nburn/lib/NANO54415.a(i2c_class.o)
                0x4001fd00                _ZN10i2c_master4initEhh
 .text._ZN10i2c_master5resetEv
                0x4001feb0       0x8e C:\Nburn/lib/NANO54415.a(i2c_class.o)
                0x4001feb0                _ZN10i2c_master5resetEv
 *fill*         0x4001ff3e        0x2 
 .text._ZN10i2c_master4stopEm
                0x4001ff40       0x76 C:\Nburn/lib/NANO54415.a(i2c_class.o)
                0x4001ff40                _ZN10i2c_master4stopEm
 *fill*         0x4001ffb6        0x2 
 .text._ZN10i2c_master6write8Ehm
                0x4001ffb8       0x96 C:\Nburn/lib/NANO54415.a(i2c_class.o)
                0x4001ffb8                _ZN10i2c_master6write8Ehm
 *fill*         0x4002004e        0x2 
 .text._ZN10i2c_master5startEhbm
                0x40020050       0xe4 C:\Nburn/lib/NANO54415.a(i2c_class.o)
                0x40020050                _ZN10i2c_master5startEhbm
 .text._ZN10i2c_master7restartEhbm
                0x40020134       0xaa C:\Nburn/lib/NANO54415.a(i2c_class.o)
                0x40020134                _ZN10i2c_master7restartEhbm
 *fill*         0x400201de        0x2 
 .text._ZN10i2c_master5read8EPhm
                0x400201e0       0x86 C:\Nburn/lib/NANO54415.a(i2c_class.o)
                0x400201e0                _ZN10i2c_master5read8EPhm
 *fill*         0x40020266        0x2 
 .text._ZN10i2c_master16SlaveRX_CallbackEh
                0x40020268       0x78 C:\Nburn/lib/NANO54415.a(i2c_class.o)
                0x40020268                _ZN10i2c_master16SlaveRX_CallbackEh
 .text._ZN10i2c_master3isrEv
                0x400202e0      0x35e C:\Nburn/lib/NANO54415.a(i2c_class.o)
                0x400202e0                _ZN10i2c_master3isrEv
 *fill*         0x4002063e        0x2 
 .text.real_i2c0_multichannel_int_routine
                0x40020640       0x16 C:\Nburn/lib/NANO54415.a(i2c_class.o)
                0x40020640                real_i2c0_multichannel_int_routine
 *fill*         0x40020656        0x2 
 .text.real_i2c1_multichannel_int_routine
                0x40020658       0x16 C:\Nburn/lib/NANO54415.a(i2c_class.o)
                0x40020658                real_i2c1_multichannel_int_routine
 *fill*         0x4002066e        0x2 
 .text.real_i2c2_multichannel_int_routine
                0x40020670       0x16 C:\Nburn/lib/NANO54415.a(i2c_class.o)
                0x40020670                real_i2c2_multichannel_int_routine
 *fill*         0x40020686        0x2 
 .text.real_i2c3_multichannel_int_routine
                0x40020688       0x16 C:\Nburn/lib/NANO54415.a(i2c_class.o)
                0x40020688                real_i2c3_multichannel_int_routine
 *fill*         0x4002069e        0x2 
 .text.real_i2c4_multichannel_int_routine
                0x400206a0       0x16 C:\Nburn/lib/NANO54415.a(i2c_class.o)
                0x400206a0                real_i2c4_multichannel_int_routine
 *fill*         0x400206b6        0x2 
 .text.real_i2c5_multichannel_int_routine
                0x400206b8       0x16 C:\Nburn/lib/NANO54415.a(i2c_class.o)
                0x400206b8                real_i2c5_multichannel_int_routine
 *fill*         0x400206ce        0x2 
 .text.startup._GLOBAL__sub_I_I2C
                0x400206d0       0x34 C:\Nburn/lib/NANO54415.a(i2c_class.o)
 .text.startup  0x40020704        0xc C:\Nburn/lib/NetBurner.a(main.o)
                0x40020704                main
 .text._Z22TopOfStackKillfunctionv
                0x40020710        0xc C:\Nburn/lib/NetBurner.a(ucosmcfc.o)
                0x40020710                _Z22TopOfStackKillfunctionv
                0x40020714                KillFunctionLink
 .text._Z9OSTCBInithPvS_PlPKc
                0x4002071c       0xd6 C:\Nburn/lib/NetBurner.a(ucosmcfc.o)
                0x4002071c                _Z9OSTCBInithPvS_PlPKc
 *fill*         0x400207f2        0x2 
 .text._Z17OSTaskCreatewNamePFvPvES_S_S_hPKc.part.0
                0x400207f4      0x1d2 C:\Nburn/lib/NetBurner.a(ucosmcfc.o)
 *fill*         0x400209c6        0x2 
 .text._Z17OSTaskCreatewNamePFvPvES_S_S_hPKc
                0x400209c8       0x44 C:\Nburn/lib/NetBurner.a(ucosmcfc.o)
                0x400209c8                _Z17OSTaskCreatewNamePFvPvES_S_S_hPKc
 .text._ZL10OSTaskIdlePv
                0x40020a0c       0x2a C:\Nburn/lib/NetBurner.a(ucos.o)
 *fill*         0x40020a36        0x2 
 .text._Z6OSInitPvS_h
                0x40020a38      0x174 C:\Nburn/lib/NetBurner.a(ucos.o)
                0x40020a38                _Z6OSInitPvS_h
 .text._Z7OSStartv
                0x40020bac       0x7c C:\Nburn/lib/NetBurner.a(ucos.o)
                0x40020bac                _Z7OSStartv
 .text.OSSched  0x40020c28       0x92 C:\Nburn/lib/NetBurner.a(ucos.o)
                0x40020c28                OSSched
                0x40020cac                UCOSWAITS_HERE
 *fill*         0x40020cba        0x2 
 .text.OSIntExit
                0x40020cbc       0x94 C:\Nburn/lib/NetBurner.a(ucos.o)
                0x40020cbc                OSIntExit
 .text._Z9OSTimeDlyt
                0x40020d50       0xb4 C:\Nburn/lib/NetBurner.a(ucos.o)
                0x40020d50                _Z9OSTimeDlyt
 .text.OSTimeTick
                0x40020e04      0x104 C:\Nburn/lib/NetBurner.a(ucos.o)
                0x40020e04                OSTimeTick
 .text._Z12OSTCBGetFreev
                0x40020f08       0x2c C:\Nburn/lib/NetBurner.a(ucos.o)
                0x40020f08                _Z12OSTCBGetFreev
 .text._Z6OSLockv
                0x40020f34       0x26 C:\Nburn/lib/NetBurner.a(ucos.o)
                0x40020f34                _Z6OSLockv
 *fill*         0x40020f5a        0x2 
 .text._Z8OSUnlockv
                0x40020f5c       0x3e C:\Nburn/lib/NetBurner.a(ucos.o)
                0x40020f5c                _Z8OSUnlockv
 *fill*         0x40020f9a        0x2 
 .text._Z12OSChangePrioh
                0x40020f9c      0x100 C:\Nburn/lib/NetBurner.a(ucos.o)
                0x40020f9c                _Z12OSChangePrioh
 .text._Z12OSTaskDeletev
                0x4002109c      0x112 C:\Nburn/lib/NetBurner.a(ucos.o)
                0x4002109c                _Z12OSTaskDeletev
 *fill*         0x400211ae        0x2 
 .text._ZN15OS_TASK_DLY_OBJC2Ev
                0x400211b0       0x30 C:\Nburn/lib/NetBurner.a(ucos.o)
                0x400211b0                _ZN15OS_TASK_DLY_OBJC2Ev
                0x400211b0                _ZN15OS_TASK_DLY_OBJC1Ev
 .text._ZN6OS_SEM5ClaimEv
                0x400211e0       0x52 C:\Nburn/lib/NetBurner.a(ucos.o)
                0x400211e0                _ZN6OS_SEM5ClaimEv
 *fill*         0x40021232        0x2 
 .text._ZN6OS_SEM4InitEl
                0x40021234       0x88 C:\Nburn/lib/NetBurner.a(ucos.o)
                0x40021234                _ZN6OS_SEM4InitEl
 .text._ZN6OS_SEM4PendEm
                0x400212bc      0x1d6 C:\Nburn/lib/NetBurner.a(ucos.o)
                0x400212bc                _ZN6OS_SEM4PendEm
 *fill*         0x40021492        0x2 
 .text._ZN6OS_SEM10PendNoWaitEv
                0x40021494       0x3a C:\Nburn/lib/NetBurner.a(ucos.o)
                0x40021494                _ZN6OS_SEM10PendNoWaitEv
 *fill*         0x400214ce        0x2 
 .text._ZN6OS_SEM4PostEv
                0x400214d0      0x178 C:\Nburn/lib/NetBurner.a(ucos.o)
                0x400214d0                _ZN6OS_SEM4PostEv
 .text._ZN7OS_FIFO4InitEv
                0x40021648       0x48 C:\Nburn/lib/NetBurner.a(ucos.o)
                0x40021648                _ZN7OS_FIFO4InitEv
 .text._ZN7OS_FIFO4PendEPPV10os_fifo_elm
                0x40021690      0x1d6 C:\Nburn/lib/NetBurner.a(ucos.o)
                0x40021690                _ZN7OS_FIFO4PendEPPV10os_fifo_elm
 *fill*         0x40021866        0x2 
 .text._ZN7OS_FIFO4PostEP10os_fifo_el
                0x40021868      0x160 C:\Nburn/lib/NetBurner.a(ucos.o)
                0x40021868                _ZN7OS_FIFO4PostEP10os_fifo_el
 .text.getpid   0x400219c8       0x18 C:\Nburn/lib/NetBurner.a(ucos.o)
                0x400219c8                getpid
 .text._ZN7OS_CRIT4InitEv
                0x400219e0       0x4c C:\Nburn/lib/NetBurner.a(ucos.o)
                0x400219e0                _ZN7OS_CRIT4InitEv
 .text._ZN7OS_CRIT5EnterEm
                0x40021a2c      0x208 C:\Nburn/lib/NetBurner.a(ucos.o)
                0x40021a2c                _ZN7OS_CRIT5EnterEm
 .text._ZN7OS_CRIT11EnterNoWaitEv
                0x40021c34       0x70 C:\Nburn/lib/NetBurner.a(ucos.o)
                0x40021c34                _ZN7OS_CRIT11EnterNoWaitEv
 .text._ZN7OS_CRIT5LeaveEv
                0x40021ca4      0x19e C:\Nburn/lib/NetBurner.a(ucos.o)
                0x40021ca4                _ZN7OS_CRIT5LeaveEv
 *fill*         0x40021e42        0x2 
 .text.cppmain  0x40021e44       0x40 C:\Nburn/lib/NetBurner.a(cppmain.o)
                0x40021e44                cppmain
 .text._Z24SetAddressWriteRangeTrapmm
                0x40021e84       0xec C:\Nburn/lib/NetBurner.a(debugtrap.o)
                0x40021e84                _Z24SetAddressWriteRangeTrapmm
 .text._Z23SetAddressReadRangeTrapmm
                0x40021f70       0xec C:\Nburn/lib/NetBurner.a(debugtrap.o)
                0x40021f70                _Z23SetAddressReadRangeTrapmm
 .text.UCosSetup
                0x4002205c       0x80 C:\Nburn/lib/NetBurner.a(ucosmain.o)
                0x4002205c                UCosSetup
 .text.__malloc_lock
                0x400220dc       0x1c C:\Nburn/lib/NetBurner.a(ucosmain.o)
                0x400220dc                __malloc_lock
 .text.__malloc_unlock
                0x400220f8       0x1c C:\Nburn/lib/NetBurner.a(ucosmain.o)
                0x400220f8                __malloc_unlock
 .text._Z9UCosBeginv
                0x40022114       0xba C:\Nburn/lib/NetBurner.a(ucosmain.o)
                0x40022114                _Z9UCosBeginv
 *fill*         0x400221ce        0x2 
 .text._Z22EnableOSStackProtectorv
                0x400221d0       0x14 C:\Nburn/lib/NetBurner.a(ucosmain.o)
                0x400221d0                _Z22EnableOSStackProtectorv
 .text.OSStackProtector
                0x400221e4       0x24 C:\Nburn/lib/NetBurner.a(ucosmain.o)
                0x400221e4                OSStackProtector
 .text.startup._GLOBAL__sub_I_OSIdleTaskStk
                0x40022208       0x22 C:\Nburn/lib/NetBurner.a(ucosmain.o)
 *fill*         0x4002222a        0x2 
 .text.ioctl    0x4002222c       0x76 C:\Nburn/lib/NetBurner.a(fileio.o)
                0x4002222c                ioctl
 *fill*         0x400222a2        0x2 
 .text.close    0x400222a4       0x4c C:\Nburn/lib/NetBurner.a(fileio.o)
                0x400222a4                close
 .text.write    0x400222f0      0x150 C:\Nburn/lib/NetBurner.a(fileio.o)
                0x400222f0                write
 .text._Z8rawwriteiPKci
                0x40022440       0x82 C:\Nburn/lib/NetBurner.a(fileio.o)
                0x40022440                _Z8rawwriteiPKci
 *fill*         0x400224c2        0x2 
 .text.isatty   0x400224c4       0x14 C:\Nburn/lib/NetBurner.a(fileio.o)
                0x400224c4                isatty
 .text.lseek    0x400224d8       0x16 C:\Nburn/lib/NetBurner.a(fileio.o)
                0x400224d8                lseek
 *fill*         0x400224ee        0x2 
 .text.fstat    0x400224f0       0x1c C:\Nburn/lib/NetBurner.a(fileio.o)
                0x400224f0                fstat
 .text._Z11stdioinbytei
                0x4002250c       0x76 C:\Nburn/lib/NetBurner.a(fileio.o)
                0x4002250c                _Z11stdioinbytei
 *fill*         0x40022582        0x2 
 .text.read     0x40022584      0x1aa C:\Nburn/lib/NetBurner.a(fileio.o)
                0x40022584                read
 *fill*         0x4002272e        0x2 
 .text.charavail
                0x40022730       0x2e C:\Nburn/lib/NetBurner.a(fileio.o)
                0x40022730                charavail
 *fill*         0x4002275e        0x2 
 .text.ReplaceStdio
                0x40022760       0xa0 C:\Nburn/lib/NetBurner.a(fileio.o)
                0x40022760                ReplaceStdio
 .text.CurrentStdioFD
                0x40022800       0x22 C:\Nburn/lib/NetBurner.a(fileio.o)
                0x40022800                CurrentStdioFD
 *fill*         0x40022822        0x2 
 .text._Z9isvalidcrP12ConfigRecord
                0x40022824       0x46 C:\Nburn/lib/NetBurner.a(system.o)
                0x40022824                _Z9isvalidcrP12ConfigRecord
 *fill*         0x4002286a        0x2 
 .text._Z12RawGetConfigi
                0x4002286c       0x24 C:\Nburn/lib/NetBurner.a(system.o)
                0x4002286c                _Z12RawGetConfigi
 .text._Z22UpdateConfigRecord_NumP12ConfigRecordi
                0x40022890      0x184 C:\Nburn/lib/NetBurner.a(system.o)
                0x40022890                _Z22UpdateConfigRecord_NumP12ConfigRecordi
 .text._Z18UpdateConfigRecordP12ConfigRecord
                0x40022a14       0x16 C:\Nburn/lib/NetBurner.a(system.o)
                0x40022a14                _Z18UpdateConfigRecordP12ConfigRecord
 *fill*         0x40022a2a        0x2 
 .text.kill     0x40022a2c        0x8 C:\Nburn/lib/NetBurner.a(utils.o)
                0x40022a2c                kill
 .text._exit    0x40022a34        0x6 C:\Nburn/lib/NetBurner.a(utils.o)
                0x40022a34                _exit
 *fill*         0x40022a3a        0x2 
 .text._Z7ShowMacP6MACADR
                0x40022a3c       0x42 C:\Nburn/lib/NetBurner.a(utils.o)
                0x40022a3c                _Z7ShowMacP6MACADR
 *fill*         0x40022a7e        0x2 
 .text._Z7ShowIP47IPADDR4
                0x40022a80       0x36 C:\Nburn/lib/NetBurner.a(utils.o)
                0x40022a80                _Z7ShowIP47IPADDR4
 *fill*         0x40022ab6        0x2 
 .text._Z9snShowIP4Pcm7IPADDR4
                0x40022ab8       0x3a C:\Nburn/lib/NetBurner.a(utils.o)
                0x40022ab8                _Z9snShowIP4Pcm7IPADDR4
 *fill*         0x40022af2        0x2 
 .text._Z8ShowDataPKht
                0x40022af4      0x556 C:\Nburn/lib/NetBurner.a(utils.o)
                0x40022af4                _Z8ShowDataPKht
 *fill*         0x4002304a        0x2 
 .text._Z11IsBroadCast7IPADDR4i.part.1
                0x4002304c       0x48 C:\Nburn/lib/NetBurner.a(ip.o)
 .text._Z12AddInterface7IPADDR4S_S_i
                0x40023094      0x156 C:\Nburn/lib/NetBurner.a(ip.o)
                0x40023094                _Z12AddInterface7IPADDR4S_S_i
 *fill*         0x400231ea        0x2 
 .text._Z22GetMultiHomeInterface47IPADDR4i
                0x400231ec       0x6e C:\Nburn/lib/NetBurner.a(ip.o)
                0x400231ec                _Z22GetMultiHomeInterface47IPADDR4i
 *fill*         0x4002325a        0x2 
 .text._Z10DoIPPacketP11pool_bufferP6EFRAMEt
                0x4002325c      0x1ae C:\Nburn/lib/NetBurner.a(ip.o)
                0x4002325c                _Z10DoIPPacketP11pool_bufferP6EFRAMEt
 *fill*         0x4002340a        0x2 
 .text._Z20GetLocalIPInterface47IPADDR4
                0x4002340c       0x5e C:\Nburn/lib/NetBurner.a(ip.o)
                0x4002340c                _Z20GetLocalIPInterface47IPADDR4
 *fill*         0x4002346a        0x2 
 .text._Z8IsLocal47IPADDR4i
                0x4002346c       0x44 C:\Nburn/lib/NetBurner.a(ip.o)
                0x4002346c                _Z8IsLocal47IPADDR4i
 .text._Z11IsBroadCast7IPADDR4i
                0x400234b0       0x1c C:\Nburn/lib/NetBurner.a(ip.o)
                0x400234b0                _Z11IsBroadCast7IPADDR4i
 .text._Z7IsMyIp47IPADDR4
                0x400234cc       0x20 C:\Nburn/lib/NetBurner.a(ip.o)
                0x400234cc                _Z7IsMyIp47IPADDR4
 .text._Z16FixHeaderAndSendP11pool_bufferP5IPPKT
                0x400234ec      0x210 C:\Nburn/lib/NetBurner.a(ip.o)