Archive member included to satisfy reference by file (symbol)

C:\Nburn/lib/NANO54415.a(hardware_init.o)
                              c:/nburn/gcc-m68k/bin/../lib/gcc/m68k-unknown-elf/5.2.0/m54455\nb-crt0.o (hardware_init_hook)
C:\Nburn/lib/NANO54415.a(serial.o)
                              Drivers\dsm2.o (UartData)
C:\Nburn/lib/NANO54415.a(pins.o)
                              Drivers\IMUSetupAndSample.o (_ZN5PinIO3setEh)
C:\Nburn/lib/NANO54415.a(SimpleAD.o)
                              main.o (_Z15InitSingleEndADv)
C:\Nburn/lib/NANO54415.a(FlashOps.o)
                              C:\Nburn/lib/NANO54415.a(hardware_init.o) (CopySPIFlashImageOnBoot)
C:\Nburn/lib/NANO54415.a(HiResTimer.o)
                              Drivers\MPU9250.o (_ZN10HiResTimer4initEd)
C:\Nburn/lib/NANO54415.a(pitr_sem.o)
                              Drivers\SpinningLidar.o (_Z12InitPitOSSemiP6OS_SEMi)
C:\Nburn/lib/NANO54415.a(pin_irq.o)
                              Drivers\Odometer.o (_Z9SetPinIrqiiPFvvE)
C:\Nburn/lib/NANO54415.a(bsp.o)
                              Drivers\servodrive.o (_Z7SetIntcilii)
C:\Nburn/lib/NANO54415.a(localio.o)
                              C:\Nburn/lib/NANO54415.a(serial.o) (_Z13GetUartRecordi)
C:\Nburn/lib/NANO54415.a(userparam.o)
                              main.o (_Z18SaveUserParametersPvi)
C:\Nburn/lib/NANO54415.a(multichanneli2c.o)
                              main.o (MultiChannel_I2CInit)
C:\Nburn/lib/NANO54415.a(bspa.o)
                              C:\Nburn/lib/NANO54415.a(bsp.o) (CatchNullWrites)
C:\Nburn/lib/NANO54415.a(defpins.o)
                              C:\Nburn/lib/NANO54415.a(bsp.o) (_Z14SetDefPinUsagev)
C:\Nburn/lib/NANO54415.a(SPIFlash.o)
                              C:\Nburn/lib/NANO54415.a(FlashOps.o) (_ZN8SPIFlashC1Ei)
C:\Nburn/lib/NANO54415.a(i2c_class.o)
                              C:\Nburn/lib/NANO54415.a(multichanneli2c.o) (_ZN10i2c_master4initEhh)
C:\Nburn/lib/NetBurner.a(ucosmcfa.o)
                              C:\Nburn/lib/NANO54415.a(bsp.o) (OSCtxSw)
C:\Nburn/lib/NetBurner.a(software_init.o)
                              c:/nburn/gcc-m68k/bin/../lib/gcc/m68k-unknown-elf/5.2.0/m54455\nb-crt0.o (software_init_hook)
C:\Nburn/lib/NetBurner.a(main.o)
                              c:/nburn/gcc-m68k/bin/../lib/gcc/m68k-unknown-elf/5.2.0/m54455\nb-crt0.o (main)
C:\Nburn/lib/NetBurner.a(ucosmcfc.o)
                              main.o (_Z17OSTaskCreatewNamePFvPvES_S_S_hPKc)
C:\Nburn/lib/NetBurner.a(ucos.o)
                              C:\Nburn/lib/NetBurner.a(ucosmcfc.o) (OSRdyTbl)
C:\Nburn/lib/NetBurner.a(cppmain.o)
                              C:\Nburn/lib/NetBurner.a(main.o) (cppmain)
C:\Nburn/lib/NetBurner.a(ucosflags.o)
                              C:\Nburn/lib/NANO54415.a(pitr_sem.o) (_Z9OSFlagSetP8os_flagsm)
C:\Nburn/lib/NetBurner.a(debugtrap.o)
                              C:\Nburn/lib/NANO54415.a(bsp.o) (_Z23SetAddressReadRangeTrapmm)
C:\Nburn/lib/NetBurner.a(ucosmain.o)
                              C:\Nburn/lib/NetBurner.a(software_init.o) (UCosSetup)
C:\Nburn/lib/NetBurner.a(fileio.o)
                              C:\Nburn/lib/NetBurner.a(ucosmain.o) (ioctl)
C:\Nburn/lib/NetBurner.a(system.o)
                              C:\Nburn/lib/NANO54415.a(serial.o) (rnd_collect)
C:\Nburn/lib/NetBurner.a(utils.o)
                              C:\Nburn/lib/NetBurner.a(system.o) (_Z7ShowIP47IPADDR4)
C:\Nburn/lib/NetBurner.a(ip.o)
                              main.o (_Z15InitializeStack7IPADDR4S_S_S_)
C:\Nburn/lib/NetBurner.a(buffers.o)
                              C:\Nburn/lib/NetBurner.a(utils.o) (_Z12GetFreeCountv)
C:\Nburn/lib/NetBurner.a(arp.o)
                              C:\Nburn/lib/NetBurner.a(ip.o) (_Z25GetInterfaceForMyAddress47IPADDR4)
C:\Nburn/lib/NetBurner.a(udp.o)
                              C:\Nburn/lib/NetBurner.a(ip.o) (_Z12process_udp4P11pool_bufferP5IPPKTt)
C:\Nburn/lib/NetBurner.a(ftpd.o)
                              Drivers\introspec.o (_Z9FTPDStartth)
C:\Nburn/lib/NetBurner.a(tcp.o)
                              C:\Nburn/lib/NetBurner.a(ip.o) (_Z7InitTCPv)
C:\Nburn/lib/NetBurner.a(extraio.o)
                              Drivers\introspec.o (_Z10GetExtraFDPvP14IoExpandStruct)
C:\Nburn/lib/NetBurner.a(http.o)
                              main.o (_Z9StartHTTPt)
C:\Nburn/lib/NetBurner.a(httpinternal.o)
                              C:\Nburn/lib/NetBurner.a(http.o) (_ZN12HTTP_Request11ProcessLineEPc)
C:\Nburn/lib/NetBurner.a(httpstricmp.o)
                              C:\Nburn/lib/NetBurner.a(httpinternal.o) (_Z11httpstricmpPKcS0_)
C:\Nburn/lib/NetBurner.a(htmldecomp.o)
                              C:\Nburn/lib/NetBurner.a(httpinternal.o) (_Z16SendFullResponsePKci)
C:\Nburn/lib/NetBurner.a(iosys.o)
                              C:\Nburn/lib/NANO54415.a(serial.o) (_Z12SetDataAvaili)
C:\Nburn/lib/NetBurner.a(new_ops.o)
                              Path.o (_Znwm)
C:\Nburn/lib/NetBurner.a(autoip.o)
[...]
Memory Configuration

Name             Origin             Length             Attributes
ram              0x40000400         0x03fffcff         xrw
SRAM             0x80000400         0x0000fbf0         xrw
Cold_SRAM        0x8000fffe         0x00000002         xrw
*default*        0x00000000         0xffffffff

Linker script and memory map

LOAD c:/nburn/gcc-m68k/bin/../lib/gcc/m68k-unknown-elf/5.2.0/m54455\nb-crt0.o
LOAD c:/nburn/gcc-m68k/bin/../lib/gcc/m68k-unknown-elf/5.2.0/m54455/crtbegin.o
LOAD tests.o
LOAD main.o
LOAD Utility.o
LOAD Profiler.o
LOAD Path.o
LOAD Nav.o
LOAD Map.o
LOAD Logger.o
LOAD FastMath.o
LOAD Drivers\servodrive.o
LOAD Drivers\pwm.o
LOAD Drivers\introspec.o
LOAD Drivers\dsm2.o
LOAD Drivers\SpinningLidar.o
LOAD Drivers\Odometer.o
LOAD Drivers\MadgwickFilter.o
LOAD Drivers\MPU9250.o
LOAD Drivers\LidarPWM.o
LOAD Drivers\LCD.o
LOAD Drivers\IMUSetupAndSample.o
LOAD htmldata.o
LOAD C:\Nburn/NANO54415/lib/sys.ld
                0x40000000                ovector_base = 0x40000000
                0x80000000                vector_base = 0x80000000
                0x80000400                SRAM_START_ADDR = 0x80000400
                0x8000fffe                SRAM_END_ADDR = 0x8000fffe
                0x8c000000                sim_rgpio = 0x8c000000
                0xec008000                sim1 = 0xec008000
                0xfc004000                sim2 = 0xfc004000
                0x00004000                FlashAppBase = 0x4000
                0xfc0d4008                DBETHER_EMIR_REG = 0xfc0d4008
                0x8000d000                comm_loc = 0x8000d000
START GROUP
LOAD C:\Nburn/lib/NANO54415.a
LOAD C:\Nburn/lib/NetBurner.a
LOAD C:\Nburn/lib/FatFile.a
LOAD c:/nburn/gcc-m68k/bin/../m68k-unknown-elf/sysroot/lib/m54455\libstdc++.a
LOAD C:\Nburn\lib\cryptolib.a
LOAD C:\Nburn\lib\debugLibrary.a
LOAD C:\Nburn\lib\Lua_Full.a
LOAD C:\Nburn\lib\nb-libxively.a
LOAD C:\Nburn\lib\nbwifilib.a
LOAD C:\Nburn\lib\sshLibrary.a
LOAD C:\Nburn\lib\webclient.a
END GROUP
LOAD c:/nburn/gcc-m68k/bin/../m68k-unknown-elf/sysroot/lib/m54455\libstdc++.a
LOAD c:/nburn/gcc-m68k/bin/../m68k-unknown-elf/sysroot/lib/m54455\libm.a
LOAD c:/nburn/gcc-m68k/bin/../lib/gcc/m68k-unknown-elf/5.2.0/m54455\libgcc.a
LOAD c:/nburn/gcc-m68k/bin/../m68k-unknown-elf/sysroot/lib/m54455\libc.a
LOAD c:/nburn/gcc-m68k/bin/../lib/gcc/m68k-unknown-elf/5.2.0/m54455\libgcc.a
LOAD c:/nburn/gcc-m68k/bin/../lib/gcc/m68k-unknown-elf/5.2.0/m54455/crtend.o
START GROUP
LOAD c:/nburn/gcc-m68k/bin/../m68k-unknown-elf/sysroot/lib/m54455\libc.a
LOAD c:/nburn/gcc-m68k/bin/../lib/gcc/m68k-unknown-elf/5.2.0/m54455\libgcc.a
LOAD c:/nburn/gcc-m68k/bin/../m68k-unknown-elf/sysroot/lib/m54455\libm.a
END GROUP
                0x00000000                __DYNAMIC = 0x0
                0x44000000                PROVIDE (__stack, 0x44000000)
                [!provide]                PROVIDE (hardware_init_hook, 0x0)
                [!provide]                PROVIDE (_hardware_init_hook, 0x0)
                [!provide]                PROVIDE (software_init_hook, 0x0)
                [!provide]                PROVIDE (_software_init_hook, 0x0)

.gcc_except_table._ZN10__cxxabiv111__terminateEPFvvE
                0x40000400       0x1d
 .gcc_except_table._ZN10__cxxabiv111__terminateEPFvvE
                0x40000400       0x1d c:/nburn/gcc-m68k/bin/../m68k-unknown-elf/sysroot/lib/m54455\libstdc++.a(eh_terminate.o)

.gcc_except_table.__gxx_personality_v0
                0x40000420       0x1c
 .gcc_except_table.__gxx_personality_v0
                0x40000420       0x1c c:/nburn/gcc-m68k/bin/../m68k-unknown-elf/sysroot/lib/m54455\libstdc++.a(eh_personality.o)

.gcc_except_table.__cxa_call_unexpected
                0x4000043c       0x1c
 .gcc_except_table.__cxa_call_unexpected
                0x4000043c       0x1c c:/nburn/gcc-m68k/bin/../m68k-unknown-elf/sysroot/lib/m54455\libstdc++.a(eh_personality.o)

.gcc_except_table._ZN9__gnu_cxx27__verbose_terminate_handlerEv
                0x40000458       0x2c
 .gcc_except_table._ZN9__gnu_cxx27__verbose_terminate_handlerEv
                0x40000458       0x2c c:/nburn/gcc-m68k/bin/../m68k-unknown-elf/sysroot/lib/m54455\libstdc++.a(vterminate.o)

.SRAM_SECT      0x80000400     0xf1c0
                0x80000400                SRAM_START = .
 *(SYS_VAR_SECT)
 SYS_VAR_SECT   0x80000400        0x4 C:\Nburn/lib/NANO54415.a(bsp.o)
                0x80000400                cacrMirror
 SYS_VAR_SECT   0x80000404      0x238 C:\Nburn/lib/NetBurner.a(ucos.o)
                0x80000404                OSRunning
                0x80000406                OSISRLevel
                0x80000408                OSRdyGrp
                0x8000040c                OSLockNesting
                0x80000410                OSIntNesting
                0x80000414                OSTCBFreeList
                0x80000418                OSTCBList
                0x8000041c                OSTCBHighRdy
                0x80000420                OSTCBCur
                0x80000424                OSRdyTbl
                0x8000042c                OSTCBPrioTbl
                0x8000052c                OSUnMapTbl
                0x8000062c                OSMapTbl
                0x80000634                Secs
                0x80000638                TimeTick
 SYS_VAR_SECT   0x8000063c      0x272 C:\Nburn/lib/NetBurner.a(ucosmain.o)
                0x8000064e                critical_count
                0x80000652                OSTcbStructSize
                0x80000656                OSTCBTbl
 SYS_VAR_SECT   0x800008ae       0x1c C:\Nburn/lib/NetBurner.a(fileio.o)
                0x800008ae                fd_map
                0x800008c6                pExtraFdFunc
 SYS_VAR_SECT   0x800008ca       0x20 C:\Nburn/lib/NetBurner.a(iosys.o)
                0x800008d2                error_file_sets
                0x800008da                write_file_sets
                0x800008e2                read_file_sets
                0x800008ea                SYS_VAR_SECT_END = .
                0x800008f0                . = ALIGN (0x10)
 *fill*         0x800008ea        0x6 
 *(IDLE_STK_SECT)
 IDLE_STK_SECT  0x800008f0     0x2000 C:\Nburn/lib/NetBurner.a(ucosmain.o)
                0x800008f0                OSIdleTaskStk
                0x800028f0                IDLE_STK_SECT_END = .
                0x800028f0                . = ALIGN (0x10)
 *(MAIN_STK_SECT)
 MAIN_STK_SECT  0x800028f0     0x3000 C:\Nburn/lib/NetBurner.a(cppmain.o)
                0x800028f0                MainStk
                0x800058f0                MAIN_STK_SECT_END = .
                0x800058f0                . = ALIGN (0x4)
 *(ETHER_VAR_SECT)
                0x800058f0                ETHER_VAR_SECT_END = .
                0x800058f0                . = ALIGN (0x10)
 *(ETHER_STK_SECT)
                0x800058f0                ETHER_STK_SECT_END = .
                0x800058f0                . = ALIGN (0x4)
 *(IP_VAR_SECT)
                0x800058f0                IP_VAR_SECT_END = .
                0x800058f0                . = ALIGN (0x10)
 *(IP_STK_SECT)
                0x800058f0                IP_STK_SECT_END = .
                0x800058f0                . = ALIGN (0x4)
 *(TCP_VAR_SECT)
                0x800058f0                TCP_VAR_SECT_END = .
                0x800058f0                . = ALIGN (0x10)
 *(TCP_STK_SECT)
                0x800058f0                TCP_STK_SECT_END = .
                0x800058f0                . = ALIGN (0x10)
 *(HTTP_STK_SECT)
                0x800058f0                HTTP_STK_SECT_END = .
                0x800058f0                . = ALIGN (0x10)
 *(FTP_STK_SECT)
                0x800058f0                FTP_STK_SECT_END = .
                0x800058f0                . = ALIGN (0x10)
 *(WIFI_STK_SECT)
                0x800058f0                WIFI_STK_SECT_END = .
                0x800058f0                . = ALIGN (0x10)
 *(PPP_STK_SECT)
                0x800058f0                PPP_STK_SECT_END = .
                0x800058f0                . = ALIGN (0x10)
 *(COMMAND_STK_SECT)
                0x800058f0                COMMAND_STK_SECT_END = .
                0x800058f0                . = ALIGN (0x4)
 *(USER_VAR_SECT)
 USER_VAR_SECT  0x800058f0       0x16 Drivers\introspec.o
                0x800058f0                LogCrit
                0x800058fe                LogPut
                0x80005902                LogGet
 USER_VAR_SECT  0x80005906      0xbd0 Drivers\SpinningLidar.o
                0x80005906                _ZN13SpinningLidar6packetE
                0x8000590c                _ZN13SpinningLidar9charCountE
                0x80005910                _ZN13SpinningLidar10LIDARResetE
                0x80005912                _ZN13SpinningLidar2rvE
                0x80005916                _ZN13SpinningLidar12lidar_bufferE
                0x80005996                _ZN13SpinningLidar13sampleQualityE
                0x80005f36                _ZN13SpinningLidar4distE
 USER_VAR_SECT  0x800064d6        0x4 Drivers\LidarPWM.o
                0x800064d6                LIDAR_VALUE_RIGHT
 USER_VAR_SECT  0x800064da       0xbc C:\Nburn/lib/NANO54415.a(HiResTimer.o)
                0x800064da                _ZN10HiResTimer12timerCreatedE
                0x800064de                _ZN10HiResTimer6timersE
                0x80006596                USER_VAR_SECT_END = .
                0x800065a0                . = ALIGN (0x10)
 *fill*         0x80006596        0xa 
 *(USER_STK_SECT)
 USER_STK_SECT  0x800065a0     0x3000 main.o
 USER_STK_SECT  0x800095a0     0x3000 Drivers\SpinningLidar.o
 USER_STK_SECT  0x8000c5a0     0x3000 Drivers\IMUSetupAndSample.o
                0x8000f5a0                USER_STK_SECT_END = .
                0x8000f5a0                . = ALIGN (0x4)
 *(TLS_VAR_SECT)
                0x8000f5a0                TLS_VAR_SECT_END = .
                0x8000f5a0                BUFFERS_SECT_START = .
                0x8000f5a0                . = ALIGN (0x10)
 *(BUFFERS_VAR_SECT)
 BUFFERS_VAR_SECT
                0x8000f5a0       0x1c C:\Nburn/lib/NetBurner.a(buffers.o)
                0x8000f5a0                free_list_is_initialized
                0x8000f5a4                free_fast_list
                0x8000f5ae                free_list
                0x8000f5b8                FAST_BUFFER_POOL_SIZE
                0x8000f5c0                . = ALIGN (0x10)
 *fill*         0x8000f5bc        0x4 
                0x8000f5c0                BUFFERS_VAR_SECT_END = .
                0x8000f5c0                . = ALIGN (0x10)
                0x8000f5c0                SRAM_END = .

.COLD_SRAM_SECT
                0x8000fffe        0x2
 *(COLD_SRAM_VAR)
 COLD_SRAM_VAR  0x8000fffe        0x2 C:\Nburn/lib/NetBurner.a(ip.o)

.text           0x40000490    0x52fb0
 nb-crt0.o()
 .text          0x40000490       0xaa c:/nburn/gcc-m68k/bin/../lib/gcc/m68k-unknown-elf/5.2.0/m54455\nb-crt0.o
                0x40000490                start
 *fill*         0x4000053a        0x2 
 .data          0x4000053c        0x4 c:/nburn/gcc-m68k/bin/../lib/gcc/m68k-unknown-elf/5.2.0/m54455\nb-crt0.o
 .bss           0x40000540        0x0 c:/nburn/gcc-m68k/bin/../lib/gcc/m68k-unknown-elf/5.2.0/m54455\nb-crt0.o
                0x40000540                gConfigRec = .
                0x40002540                . = (. + 0x2000)
 *fill*         0x40000540     0x2000 
                0x40002540                UserParamBase = .
                0x40004540                . = (. + 0x2000)
 *fill*         0x40002540     0x2000 
 *(.text)
 .text          0x40004540      0x12c c:/nburn/gcc-m68k/bin/../lib/gcc/m68k-unknown-elf/5.2.0/m54455/crtbegin.o
 .text          0x4000466c        0x8 C:\Nburn/lib/NANO54415.a(hardware_init.o)
                0x4000466c                hardware_init_hook
 *fill*         0x40004674        0xc 
 .text          0x40004680      0x19c C:\Nburn/lib/NANO54415.a(bspa.o)
                0x40004680                CatchNullWrites
                0x40004690                _cache_inval
                0x400046b0                _cache_push
                0x400046d0                _cache_flush
                0x40004710                PushCacheLines
                0x40004760                InvalidateCacheLines
                0x400047b0                FlushCacheLines
 *fill*         0x4000481c        0x4 
 .text          0x40004820      0x41a C:\Nburn/lib/NetBurner.a(ucosmcfa.o)
                0x40004820                OSStartHighRdy
                0x40004840                OSCtxSw
                0x40004870                OSIntCtxSw
                0x400048a0                OSTickISR
                0x400048e0                OSSetupVBR
                0x40004900                OSDebugTraceHalt
                0x40004910                memcpy
                0x40004910                fmemcpy
                0x400049e0                memcpysum
                0x40004b70                memset
                0x40004b70                fmemset
                0x40004c10                GetSR_IntLevel
                0x40004c20                SetSR_IntLevel
 *fill*         0x40004c3a        0x2 
 .text          0x40004c3c        0x8 C:\Nburn/lib/NetBurner.a(software_init.o)
                0x40004c3c                software_init_hook
 .text          0x40004c44       0x2e C:\Nburn/lib/NetBurner.a(ucosmain.o)
                0x40004c44                OSStackProtectCtxSw
 *fill*         0x40004c72        0x2 
 .text          0x40004c74      0x1c0 C:\Nburn/lib/NetBurner.a(ip.o)
                0x40004c74                GetSum
                0x40004d30                GetSum20
                0x40004d68                GetSumHdr
 .text          0x40004e34     0x440e c:/nburn/gcc-m68k/bin/../m68k-unknown-elf/sysroot/lib/m54455\libstdc++.a(cp-demangle.o)
                0x4000912c                __cxa_demangle
                0x4000920c                __gcclibcxx_demangle_callback
 *fill*         0x40009242        0x2 
 .text          0x40009244       0x6c c:/nburn/gcc-m68k/bin/../m68k-unknown-elf/sysroot/lib/m54455\libm.a(lib_a-s_fpclassify.o)
                0x40009244                __fpclassifyd
 .text          0x400092b0       0xda c:/nburn/gcc-m68k/bin/../m68k-unknown-elf/sysroot/lib/m54455\libm.a(lib_a-s_modf.o)
                0x400092b0                modf
 *fill*         0x4000938a        0x2 
 .text          0x4000938c       0xc6 c:/nburn/gcc-m68k/bin/../m68k-unknown-elf/sysroot/lib/m54455\libm.a(lib_a-s_round.o)
                0x4000938c                round
 *fill*         0x40009452        0x2 
 .text          0x40009454       0xea c:/nburn/gcc-m68k/bin/../m68k-unknown-elf/sysroot/lib/m54455\libm.a(lib_a-s_sin.o)
                0x40009454                sin
 *fill*         0x4000953e        0x2 
 .text          0x40009540       0xf0 c:/nburn/gcc-m68k/bin/../m68k-unknown-elf/sysroot/lib/m54455\libm.a(lib_a-w_asin.o)
                0x40009540                asin
 .text          0x40009630        0xc c:/nburn/gcc-m68k/bin/../m68k-unknown-elf/sysroot/lib/m54455\libm.a(lib_a-w_atan2.o)
                0x40009630                atan2
 .text          0x4000963c      0x436 c:/nburn/gcc-m68k/bin/../m68k-unknown-elf/sysroot/lib/m54455\libm.a(lib_a-w_pow.o)
                0x4000963c                pow
 *fill*         0x40009a72        0x2 
 .text          0x40009a74       0xec c:/nburn/gcc-m68k/bin/../m68k-unknown-elf/sysroot/lib/m54455\libm.a(lib_a-wf_asin.o)
                0x40009a74                asinf
 .text          0x40009b60        0xc c:/nburn/gcc-m68k/bin/../m68k-unknown-elf/sysroot/lib/m54455\libm.a(lib_a-wf_atan2.o)
                0x40009b60                atan2f
 .text          0x40009b6c       0xfe c:/nburn/gcc-m68k/bin/../m68k-unknown-elf/sysroot/lib/m54455\libm.a(lib_a-wf_sqrt.o)
                0x40009b6c                sqrtf
 *fill*         0x40009c6a        0x2 
 .text          0x40009c6c      0x606 c:/nburn/gcc-m68k/bin/../m68k-unknown-elf/sysroot/lib/m54455\libm.a(lib_a-e_asin.o)
                0x40009c6c                __ieee754_asin
 *fill*         0x4000a272        0x2 
 .text          0x4000a274      0x24c c:/nburn/gcc-m68k/bin/../m68k-unknown-elf/sysroot/lib/m54455\libm.a(lib_a-e_atan2.o)
                0x4000a274                __ieee754_atan2
 .text          0x4000a4c0      0xdfe c:/nburn/gcc-m68k/bin/../m68k-unknown-elf/sysroot/lib/m54455\libm.a(lib_a-e_pow.o)
                0x4000a4c0                __ieee754_pow
 *fill*         0x4000b2be        0x2 
 .text          0x4000b2c0      0x5f2 c:/nburn/gcc-m68k/bin/../m68k-unknown-elf/sysroot/lib/m54455\libm.a(lib_a-e_rem_pio2.o)
                0x4000b2c0                __ieee754_rem_pio2
 *fill*         0x4000b8b2        0x2 
 .text          0x4000b8b4      0x1d0 c:/nburn/gcc-m68k/bin/../m68k-unknown-elf/sysroot/lib/m54455\libm.a(lib_a-e_sqrt.o)
                0x4000b8b4                __ieee754_sqrt
 .text          0x4000ba84      0x39a c:/nburn/gcc-m68k/bin/../m68k-unknown-elf/sysroot/lib/m54455\libm.a(lib_a-ef_asin.o)
                0x4000ba84                __ieee754_asinf
 *fill*         0x4000be1e        0x2 
 .text          0x4000be20      0x1c6 c:/nburn/gcc-m68k/bin/../m68k-unknown-elf/sysroot/lib/m54455\libm.a(lib_a-ef_atan2.o)
                0x4000be20                __ieee754_atan2f
 *fill*         0x4000bfe6        0x2 
 .text          0x4000bfe8       0xe4 c:/nburn/gcc-m68k/bin/../m68k-unknown-elf/sysroot/lib/m54455\libm.a(lib_a-ef_sqrt.o)
                0x4000bfe8                __ieee754_sqrtf
 .text          0x4000c0cc      0x260 c:/nburn/gcc-m68k/bin/../m68k-unknown-elf/sysroot/lib/m54455\libm.a(lib_a-k_cos.o)
                0x4000c0cc                __kernel_cos
 .text          0x4000c32c      0x8dc c:/nburn/gcc-m68k/bin/../m68k-unknown-elf/sysroot/lib/m54455\libm.a(lib_a-k_rem_pio2.o)
                0x4000c32c                __kernel_rem_pio2
 .text          0x4000cc08      0x1fa c:/nburn/gcc-m68k/bin/../m68k-unknown-elf/sysroot/lib/m54455\libm.a(lib_a-k_sin.o)
                0x4000cc08                __kernel_sin
 *fill*         0x4000ce02        0x2 
 .text          0x4000ce04      0x440 c:/nburn/gcc-m68k/bin/../m68k-unknown-elf/sysroot/lib/m54455\libm.a(lib_a-s_atan.o)
                0x4000ce04                atan
 .text          0x4000d244       0x1c c:/nburn/gcc-m68k/bin/../m68k-unknown-elf/sysroot/lib/m54455\libm.a(lib_a-s_fabs.o)
                0x4000d244                fabs
 .text          0x4000d260       0x1c c:/nburn/gcc-m68k/bin/../m68k-unknown-elf/sysroot/lib/m54455\libm.a(lib_a-s_finite.o)
                0x4000d260                finite
 .text          0x4000d27c      0x17c c:/nburn/gcc-m68k/bin/../m68k-unknown-elf/sysroot/lib/m54455\libm.a(lib_a-s_floor.o)
                0x4000d27c                floor
 .text          0x4000d3f8        0xa c:/nburn/gcc-m68k/bin/../m68k-unknown-elf/sysroot/lib/m54455\libm.a(lib_a-s_matherr.o)
                0x4000d3f8                matherr
 *fill*         0x4000d402        0x2 
 .text          0x4000d404       0x10 c:/nburn/gcc-m68k/bin/../m68k-unknown-elf/sysroot/lib/m54455\libm.a(lib_a-s_nan.o)
                0x4000d404                nan
 .text          0x4000d414      0x19e c:/nburn/gcc-m68k/bin/../m68k-unknown-elf/sysroot/lib/m54455\libm.a(lib_a-s_rint.o)
                0x4000d414                rint
 *fill*         0x4000d5b2        0x2 
 .text          0x4000d5b4      0x188 c:/nburn/gcc-m68k/bin/../m68k-unknown-elf/sysroot/lib/m54455\libm.a(lib_a-s_scalbn.o)
                0x4000d5b4                scalbn
 .text          0x4000d73c      0x2c0 c:/nburn/gcc-m68k/bin/../m68k-unknown-elf/sysroot/lib/m54455\libm.a(lib_a-sf_atan.o)
                0x4000d73c                atanf
 .text          0x4000d9fc       0x10 c:/nburn/gcc-m68k/bin/../m68k-unknown-elf/sysroot/lib/m54455\libm.a(lib_a-sf_fabs.o)
                0x4000d9fc                fabsf
 .text          0x4000da0c       0x4a c:/nburn/gcc-m68k/bin/../m68k-unknown-elf/sysroot/lib/m54455\libm.a(lib_a-sf_fpclassify.o)
                0x4000da0c                __fpclassifyf
 *fill*         0x4000da56        0x2 
 .text          0x4000da58       0x2a c:/nburn/gcc-m68k/bin/../m68k-unknown-elf/sysroot/lib/m54455\libm.a(lib_a-s_copysign.o)
                0x4000da58                copysign
 *fill*         0x4000da82        0x2 
 .text          0x4000da84      0xba0 c:/nburn/gcc-m68k/bin/../lib/gcc/m68k-unknown-elf/5.2.0/m54455\libgcc.a(_double.o)
                0x4000dade                __subdf3
                0x4000dae4                __adddf3
                0x4000df80                __muldf3
                0x4000e15c                __divdf3
                0x4000e44c                __negdf2
                0x4000e4aa                __cmpdf2_internal
                0x4000e582                __cmpdf2
 .text          0x4000e624      0x7ca c:/nburn/gcc-m68k/bin/../lib/gcc/m68k-unknown-elf/5.2.0/m54455\libgcc.a(_float.o)
                0x4000e66c                __subsf3
                0x4000e672                __addsf3
                0x4000e954                __mulsf3
                0x4000ea96                __divsf3
                0x4000ec8a                __negsf2
                0x4000ecdc                __cmpsf2_internal
                0x4000ed7c                __cmpsf2
 *fill*         0x4000edee        0x2 
 .text          0x4000edf0       0x74 c:/nburn/gcc-m68k/bin/../lib/gcc/m68k-unknown-elf/5.2.0/m54455\libgcc.a(_floatex.o)
                0x4000edf0                __clear_sticky_bit
                0x4000edfc                $_exception_handler
 .text          0x4000ee64       0x22 c:/nburn/gcc-m68k/bin/../lib/gcc/m68k-unknown-elf/5.2.0/m54455\libgcc.a(_eqdf2.o)
                0x4000ee64                __eqdf2
 *fill*         0x4000ee86        0x2 
 .text          0x4000ee88       0x22 c:/nburn/gcc-m68k/bin/../lib/gcc/m68k-unknown-elf/5.2.0/m54455\libgcc.a(_nedf2.o)
                0x4000ee88                __nedf2
 *fill*         0x4000eeaa        0x2 
 .text          0x4000eeac       0x22 c:/nburn/gcc-m68k/bin/../lib/gcc/m68k-unknown-elf/5.2.0/m54455\libgcc.a(_gtdf2.o)
                0x4000eeac                __gtdf2
 *fill*         0x4000eece        0x2 
 .text          0x4000eed0       0x22 c:/nburn/gcc-m68k/bin/../lib/gcc/m68k-unknown-elf/5.2.0/m54455\libgcc.a(_gedf2.o)
                0x4000eed0                __gedf2
 *fill*         0x4000eef2        0x2 
 .text          0x4000eef4       0x22 c:/nburn/gcc-m68k/bin/../lib/gcc/m68k-unknown-elf/5.2.0/m54455\libgcc.a(_ltdf2.o)
                0x4000eef4                __ltdf2
 *fill*         0x4000ef16        0x2 
 .text          0x4000ef18       0x22 c:/nburn/gcc-m68k/bin/../lib/gcc/m68k-unknown-elf/5.2.0/m54455\libgcc.a(_ledf2.o)
                0x4000ef18                __ledf2
 *fill*         0x4000ef3a        0x2 
 .text          0x4000ef3c       0x1a c:/nburn/gcc-m68k/bin/../lib/gcc/m68k-unknown-elf/5.2.0/m54455\libgcc.a(_eqsf2.o)
                0x4000ef3c                __eqsf2
 *fill*         0x4000ef56        0x2 
 .text          0x4000ef58       0x1a c:/nburn/gcc-m68k/bin/../lib/gcc/m68k-unknown-elf/5.2.0/m54455\libgcc.a(_gtsf2.o)
                0x4000ef58                __gtsf2
 *fill*         0x4000ef72        0x2 
 .text          0x4000ef74       0x1a c:/nburn/gcc-m68k/bin/../lib/gcc/m68k-unknown-elf/5.2.0/m54455\libgcc.a(_gesf2.o)
                0x4000ef74                __gesf2
 *fill*         0x4000ef8e        0x2 
 .text          0x4000ef90       0x1a c:/nburn/gcc-m68k/bin/../lib/gcc/m68k-unknown-elf/5.2.0/m54455\libgcc.a(_ltsf2.o)
                0x4000ef90                __ltsf2
 *fill*         0x4000efaa        0x2 
 .text          0x4000efac       0x66 c:/nburn/gcc-m68k/bin/../lib/gcc/m68k-unknown-elf/5.2.0/m54455\libgcc.a(_muldi3.o)
                0x4000efac                __muldi3
 *fill*         0x4000f012        0x2 
 .text          0x4000f014       0x58 c:/nburn/gcc-m68k/bin/../lib/gcc/m68k-unknown-elf/5.2.0/m54455\libgcc.a(_fixunssfsi.o)
                0x4000f014                __fixunssfsi
 .text          0x4000f06c       0x76 c:/nburn/gcc-m68k/bin/../lib/gcc/m68k-unknown-elf/5.2.0/m54455\libgcc.a(_fixunsdfsi.o)
                0x4000f06c                __fixunsdfsi
 *fill*         0x4000f0e2        0x2 
 .text          0x4000f0e4       0x7a c:/nburn/gcc-m68k/bin/../lib/gcc/m68k-unknown-elf/5.2.0/m54455\libgcc.a(_fixunsdfdi.o)
                0x4000f0e4                __fixunsdfdi
 *fill*         0x4000f15e        0x2 
 .text          0x4000f160      0x3fe c:/nburn/gcc-m68k/bin/../lib/gcc/m68k-unknown-elf/5.2.0/m54455\libgcc.a(_udivdi3.o)
                0x4000f160                __udivdi3
 *fill*         0x4000f55e        0x2 
 .text          0x4000f560      0x372 c:/nburn/gcc-m68k/bin/../lib/gcc/m68k-unknown-elf/5.2.0/m54455\libgcc.a(_umoddi3.o)
                0x4000f560                __umoddi3
 *fill*         0x4000f8d2        0x2 
 .text          0x4000f8d4      0x442 c:/nburn/gcc-m68k/bin/../lib/gcc/m68k-unknown-elf/5.2.0/m54455\libgcc.a(fpgnulib.o)
                0x4000f8d4                __unordsf2
                0x4000f92c                __unorddf2
                0x4000f996                __floatunsidf
                0x4000f9fa                __floatsidf
                0x4000faa6                __floatunsisf
                0x4000fac0                __floatsisf
                0x4000fada                __extendsfdf2
                0x4000fb46                __truncdfsf2
                0x4000fc70                __fixdfsi
                0x4000fcfc                __fixsfsi
 *fill*         0x4000fd16        0x2 
 .text          0x4000fd18     0x21b4 c:/nburn/gcc-m68k/bin/../lib/gcc/m68k-unknown-elf/5.2.0/m54455\libgcc.a(unwind-dw2.o)
                0x400118f2                _Unwind_GetGR
                0x40011958                _Unwind_GetCFA
                0x40011968                _Unwind_SetGR
                0x400119d2                _Unwind_GetIP
                0x400119e2                _Unwind_GetIPInfo
                0x40011a02                _Unwind_SetIP
                0x40011a14                _Unwind_GetLanguageSpecificData
                0x40011a24                _Unwind_GetRegionStart
                0x40011a34                _Unwind_FindEnclosingFunction
                0x40011a5e                _Unwind_GetDataRelBase
                0x40011a6e                _Unwind_GetTextRelBase
                0x40011a7e                __frame_state_for
                0x40011b4a                _Unwind_RaiseException
                0x40011c64                _Unwind_ForcedUnwind
                0x40011cf8                _Unwind_Resume
                0x40011d8e                _Unwind_Resume_or_Rethrow
                0x40011e28                _Unwind_DeleteException
                0x40011e46                _Unwind_Backtrace
 .text          0x40011ecc     0x126e c:/nburn/gcc-m68k/bin/../lib/gcc/m68k-unknown-elf/5.2.0/m54455\libgcc.a(unwind-dw2-fde.o)
                0x40012d20                __register_frame_info_bases
                0x40012d68                __register_frame_info
                0x40012db0                __register_frame
                0x40012e08                __register_frame_info_table_bases
                0x40012e52                __register_frame_info_table
                0x40012e98                __register_frame_table
                0x40012ee8                __deregister_frame_info_bases
                0x40012fbe                __deregister_frame_info
                0x40012fc8                __deregister_frame
                0x40012fec                _Unwind_Find_FDE
 *fill*         0x4001313a        0x2 
 .text          0x4001313c       0x18 c:/nburn/gcc-m68k/bin/../m68k-unknown-elf/sysroot/lib/m54455\libc.a(lib_a-abort.o)
                0x4001313c                abort
 .text          0x40013154       0x18 c:/nburn/gcc-m68k/bin/../m68k-unknown-elf/sysroot/lib/m54455\libc.a(lib_a-atexit.o)
                0x40013154                atexit
 .text          0x4001316c       0x34 c:/nburn/gcc-m68k/bin/../m68k-unknown-elf/sysroot/lib/m54455\libc.a(lib_a-atoi.o)
                0x4001316c                atoi
                0x40013184                _atoi_r
 .text          0x400131a0       0x5c c:/nburn/gcc-m68k/bin/../m68k-unknown-elf/sysroot/lib/m54455\libc.a(lib_a-bsearch.o)
                0x400131a0                bsearch
 .text          0x400131fc       0x1e c:/nburn/gcc-m68k/bin/../m68k-unknown-elf/sysroot/lib/m54455\libc.a(lib_a-cxa_atexit.o)
                0x400131fc                __cxa_atexit
 *fill*         0x4001321a        0x2 
 .text          0x4001321c        0xe c:/nburn/gcc-m68k/bin/../m68k-unknown-elf/sysroot/lib/m54455\libc.a(lib_a-errno.o)
                0x4001321c                __errno
 *fill*         0x4001322a        0x2 
 .text          0x4001322c       0x5c c:/nburn/gcc-m68k/bin/../m68k-unknown-elf/sysroot/lib/m54455\libc.a(lib_a-fputc.o)
                0x4001322c                _fputc_r
                0x4001326e                fputc
 .text          0x40013288       0xa4 c:/nburn/gcc-m68k/bin/../m68k-unknown-elf/sysroot/lib/m54455\libc.a(lib_a-fputs.o)
                0x40013288                _fputs_r
                0x40013312                fputs
 .text          0x4001332c      0x366 c:/nburn/gcc-m68k/bin/../m68k-unknown-elf/sysroot/lib/m54455\libc.a(lib_a-fvwrite.o)
                0x4001332c                __sfvwrite_r
 *fill*         0x40013692        0x2 
 .text          0x40013694       0x1a c:/nburn/gcc-m68k/bin/../m68k-unknown-elf/sysroot/lib/m54455\libc.a(lib_a-isspace.o)
                0x40013694                isspace
 *fill*         0x400136ae        0x2 
 .text          0x400136b0       0x32 c:/nburn/gcc-m68k/bin/../m68k-unknown-elf/sysroot/lib/m54455\libc.a(lib_a-malloc.o)
                0x400136b0                malloc
                0x400136c8                free
 *fill*         0x400136e2        0x2 
 .text          0x400136e4      0x584 c:/nburn/gcc-m68k/bin/../m68k-unknown-elf/sysroot/lib/m54455\libc.a(lib_a-mallocr.o)
                0x400136e4                _malloc_r
 .text          0x40013c68       0x32 c:/nburn/gcc-m68k/bin/../m68k-unknown-elf/sysroot/lib/m54455\libc.a(lib_a-memchr.o)
                0x40013c68                memchr
 *fill*         0x40013c9a        0x2 
 .text          0x40013c9c       0x32 c:/nburn/gcc-m68k/bin/../m68k-unknown-elf/sysroot/lib/m54455\libc.a(lib_a-memcmp.o)
                0x40013c9c                memcmp
 *fill*         0x40013cce        0x2 
 .text          0x40013cd0       0x54 c:/nburn/gcc-m68k/bin/../m68k-unknown-elf/sysroot/lib/m54455\libc.a(lib_a-memmove.o)
                0x40013cd0                memmove
 .text          0x40013d24       0xa0 c:/nburn/gcc-m68k/bin/../m68k-unknown-elf/sysroot/lib/m54455\libc.a(lib_a-putc.o)
                0x40013d24                _putc_r
                0x40013daa                putc
 .text          0x40013dc4       0xac c:/nburn/gcc-m68k/bin/../m68k-unknown-elf/sysroot/lib/m54455\libc.a(lib_a-puts.o)
                0x40013dc4                _puts_r
                0x40013e5a                puts
 .text          0x40013e70       0x62 c:/nburn/gcc-m68k/bin/../m68k-unknown-elf/sysroot/lib/m54455\libc.a(lib_a-rand.o)
                0x40013e70                srand
                0x40013e88                rand
 *fill*         0x40013ed2        0x2 
 .text          0x40013ed4       0x1c c:/nburn/gcc-m68k/bin/../m68k-unknown-elf/sysroot/lib/m54455\libc.a(lib_a-realloc.o)
                0x40013ed4                realloc
 .text          0x40013ef0      0x456 c:/nburn/gcc-m68k/bin/../m68k-unknown-elf/sysroot/lib/m54455\libc.a(lib_a-reallocr.o)
                0x40013ef0                _realloc_r
 *fill*         0x40014346        0x2 
 .text          0x40014348      0x146 c:/nburn/gcc-m68k/bin/../m68k-unknown-elf/sysroot/lib/m54455\libc.a(lib_a-setvbuf.o)
                0x40014348                setvbuf
 *fill*         0x4001448e        0x2 
 .text          0x40014490      0x1ce c:/nburn/gcc-m68k/bin/../m68k-unknown-elf/sysroot/lib/m54455\libc.a(lib_a-signal.o)
                0x40014490                _init_signal_r
                0x400144d8                _signal_r
                0x40014524                _raise_r
                0x40014598                __sigtramp_r
                0x40014606                raise
                0x4001461c                signal
                0x40014636                _init_signal
                0x40014648                __sigtramp
 *fill*         0x4001465e        0x2 
 .text          0x40014660       0x3e c:/nburn/gcc-m68k/bin/../m68k-unknown-elf/sysroot/lib/m54455\libc.a(lib_a-signalr.o)
                0x40014660                _kill_r
                0x40014692                _getpid_r
 *fill*         0x4001469e        0x2 
 .text          0x400146a0       0x18 c:/nburn/gcc-m68k/bin/../m68k-unknown-elf/sysroot/lib/m54455\libc.a(lib_a-stpcpy.o)
                0x400146a0                stpcpy
 .text          0x400146b8       0x2e c:/nburn/gcc-m68k/bin/../m68k-unknown-elf/sysroot/lib/m54455\libc.a(lib_a-strcat.o)
                0x400146b8                strcat
 *fill*         0x400146e6        0x2 
 .text          0x400146e8       0x2e c:/nburn/gcc-m68k/bin/../m68k-unknown-elf/sysroot/lib/m54455\libc.a(lib_a-strcmp.o)
                0x400146e8                strcmp
 *fill*         0x40014716        0x2 
 .text          0x40014718       0x1c c:/nburn/gcc-m68k/bin/../m68k-unknown-elf/sysroot/lib/m54455\libc.a(lib_a-strcpy.o)
                0x40014718                strcpy
 .text          0x40014734       0x1a c:/nburn/gcc-m68k/bin/../m68k-unknown-elf/sysroot/lib/m54455\libc.a(lib_a-strlen.o)
                0x40014734                strlen
 *fill*         0x4001474e        0x2 
 .text          0x40014750       0x4e c:/nburn/gcc-m68k/bin/../m68k-unknown-elf/sysroot/lib/m54455\libc.a(lib_a-strncmp.o)
                0x40014750                strncmp
 *fill*         0x4001479e        0x2 
 .text          0x400147a0       0x30 c:/nburn/gcc-m68k/bin/../m68k-unknown-elf/sysroot/lib/m54455\libc.a(lib_a-strncpy.o)
                0x400147a0                strncpy
 .text          0x400147d0       0x4a c:/nburn/gcc-m68k/bin/../m68k-unknown-elf/sysroot/lib/m54455\libc.a(lib_a-strstr.o)
                0x400147d0                strstr
 *fill*         0x4001481a        0x2 
 .text          0x4001481c      0x16e c:/nburn/gcc-m68k/bin/../m68k-unknown-elf/sysroot/lib/m54455\libc.a(lib_a-strtol.o)
                0x4001481c                _strtol_r
                0x4001496c                strtol
 *fill*         0x4001498a        0x2 
 .text          0x4001498c       0x2a c:/nburn/gcc-m68k/bin/../m68k-unknown-elf/sysroot/lib/m54455\libc.a(lib_a-tolower.o)
                0x4001498c                tolower
 *fill*         0x400149b6        0x2 
 .text          0x400149b8       0x2a c:/nburn/gcc-m68k/bin/../m68k-unknown-elf/sysroot/lib/m54455\libc.a(lib_a-toupper.o)
                0x400149b8                toupper
 *fill*         0x400149e2        0x2 
 .text          0x400149e4       0xf4 c:/nburn/gcc-m68k/bin/../m68k-unknown-elf/sysroot/lib/m54455\libc.a(lib_a-wbuf.o)
                0x400149e4                __swbuf_r
                0x40014abe                __swbuf
 .text          0x40014ad8      0x116 c:/nburn/gcc-m68k/bin/../m68k-unknown-elf/sysroot/lib/m54455\libc.a(lib_a-wsetup.o)
                0x40014ad8                __swsetup_r
 *fill*         0x40014bee        0x2 
 .text          0x40014bf0       0xa0 c:/nburn/gcc-m68k/bin/../m68k-unknown-elf/sysroot/lib/m54455\libc.a(lib_a-__atexit.o)
                0x40014bf0                __register_exitproc
 .text          0x40014c90      0x204 c:/nburn/gcc-m68k/bin/../m68k-unknown-elf/sysroot/lib/m54455\libc.a(lib_a-fflush.o)
                0x40014c90                __sflush_r
                0x40014e18                _fflush_r
                0x40014e66                fflush
 .text          0x40014e94      0x28c c:/nburn/gcc-m68k/bin/../m68k-unknown-elf/sysroot/lib/m54455\libc.a(lib_a-findfp.o)
                0x40014e9e                _cleanup_r
                0x40014f3a                __sfmoreglue
                0x40014f96                _cleanup
                0x40014faa                __sinit
                0x4001501a                __sfp
                0x400150cc                __sfp_lock_acquire
                0x400150d4                __sfp_lock_release
                0x400150dc                __sinit_lock_acquire
                0x400150e4                __sinit_lock_release
                0x400150ec                __fp_lock_all
                0x40015106                __fp_unlock_all
 .text          0x40015120      0x2ec c:/nburn/gcc-m68k/bin/../m68k-unknown-elf/sysroot/lib/m54455\libc.a(lib_a-freer.o)
                0x40015120                _malloc_trim_r
                0x400151f4                _free_r
 .text          0x4001540c       0xb4 c:/nburn/gcc-m68k/bin/../m68k-unknown-elf/sysroot/lib/m54455\libc.a(lib_a-fwalk.o)
                0x4001540c                _fwalk
                0x40015464                _fwalk_reent
 .text          0x400154c0      0x152 c:/nburn/gcc-m68k/bin/../m68k-unknown-elf/sysroot/lib/m54455\libc.a(lib_a-makebuf.o)
                0x400154c0                __smakebuf_r
 *fill*         0x40015612        0x2 
 .text          0x40015614      0x126 c:/nburn/gcc-m68k/bin/../m68k-unknown-elf/sysroot/lib/m54455\libc.a(lib_a-stdio.o)
                0x40015614                __sread
                0x40015658                __seofread
                0x40015662                __swrite
                0x400156ce                __sseek
                0x40015722                __sclose
 *fill*         0x4001573a        0x2 
 .text          0x4001573c       0x38 c:/nburn/gcc-m68k/bin/../m68k-unknown-elf/sysroot/lib/m54455\libc.a(lib_a-writer.o)
                0x4001573c                _write_r
 .text          0x40015774       0x2e c:/nburn/gcc-m68k/bin/../m68k-unknown-elf/sysroot/lib/m54455\libc.a(lib_a-closer.o)
                0x40015774                _close_r
 *fill*         0x400157a2        0x2 
 .text          0x400157a4       0xe2 c:/nburn/gcc-m68k/bin/../m68k-unknown-elf/sysroot/lib/m54455\libc.a(lib_a-fclose.o)
                0x400157a4                _fclose_r
                0x40015870                fclose
 *fill*         0x40015886        0x2 
 .text          0x40015888       0x32 c:/nburn/gcc-m68k/bin/../m68k-unknown-elf/sysroot/lib/m54455\libc.a(lib_a-fstatr.o)
                0x40015888                _fstat_r
 *fill*         0x400158ba        0x2 
 .text          0x400158bc       0x2e c:/nburn/gcc-m68k/bin/../m68k-unknown-elf/sysroot/lib/m54455\libc.a(lib_a-isattyr.o)
                0x400158bc                _isatty_r
 *fill*         0x400158ea        0x2 
 .text          0x400158ec       0x38 c:/nburn/gcc-m68k/bin/../m68k-unknown-elf/sysroot/lib/m54455\libc.a(lib_a-lseekr.o)
                0x400158ec                _lseek_r
 .text          0x40015924       0x38 c:/nburn/gcc-m68k/bin/../m68k-unknown-elf/sysroot/lib/m54455\libc.a(lib_a-readr.o)
                0x40015924                _read_r
 .text          0x4001595c       0x32 c:/nburn/gcc-m68k/bin/../lib/gcc/m68k-unknown-elf/5.2.0/m54455/crtend.o
                0x40015990                . = ALIGN (0x10)
 *fill*         0x4001598e        0x2 
 *(.text.*)
 .text._Z9LCDUpdatePv
                0x40015990      0x1ba main.o
                0x40015990                _Z9LCDUpdatePv
 *fill*         0x40015b4a        0x2 
 .text._Z5DrivePv
                0x40015b4c      0x1c0 main.o
                0x40015b4c                _Z5DrivePv
 .text._Z15CheckNVSettingsv
                0x40015d0c      0x1bc main.o
                0x40015d0c                _Z15CheckNVSettingsv
 .text._Z13getGlobalTimev
                0x40015ec8       0xc4 main.o
                0x40015ec8                _Z13getGlobalTimev
 .text._Z4initv
                0x40015f8c      0x20e main.o
                0x40015f8c                _Z4initv
 *fill*         0x4001619a        0x2 
 .text.UserMain
                0x4001619c      0x100 main.o
                0x4001619c                UserMain
 .text.startup._GLOBAL__sub_I_MainTaskSem
                0x4001629c       0xfc main.o
 .text._ZN7Utility4modeEv
                0x40016398       0x32 Utility.o
                0x40016398                _ZN7Utility4modeEv
 *fill*         0x400163ca        0x2 
 .text._ZN7Utility7odoToMMEm
                0x400163cc       0x12 Utility.o
                0x400163cc                _ZN7Utility7odoToMMEm
 *fill*         0x400163de        0x2 
 .text._ZN7Utility10degreeWrapEf
                0x400163e0       0x90 Utility.o
                0x400163e0                _ZN7Utility10degreeWrapEf
 .text._ZN7Utility9switchValEi
                0x40016470       0x26 Utility.o
                0x40016470                _ZN7Utility9switchValEi
 *fill*         0x40016496        0x2 
 .text._ZN7Utility10Zto360WrapEi
                0x40016498       0x26 Utility.o
                0x40016498                _ZN7Utility10Zto360WrapEi
 *fill*         0x400164be        0x2 
 .text._ZN8Profiler3ticEi
                0x400164c0       0x5e Profiler.o
                0x400164c0                _ZN8Profiler3ticEi
 *fill*         0x4001651e        0x2 
 .text._ZN8Profiler3tocEi
                0x40016520       0xfc Profiler.o
                0x40016520                _ZN8Profiler3tocEi
 .text._ZN4PathD2Ev
                0x4001661c       0x28 Path.o
                0x4001661c                _ZN4PathD2Ev
                0x4001661c                _ZN4PathD1Ev
 .text._ZN4PathD0Ev
                0x40016644       0x3a Path.o
                0x40016644                _ZN4PathD0Ev
 *fill*         0x4001667e        0x2 
 .text._ZN4PathC2Ev
                0x40016680       0x1e Path.o
                0x40016680                _ZN4PathC2Ev
                0x40016680                _ZN4PathC1Ev
 *fill*         0x4001669e        0x2 
 .text._ZN3NavC2Ev
                0x400166a0       0x6e Nav.o
                0x400166a0                _ZN3NavC2Ev
                0x400166a0                _ZN3NavC1Ev
 *fill*         0x4001670e        0x2 
 .text._ZN3Nav4getXEv
                0x40016710       0x10 Nav.o
                0x40016710                _ZN3Nav4getXEv
 .text._ZN3Nav4getYEv
                0x40016720       0x10 Nav.o
                0x40016720                _ZN3Nav4getYEv
 .text._ZN3Nav10getHeadDesEv
                0x40016730       0x10 Nav.o
                0x40016730                _ZN3Nav10getHeadDesEv
 .text._ZN3Nav4getVEv
                0x40016740       0x10 Nav.o
                0x40016740                _ZN3Nav4getVEv
 .text._ZN3Nav10isFinishedEv
                0x40016750       0x10 Nav.o
                0x40016750                _ZN3Nav10isFinishedEv
 .text._ZN3Nav12headingSteerEv
                0x40016760       0xca Nav.o
                0x40016760                _ZN3Nav12headingSteerEv
 *fill*         0x4001682a        0x2 
 .text._ZN3Nav8getSteerEv
                0x4001682c       0x2a Nav.o
                0x4001682c                _ZN3Nav8getSteerEv
 *fill*         0x40016856        0x2 
 .text._ZN3Nav19waypointFinishCheckEf
                0x40016858       0xee Nav.o
                0x40016858                _ZN3Nav19waypointFinishCheckEf
 *fill*         0x40016946        0x2 
 .text._ZN3Nav12brakeAndZeroEfff
                0x40016948       0xfa Nav.o
                0x40016948                _ZN3Nav12brakeAndZeroEfff
 *fill*         0x40016a42        0x2 
 .text._ZN3Nav17moveUntilFinishedEff
                0x40016a44      0x22e Nav.o
                0x40016a44                _ZN3Nav17moveUntilFinishedEff
 *fill*         0x40016c72        0x2 
 .text._ZN3Nav11getThrottleEv
                0x40016c74       0x40 Nav.o
                0x40016c74                _ZN3Nav11getThrottleEv
 .text._ZN3Nav17closestFreeSectorEiii
                0x40016cb4      0x108 Nav.o
                0x40016cb4                _ZN3Nav17closestFreeSectorEiii
 .text._ZN3Nav16updateConcernLvlEv
                0x40016dbc      0x108 Nav.o
                0x40016dbc                _ZN3Nav16updateConcernLvlEv
 .text._ZN3Nav13cocHDesAdjustEv
                0x40016ec4      0x178 Nav.o
                0x40016ec4                _ZN3Nav13cocHDesAdjustEv
 .text._ZN3Nav9navUpdateEv
                0x4001703c      0x4f2 Nav.o
                0x4001703c                _ZN3Nav9navUpdateEv
 *fill*         0x4001752e        0x2 
 .text._ZN3NavD2Ev
                0x40017530       0x26 Nav.o
                0x40017530                _ZN3NavD1Ev
                0x40017530                _ZN3NavD2Ev
 *fill*         0x40017556        0x2 
 .text._ZN3NavD0Ev
                0x40017558       0x36 Nav.o
                0x40017558                _ZN3NavD0Ev
 *fill*         0x4001758e        0x2 
 .text._ZN3Map14OccGridEditObj9GetExtentERPmS2_
                0x40017590       0x24 Map.o
                0x40017590                _ZN3Map14OccGridEditObj9GetExtentERPmS2_
 .text._ZN3Map14OccGridInitObj9GetExtentERPmS2_
                0x400175b4       0x24 Map.o
                0x400175b4                _ZN3Map14OccGridInitObj9GetExtentERPmS2_
 .text._ZN3MapD2Ev
                0x400175d8        0x8 Map.o
                0x400175d8                _ZN3MapD2Ev
                0x400175d8                _ZN3MapD1Ev
 .text._ZN3MapD0Ev
                0x400175e0       0x1c Map.o
                0x400175e0                _ZN3MapD0Ev
 .text._ZN3Map14OccGridEditObj8BuildOneEv
                0x400175fc       0xf6 Map.o
                0x400175fc                _ZN3Map14OccGridEditObj8BuildOneEv
 *fill*         0x400176f2        0x2 
 .text._ZN3Map14OccGridInitObj8BuildOneEv
                0x400176f4      0x114 Map.o
                0x400176f4                _ZN3Map14OccGridInitObj8BuildOneEv
 .text._ZN3MapC2Ev
                0x40017808      0x29e Map.o
                0x40017808                _ZN3MapC2Ev
                0x40017808                _ZN3MapC1Ev
 *fill*         0x40017aa6        0x2 
 .text._ZN13MainLogObject9GetExtentERPmS1_
                0x40017aa8       0x24 Logger.o
                0x40017aa8                _ZN13MainLogObject9GetExtentERPmS1_
 .text._ZN13SpLidarLogObj9GetExtentERPmS1_
                0x40017acc       0x24 Logger.o
                0x40017acc                _ZN13SpLidarLogObj9GetExtentERPmS1_
 .text._ZN12CircleLogObj9GetExtentERPmS1_
                0x40017af0       0x24 Logger.o
                0x40017af0                _ZN12CircleLogObj9GetExtentERPmS1_
 .text._ZN9SegLogObj9GetExtentERPmS1_
                0x40017b14       0x24 Logger.o
                0x40017b14                _ZN9SegLogObj9GetExtentERPmS1_
 .text._ZN6Logger7logLoopEPv
                0x40017b38      0x154 Logger.o
                0x40017b38                _ZN6Logger7logLoopEPv
 .text._ZN13SpLidarLogObj8BuildOneEv
                0x40017c8c       0xa0 Logger.o
                0x40017c8c                _ZN13SpLidarLogObj8BuildOneEv
 .text._ZN12CircleLogObj8BuildOneEv
                0x40017d2c       0xfe Logger.o
                0x40017d2c                _ZN12CircleLogObj8BuildOneEv
 *fill*         0x40017e2a        0x2 
 .text._ZN9SegLogObj8BuildOneEv
                0x40017e2c      0x12a Logger.o
                0x40017e2c                _ZN9SegLogObj8BuildOneEv
 *fill*         0x40017f56        0x2 
 .text._ZN13MainLogObject8BuildOneEv
                0x40017f58      0x198 Logger.o
                0x40017f58                _ZN13MainLogObject8BuildOneEv
 .text._ZN13MainLogObjectC2Ev
                0x400180f0      0x20e Logger.o
                0x400180f0                _ZN13MainLogObjectC2Ev
                0x400180f0                _ZN13MainLogObjectC1Ev
 *fill*         0x400182fe        0x2 
 .text._ZN13SpLidarLogObjC2Ev
                0x40018300       0xc4 Logger.o
                0x40018300                _ZN13SpLidarLogObjC2Ev
                0x40018300                _ZN13SpLidarLogObjC1Ev
 .text._ZN12CircleLogObjC2Ev
                0x400183c4      0x150 Logger.o
                0x400183c4                _ZN12CircleLogObjC2Ev
                0x400183c4                _ZN12CircleLogObjC1Ev
 .text._ZN9SegLogObjC2Ev
                0x40018514      0x192 Logger.o
                0x40018514                _ZN9SegLogObjC1Ev
                0x40018514                _ZN9SegLogObjC2Ev
 *fill*         0x400186a6        0x2 
 .text._ZN6Logger8logBeginEv
                0x400186a8       0x3a Logger.o
                0x400186a8                _ZN6Logger8logBeginEv
 *fill*         0x400186e2        0x2 
 .text.startup._GLOBAL__sub_I_mainLog
                0x400186e4       0x40 Logger.o
 .text._Z13setupFastMathv
                0x40018724       0xdc FastMath.o
                0x40018724                _Z13setupFastMathv
 .text._Z7fastsinf
                0x40018800       0xc2 FastMath.o
                0x40018800                _Z7fastsinf
 *fill*         0x400188c2        0x2 
 .text._Z7fastcosf
                0x400188c4       0xce FastMath.o
                0x400188c4                _Z7fastcosf
 *fill*         0x40018992        0x2 
 .text._Z11CoreRcTimeri
                0x40018994       0xfa Drivers\servodrive.o
                0x40018994                _Z11CoreRcTimeri
 *fill*         0x40018a8e        0x2 
 .text._Z12fake_Ch0_ISRv
                0x40018a90       0x54 Drivers\servodrive.o
                0x40018a90                _Z12fake_Ch0_ISRv
                0x40018a94                Ch0_ISR
 .text.real_Ch0_ISR
                0x40018ae4       0x16 Drivers\servodrive.o
                0x40018ae4                real_Ch0_ISR
 *fill*         0x40018afa        0x2 
 .text._Z12fake_Ch1_ISRv
                0x40018afc       0x54 Drivers\servodrive.o
                0x40018afc                _Z12fake_Ch1_ISRv
                0x40018b00                Ch1_ISR
 .text.real_Ch1_ISR
                0x40018b50       0x18 Drivers\servodrive.o
                0x40018b50                real_Ch1_ISR
 .text._Z14ServoDriveInitv
                0x40018b68      0x16e Drivers\servodrive.o
                0x40018b68                _Z14ServoDriveInitv
 *fill*         0x40018cd6        0x2 
 .text._Z11SetServoPosid
                0x40018cd8      0x134 Drivers\servodrive.o
                0x40018cd8                _Z11SetServoPosid
 .text._Z11SetServoRawii
                0x40018e0c       0xc2 Drivers\servodrive.o
                0x40018e0c                _Z11SetServoRawii
 *fill*         0x40018ece        0x2 
 .text._Z11getServoPosi
                0x40018ed0       0x1c Drivers\servodrive.o
                0x40018ed0                _Z11getServoPosi
 .text._Z14PinFunctionPWMi
                0x40018eec      0x11a Drivers\pwm.o
                0x40018eec                _Z14PinFunctionPWMi
 *fill*         0x40019006        0x2 
 .text._Z18CheckLoadOkayClearv
                0x40019008       0x7c Drivers\pwm.o
                0x40019008                _Z18CheckLoadOkayClearv
 .text._Z19RegisterDefinitionsih
                0x40019084       0x9a Drivers\pwm.o
                0x40019084                _Z19RegisterDefinitionsih
 *fill*         0x4001911e        0x2 
 .text._Z14EdgeAlignedPWMiii
                0x40019120      0x408 Drivers\pwm.o
                0x40019120                _Z14EdgeAlignedPWMiii
 .text._Z6PinPWMiid
                0x40019528       0x86 Drivers\pwm.o
                0x40019528                _Z6PinPWMiid
 *fill*         0x400195ae        0x2 
 .text._Z22BuildOrFindDescriptionPKc
                0x400195b0       0xa2 Drivers\introspec.o
                0x400195b0                _Z22BuildOrFindDescriptionPKc
 *fill*         0x40019652        0x2 
 .text._ZN15IntrospecObjectC2EPKc
                0x40019654       0x1c Drivers\introspec.o
                0x40019654                _ZN15IntrospecObjectC1EPKc
                0x40019654                _ZN15IntrospecObjectC2EPKc
 .text._Z14LogEscapedByteh
                0x40019670       0x72 Drivers\introspec.o
                0x40019670                _Z14LogEscapedByteh
 *fill*         0x400196e2        0x2 
 .text._Z10LogRawByteh
                0x400196e4       0x58 Drivers\introspec.o
                0x400196e4                _Z10LogRawByteh
 .text._Z8LogRaw32m
                0x4001973c      0x130 Drivers\introspec.o
                0x4001973c                _Z8LogRaw32m
 .text._ZN15IntrospecObject7ElementEPvmPKcc
                0x4001986c       0x94 Drivers\introspec.o
                0x4001986c                _ZN15IntrospecObject7ElementEPvmPKcc
 .text._ZN15IntrospecObject12LogStructureEv
                0x40019900       0x98 Drivers\introspec.o
                0x40019900                _ZN15IntrospecObject12LogStructureEv
 .text._ZN15IntrospecObject3LogEb
                0x40019998      0x136 Drivers\introspec.o
                0x40019998                _ZN15IntrospecObject3LogEb
 *fill*         0x40019ace        0x2 
 .text._Z10LogMessagePKcb
                0x40019ad0       0x84 Drivers\introspec.o
                0x40019ad0                _Z10LogMessagePKcb
 .text._Z12WriteLogToFdi
                0x40019b54       0xf0 Drivers\introspec.o
                0x40019b54                _Z12WriteLogToFdi
 .text._Z10GetLogSizev
                0x40019c44       0x80 Drivers\introspec.o
                0x40019c44                _Z10GetLogSizev
 .text._Z10InitLogFtpi
                0x40019cc4       0x20 Drivers\introspec.o
                0x40019cc4                _Z10InitLogFtpi
 .text._Z22FTPD_GetFileFromClientPKcS0_Pvi
                0x40019ce4        0xa Drivers\introspec.o
                0x40019ce4                _Z22FTPD_GetFileFromClientPKcS0_Pvi
 *fill*         0x40019cee        0x2 
 .text._Z21FTPD_AbleToCreateFilePKcS0_Pv
                0x40019cf0        0xa Drivers\introspec.o
                0x40019cf0                _Z21FTPD_AbleToCreateFilePKcS0_Pv
 *fill*         0x40019cfa        0x2 
 .text._Z16FTPDSessionStartPKcS0_7IPADDR4
                0x40019cfc        0xa Drivers\introspec.o
                0x40019cfc                _Z16FTPDSessionStartPKcS0_7IPADDR4
 *fill*         0x40019d06        0x2 
 .text._Z14FTPDSessionEndPv
                0x40019d08        0x8 Drivers\introspec.o
                0x40019d08                _Z14FTPDSessionEndPv
 .text._Z23FTPD_ListSubDirectoriesPKcPvPFviS0_Ei
                0x40019d10        0xa Drivers\introspec.o
                0x40019d10                _Z23FTPD_ListSubDirectoriesPKcPvPFviS0_Ei
 *fill*         0x40019d1a        0x2 
 .text._Z20FTPD_DirectoryExistsPKcPv
                0x40019d1c        0xa Drivers\introspec.o
                0x40019d1c                _Z20FTPD_DirectoryExistsPKcPv
 *fill*         0x40019d26        0x2 
 .text._Z23FTPD_CreateSubDirectoryPKcS0_Pv
                0x40019d28        0xa Drivers\introspec.o
                0x40019d28                _Z23FTPD_CreateSubDirectoryPKcS0_Pv
 *fill*         0x40019d32        0x2 
 .text._Z23FTPD_DeleteSubDirectoryPKcS0_Pv
                0x40019d34        0xa Drivers\introspec.o
                0x40019d34                _Z23FTPD_DeleteSubDirectoryPKcS0_Pv
 *fill*         0x40019d3e        0x2 
 .text._Z15FTPD_DeleteFilePKcS0_Pv
                0x40019d40       0x60 Drivers\introspec.o
                0x40019d40                _Z15FTPD_DeleteFilePKcS0_Pv
 .text._Z11FTPD_RenamePKcS0_S0_Pv
                0x40019da0        0xa Drivers\introspec.o
                0x40019da0                _Z11FTPD_RenamePKcS0_S0_Pv
 *fill*         0x40019daa        0x2 
 .text._Z16FTPD_GetFileSizePKcS0_
                0x40019dac        0xa Drivers\introspec.o
                0x40019dac                _Z16FTPD_GetFileSizePKcS0_
 *fill*         0x40019db6        0x2 
 .text._Z12getdirstringPKclPc
                0x40019db8       0xac Drivers\introspec.o
                0x40019db8                _Z12getdirstringPKclPc
 .text._Z13FTPD_ListFilePKcPvPFviS0_Ei
                0x40019e64       0x5e Drivers\introspec.o
                0x40019e64                _Z13FTPD_ListFilePKcPvPFviS0_Ei
 *fill*         0x40019ec2        0x2 
 .text._Z21FTPD_SendFileToClientPKcS0_Pvi
                0x40019ec4       0x78 Drivers\introspec.o
                0x40019ec4                _Z21FTPD_SendFileToClientPKcS0_Pvi
 .text._Z15FTPD_FileExistsPKcS0_Pv
                0x40019f3c        0xa Drivers\introspec.o
                0x40019f3c                _Z15FTPD_FileExistsPKcS0_Pv
 *fill*         0x40019f46        0x2 
 .text._ZN7FileLogC2EPKc
                0x40019f48       0x20 Drivers\introspec.o
                0x40019f48                _ZN7FileLogC2EPKc
                0x40019f48                _ZN7FileLogC1EPKc
 .text._Z15LogFileVersionsv
                0x40019f68       0x5e Drivers\introspec.o
                0x40019f68                _Z15LogFileVersionsv
 *fill*         0x40019fc6        0x2 
 .text.startup._GLOBAL__sub_I__ZN15IntrospecObject7bShowMeE
                0x40019fc8       0x44 Drivers\introspec.o
 .text._Z15RC_ProcessCharsih
                0x4001a00c       0xe6 Drivers\dsm2.o
                0x4001a00c                _Z15RC_ProcessCharsih
 *fill*         0x4001a0f2        0x2 
 .text._Z10InitDSM2Rxi
                0x4001a0f4       0x52 Drivers\dsm2.o
                0x4001a0f4                _Z10InitDSM2Rxi
 *fill*         0x4001a146        0x2 
 .text._ZN13SpinningLidar17SpinningLidarInitEv
                0x4001a148       0x34 Drivers\SpinningLidar.o
                0x4001a148                _ZN13SpinningLidar17SpinningLidarInitEv
 .text._ZN13SpinningLidar11checkHealthEi
                0x4001a17c       0xe6 Drivers\SpinningLidar.o
                0x4001a17c                _ZN13SpinningLidar11checkHealthEi
 *fill*         0x4001a262        0x2 
 .text._ZN13SpinningLidar9hardResetEi
                0x4001a264       0x46 Drivers\SpinningLidar.o
                0x4001a264                _ZN13SpinningLidar9hardResetEi
 *fill*         0x4001a2aa        0x2 
 .text._ZN13SpinningLidar9startScanEi
                0x4001a2ac       0x78 Drivers\SpinningLidar.o
                0x4001a2ac                _ZN13SpinningLidar9startScanEi
 .text._ZN13SpinningLidar11processCharEih
                0x4001a324      0x132 Drivers\SpinningLidar.o
                0x4001a324                _ZN13SpinningLidar11processCharEih
 *fill*         0x4001a456        0x2 
 .text._ZN13SpinningLidar9LidarTaskEPv
                0x4001a458      0x286 Drivers\SpinningLidar.o
                0x4001a458                _ZN13SpinningLidar9LidarTaskEPv
 *fill*         0x4001a6de        0x2 
 .text._ZN8OdometerD2Ev
                0x4001a6e0        0x8 Drivers\Odometer.o
                0x4001a6e0                _ZN8OdometerD2Ev
                0x4001a6e0                _ZN8OdometerD1Ev
 .text._ZN8Odometer6OdoIrqEv
                0x4001a6e8       0x16 Drivers\Odometer.o
                0x4001a6e8                _ZN8Odometer6OdoIrqEv
 *fill*         0x4001a6fe        0x2 
 .text._ZN8OdometerD0Ev
                0x4001a700       0x1c Drivers\Odometer.o
                0x4001a700                _ZN8OdometerD0Ev
 .text._ZN8OdometerC2Ev
                0x4001a71c       0x12 Drivers\Odometer.o
                0x4001a71c                _ZN8OdometerC1Ev
                0x4001a71c                _ZN8OdometerC2Ev
 *fill*         0x4001a72e        0x2 
 .text._ZN8OdometerC2Ei
                0x4001a730       0x52 Drivers\Odometer.o
                0x4001a730                _ZN8OdometerC1Ei
                0x4001a730                _ZN8OdometerC2Ei
 *fill*         0x4001a782        0x2 
 .text._ZN8Odometer8getCountEv
                0x4001a784        0xe Drivers\Odometer.o
                0x4001a784                _ZN8Odometer8getCountEv
 .text._ZN5Madge24MadgwickQuaternionUpdateEfffffffff
                0x4001a792      0xde8 Drivers\MadgwickFilter.o
                0x4001a792                _ZN5Madge24MadgwickQuaternionUpdateEfffffffff
 *fill*         0x4001b57a        0x2 
 .text._ZN7MPU9250C2Eh
                0x4001b57c       0x62 Drivers\MPU9250.o
                0x4001b57c                _ZN7MPU9250C1Eh
                0x4001b57c                _ZN7MPU9250C2Eh
 *fill*         0x4001b5de        0x2 
 .text._ZN7MPU92507getMresEh
                0x4001b5e0       0x4e Drivers\MPU9250.o
                0x4001b5e0                _ZN7MPU92507getMresEh
 *fill*         0x4001b62e        0x2 
 .text._ZN7MPU92507getGresEh
                0x4001b630       0x7e Drivers\MPU9250.o
                0x4001b630                _ZN7MPU92507getGresEh
 *fill*         0x4001b6ae        0x2 
 .text._ZN7MPU92507getAresEh
                0x4001b6b0       0x7e Drivers\MPU9250.o
                0x4001b6b0                _ZN7MPU92507getAresEh
 *fill*         0x4001b72e        0x2 
 .text._ZN7MPU925018I2CWriteReadBufferEhhPhi
                0x4001b730       0xb0 Drivers\MPU9250.o
                0x4001b730                _ZN7MPU925018I2CWriteReadBufferEhhPhi
 .text._ZN7MPU925011initMPU9250Ehh
                0x4001b7e0      0x1f8 Drivers\MPU9250.o
                0x4001b7e0                _ZN7MPU925011initMPU9250Ehh
 .text._ZN7MPU925015readMPU9250DataEPs
                0x4001b9d8       0xfa Drivers\MPU9250.o
                0x4001b9d8                _ZN7MPU925015readMPU9250DataEPs
 *fill*         0x4001bad2        0x2 
 .text._ZN7MPU925011readMagDataEPs
                0x4001bad4       0x72 Drivers\MPU9250.o
                0x4001bad4                _ZN7MPU925011readMagDataEPs
 *fill*         0x4001bb46        0x2 
 .text._ZN7MPU925013magcalMPU9250EPfS0_
                0x4001bb48      0x332 Drivers\MPU9250.o
                0x4001bb48                _ZN7MPU925013magcalMPU9250EPfS0_
 *fill*         0x4001be7a        0x2 
 .text._ZN7MPU925010initAK8963EhhPf
                0x4001be7c      0x1ea Drivers\MPU9250.o
                0x4001be7c                _ZN7MPU925010initAK8963EhhPf
 *fill*         0x4001c066        0x2 
 .text._ZN7MPU925016calibrateMPU9250EPfS0_
                0x4001c068      0x81e Drivers\MPU9250.o
                0x4001c068                _ZN7MPU925016calibrateMPU9250EPfS0_
 *fill*         0x4001c886        0x2 
 .text._ZN7MPU92508SelfTestEPf
                0x4001c888      0x8cc Drivers\MPU9250.o
                0x4001c888                _ZN7MPU92508SelfTestEPf
 .text._ZN7MPU92508readByteEhh
                0x4001d154       0x2e Drivers\MPU9250.o
                0x4001d154                _ZN7MPU92508readByteEhh
 *fill*         0x4001d182        0x2 
 .text._ZN7MPU9250C2Ev
                0x4001d184        0x8 Drivers\MPU9250.o
                0x4001d184                _ZN7MPU9250C2Ev
                0x4001d184                _ZN7MPU9250C1Ev
 .text._Z22getGlobalTimerOverflowv
                0x4001d18c        0xe Drivers\LidarPWM.o
                0x4001d18c                _Z22getGlobalTimerOverflowv
 *fill*         0x4001d19a        0x2 
 .text._Z19fake_LIDAR_ISR_LEFTv
                0x4001d19c       0x54 Drivers\LidarPWM.o
                0x4001d19c                _Z19fake_LIDAR_ISR_LEFTv
                0x4001d1a0                LIDAR_ISR_LEFT
 .text.real_LIDAR_ISR_LEFT
                0x4001d1f0       0x90 Drivers\LidarPWM.o
                0x4001d1f0                real_LIDAR_ISR_LEFT
 .text._Z20fake_LIDAR_ISR_RIGHTv
                0x4001d280       0x54 Drivers\LidarPWM.o
                0x4001d280                _Z20fake_LIDAR_ISR_RIGHTv
                0x4001d284                LIDAR_ISR_RIGHT
 .text.real_LIDAR_ISR_RIGHT
                0x4001d2d4       0xc4 Drivers\LidarPWM.o
                0x4001d2d4                real_LIDAR_ISR_RIGHT
 .text._Z15GlobalTimerIniti
                0x4001d398       0x80 Drivers\LidarPWM.o
                0x4001d398                _Z15GlobalTimerIniti
 .text._Z12LidarPWMInitv
                0x4001d418       0x6a Drivers\LidarPWM.o
                0x4001d418                _Z12LidarPWMInitv
 *fill*         0x4001d482        0x2 
 .text._Z12getLeftLidarv
                0x4001d484       0x46 Drivers\LidarPWM.o
                0x4001d484                _Z12getLeftLidarv
 *fill*         0x4001d4ca        0x2 
 .text._Z13getRightLidarv
                0x4001d4cc       0x46 Drivers\LidarPWM.o
                0x4001d4cc                _Z13getRightLidarv
 *fill*         0x4001d512        0x2 
 .text._ZN3LCDD2Ev
                0x4001d514        0x8 Drivers\LCD.o
                0x4001d514                _ZN3LCDD2Ev
                0x4001d514                _ZN3LCDD1Ev
 .text._ZN3LCDD0Ev
                0x4001d51c       0x1c Drivers\LCD.o
                0x4001d51c                _ZN3LCDD0Ev
 .text._ZN3LCDC2Ev
                0x4001d538       0x16 Drivers\LCD.o
                0x4001d538                _ZN3LCDC1Ev
                0x4001d538                _ZN3LCDC2Ev
 *fill*         0x4001d54e        0x2 
 .text._ZN3LCDC2Eii
                0x4001d550       0x3c Drivers\LCD.o
                0x4001d550                _ZN3LCDC1Eii
                0x4001d550                _ZN3LCDC2Eii
 .text._ZN3LCD5clearEv
                0x4001d58c       0x7c Drivers\LCD.o
                0x4001d58c                _ZN3LCD5clearEv
 .text._ZN3LCD5printEPKc
                0x4001d608       0x1a Drivers\LCD.o
                0x4001d608                _ZN3LCD5printEPKc
 *fill*         0x4001d622        0x2 
 .text._ZN3LCD5printEPKci
                0x4001d624       0x1a Drivers\LCD.o
                0x4001d624                _ZN3LCD5printEPKci
 *fill*         0x4001d63e        0x2 
 .text._Z13IMUSampleLoopPv
                0x4001d640      0xaae Drivers\IMUSetupAndSample.o
                0x4001d640                _Z13IMUSampleLoopPv
 *fill*         0x4001e0ee        0x2 
 .text._Z15CalibAccAndGyrov
                0x4001e0f0      0x216 Drivers\IMUSetupAndSample.o
                0x4001e0f0                _Z15CalibAccAndGyrov
 *fill*         0x4001e306        0x2 
 .text._Z9unclodI2Cv
                0x4001e308       0xf0 Drivers\IMUSetupAndSample.o
                0x4001e308                _Z9unclodI2Cv
 .text._Z11whoAmICheckv
                0x4001e3f8       0x80 Drivers\IMUSetupAndSample.o
                0x4001e3f8                _Z11whoAmICheckv
 .text._Z8IMUSetupv
                0x4001e478      0x3aa Drivers\IMUSetupAndSample.o
                0x4001e478                _Z8IMUSetupv
 *fill*         0x4001e822        0x2 
 .text._Z6IMURunv
                0x4001e824       0x34 Drivers\IMUSetupAndSample.o
                0x4001e824                _Z6IMURunv
 .text._Z10getHeadingv
                0x4001e858       0x28 Drivers\IMUSetupAndSample.o
                0x4001e858                _Z10getHeadingv
 .text._Z11zeroHeadingv
                0x4001e880       0x14 Drivers\IMUSetupAndSample.o
                0x4001e880                _Z11zeroHeadingv
 .text.startup._GLOBAL__sub_I_globalTimer
                0x4001e894       0x92 Drivers\IMUSetupAndSample.o
 *fill*         0x4001e926        0x2 
 .text._Z14DoHtmlFunctioniPKct
                0x4001e928        0xa htmldata.o
                0x4001e928                _Z14DoHtmlFunctioniPKct
 *fill*         0x4001e932        0x2 
 .text._Z14DoHtmlVariableit
                0x4001e934        0xa htmldata.o
                0x4001e934                _Z14DoHtmlVariableit
 *fill*         0x4001e93e        0x2 
 .text.__tcf_0  0x4001e940       0x38 C:\Nburn/lib/NANO54415.a(serial.o)
 .text._Z11BaseGetChari
                0x4001e978       0xac C:\Nburn/lib/NANO54415.a(serial.o)
                0x4001e978                _Z11BaseGetChari
 .text._Z14InitializeMapsv.part.1
                0x4001ea24       0x76 C:\Nburn/lib/NANO54415.a(serial.o)
 *fill*         0x4001ea9a        0x2 
 .text._Z6WakeTxi
                0x4001ea9c       0x8c C:\Nburn/lib/NANO54415.a(serial.o)
                0x4001ea9c                _Z6WakeTxi
 .text._Z11BasePutCharih
                0x4001eb28       0xf0 C:\Nburn/lib/NANO54415.a(serial.o)
                0x4001eb28                _Z11BasePutCharih
 .text._Z8serwriteiPKci
                0x4001ec18      0x156 C:\Nburn/lib/NANO54415.a(serial.o)
                0x4001ec18                _Z8serwriteiPKci
 *fill*         0x4001ed6e        0x2 
 .text._Z8DoSerIsri
                0x4001ed70      0x302 C:\Nburn/lib/NANO54415.a(serial.o)
                0x4001ed70                _Z8DoSerIsri
 *fill*         0x4001f072        0x2 
 .text._Z14fake_SER_0_ISRv
                0x4001f074       0x54 C:\Nburn/lib/NANO54415.a(serial.o)
                0x4001f074                _Z14fake_SER_0_ISRv
                0x4001f078                SER_0_ISR
 .text.real_SER_0_ISR
                0x4001f0c8       0x12 C:\Nburn/lib/NANO54415.a(serial.o)
                0x4001f0c8                real_SER_0_ISR
 *fill*         0x4001f0da        0x2 
 .text._Z14fake_SER_1_ISRv
                0x4001f0dc       0x54 C:\Nburn/lib/NANO54415.a(serial.o)
                0x4001f0dc                _Z14fake_SER_1_ISRv
                0x4001f0e0                SER_1_ISR
 .text.real_SER_1_ISR
                0x4001f130       0x14 C:\Nburn/lib/NANO54415.a(serial.o)
                0x4001f130                real_SER_1_ISR
 .text._Z14fake_SER_2_ISRv
                0x4001f144       0x54 C:\Nburn/lib/NANO54415.a(serial.o)
                0x4001f144                _Z14fake_SER_2_ISRv
                0x4001f148                SER_2_ISR
 .text.real_SER_2_ISR
                0x4001f198       0x14 C:\Nburn/lib/NANO54415.a(serial.o)
                0x4001f198                real_SER_2_ISR
 .text._Z14fake_SER_3_ISRv
                0x4001f1ac       0x54 C:\Nburn/lib/NANO54415.a(serial.o)
                0x4001f1ac                _Z14fake_SER_3_ISRv
                0x4001f1b0                SER_3_ISR
 .text.real_SER_3_ISR
                0x4001f200       0x14 C:\Nburn/lib/NANO54415.a(serial.o)
                0x4001f200                real_SER_3_ISR
 .text._Z14fake_SER_4_ISRv
                0x4001f214       0x54 C:\Nburn/lib/NANO54415.a(serial.o)
                0x4001f214                _Z14fake_SER_4_ISRv
                0x4001f218                SER_4_ISR
 .text.real_SER_4_ISR
                0x4001f268       0x14 C:\Nburn/lib/NANO54415.a(serial.o)
                0x4001f268                real_SER_4_ISR
 .text._Z14fake_SER_5_ISRv
                0x4001f27c       0x54 C:\Nburn/lib/NANO54415.a(serial.o)
                0x4001f27c                _Z14fake_SER_5_ISRv
                0x4001f280                SER_5_ISR
 .text.real_SER_5_ISR
                0x4001f2d0       0x14 C:\Nburn/lib/NANO54415.a(serial.o)
                0x4001f2d0                real_SER_5_ISR
 .text._Z14fake_SER_6_ISRv
                0x4001f2e4       0x54 C:\Nburn/lib/NANO54415.a(serial.o)
                0x4001f2e4                _Z14fake_SER_6_ISRv
                0x4001f2e8                SER_6_ISR
 .text.real_SER_6_ISR
                0x4001f338       0x14 C:\Nburn/lib/NANO54415.a(serial.o)
                0x4001f338                real_SER_6_ISR
 .text._Z14fake_SER_7_ISRv
                0x4001f34c       0x54 C:\Nburn/lib/NANO54415.a(serial.o)
                0x4001f34c                _Z14fake_SER_7_ISRv
                0x4001f350                SER_7_ISR
 .text.real_SER_7_ISR
                0x4001f3a0       0x14 C:\Nburn/lib/NANO54415.a(serial.o)
                0x4001f3a0                real_SER_7_ISR
 .text._Z14fake_SER_8_ISRv
                0x4001f3b4       0x54 C:\Nburn/lib/NANO54415.a(serial.o)
                0x4001f3b4                _Z14fake_SER_8_ISRv
                0x4001f3b8                SER_8_ISR
 .text.real_SER_8_ISR
                0x4001f408       0x14 C:\Nburn/lib/NANO54415.a(serial.o)
                0x4001f408                real_SER_8_ISR
 .text._Z14fake_SER_9_ISRv
                0x4001f41c       0x54 C:\Nburn/lib/NANO54415.a(serial.o)
                0x4001f41c                _Z14fake_SER_9_ISRv
                0x4001f420                SER_9_ISR
 .text.real_SER_9_ISR
                0x4001f470       0x14 C:\Nburn/lib/NANO54415.a(serial.o)
                0x4001f470                real_SER_9_ISR
 .text._Z10serreadwtoiPcii
                0x4001f484      0x21a C:\Nburn/lib/NANO54415.a(serial.o)
                0x4001f484                _Z10serreadwtoiPcii
 *fill*         0x4001f69e        0x2 
 .text._Z7serreadiPci
                0x4001f6a0       0x1c C:\Nburn/lib/NANO54415.a(serial.o)
                0x4001f6a0                _Z7serreadiPci
 .text._Z10OpenSerialijii11parity_mode
                0x4001f6bc      0x6f0 C:\Nburn/lib/NANO54415.a(serial.o)
                0x4001f6bc                _Z10OpenSerialijii11parity_mode
 .text._Z11SerialClosei
                0x4001fdac       0xda C:\Nburn/lib/NANO54415.a(serial.o)
                0x4001fdac                _Z11SerialClosei
 *fill*         0x4001fe86        0x2 
 .text._Z16serexternalclosei
                0x4001fe88       0x34 C:\Nburn/lib/NANO54415.a(serial.o)
                0x4001fe88                _Z16serexternalclosei
 .text.startup._GLOBAL__sub_I_Uarts
                0x4001febc       0x5e C:\Nburn/lib/NANO54415.a(serial.o)
 *fill*         0x4001ff1a        0x2 
 .text._ZN5PinIO3setEh
                0x4001ff1c      0xa84 C:\Nburn/lib/NANO54415.a(pins.o)
                0x4001ff1c                _ZN5PinIO3setEh
 .text._ZN5PinIO4readEv
                0x400209a0      0x5d8 C:\Nburn/lib/NANO54415.a(pins.o)
                0x400209a0                _ZN5PinIO4readEv
 .text._ZN5PinIO8functionEi
                0x40020f78      0x524 C:\Nburn/lib/NANO54415.a(pins.o)
                0x40020f78                _ZN5PinIO8functionEi
 .text._Z15InitSingleEndADv
                0x4002149c       0xec C:\Nburn/lib/NANO54415.a(SimpleAD.o)
                0x4002149c                _Z15InitSingleEndADv
 .text._Z7StartADv
                0x40021588       0x26 C:\Nburn/lib/NANO54415.a(SimpleAD.o)
                0x40021588                _Z7StartADv
 *fill*         0x400215ae        0x2 
 .text._Z6ADDonev
                0x400215b0       0x20 C:\Nburn/lib/NANO54415.a(SimpleAD.o)
                0x400215b0                _Z6ADDonev
 .text._Z11GetADResulti
                0x400215d0       0x1c C:\Nburn/lib/NANO54415.a(SimpleAD.o)
                0x400215d0                _Z11GetADResulti
 .text._Z15GetSpiFlashCritv
                0x400215ec       0x46 C:\Nburn/lib/NANO54415.a(FlashOps.o)
                0x400215ec                _Z15GetSpiFlashCritv
 *fill*         0x40021632        0x2 
 .text._Z10FlashErasePvi
                0x40021634       0xac C:\Nburn/lib/NANO54415.a(FlashOps.o)
                0x40021634                _Z10FlashErasePvi
 .text._Z12FlashProgramPvS_i
                0x400216e0      0x160 C:\Nburn/lib/NANO54415.a(FlashOps.o)
                0x400216e0                _Z12FlashProgramPvS_i
 .text.CopySPIFlashImageOnBoot
                0x40021840       0x66 C:\Nburn/lib/NANO54415.a(FlashOps.o)
                0x40021840                CopySPIFlashImageOnBoot
 *fill*         0x400218a6        0x2 
 .text.startup._GLOBAL__sub_I_SPI_Main
                0x400218a8       0x4a C:\Nburn/lib/NANO54415.a(FlashOps.o)
 *fill*         0x400218f2        0x2 
 .text.__tcf_0  0x400218f4        0x8 C:\Nburn/lib/NANO54415.a(HiResTimer.o)
 .text._Z21fake_Timer0_Interruptv
                0x400218fc       0x54 C:\Nburn/lib/NANO54415.a(HiResTimer.o)
                0x400218fc                _Z21fake_Timer0_Interruptv
                0x40021900                Timer0_Interrupt
 .text.real_Timer0_Interrupt
                0x40021950       0x6c C:\Nburn/lib/NANO54415.a(HiResTimer.o)
                0x40021950                real_Timer0_Interrupt
 .text._Z21fake_Timer1_Interruptv
                0x400219bc       0x54 C:\Nburn/lib/NANO54415.a(HiResTimer.o)
                0x400219bc                _Z21fake_Timer1_Interruptv
                0x400219c0                Timer1_Interrupt
 .text.real_Timer1_Interrupt
                0x40021a10       0x6c C:\Nburn/lib/NANO54415.a(HiResTimer.o)
                0x40021a10                real_Timer1_Interrupt
 .text._Z21fake_Timer2_Interruptv
                0x40021a7c       0x54 C:\Nburn/lib/NANO54415.a(HiResTimer.o)
                0x40021a7c                _Z21fake_Timer2_Interruptv
                0x40021a80                Timer2_Interrupt
 .text.real_Timer2_Interrupt
                0x40021ad0       0x6c C:\Nburn/lib/NANO54415.a(HiResTimer.o)
                0x40021ad0                real_Timer2_Interrupt
 .text._Z21fake_Timer3_Interruptv
                0x40021b3c       0x54 C:\Nburn/lib/NANO54415.a(HiResTimer.o)
                0x40021b3c                _Z21fake_Timer3_Interruptv
                0x40021b40                Timer3_Interrupt
 .text.real_Timer3_Interrupt
                0x40021b90       0x6c C:\Nburn/lib/NANO54415.a(HiResTimer.o)
                0x40021b90                real_Timer3_Interrupt
 .text._ZN10HiResTimer10init_ticksEmi
                0x40021bfc       0xf2 C:\Nburn/lib/NANO54415.a(HiResTimer.o)
                0x40021bfc                _ZN10HiResTimer10init_ticksEmi
 *fill*         0x40021cee        0x2 
 .text._ZN10HiResTimer4initEd
                0x40021cf0      0x122 C:\Nburn/lib/NANO54415.a(HiResTimer.o)
                0x40021cf0                _ZN10HiResTimer4initEd
 *fill*         0x40021e12        0x2 
 .text._ZN10HiResTimer5delayEd
                0x40021e14       0x70 C:\Nburn/lib/NANO54415.a(HiResTimer.o)
                0x40021e14                _ZN10HiResTimer5delayEd
 .text._ZN10HiResTimerC2Ei
                0x40021e84       0x5e C:\Nburn/lib/NANO54415.a(HiResTimer.o)
                0x40021e84                _ZN10HiResTimerC2Ei
                0x40021e84                _ZN10HiResTimerC1Ei
 *fill*         0x40021ee2        0x2 
 .text._ZN10HiResTimer13getHiResTimerEi
                0x40021ee4       0xf8 C:\Nburn/lib/NANO54415.a(HiResTimer.o)
                0x40021ee4                _ZN10HiResTimer13getHiResTimerEi
 .text.startup._GLOBAL__sub_I__ZN10HiResTimer6timersE
                0x40021fdc       0x58 C:\Nburn/lib/NANO54415.a(HiResTimer.o)
 .text._Z15fake_NbPit1_ISRv
                0x40022034       0x54 C:\Nburn/lib/NANO54415.a(pitr_sem.o)
                0x40022034                _Z15fake_NbPit1_ISRv
                0x40022038                NbPit1_ISR
 .text.real_NbPit1_ISR
                0x40022088       0x56 C:\Nburn/lib/NANO54415.a(pitr_sem.o)
                0x40022088                real_NbPit1_ISR
 *fill*         0x400220de        0x2 
 .text._Z15fake_NbPit2_ISRv
                0x400220e0       0x54 C:\Nburn/lib/NANO54415.a(pitr_sem.o)
                0x400220e0                _Z15fake_NbPit2_ISRv
                0x400220e4                NbPit2_ISR
 .text.real_NbPit2_ISR
                0x40022134       0x58 C:\Nburn/lib/NANO54415.a(pitr_sem.o)
                0x40022134                real_NbPit2_ISR
 .text._Z17ConfigurePitTimerii
                0x4002218c       0xf4 C:\Nburn/lib/NANO54415.a(pitr_sem.o)
                0x4002218c                _Z17ConfigurePitTimerii
 .text._Z12InitPitOSSemiP6OS_SEMi
                0x40022280       0x42 C:\Nburn/lib/NANO54415.a(pitr_sem.o)
                0x40022280                _Z12InitPitOSSemiP6OS_SEMi
 *fill*         0x400222c2        0x2 
 .text._Z18fake_firq2_pin_isrv
                0x400222c4       0x54 C:\Nburn/lib/NANO54415.a(pin_irq.o)
                0x400222c4                _Z18fake_firq2_pin_isrv
                0x400222c8                firq2_pin_isr
 .text.real_firq2_pin_isr
                0x40022318       0x28 C:\Nburn/lib/NANO54415.a(pin_irq.o)
                0x40022318                real_firq2_pin_isr
 .text._Z18fake_firq3_pin_isrv
                0x40022340       0x54 C:\Nburn/lib/NANO54415.a(pin_irq.o)
                0x40022340                _Z18fake_firq3_pin_isrv
                0x40022344                firq3_pin_isr
 .text.real_firq3_pin_isr
                0x40022394       0x28 C:\Nburn/lib/NANO54415.a(pin_irq.o)
                0x40022394                real_firq3_pin_isr
 .text._Z9SetPinIrqiiPFvvE
                0x400223bc      0x266 C:\Nburn/lib/NANO54415.a(pin_irq.o)
                0x400223bc                _Z9SetPinIrqiiPFvvE
 *fill*         0x40022622        0x2 
 .text._Z5xTickv
                0x40022624       0x1c C:\Nburn/lib/NANO54415.a(bsp.o)
                0x40022624                _Z5xTickv
                0x40022628                Tick5441X
 .text._Z7SetIntcilii
                0x40022640       0xc0 C:\Nburn/lib/NANO54415.a(bsp.o)
                0x40022640                _Z7SetIntcilii
 .text._Z11ForceRebootb
                0x40022700       0x26 C:\Nburn/lib/NANO54415.a(bsp.o)
                0x40022700                _Z11ForceRebootb
 *fill*         0x40022726        0x2 
 .text._Z12DisableCachev
                0x40022728       0x56 C:\Nburn/lib/NANO54415.a(bsp.o)
                0x40022728                _Z12DisableCachev
 *fill*         0x4002277e        0x2 
 .text._Z11EnableCachev
                0x40022780       0x42 C:\Nburn/lib/NANO54415.a(bsp.o)
                0x40022780                _Z11EnableCachev
 *fill*         0x400227c2        0x2 
 .text._Z13HardwareSetupl
                0x400227c4      0x1e0 C:\Nburn/lib/NANO54415.a(bsp.o)
                0x400227c4                _Z13HardwareSetupl
 .text._sbrk_r  0x400229a4       0x48 C:\Nburn/lib/NANO54415.a(bsp.o)
                0x400229a4                _sbrk_r
 .text._Z18BspGetTickFractionv
                0x400229ec       0x18 C:\Nburn/lib/NANO54415.a(bsp.o)
                0x400229ec                _Z18BspGetTickFractionv
 .text._Z13GetUartRecordi
                0x40022a04       0x3a C:\Nburn/lib/NANO54415.a(localio.o)
                0x40022a04                _Z13GetUartRecordi
 *fill*         0x40022a3e        0x2 
 .text._Z11LocalInBytev
                0x40022a40       0x5e C:\Nburn/lib/NANO54415.a(localio.o)
                0x40022a40                _Z11LocalInBytev
 *fill*         0x40022a9e        0x2 
 .text._Z12LocalOutBytec
                0x40022aa0       0x66 C:\Nburn/lib/NANO54415.a(localio.o)
                0x40022aa0                _Z12LocalOutBytec
 *fill*         0x40022b06        0x2 
 .text._Z14LocalCharAvailv
                0x40022b08       0x58 C:\Nburn/lib/NANO54415.a(localio.o)
                0x40022b08                _Z14LocalCharAvailv
 .text._Z18SaveUserParametersPvi
                0x40022b60       0x78 C:\Nburn/lib/NANO54415.a(userparam.o)
                0x40022b60                _Z18SaveUserParametersPvi
 .text._Z17GetUserParametersv
                0x40022bd8        0xe C:\Nburn/lib/NANO54415.a(userparam.o)
                0x40022bd8                _Z17GetUserParametersv
 *fill*         0x40022be6        0x2 
 .text.MultiChannel_I2CInit
                0x40022be8      0x1e6 C:\Nburn/lib/NANO54415.a(multichanneli2c.o)
                0x40022be8                MultiChannel_I2CInit
 *fill*         0x40022dce        0x2 
 .text.MultiChannel_I2CRestart
                0x40022dd0       0x42 C:\Nburn/lib/NANO54415.a(multichanneli2c.o)
                0x40022dd0                MultiChannel_I2CRestart
 *fill*         0x40022e12        0x2 
 .text.MultiChannel_I2CSendBuf
                0x40022e14      0x1ac C:\Nburn/lib/NANO54415.a(multichanneli2c.o)
                0x40022e14                MultiChannel_I2CSendBuf
 .text.MultiChannel_I2CReadBuf
                0x40022fc0      0x25e C:\Nburn/lib/NANO54415.a(multichanneli2c.o)
                0x40022fc0                MultiChannel_I2CReadBuf
 *fill*         0x4002321e        0x2 
 .text.I2CMultiChannelResetPeripheral
                0x40023220       0x24 C:\Nburn/lib/NANO54415.a(multichanneli2c.o)
                0x40023220                I2CMultiChannelResetPeripheral
 .text.startup._GLOBAL__sub_I_I2C_SlaveTX_Callback
                0x40023244       0x26 C:\Nburn/lib/NANO54415.a(multichanneli2c.o)
 *fill*         0x4002326a        0x2 
 .text._Z14SetDefPinUsagev
                0x4002326c      0x1aa C:\Nburn/lib/NANO54415.a(defpins.o)
                0x4002326c                _Z14SetDefPinUsagev
 *fill*         0x40023416        0x2 
 .text._ZN8SPIFlashC2Ei
                0x40023418       0x66 C:\Nburn/lib/NANO54415.a(SPIFlash.o)
                0x40023418                _ZN8SPIFlashC1Ei
                0x40023418                _ZN8SPIFlashC2Ei
 *fill*         0x4002347e        0x2 
 .text._ZN8SPIFlashD2Ev
                0x40023480        0x8 C:\Nburn/lib/NANO54415.a(SPIFlash.o)
                0x40023480                _ZN8SPIFlashD1Ev
                0x40023480                _ZN8SPIFlashD2Ev
 .text._ZN8SPIFlash9SpiAscCmdEPKc
                0x40023488      0x1ce C:\Nburn/lib/NANO54415.a(SPIFlash.o)
                0x40023488                _ZN8SPIFlash9SpiAscCmdEPKc
 *fill*         0x40023656        0x2 
 .text._ZN8SPIFlash9WriteDataEPhii
                0x40023658      0x490 C:\Nburn/lib/NANO54415.a(SPIFlash.o)
                0x40023658                _ZN8SPIFlash9WriteDataEPhii
 .text._ZN8SPIFlash11EraseSectorEi
                0x40023ae8      0x2d6 C:\Nburn/lib/NANO54415.a(SPIFlash.o)
                0x40023ae8                _ZN8SPIFlash11EraseSectorEi
 *fill*         0x40023dbe        0x2 
 .text._ZN8SPIFlash15WriteDataWEraseEPhii
                0x40023dc0       0x7a C:\Nburn/lib/NANO54415.a(SPIFlash.o)
                0x40023dc0                _ZN8SPIFlash15WriteDataWEraseEPhii
 *fill*         0x40023e3a        0x2 
 .text._ZN8SPIFlash10EraseRangeEii
                0x40023e3c       0x64 C:\Nburn/lib/NANO54415.a(SPIFlash.o)
                0x40023e3c                _ZN8SPIFlash10EraseRangeEii
 .text._ZN8SPIFlash7ResetMeEv
                0x40023ea0      0x164 C:\Nburn/lib/NANO54415.a(SPIFlash.o)
                0x40023ea0                _ZN8SPIFlash7ResetMeEv
 .text._ZN8SPIFlash8ReadDataEPhii
                0x40024004      0x34e C:\Nburn/lib/NANO54415.a(SPIFlash.o)
                0x40024004                _ZN8SPIFlash8ReadDataEPhii
 *fill*         0x40024352        0x2 
 .text._Z34fake_i2c0_multichannel_int_routinev
                0x40024354       0x54 C:\Nburn/lib/NANO54415.a(i2c_class.o)
                0x40024354                _Z34fake_i2c0_multichannel_int_routinev
                0x40024358                i2c0_multichannel_int_routine
 .text._Z34fake_i2c1_multichannel_int_routinev
                0x400243a8       0x54 C:\Nburn/lib/NANO54415.a(i2c_class.o)
                0x400243a8                _Z34fake_i2c1_multichannel_int_routinev
                0x400243ac                i2c1_multichannel_int_routine
 .text._Z34fake_i2c2_multichannel_int_routinev
                0x400243fc       0x54 C:\Nburn/lib/NANO54415.a(i2c_class.o)
                0x400243fc                _Z34fake_i2c2_multichannel_int_routinev
                0x40024400                i2c2_multichannel_int_routine
 .text._Z34fake_i2c3_multichannel_int_routinev
                0x40024450       0x54 C:\Nburn/lib/NANO54415.a(i2c_class.o)
                0x40024450                _Z34fake_i2c3_multichannel_int_routinev
                0x40024454                i2c3_multichannel_int_routine
 .text._Z34fake_i2c4_multichannel_int_routinev
                0x400244a4       0x54 C:\Nburn/lib/NANO54415.a(i2c_class.o)
                0x400244a4                _Z34fake_i2c4_multichannel_int_routinev
                0x400244a8                i2c4_multichannel_int_routine
 .text._Z34fake_i2c5_multichannel_int_routinev
                0x400244f8       0x54 C:\Nburn/lib/NANO54415.a(i2c_class.o)
                0x400244f8                _Z34fake_i2c5_multichannel_int_routinev
                0x400244fc                i2c5_multichannel_int_routine
 .text._ZN10i2c_masterC2Ev
                0x4002454c       0x48 C:\Nburn/lib/NANO54415.a(i2c_class.o)
                0x4002454c                _ZN10i2c_masterC2Ev
                0x4002454c                _ZN10i2c_masterC1Ev
 .text._ZN10i2c_master4initEhh
                0x40024594      0x1b0 C:\Nburn/lib/NANO54415.a(i2c_class.o)
                0x40024594                _ZN10i2c_master4initEhh
 .text._ZN10i2c_master5resetEv
                0x40024744       0x8e C:\Nburn/lib/NANO54415.a(i2c_class.o)
                0x40024744                _ZN10i2c_master5resetEv
 *fill*         0x400247d2        0x2 
 .text._ZN10i2c_master4stopEm
                0x400247d4       0x76 C:\Nburn/lib/NANO54415.a(i2c_class.o)
                0x400247d4                _ZN10i2c_master4stopEm
 *fill*         0x4002484a        0x2 
 .text._ZN10i2c_master6write8Ehm
                0x4002484c       0x96 C:\Nburn/lib/NANO54415.a(i2c_class.o)
                0x4002484c                _ZN10i2c_master6write8Ehm
 *fill*         0x400248e2        0x2 
 .text._ZN10i2c_master5startEhbm
                0x400248e4       0xe4 C:\Nburn/lib/NANO54415.a(i2c_class.o)
                0x400248e4                _ZN10i2c_master5startEhbm
 .text._ZN10i2c_master7restartEhbm
                0x400249c8       0xaa C:\Nburn/lib/NANO54415.a(i2c_class.o)
                0x400249c8                _ZN10i2c_master7restartEhbm
 *fill*         0x40024a72        0x2 
 .text._ZN10i2c_master5read8EPhm
                0x40024a74       0x86 C:\Nburn/lib/NANO54415.a(i2c_class.o)
                0x40024a74                _ZN10i2c_master5read8EPhm
 *fill*         0x40024afa        0x2 
 .text._ZN10i2c_master16SlaveRX_CallbackEh
                0x40024afc       0x78 C:\Nburn/lib/NANO54415.a(i2c_class.o)
                0x40024afc                _ZN10i2c_master16SlaveRX_CallbackEh
 .text._ZN10i2c_master3isrEv
                0x40024b74      0x35e C:\Nburn/lib/NANO54415.a(i2c_class.o)
                0x40024b74                _ZN10i2c_master3isrEv
 *fill*         0x40024ed2        0x2 
 .text.real_i2c0_multichannel_int_routine
                0x40024ed4       0x16 C:\Nburn/lib/NANO54415.a(i2c_class.o)
                0x40024ed4                real_i2c0_multichannel_int_routine
 *fill*         0x40024eea        0x2 
 .text.real_i2c1_multichannel_int_routine
                0x40024eec       0x16 C:\Nburn/lib/NANO54415.a(i2c_class.o)
                0x40024eec                real_i2c1_multichannel_int_routine
 *fill*         0x40024f02        0x2 
 .text.real_i2c2_multichannel_int_routine
                0x40024f04       0x16 C:\Nburn/lib/NANO54415.a(i2c_class.o)
                0x40024f04                real_i2c2_multichannel_int_routine
 *fill*         0x40024f1a        0x2 
 .text.real_i2c3_multichannel_int_routine
                0x40024f1c       0x16 C:\Nburn/lib/NANO54415.a(i2c_class.o)
                0x40024f1c                real_i2c3_multichannel_int_routine
 *fill*         0x40024f32        0x2 
 .text.real_i2c4_multichannel_int_routine
                0x40024f34       0x16 C:\Nburn/lib/NANO54415.a(i2c_class.o)
                0x40024f34                real_i2c4_multichannel_int_routine
 *fill*         0x40024f4a        0x2 
 .text.real_i2c5_multichannel_int_routine
                0x40024f4c       0x16 C:\Nburn/lib/NANO54415.a(i2c_class.o)
                0x40024f4c                real_i2c5_multichannel_int_routine
 *fill*         0x40024f62        0x2 
 .text.startup._GLOBAL__sub_I_I2C
                0x40024f64       0x34 C:\Nburn/lib/NANO54415.a(i2c_class.o)
 .text.startup  0x40024f98        0xc C:\Nburn/lib/NetBurner.a(main.o)
                0x40024f98                main
 .text._Z22TopOfStackKillfunctionv
                0x40024fa4        0xc C:\Nburn/lib/NetBurner.a(ucosmcfc.o)
                0x40024fa4                _Z22TopOfStackKillfunctionv
                0x40024fa8                KillFunctionLink
 .text._Z9OSTCBInithPvS_PlPKc
                0x40024fb0       0xd6 C:\Nburn/lib/NetBurner.a(ucosmcfc.o)
                0x40024fb0                _Z9OSTCBInithPvS_PlPKc
 *fill*         0x40025086        0x2 
 .text._Z17OSTaskCreatewNamePFvPvES_S_S_hPKc.part.0
                0x40025088      0x1d2 C:\Nburn/lib/NetBurner.a(ucosmcfc.o)
 *fill*         0x4002525a        0x2 
 .text._Z17OSTaskCreatewNamePFvPvES_S_S_hPKc
                0x4002525c       0x44 C:\Nburn/lib/NetBurner.a(ucosmcfc.o)
                0x4002525c                _Z17OSTaskCreatewNamePFvPvES_S_S_hPKc
 .text._ZL10OSTaskIdlePv
                0x400252a0       0x2a C:\Nburn/lib/NetBurner.a(ucos.o)
 *fill*         0x400252ca        0x2 
 .text._Z6OSInitPvS_h
                0x400252cc      0x174 C:\Nburn/lib/NetBurner.a(ucos.o)
                0x400252cc                _Z6OSInitPvS_h
 .text._Z7OSStartv
                0x40025440       0x7c C:\Nburn/lib/NetBurner.a(ucos.o)
                0x40025440                _Z7OSStartv
 .text.OSSched  0x400254bc       0x92 C:\Nburn/lib/NetBurner.a(ucos.o)
                0x400254bc                OSSched
                0x40025540                UCOSWAITS_HERE
 *fill*         0x4002554e        0x2 
 .text.OSIntExit
                0x40025550       0x94 C:\Nburn/lib/NetBurner.a(ucos.o)
                0x40025550                OSIntExit
 .text._Z9OSTimeDlyt
                0x400255e4       0xb4 C:\Nburn/lib/NetBurner.a(ucos.o)
                0x400255e4                _Z9OSTimeDlyt
 .text.OSTimeTick
                0x40025698      0x104 C:\Nburn/lib/NetBurner.a(ucos.o)
                0x40025698                OSTimeTick
 .text._Z12OSTCBGetFreev
                0x4002579c       0x2c C:\Nburn/lib/NetBurner.a(ucos.o)
                0x4002579c                _Z12OSTCBGetFreev
 .text._Z6OSLockv
                0x400257c8       0x26 C:\Nburn/lib/NetBurner.a(ucos.o)
                0x400257c8                _Z6OSLockv
 *fill*         0x400257ee        0x2 
 .text._Z8OSUnlockv
                0x400257f0       0x3e C:\Nburn/lib/NetBurner.a(ucos.o)
                0x400257f0                _Z8OSUnlockv
 *fill*         0x4002582e        0x2 
 .text._Z12OSChangePrioh
                0x40025830      0x100 C:\Nburn/lib/NetBurner.a(ucos.o)
                0x40025830                _Z12OSChangePrioh
 .text._Z12OSTaskDeletev
                0x40025930      0x112 C:\Nburn/lib/NetBurner.a(ucos.o)
                0x40025930                _Z12OSTaskDeletev
 *fill*         0x40025a42        0x2 
 .text._ZN15OS_TASK_DLY_OBJC2Ev
                0x40025a44       0x30 C:\Nburn/lib/NetBurner.a(ucos.o)
                0x40025a44                _ZN15OS_TASK_DLY_OBJC2Ev
                0x40025a44                _ZN15OS_TASK_DLY_OBJC1Ev
 .text._ZN6OS_SEM5ClaimEv
                0x40025a74       0x52 C:\Nburn/lib/NetBurner.a(ucos.o)
                0x40025a74                _ZN6OS_SEM5ClaimEv
 *fill*         0x40025ac6        0x2 
 .text._ZN6OS_SEM4InitEl
                0x40025ac8       0x88 C:\Nburn/lib/NetBurner.a(ucos.o)
                0x40025ac8                _ZN6OS_SEM4InitEl
 .text._ZN6OS_SEM4PendEm