Archive member included to satisfy reference by file (symbol)

C:\Nburn/lib/NANO54415.a(hardware_init.o)
                              c:/nburn/gcc-m68k/bin/../lib/gcc/m68k-unknown-elf/5.2.0/m54455\nb-crt0.o (hardware_init_hook)
C:\Nburn/lib/NANO54415.a(serial.o)
                              Drivers\dsm2.o (UartData)
C:\Nburn/lib/NANO54415.a(pins.o)
                              Drivers\IMUSetupAndSample.o (_ZN5PinIO3setEh)
C:\Nburn/lib/NANO54415.a(SimpleAD.o)
                              main.o (_Z15InitSingleEndADv)
C:\Nburn/lib/NANO54415.a(FlashOps.o)
                              C:\Nburn/lib/NANO54415.a(hardware_init.o) (CopySPIFlashImageOnBoot)
C:\Nburn/lib/NANO54415.a(HiResTimer.o)
                              Drivers\MPU9250.o (_ZN10HiResTimer4initEd)
C:\Nburn/lib/NANO54415.a(pin_irq.o)
                              Drivers\Odometer.o (_Z9SetPinIrqiiPFvvE)
C:\Nburn/lib/NANO54415.a(bsp.o)
                              Drivers\servodrive.o (_Z7SetIntcilii)
C:\Nburn/lib/NANO54415.a(localio.o)
                              C:\Nburn/lib/NANO54415.a(serial.o) (_Z13GetUartRecordi)
C:\Nburn/lib/NANO54415.a(userparam.o)
                              main.o (_Z18SaveUserParametersPvi)
C:\Nburn/lib/NANO54415.a(multichanneli2c.o)
                              main.o (MultiChannel_I2CInit)
C:\Nburn/lib/NANO54415.a(bspa.o)
                              C:\Nburn/lib/NANO54415.a(bsp.o) (CatchNullWrites)
C:\Nburn/lib/NANO54415.a(defpins.o)
                              C:\Nburn/lib/NANO54415.a(bsp.o) (_Z14SetDefPinUsagev)
C:\Nburn/lib/NANO54415.a(SPIFlash.o)
                              C:\Nburn/lib/NANO54415.a(FlashOps.o) (_ZN8SPIFlashC1Ei)
C:\Nburn/lib/NANO54415.a(i2c_class.o)
                              C:\Nburn/lib/NANO54415.a(multichanneli2c.o) (_ZN10i2c_master4initEhh)
C:\Nburn/lib/NetBurner.a(ucosmcfa.o)
                              C:\Nburn/lib/NANO54415.a(bsp.o) (OSCtxSw)
C:\Nburn/lib/NetBurner.a(software_init.o)
                              c:/nburn/gcc-m68k/bin/../lib/gcc/m68k-unknown-elf/5.2.0/m54455\nb-crt0.o (software_init_hook)
C:\Nburn/lib/NetBurner.a(main.o)
                              c:/nburn/gcc-m68k/bin/../lib/gcc/m68k-unknown-elf/5.2.0/m54455\nb-crt0.o (main)
C:\Nburn/lib/NetBurner.a(ucosmcfc.o)
                              main.o (_Z17OSTaskCreatewNamePFvPvES_S_S_hPKc)
C:\Nburn/lib/NetBurner.a(ucos.o)
                              C:\Nburn/lib/NetBurner.a(ucosmcfc.o) (OSRdyTbl)
C:\Nburn/lib/NetBurner.a(cppmain.o)
                              C:\Nburn/lib/NetBurner.a(main.o) (cppmain)
C:\Nburn/lib/NetBurner.a(debugtrap.o)
                              C:\Nburn/lib/NANO54415.a(bsp.o) (_Z23SetAddressReadRangeTrapmm)
C:\Nburn/lib/NetBurner.a(ucosmain.o)
                              C:\Nburn/lib/NetBurner.a(software_init.o) (UCosSetup)
C:\Nburn/lib/NetBurner.a(fileio.o)
                              C:\Nburn/lib/NetBurner.a(ucosmain.o) (ioctl)
C:\Nburn/lib/NetBurner.a(system.o)
                              C:\Nburn/lib/NANO54415.a(serial.o) (rnd_collect)
C:\Nburn/lib/NetBurner.a(utils.o)
                              C:\Nburn/lib/NetBurner.a(system.o) (_Z7ShowIP47IPADDR4)
C:\Nburn/lib/NetBurner.a(ip.o)
                              main.o (_Z15InitializeStack7IPADDR4S_S_S_)
C:\Nburn/lib/NetBurner.a(buffers.o)
                              C:\Nburn/lib/NetBurner.a(utils.o) (_Z12GetFreeCountv)
C:\Nburn/lib/NetBurner.a(arp.o)
                              C:\Nburn/lib/NetBurner.a(ip.o) (_Z25GetInterfaceForMyAddress47IPADDR4)
C:\Nburn/lib/NetBurner.a(udp.o)
                              C:\Nburn/lib/NetBurner.a(ip.o) (_Z12process_udp4P11pool_bufferP5IPPKTt)
C:\Nburn/lib/NetBurner.a(ftpd.o)
                              Drivers\introspec.o (_Z9FTPDStartth)
C:\Nburn/lib/NetBurner.a(tcp.o)
                              C:\Nburn/lib/NetBurner.a(ip.o) (_Z7InitTCPv)
C:\Nburn/lib/NetBurner.a(extraio.o)
                              Drivers\introspec.o (_Z10GetExtraFDPvP14IoExpandStruct)
C:\Nburn/lib/NetBurner.a(http.o)
                              main.o (_Z9StartHTTPt)
C:\Nburn/lib/NetBurner.a(httpinternal.o)
                              C:\Nburn/lib/NetBurner.a(http.o) (_ZN12HTTP_Request11ProcessLineEPc)
C:\Nburn/lib/NetBurner.a(httpstricmp.o)
                              C:\Nburn/lib/NetBurner.a(httpinternal.o) (_Z11httpstricmpPKcS0_)
C:\Nburn/lib/NetBurner.a(htmldecomp.o)
                              C:\Nburn/lib/NetBurner.a(httpinternal.o) (_Z16SendFullResponsePKci)
C:\Nburn/lib/NetBurner.a(iosys.o)
                              C:\Nburn/lib/NANO54415.a(serial.o) (_Z12SetDataAvaili)
C:\Nburn/lib/NetBurner.a(new_ops.o)
                              Path.o (_Znwm)
C:\Nburn/lib/NetBurner.a(autoip.o)
                              C:\Nburn/lib/NetBurner.a(arp.o) (_ZN12AutoIPClient16addressCollisionEv)
C:\Nburn/lib/NetBurner.a(dhcpc.o)
                              main.o (_Z25GetDHCPAddressIfNecessaryib)
C:\Nburn/lib/NetBurner.a(netinterface.o)
[...]
Memory Configuration

Name             Origin             Length             Attributes
ram              0x40000400         0x03fffcff         xrw
SRAM             0x80000400         0x0000fbf0         xrw
Cold_SRAM        0x8000fffe         0x00000002         xrw
*default*        0x00000000         0xffffffff

Linker script and memory map

LOAD c:/nburn/gcc-m68k/bin/../lib/gcc/m68k-unknown-elf/5.2.0/m54455\nb-crt0.o
LOAD c:/nburn/gcc-m68k/bin/../lib/gcc/m68k-unknown-elf/5.2.0/m54455/crtbegin.o
LOAD tests.o
LOAD main.o
LOAD Utility.o
LOAD Path.o
LOAD Nav.o
LOAD Map.o
LOAD Logger.o
LOAD Drivers\servodrive.o
LOAD Drivers\pwm.o
LOAD Drivers\introspec.o
LOAD Drivers\dsm2.o
LOAD Drivers\SpinningLidar.o
LOAD Drivers\Odometer.o
LOAD Drivers\MadgwickFilter.o
LOAD Drivers\MPU9250.o
LOAD Drivers\LidarPWM.o
LOAD Drivers\LCD.o
LOAD Drivers\IMUSetupAndSample.o
LOAD htmldata.o
LOAD C:\Nburn/NANO54415/lib/sys.ld
                0x40000000                ovector_base = 0x40000000
                0x80000000                vector_base = 0x80000000
                0x80000400                SRAM_START_ADDR = 0x80000400
                0x8000fffe                SRAM_END_ADDR = 0x8000fffe
                0x8c000000                sim_rgpio = 0x8c000000
                0xec008000                sim1 = 0xec008000
                0xfc004000                sim2 = 0xfc004000
                0x00004000                FlashAppBase = 0x4000
                0xfc0d4008                DBETHER_EMIR_REG = 0xfc0d4008
                0x8000d000                comm_loc = 0x8000d000
START GROUP
LOAD C:\Nburn/lib/NANO54415.a
LOAD C:\Nburn/lib/NetBurner.a
LOAD C:\Nburn/lib/FatFile.a
LOAD c:/nburn/gcc-m68k/bin/../m68k-unknown-elf/sysroot/lib/m54455\libstdc++.a
LOAD C:\Nburn\lib\cryptolib.a
LOAD C:\Nburn\lib\debugLibrary.a
LOAD C:\Nburn\lib\Lua_Full.a
LOAD C:\Nburn\lib\nb-libxively.a
LOAD C:\Nburn\lib\nbwifilib.a
LOAD C:\Nburn\lib\sshLibrary.a
LOAD C:\Nburn\lib\webclient.a
END GROUP
LOAD c:/nburn/gcc-m68k/bin/../m68k-unknown-elf/sysroot/lib/m54455\libstdc++.a
LOAD c:/nburn/gcc-m68k/bin/../m68k-unknown-elf/sysroot/lib/m54455\libm.a
LOAD c:/nburn/gcc-m68k/bin/../lib/gcc/m68k-unknown-elf/5.2.0/m54455\libgcc.a
LOAD c:/nburn/gcc-m68k/bin/../m68k-unknown-elf/sysroot/lib/m54455\libc.a
LOAD c:/nburn/gcc-m68k/bin/../lib/gcc/m68k-unknown-elf/5.2.0/m54455\libgcc.a
LOAD c:/nburn/gcc-m68k/bin/../lib/gcc/m68k-unknown-elf/5.2.0/m54455/crtend.o
START GROUP
LOAD c:/nburn/gcc-m68k/bin/../m68k-unknown-elf/sysroot/lib/m54455\libc.a
LOAD c:/nburn/gcc-m68k/bin/../lib/gcc/m68k-unknown-elf/5.2.0/m54455\libgcc.a
LOAD c:/nburn/gcc-m68k/bin/../m68k-unknown-elf/sysroot/lib/m54455\libm.a
END GROUP
                0x00000000                __DYNAMIC = 0x0
                0x44000000                PROVIDE (__stack, 0x44000000)
                [!provide]                PROVIDE (hardware_init_hook, 0x0)
                [!provide]                PROVIDE (_hardware_init_hook, 0x0)
                [!provide]                PROVIDE (software_init_hook, 0x0)
                [!provide]                PROVIDE (_software_init_hook, 0x0)

.gcc_except_table._ZN10__cxxabiv111__terminateEPFvvE
                0x40000400       0x1d
 .gcc_except_table._ZN10__cxxabiv111__terminateEPFvvE
                0x40000400       0x1d c:/nburn/gcc-m68k/bin/../m68k-unknown-elf/sysroot/lib/m54455\libstdc++.a(eh_terminate.o)

.gcc_except_table.__gxx_personality_v0
                0x40000420       0x1c
 .gcc_except_table.__gxx_personality_v0
                0x40000420       0x1c c:/nburn/gcc-m68k/bin/../m68k-unknown-elf/sysroot/lib/m54455\libstdc++.a(eh_personality.o)

.gcc_except_table.__cxa_call_unexpected
                0x4000043c       0x1c
 .gcc_except_table.__cxa_call_unexpected
                0x4000043c       0x1c c:/nburn/gcc-m68k/bin/../m68k-unknown-elf/sysroot/lib/m54455\libstdc++.a(eh_personality.o)

.gcc_except_table._ZN9__gnu_cxx27__verbose_terminate_handlerEv
                0x40000458       0x2c
 .gcc_except_table._ZN9__gnu_cxx27__verbose_terminate_handlerEv
                0x40000458       0x2c c:/nburn/gcc-m68k/bin/../m68k-unknown-elf/sysroot/lib/m54455\libstdc++.a(vterminate.o)

.SRAM_SECT      0x80000400     0xac60
                0x80000400                SRAM_START = .
 *(SYS_VAR_SECT)
 SYS_VAR_SECT   0x80000400        0x4 C:\Nburn/lib/NANO54415.a(bsp.o)
                0x80000400                cacrMirror
 SYS_VAR_SECT   0x80000404      0x238 C:\Nburn/lib/NetBurner.a(ucos.o)
                0x80000404                OSRunning
                0x80000406                OSISRLevel
                0x80000408                OSRdyGrp
                0x8000040c                OSLockNesting
                0x80000410                OSIntNesting
                0x80000414                OSTCBFreeList
                0x80000418                OSTCBList
                0x8000041c                OSTCBHighRdy
                0x80000420                OSTCBCur
                0x80000424                OSRdyTbl
                0x8000042c                OSTCBPrioTbl
                0x8000052c                OSUnMapTbl
                0x8000062c                OSMapTbl
                0x80000634                Secs
                0x80000638                TimeTick
 SYS_VAR_SECT   0x8000063c      0x272 C:\Nburn/lib/NetBurner.a(ucosmain.o)
                0x8000064e                critical_count
                0x80000652                OSTcbStructSize
                0x80000656                OSTCBTbl
 SYS_VAR_SECT   0x800008ae       0x1c C:\Nburn/lib/NetBurner.a(fileio.o)
                0x800008ae                fd_map
                0x800008c6                pExtraFdFunc
 SYS_VAR_SECT   0x800008ca       0x20 C:\Nburn/lib/NetBurner.a(iosys.o)
                0x800008d2                error_file_sets
                0x800008da                write_file_sets
                0x800008e2                read_file_sets
                0x800008ea                SYS_VAR_SECT_END = .
                0x800008f0                . = ALIGN (0x10)
 *fill*         0x800008ea        0x6 
 *(IDLE_STK_SECT)
                0x800008f0                IDLE_STK_SECT_END = .
                0x800008f0                . = ALIGN (0x10)
 *(MAIN_STK_SECT)
 MAIN_STK_SECT  0x800008f0     0x3000 C:\Nburn/lib/NetBurner.a(cppmain.o)
                0x800008f0                MainStk
                0x800038f0                MAIN_STK_SECT_END = .
                0x800038f0                . = ALIGN (0x4)
 *(ETHER_VAR_SECT)
 ETHER_VAR_SECT
                0x800038f0      0x280 C:\Nburn/lib/NANO54415.a(ethernet.o)
                0x800038f0                FecFifo
                0x80003910                enet1
                0x80003a40                enet0
                0x80003b70                ETHER_VAR_SECT_END = .
                0x80003b70                . = ALIGN (0x10)
 *(ETHER_STK_SECT)
 ETHER_STK_SECT
                0x80003b70     0x2000 C:\Nburn/lib/NANO54415.a(ethernet.o)
                0x80003b70                EtherSendStk
                0x80005b70                ETHER_STK_SECT_END = .
                0x80005b70                . = ALIGN (0x4)
 *(IP_VAR_SECT)
 IP_VAR_SECT    0x80005b70      0x32a C:\Nburn/lib/NetBurner.a(ip.o)
                0x80005b70                delay
                0x80005b74                next_arp_time
                0x80005b78                multi_if_block
                0x80005e34                multi_home_if_record
                0x80005e5c                nAdditional_Homes
                0x80005e60                pFragFunc
                0x80005e64                pMultiCastFunc
                0x80005e68                pPromisciousPacketFunc
                0x80005e6c                pIpv6Tick
                0x80005e70                pAutoIPTick
                0x80005e74                pMultiTick
                0x80005e78                pDHCPServerTick
                0x80005e7c                pDHCPTick
                0x80005e80                IcmpFifo
                0x80005e84                ipRxFifo
                0x80005e96                bTTL_Default
                0x80005e98                wGlobalPktId
 IP_VAR_SECT    0x80005e9a       0xa4 C:\Nburn/lib/NetBurner.a(udp.o)
                0x80005e9a                UdpNetbiosNameServicePtr
                0x80005e9e                pTaskPacketFunc
                0x80005ea2                pDHCPv6ClientProcessFunction
                0x80005ea6                pDHCPServerProcessFunction
                0x80005eaa                pDHCPProcessFunction
                0x80005eae                UDP_fifos_used
                0x80005eb2                udp_fifos
                0x80005f3e                IP_VAR_SECT_END = .
                0x80005f40                . = ALIGN (0x10)
 *fill*         0x80005f3e        0x2 
 *(IP_STK_SECT)
 IP_STK_SECT    0x80005f40     0x2000 C:\Nburn/lib/NetBurner.a(ip.o)
                0x80005f40                IPStk
                0x80007f40                IP_STK_SECT_END = .
                0x80007f40                . = ALIGN (0x4)
 *(TCP_VAR_SECT)
 TCP_VAR_SECT   0x80007f40       0x20 C:\Nburn/lib/NetBurner.a(tcp.o)
                0x80007f40                TCP_TimerSemaphore
                0x80007f52                TCP_critical_section
                0x80007f60                TCP_VAR_SECT_END = .
                0x80007f60                . = ALIGN (0x10)
 *(TCP_STK_SECT)
 TCP_STK_SECT   0x80007f60     0x3000 C:\Nburn/lib/NetBurner.a(tcp.o)
                0x80007f60                TCPStk
                0x8000af60                TCP_STK_SECT_END = .
                0x8000af60                . = ALIGN (0x10)
 *(HTTP_STK_SECT)
                0x8000af60                HTTP_STK_SECT_END = .
                0x8000af60                . = ALIGN (0x10)
 *(FTP_STK_SECT)
                0x8000af60                FTP_STK_SECT_END = .
                0x8000af60                . = ALIGN (0x10)
 *(WIFI_STK_SECT)
                0x8000af60                WIFI_STK_SECT_END = .
                0x8000af60                . = ALIGN (0x10)
 *(PPP_STK_SECT)
                0x8000af60                PPP_STK_SECT_END = .
                0x8000af60                . = ALIGN (0x10)
 *(COMMAND_STK_SECT)
                0x8000af60                COMMAND_STK_SECT_END = .
                0x8000af60                . = ALIGN (0x4)
 *(USER_VAR_SECT)
 USER_VAR_SECT  0x8000af60       0x16 Drivers\introspec.o
                0x8000af60                LogCrit
                0x8000af6e                LogPut
                0x8000af72                LogGet
 USER_VAR_SECT  0x8000af76       0xbc C:\Nburn/lib/NANO54415.a(HiResTimer.o)
                0x8000af76                _ZN10HiResTimer12timerCreatedE
                0x8000af7a                _ZN10HiResTimer6timersE
                0x8000b032                USER_VAR_SECT_END = .
                0x8000b040                . = ALIGN (0x10)
 *fill*         0x8000b032        0xe 
 *(USER_STK_SECT)
                0x8000b040                USER_STK_SECT_END = .
                0x8000b040                . = ALIGN (0x4)
 *(TLS_VAR_SECT)
                0x8000b040                TLS_VAR_SECT_END = .
                0x8000b040                BUFFERS_SECT_START = .
                0x8000b040                . = ALIGN (0x10)
 *(BUFFERS_VAR_SECT)
 BUFFERS_VAR_SECT
                0x8000b040       0x1c C:\Nburn/lib/NetBurner.a(buffers.o)
                0x8000b040                free_list_is_initialized
                0x8000b044                free_fast_list
                0x8000b04e                free_list
                0x8000b058                FAST_BUFFER_POOL_SIZE
                0x8000b060                . = ALIGN (0x10)
 *fill*         0x8000b05c        0x4 
                0x8000b060                BUFFERS_VAR_SECT_END = .
                0x8000b060                . = ALIGN (0x10)
                0x8000b060                SRAM_END = .

.COLD_SRAM_SECT
                0x8000fffe        0x2
 *(COLD_SRAM_VAR)
 COLD_SRAM_VAR  0x8000fffe        0x2 C:\Nburn/lib/NetBurner.a(ip.o)

.text           0x40000490    0x52b80
 nb-crt0.o()
 .text          0x40000490       0xaa c:/nburn/gcc-m68k/bin/../lib/gcc/m68k-unknown-elf/5.2.0/m54455\nb-crt0.o
                0x40000490                start
 *fill*         0x4000053a        0x2 
 .data          0x4000053c        0x4 c:/nburn/gcc-m68k/bin/../lib/gcc/m68k-unknown-elf/5.2.0/m54455\nb-crt0.o
 .bss           0x40000540        0x0 c:/nburn/gcc-m68k/bin/../lib/gcc/m68k-unknown-elf/5.2.0/m54455\nb-crt0.o
                0x40000540                gConfigRec = .
                0x40002540                . = (. + 0x2000)
 *fill*         0x40000540     0x2000 
                0x40002540                UserParamBase = .
                0x40004540                . = (. + 0x2000)
 *fill*         0x40002540     0x2000 
 *(.text)
 .text          0x40004540      0x12c c:/nburn/gcc-m68k/bin/../lib/gcc/m68k-unknown-elf/5.2.0/m54455/crtbegin.o
 .text          0x4000466c        0x8 C:\Nburn/lib/NANO54415.a(hardware_init.o)
                0x4000466c                hardware_init_hook
 *fill*         0x40004674        0xc 
 .text          0x40004680      0x19c C:\Nburn/lib/NANO54415.a(bspa.o)
                0x40004680                CatchNullWrites
                0x40004690                _cache_inval
                0x400046b0                _cache_push
                0x400046d0                _cache_flush
                0x40004710                PushCacheLines
                0x40004760                InvalidateCacheLines
                0x400047b0                FlushCacheLines
 *fill*         0x4000481c        0x4 
 .text          0x40004820      0x41a C:\Nburn/lib/NetBurner.a(ucosmcfa.o)
                0x40004820                OSStartHighRdy
                0x40004840                OSCtxSw
                0x40004870                OSIntCtxSw
                0x400048a0                OSTickISR
                0x400048e0                OSSetupVBR
                0x40004900                OSDebugTraceHalt
                0x40004910                memcpy
                0x40004910                fmemcpy
                0x400049e0                memcpysum
                0x40004b70                memset
                0x40004b70                fmemset
                0x40004c10                GetSR_IntLevel
                0x40004c20                SetSR_IntLevel
 *fill*         0x40004c3a        0x2 
 .text          0x40004c3c        0x8 C:\Nburn/lib/NetBurner.a(software_init.o)
                0x40004c3c                software_init_hook
 .text          0x40004c44       0x2e C:\Nburn/lib/NetBurner.a(ucosmain.o)
                0x40004c44                OSStackProtectCtxSw
 *fill*         0x40004c72        0x2 
 .text          0x40004c74      0x1c0 C:\Nburn/lib/NetBurner.a(ip.o)
                0x40004c74                GetSum
                0x40004d30                GetSum20
                0x40004d68                GetSumHdr
 .text          0x40004e34     0x440e c:/nburn/gcc-m68k/bin/../m68k-unknown-elf/sysroot/lib/m54455\libstdc++.a(cp-demangle.o)
                0x4000912c                __cxa_demangle
                0x4000920c                __gcclibcxx_demangle_callback
 *fill*         0x40009242        0x2 
 .text          0x40009244       0xea c:/nburn/gcc-m68k/bin/../m68k-unknown-elf/sysroot/lib/m54455\libm.a(lib_a-s_cos.o)
                0x40009244                cos
 *fill*         0x4000932e        0x2 
 .text          0x40009330       0x6c c:/nburn/gcc-m68k/bin/../m68k-unknown-elf/sysroot/lib/m54455\libm.a(lib_a-s_fpclassify.o)
                0x40009330                __fpclassifyd
 .text          0x4000939c       0xda c:/nburn/gcc-m68k/bin/../m68k-unknown-elf/sysroot/lib/m54455\libm.a(lib_a-s_modf.o)
                0x4000939c                modf
 *fill*         0x40009476        0x2 
 .text          0x40009478       0xc6 c:/nburn/gcc-m68k/bin/../m68k-unknown-elf/sysroot/lib/m54455\libm.a(lib_a-s_round.o)
                0x40009478                round
 *fill*         0x4000953e        0x2 
 .text          0x40009540       0xea c:/nburn/gcc-m68k/bin/../m68k-unknown-elf/sysroot/lib/m54455\libm.a(lib_a-s_sin.o)
                0x40009540                sin
 *fill*         0x4000962a        0x2 
 .text          0x4000962c       0xf0 c:/nburn/gcc-m68k/bin/../m68k-unknown-elf/sysroot/lib/m54455\libm.a(lib_a-w_asin.o)
                0x4000962c                asin
 .text          0x4000971c        0xc c:/nburn/gcc-m68k/bin/../m68k-unknown-elf/sysroot/lib/m54455\libm.a(lib_a-w_atan2.o)
                0x4000971c                atan2
 .text          0x40009728      0x436 c:/nburn/gcc-m68k/bin/../m68k-unknown-elf/sysroot/lib/m54455\libm.a(lib_a-w_pow.o)
                0x40009728                pow
 *fill*         0x40009b5e        0x2 
 .text          0x40009b60       0xec c:/nburn/gcc-m68k/bin/../m68k-unknown-elf/sysroot/lib/m54455\libm.a(lib_a-wf_asin.o)
                0x40009b60                asinf
 .text          0x40009c4c        0xc c:/nburn/gcc-m68k/bin/../m68k-unknown-elf/sysroot/lib/m54455\libm.a(lib_a-wf_atan2.o)
                0x40009c4c                atan2f
 .text          0x40009c58       0xfe c:/nburn/gcc-m68k/bin/../m68k-unknown-elf/sysroot/lib/m54455\libm.a(lib_a-wf_sqrt.o)
                0x40009c58                sqrtf
 *fill*         0x40009d56        0x2 
 .text          0x40009d58      0x606 c:/nburn/gcc-m68k/bin/../m68k-unknown-elf/sysroot/lib/m54455\libm.a(lib_a-e_asin.o)
                0x40009d58                __ieee754_asin
 *fill*         0x4000a35e        0x2 
 .text          0x4000a360      0x24c c:/nburn/gcc-m68k/bin/../m68k-unknown-elf/sysroot/lib/m54455\libm.a(lib_a-e_atan2.o)
                0x4000a360                __ieee754_atan2
 .text          0x4000a5ac      0xdfe c:/nburn/gcc-m68k/bin/../m68k-unknown-elf/sysroot/lib/m54455\libm.a(lib_a-e_pow.o)
                0x4000a5ac                __ieee754_pow
 *fill*         0x4000b3aa        0x2 
 .text          0x4000b3ac      0x5f2 c:/nburn/gcc-m68k/bin/../m68k-unknown-elf/sysroot/lib/m54455\libm.a(lib_a-e_rem_pio2.o)
                0x4000b3ac                __ieee754_rem_pio2
 *fill*         0x4000b99e        0x2 
 .text          0x4000b9a0      0x1d0 c:/nburn/gcc-m68k/bin/../m68k-unknown-elf/sysroot/lib/m54455\libm.a(lib_a-e_sqrt.o)
                0x4000b9a0                __ieee754_sqrt
 .text          0x4000bb70      0x39a c:/nburn/gcc-m68k/bin/../m68k-unknown-elf/sysroot/lib/m54455\libm.a(lib_a-ef_asin.o)
                0x4000bb70                __ieee754_asinf
 *fill*         0x4000bf0a        0x2 
 .text          0x4000bf0c      0x1c6 c:/nburn/gcc-m68k/bin/../m68k-unknown-elf/sysroot/lib/m54455\libm.a(lib_a-ef_atan2.o)
                0x4000bf0c                __ieee754_atan2f
 *fill*         0x4000c0d2        0x2 
 .text          0x4000c0d4       0xe4 c:/nburn/gcc-m68k/bin/../m68k-unknown-elf/sysroot/lib/m54455\libm.a(lib_a-ef_sqrt.o)
                0x4000c0d4                __ieee754_sqrtf
 .text          0x4000c1b8      0x260 c:/nburn/gcc-m68k/bin/../m68k-unknown-elf/sysroot/lib/m54455\libm.a(lib_a-k_cos.o)
                0x4000c1b8                __kernel_cos
 .text          0x4000c418      0x8dc c:/nburn/gcc-m68k/bin/../m68k-unknown-elf/sysroot/lib/m54455\libm.a(lib_a-k_rem_pio2.o)
                0x4000c418                __kernel_rem_pio2
 .text          0x4000ccf4      0x1fa c:/nburn/gcc-m68k/bin/../m68k-unknown-elf/sysroot/lib/m54455\libm.a(lib_a-k_sin.o)
                0x4000ccf4                __kernel_sin
 *fill*         0x4000ceee        0x2 
 .text          0x4000cef0      0x440 c:/nburn/gcc-m68k/bin/../m68k-unknown-elf/sysroot/lib/m54455\libm.a(lib_a-s_atan.o)
                0x4000cef0                atan
 .text          0x4000d330       0x1c c:/nburn/gcc-m68k/bin/../m68k-unknown-elf/sysroot/lib/m54455\libm.a(lib_a-s_fabs.o)
                0x4000d330                fabs
 .text          0x4000d34c       0x1c c:/nburn/gcc-m68k/bin/../m68k-unknown-elf/sysroot/lib/m54455\libm.a(lib_a-s_finite.o)
                0x4000d34c                finite
 .text          0x4000d368      0x17c c:/nburn/gcc-m68k/bin/../m68k-unknown-elf/sysroot/lib/m54455\libm.a(lib_a-s_floor.o)
                0x4000d368                floor
 .text          0x4000d4e4        0xa c:/nburn/gcc-m68k/bin/../m68k-unknown-elf/sysroot/lib/m54455\libm.a(lib_a-s_matherr.o)
                0x4000d4e4                matherr
 *fill*         0x4000d4ee        0x2 
 .text          0x4000d4f0       0x10 c:/nburn/gcc-m68k/bin/../m68k-unknown-elf/sysroot/lib/m54455\libm.a(lib_a-s_nan.o)
                0x4000d4f0                nan
 .text          0x4000d500      0x19e c:/nburn/gcc-m68k/bin/../m68k-unknown-elf/sysroot/lib/m54455\libm.a(lib_a-s_rint.o)
                0x4000d500                rint
 *fill*         0x4000d69e        0x2 
 .text          0x4000d6a0      0x188 c:/nburn/gcc-m68k/bin/../m68k-unknown-elf/sysroot/lib/m54455\libm.a(lib_a-s_scalbn.o)
                0x4000d6a0                scalbn
 .text          0x4000d828      0x2c0 c:/nburn/gcc-m68k/bin/../m68k-unknown-elf/sysroot/lib/m54455\libm.a(lib_a-sf_atan.o)
                0x4000d828                atanf
 .text          0x4000dae8       0x10 c:/nburn/gcc-m68k/bin/../m68k-unknown-elf/sysroot/lib/m54455\libm.a(lib_a-sf_fabs.o)
                0x4000dae8                fabsf
 .text          0x4000daf8       0x4a c:/nburn/gcc-m68k/bin/../m68k-unknown-elf/sysroot/lib/m54455\libm.a(lib_a-sf_fpclassify.o)
                0x4000daf8                __fpclassifyf
 *fill*         0x4000db42        0x2 
 .text          0x4000db44       0x2a c:/nburn/gcc-m68k/bin/../m68k-unknown-elf/sysroot/lib/m54455\libm.a(lib_a-s_copysign.o)
                0x4000db44                copysign
 *fill*         0x4000db6e        0x2 
 .text          0x4000db70      0xba0 c:/nburn/gcc-m68k/bin/../lib/gcc/m68k-unknown-elf/5.2.0/m54455\libgcc.a(_double.o)
                0x4000dbca                __subdf3
                0x4000dbd0                __adddf3
                0x4000e06c                __muldf3
                0x4000e248                __divdf3
                0x4000e538                __negdf2
                0x4000e596                __cmpdf2_internal
                0x4000e66e                __cmpdf2
 .text          0x4000e710      0x7ca c:/nburn/gcc-m68k/bin/../lib/gcc/m68k-unknown-elf/5.2.0/m54455\libgcc.a(_float.o)
                0x4000e758                __subsf3
                0x4000e75e                __addsf3
                0x4000ea40                __mulsf3
                0x4000eb82                __divsf3
                0x4000ed76                __negsf2
                0x4000edc8                __cmpsf2_internal
                0x4000ee68                __cmpsf2
 *fill*         0x4000eeda        0x2 
 .text          0x4000eedc       0x74 c:/nburn/gcc-m68k/bin/../lib/gcc/m68k-unknown-elf/5.2.0/m54455\libgcc.a(_floatex.o)
                0x4000eedc                __clear_sticky_bit
                0x4000eee8                $_exception_handler
 .text          0x4000ef50       0x22 c:/nburn/gcc-m68k/bin/../lib/gcc/m68k-unknown-elf/5.2.0/m54455\libgcc.a(_eqdf2.o)
                0x4000ef50                __eqdf2
 *fill*         0x4000ef72        0x2 
 .text          0x4000ef74       0x22 c:/nburn/gcc-m68k/bin/../lib/gcc/m68k-unknown-elf/5.2.0/m54455\libgcc.a(_nedf2.o)
                0x4000ef74                __nedf2
 *fill*         0x4000ef96        0x2 
 .text          0x4000ef98       0x22 c:/nburn/gcc-m68k/bin/../lib/gcc/m68k-unknown-elf/5.2.0/m54455\libgcc.a(_gtdf2.o)
                0x4000ef98                __gtdf2
 *fill*         0x4000efba        0x2 
 .text          0x4000efbc       0x22 c:/nburn/gcc-m68k/bin/../lib/gcc/m68k-unknown-elf/5.2.0/m54455\libgcc.a(_gedf2.o)
                0x4000efbc                __gedf2
 *fill*         0x4000efde        0x2 
 .text          0x4000efe0       0x22 c:/nburn/gcc-m68k/bin/../lib/gcc/m68k-unknown-elf/5.2.0/m54455\libgcc.a(_ltdf2.o)
                0x4000efe0                __ltdf2
 *fill*         0x4000f002        0x2 
 .text          0x4000f004       0x22 c:/nburn/gcc-m68k/bin/../lib/gcc/m68k-unknown-elf/5.2.0/m54455\libgcc.a(_ledf2.o)
                0x4000f004                __ledf2
 *fill*         0x4000f026        0x2 
 .text          0x4000f028       0x1a c:/nburn/gcc-m68k/bin/../lib/gcc/m68k-unknown-elf/5.2.0/m54455\libgcc.a(_eqsf2.o)
                0x4000f028                __eqsf2
 *fill*         0x4000f042        0x2 
 .text          0x4000f044       0x1a c:/nburn/gcc-m68k/bin/../lib/gcc/m68k-unknown-elf/5.2.0/m54455\libgcc.a(_gtsf2.o)
                0x4000f044                __gtsf2
 *fill*         0x4000f05e        0x2 
 .text          0x4000f060       0x1a c:/nburn/gcc-m68k/bin/../lib/gcc/m68k-unknown-elf/5.2.0/m54455\libgcc.a(_ltsf2.o)
                0x4000f060                __ltsf2
 *fill*         0x4000f07a        0x2 
 .text          0x4000f07c       0x66 c:/nburn/gcc-m68k/bin/../lib/gcc/m68k-unknown-elf/5.2.0/m54455\libgcc.a(_muldi3.o)
                0x4000f07c                __muldi3
 *fill*         0x4000f0e2        0x2 
 .text          0x4000f0e4       0x76 c:/nburn/gcc-m68k/bin/../lib/gcc/m68k-unknown-elf/5.2.0/m54455\libgcc.a(_fixunsdfsi.o)
                0x4000f0e4                __fixunsdfsi
 *fill*         0x4000f15a        0x2 
 .text          0x4000f15c       0x7a c:/nburn/gcc-m68k/bin/../lib/gcc/m68k-unknown-elf/5.2.0/m54455\libgcc.a(_fixunsdfdi.o)
                0x4000f15c                __fixunsdfdi
 *fill*         0x4000f1d6        0x2 
 .text          0x4000f1d8      0x3fe c:/nburn/gcc-m68k/bin/../lib/gcc/m68k-unknown-elf/5.2.0/m54455\libgcc.a(_udivdi3.o)
                0x4000f1d8                __udivdi3
 *fill*         0x4000f5d6        0x2 
 .text          0x4000f5d8      0x372 c:/nburn/gcc-m68k/bin/../lib/gcc/m68k-unknown-elf/5.2.0/m54455\libgcc.a(_umoddi3.o)
                0x4000f5d8                __umoddi3
 *fill*         0x4000f94a        0x2 
 .text          0x4000f94c      0x442 c:/nburn/gcc-m68k/bin/../lib/gcc/m68k-unknown-elf/5.2.0/m54455\libgcc.a(fpgnulib.o)
                0x4000f94c                __unordsf2
                0x4000f9a4                __unorddf2
                0x4000fa0e                __floatunsidf
                0x4000fa72                __floatsidf
                0x4000fb1e                __floatunsisf
                0x4000fb38                __floatsisf
                0x4000fb52                __extendsfdf2
                0x4000fbbe                __truncdfsf2
                0x4000fce8                __fixdfsi
                0x4000fd74                __fixsfsi
 *fill*         0x4000fd8e        0x2 
 .text          0x4000fd90     0x21b4 c:/nburn/gcc-m68k/bin/../lib/gcc/m68k-unknown-elf/5.2.0/m54455\libgcc.a(unwind-dw2.o)
                0x4001196a                _Unwind_GetGR
                0x400119d0                _Unwind_GetCFA
                0x400119e0                _Unwind_SetGR
                0x40011a4a                _Unwind_GetIP
                0x40011a5a                _Unwind_GetIPInfo
                0x40011a7a                _Unwind_SetIP
                0x40011a8c                _Unwind_GetLanguageSpecificData
                0x40011a9c                _Unwind_GetRegionStart
                0x40011aac                _Unwind_FindEnclosingFunction
                0x40011ad6                _Unwind_GetDataRelBase
                0x40011ae6                _Unwind_GetTextRelBase
                0x40011af6                __frame_state_for
                0x40011bc2                _Unwind_RaiseException
                0x40011cdc                _Unwind_ForcedUnwind
                0x40011d70                _Unwind_Resume
                0x40011e06                _Unwind_Resume_or_Rethrow
                0x40011ea0                _Unwind_DeleteException
                0x40011ebe                _Unwind_Backtrace
 .text          0x40011f44     0x126e c:/nburn/gcc-m68k/bin/../lib/gcc/m68k-unknown-elf/5.2.0/m54455\libgcc.a(unwind-dw2-fde.o)
                0x40012d98                __register_frame_info_bases
                0x40012de0                __register_frame_info
                0x40012e28                __register_frame
                0x40012e80                __register_frame_info_table_bases
                0x40012eca                __register_frame_info_table
                0x40012f10                __register_frame_table
                0x40012f60                __deregister_frame_info_bases
                0x40013036                __deregister_frame_info
                0x40013040                __deregister_frame
                0x40013064                _Unwind_Find_FDE
 *fill*         0x400131b2        0x2 
 .text          0x400131b4       0x18 c:/nburn/gcc-m68k/bin/../m68k-unknown-elf/sysroot/lib/m54455\libc.a(lib_a-abort.o)
                0x400131b4                abort
 .text          0x400131cc       0x18 c:/nburn/gcc-m68k/bin/../m68k-unknown-elf/sysroot/lib/m54455\libc.a(lib_a-atexit.o)
                0x400131cc                atexit
 .text          0x400131e4       0x34 c:/nburn/gcc-m68k/bin/../m68k-unknown-elf/sysroot/lib/m54455\libc.a(lib_a-atoi.o)
                0x400131e4                atoi
                0x400131fc                _atoi_r
 .text          0x40013218       0x5c c:/nburn/gcc-m68k/bin/../m68k-unknown-elf/sysroot/lib/m54455\libc.a(lib_a-bsearch.o)
                0x40013218                bsearch
 .text          0x40013274       0x1e c:/nburn/gcc-m68k/bin/../m68k-unknown-elf/sysroot/lib/m54455\libc.a(lib_a-cxa_atexit.o)
                0x40013274                __cxa_atexit
 *fill*         0x40013292        0x2 
 .text          0x40013294        0xe c:/nburn/gcc-m68k/bin/../m68k-unknown-elf/sysroot/lib/m54455\libc.a(lib_a-errno.o)
                0x40013294                __errno
 *fill*         0x400132a2        0x2 
 .text          0x400132a4       0x5c c:/nburn/gcc-m68k/bin/../m68k-unknown-elf/sysroot/lib/m54455\libc.a(lib_a-fputc.o)
                0x400132a4                _fputc_r
                0x400132e6                fputc
 .text          0x40013300       0xa4 c:/nburn/gcc-m68k/bin/../m68k-unknown-elf/sysroot/lib/m54455\libc.a(lib_a-fputs.o)
                0x40013300                _fputs_r
                0x4001338a                fputs
 .text          0x400133a4      0x366 c:/nburn/gcc-m68k/bin/../m68k-unknown-elf/sysroot/lib/m54455\libc.a(lib_a-fvwrite.o)
                0x400133a4                __sfvwrite_r
 *fill*         0x4001370a        0x2 
 .text          0x4001370c       0x1a c:/nburn/gcc-m68k/bin/../m68k-unknown-elf/sysroot/lib/m54455\libc.a(lib_a-isspace.o)
                0x4001370c                isspace
 *fill*         0x40013726        0x2 
 .text          0x40013728       0x32 c:/nburn/gcc-m68k/bin/../m68k-unknown-elf/sysroot/lib/m54455\libc.a(lib_a-malloc.o)
                0x40013728                malloc
                0x40013740                free
 *fill*         0x4001375a        0x2 
 .text          0x4001375c      0x584 c:/nburn/gcc-m68k/bin/../m68k-unknown-elf/sysroot/lib/m54455\libc.a(lib_a-mallocr.o)
                0x4001375c                _malloc_r
 .text          0x40013ce0       0x32 c:/nburn/gcc-m68k/bin/../m68k-unknown-elf/sysroot/lib/m54455\libc.a(lib_a-memchr.o)
                0x40013ce0                memchr
 *fill*         0x40013d12        0x2 
 .text          0x40013d14       0x32 c:/nburn/gcc-m68k/bin/../m68k-unknown-elf/sysroot/lib/m54455\libc.a(lib_a-memcmp.o)
                0x40013d14                memcmp
 *fill*         0x40013d46        0x2 
 .text          0x40013d48       0x54 c:/nburn/gcc-m68k/bin/../m68k-unknown-elf/sysroot/lib/m54455\libc.a(lib_a-memmove.o)
                0x40013d48                memmove
 .text          0x40013d9c       0xa0 c:/nburn/gcc-m68k/bin/../m68k-unknown-elf/sysroot/lib/m54455\libc.a(lib_a-putc.o)
                0x40013d9c                _putc_r
                0x40013e22                putc
 .text          0x40013e3c       0xac c:/nburn/gcc-m68k/bin/../m68k-unknown-elf/sysroot/lib/m54455\libc.a(lib_a-puts.o)
                0x40013e3c                _puts_r
                0x40013ed2                puts
 .text          0x40013ee8       0x62 c:/nburn/gcc-m68k/bin/../m68k-unknown-elf/sysroot/lib/m54455\libc.a(lib_a-rand.o)
                0x40013ee8                srand
                0x40013f00                rand
 *fill*         0x40013f4a        0x2 
 .text          0x40013f4c       0x1c c:/nburn/gcc-m68k/bin/../m68k-unknown-elf/sysroot/lib/m54455\libc.a(lib_a-realloc.o)
                0x40013f4c                realloc
 .text          0x40013f68      0x456 c:/nburn/gcc-m68k/bin/../m68k-unknown-elf/sysroot/lib/m54455\libc.a(lib_a-reallocr.o)
                0x40013f68                _realloc_r
 *fill*         0x400143be        0x2 
 .text          0x400143c0      0x146 c:/nburn/gcc-m68k/bin/../m68k-unknown-elf/sysroot/lib/m54455\libc.a(lib_a-setvbuf.o)
                0x400143c0                setvbuf
 *fill*         0x40014506        0x2 
 .text          0x40014508      0x1ce c:/nburn/gcc-m68k/bin/../m68k-unknown-elf/sysroot/lib/m54455\libc.a(lib_a-signal.o)
                0x40014508                _init_signal_r
                0x40014550                _signal_r
                0x4001459c                _raise_r
                0x40014610                __sigtramp_r
                0x4001467e                raise
                0x40014694                signal
                0x400146ae                _init_signal
                0x400146c0                __sigtramp
 *fill*         0x400146d6        0x2 
 .text          0x400146d8       0x3e c:/nburn/gcc-m68k/bin/../m68k-unknown-elf/sysroot/lib/m54455\libc.a(lib_a-signalr.o)
                0x400146d8                _kill_r
                0x4001470a                _getpid_r
 *fill*         0x40014716        0x2 
 .text          0x40014718       0x18 c:/nburn/gcc-m68k/bin/../m68k-unknown-elf/sysroot/lib/m54455\libc.a(lib_a-stpcpy.o)
                0x40014718                stpcpy
 .text          0x40014730       0x2e c:/nburn/gcc-m68k/bin/../m68k-unknown-elf/sysroot/lib/m54455\libc.a(lib_a-strcat.o)
                0x40014730                strcat
 *fill*         0x4001475e        0x2 
 .text          0x40014760       0x2e c:/nburn/gcc-m68k/bin/../m68k-unknown-elf/sysroot/lib/m54455\libc.a(lib_a-strcmp.o)
                0x40014760                strcmp
 *fill*         0x4001478e        0x2 
 .text          0x40014790       0x1c c:/nburn/gcc-m68k/bin/../m68k-unknown-elf/sysroot/lib/m54455\libc.a(lib_a-strcpy.o)
                0x40014790                strcpy
 .text          0x400147ac       0x1a c:/nburn/gcc-m68k/bin/../m68k-unknown-elf/sysroot/lib/m54455\libc.a(lib_a-strlen.o)
                0x400147ac                strlen
 *fill*         0x400147c6        0x2 
 .text          0x400147c8       0x4e c:/nburn/gcc-m68k/bin/../m68k-unknown-elf/sysroot/lib/m54455\libc.a(lib_a-strncmp.o)
                0x400147c8                strncmp
 *fill*         0x40014816        0x2 
 .text          0x40014818       0x30 c:/nburn/gcc-m68k/bin/../m68k-unknown-elf/sysroot/lib/m54455\libc.a(lib_a-strncpy.o)
                0x40014818                strncpy
 .text          0x40014848       0x4a c:/nburn/gcc-m68k/bin/../m68k-unknown-elf/sysroot/lib/m54455\libc.a(lib_a-strstr.o)
                0x40014848                strstr
 *fill*         0x40014892        0x2 
 .text          0x40014894      0x16e c:/nburn/gcc-m68k/bin/../m68k-unknown-elf/sysroot/lib/m54455\libc.a(lib_a-strtol.o)
                0x40014894                _strtol_r
                0x400149e4                strtol
 *fill*         0x40014a02        0x2 
 .text          0x40014a04       0x2a c:/nburn/gcc-m68k/bin/../m68k-unknown-elf/sysroot/lib/m54455\libc.a(lib_a-tolower.o)
                0x40014a04                tolower
 *fill*         0x40014a2e        0x2 
 .text          0x40014a30       0x2a c:/nburn/gcc-m68k/bin/../m68k-unknown-elf/sysroot/lib/m54455\libc.a(lib_a-toupper.o)
                0x40014a30                toupper
 *fill*         0x40014a5a        0x2 
 .text          0x40014a5c       0xf4 c:/nburn/gcc-m68k/bin/../m68k-unknown-elf/sysroot/lib/m54455\libc.a(lib_a-wbuf.o)
                0x40014a5c                __swbuf_r
                0x40014b36                __swbuf
 .text          0x40014b50      0x116 c:/nburn/gcc-m68k/bin/../m68k-unknown-elf/sysroot/lib/m54455\libc.a(lib_a-wsetup.o)
                0x40014b50                __swsetup_r
 *fill*         0x40014c66        0x2 
 .text          0x40014c68       0xa0 c:/nburn/gcc-m68k/bin/../m68k-unknown-elf/sysroot/lib/m54455\libc.a(lib_a-__atexit.o)
                0x40014c68                __register_exitproc
 .text          0x40014d08      0x204 c:/nburn/gcc-m68k/bin/../m68k-unknown-elf/sysroot/lib/m54455\libc.a(lib_a-fflush.o)
                0x40014d08                __sflush_r
                0x40014e90                _fflush_r
                0x40014ede                fflush
 .text          0x40014f0c      0x28c c:/nburn/gcc-m68k/bin/../m68k-unknown-elf/sysroot/lib/m54455\libc.a(lib_a-findfp.o)
                0x40014f16                _cleanup_r
                0x40014fb2                __sfmoreglue
                0x4001500e                _cleanup
                0x40015022                __sinit
                0x40015092                __sfp
                0x40015144                __sfp_lock_acquire
                0x4001514c                __sfp_lock_release
                0x40015154                __sinit_lock_acquire
                0x4001515c                __sinit_lock_release
                0x40015164                __fp_lock_all
                0x4001517e                __fp_unlock_all
 .text          0x40015198      0x2ec c:/nburn/gcc-m68k/bin/../m68k-unknown-elf/sysroot/lib/m54455\libc.a(lib_a-freer.o)
                0x40015198                _malloc_trim_r
                0x4001526c                _free_r
 .text          0x40015484       0xb4 c:/nburn/gcc-m68k/bin/../m68k-unknown-elf/sysroot/lib/m54455\libc.a(lib_a-fwalk.o)
                0x40015484                _fwalk
                0x400154dc                _fwalk_reent
 .text          0x40015538      0x152 c:/nburn/gcc-m68k/bin/../m68k-unknown-elf/sysroot/lib/m54455\libc.a(lib_a-makebuf.o)
                0x40015538                __smakebuf_r
 *fill*         0x4001568a        0x2 
 .text          0x4001568c      0x126 c:/nburn/gcc-m68k/bin/../m68k-unknown-elf/sysroot/lib/m54455\libc.a(lib_a-stdio.o)
                0x4001568c                __sread
                0x400156d0                __seofread
                0x400156da                __swrite
                0x40015746                __sseek
                0x4001579a                __sclose
 *fill*         0x400157b2        0x2 
 .text          0x400157b4       0x38 c:/nburn/gcc-m68k/bin/../m68k-unknown-elf/sysroot/lib/m54455\libc.a(lib_a-writer.o)
                0x400157b4                _write_r
 .text          0x400157ec       0x2e c:/nburn/gcc-m68k/bin/../m68k-unknown-elf/sysroot/lib/m54455\libc.a(lib_a-closer.o)
                0x400157ec                _close_r
 *fill*         0x4001581a        0x2 
 .text          0x4001581c       0xe2 c:/nburn/gcc-m68k/bin/../m68k-unknown-elf/sysroot/lib/m54455\libc.a(lib_a-fclose.o)
                0x4001581c                _fclose_r
                0x400158e8                fclose
 *fill*         0x400158fe        0x2 
 .text          0x40015900       0x32 c:/nburn/gcc-m68k/bin/../m68k-unknown-elf/sysroot/lib/m54455\libc.a(lib_a-fstatr.o)
                0x40015900                _fstat_r
 *fill*         0x40015932        0x2 
 .text          0x40015934       0x2e c:/nburn/gcc-m68k/bin/../m68k-unknown-elf/sysroot/lib/m54455\libc.a(lib_a-isattyr.o)
                0x40015934                _isatty_r
 *fill*         0x40015962        0x2 
 .text          0x40015964       0x38 c:/nburn/gcc-m68k/bin/../m68k-unknown-elf/sysroot/lib/m54455\libc.a(lib_a-lseekr.o)
                0x40015964                _lseek_r
 .text          0x4001599c       0x38 c:/nburn/gcc-m68k/bin/../m68k-unknown-elf/sysroot/lib/m54455\libc.a(lib_a-readr.o)
                0x4001599c                _read_r
 .text          0x400159d4       0x32 c:/nburn/gcc-m68k/bin/../lib/gcc/m68k-unknown-elf/5.2.0/m54455/crtend.o
                0x40015a10                . = ALIGN (0x10)
 *fill*         0x40015a06        0xa 
 *(.text.*)
 .text._Z9LCDUpdatePv
                0x40015a10      0x1b4 main.o
                0x40015a10                _Z9LCDUpdatePv
 .text._Z5DrivePv
                0x40015bc4      0x17a main.o
                0x40015bc4                _Z5DrivePv
 *fill*         0x40015d3e        0x2 
 .text._Z15CheckNVSettingsv
                0x40015d40      0x1bc main.o
                0x40015d40                _Z15CheckNVSettingsv
 .text._Z4initv
                0x40015efc      0x226 main.o
                0x40015efc                _Z4initv
 *fill*         0x40016122        0x2 
 .text.UserMain
                0x40016124      0x100 main.o
                0x40016124                UserMain
 .text.startup._GLOBAL__sub_I_MainTaskSem
                0x40016224       0xb8 main.o
 .text._ZN7Utility4modeEv
                0x400162dc       0x32 Utility.o
                0x400162dc                _ZN7Utility4modeEv
 *fill*         0x4001630e        0x2 
 .text._ZN7Utility9odoToFeetEm
                0x40016310       0x46 Utility.o
                0x40016310                _ZN7Utility9odoToFeetEm
 *fill*         0x40016356        0x2 
 .text._ZN7Utility10degreeWrapEf
                0x40016358       0x90 Utility.o
                0x40016358                _ZN7Utility10degreeWrapEf
 .text._ZN7Utility9switchValEi
                0x400163e8       0x26 Utility.o
                0x400163e8                _ZN7Utility9switchValEi
 *fill*         0x4001640e        0x2 
 .text._ZN7Utility6cmToFtEf
                0x40016410       0x3c Utility.o
                0x40016410                _ZN7Utility6cmToFtEf
 .text._ZN4PathD2Ev
                0x4001644c       0x28 Path.o
                0x4001644c                _ZN4PathD2Ev
                0x4001644c                _ZN4PathD1Ev
 .text._ZN4PathD0Ev
                0x40016474       0x3a Path.o
                0x40016474                _ZN4PathD0Ev
 *fill*         0x400164ae        0x2 
 .text._ZN4PathC2Ev
                0x400164b0       0x1e Path.o
                0x400164b0                _ZN4PathC2Ev
                0x400164b0                _ZN4PathC1Ev
 *fill*         0x400164ce        0x2 
 .text._ZN3NavC2Ev
                0x400164d0       0x66 Nav.o
                0x400164d0                _ZN3NavC2Ev
                0x400164d0                _ZN3NavC1Ev
 *fill*         0x40016536        0x2 
 .text._ZN3Nav4getXEv
                0x40016538       0x10 Nav.o
                0x40016538                _ZN3Nav4getXEv
 .text._ZN3Nav4getYEv
                0x40016548       0x10 Nav.o
                0x40016548                _ZN3Nav4getYEv
 .text._ZN3Nav4getVEv
                0x40016558       0x10 Nav.o
                0x40016558                _ZN3Nav4getVEv
 .text._ZN3Nav10isFinishedEv
                0x40016568       0x10 Nav.o
                0x40016568                _ZN3Nav10isFinishedEv
 .text._ZN3Nav15getRightWallEstEv
                0x40016578       0x10 Nav.o
                0x40016578                _ZN3Nav15getRightWallEstEv
 .text._ZN3Nav12getHeadErrorEv
                0x40016588       0x10 Nav.o
                0x40016588                _ZN3Nav12getHeadErrorEv
 .text._ZN3Nav13waypointSteerEv
                0x40016598      0x108 Nav.o
                0x40016598                _ZN3Nav13waypointSteerEv
 .text._ZN3Nav8getSteerEv
                0x400166a0       0xba Nav.o
                0x400166a0                _ZN3Nav8getSteerEv
 *fill*         0x4001675a        0x2 
 .text._ZN3Nav10wallUpdateEv
                0x4001675c      0x102 Nav.o
                0x4001675c                _ZN3Nav10wallUpdateEv
 *fill*         0x4001685e        0x2 
 .text._ZN3Nav9navUpdateEv
                0x40016860      0x426 Nav.o
                0x40016860                _ZN3Nav9navUpdateEv
 *fill*         0x40016c86        0x2 
 .text._ZN3Nav19waypointFinishCheckEf
                0x40016c88       0xfe Nav.o
                0x40016c88                _ZN3Nav19waypointFinishCheckEf
 *fill*         0x40016d86        0x2 
 .text._ZN3Nav12brakeAndZeroEf
                0x40016d88       0x4e Nav.o
                0x40016d88                _ZN3Nav12brakeAndZeroEf
 *fill*         0x40016dd6        0x2 
 .text._ZN3Nav17moveUntilFinishedEff.part.0.constprop.1
                0x40016dd8       0xc0 Nav.o
 .text._ZN3Nav11getThrottleEv
                0x40016e98       0x46 Nav.o
                0x40016e98                _ZN3Nav11getThrottleEv
 *fill*         0x40016ede        0x2 
 .text._ZN3NavD2Ev
                0x40016ee0       0x32 Nav.o
                0x40016ee0                _ZN3NavD1Ev
                0x40016ee0                _ZN3NavD2Ev
 *fill*         0x40016f12        0x2 
 .text._ZN3NavD0Ev
                0x40016f14       0x40 Nav.o
                0x40016f14                _ZN3NavD0Ev
 .text._ZN3MapD2Ev
                0x40016f54       0x28 Map.o
                0x40016f54                _ZN3MapD2Ev
                0x40016f54                _ZN3MapD1Ev
 .text._ZN3MapD0Ev
                0x40016f7c       0x3a Map.o
                0x40016f7c                _ZN3MapD0Ev
 *fill*         0x40016fb6        0x2 
 .text._ZN3MapC2Ev
                0x40016fb8       0x1e Map.o
                0x40016fb8                _ZN3MapC2Ev
                0x40016fb8                _ZN3MapC1Ev
 *fill*         0x40016fd6        0x2 
 .text._ZN13MainLogObject9GetExtentERPmS1_
                0x40016fd8       0x24 Logger.o
                0x40016fd8                _ZN13MainLogObject9GetExtentERPmS1_
 .text._ZN6Logger7logLoopEPv
                0x40016ffc      0x4d2 Logger.o
                0x40016ffc                _ZN6Logger7logLoopEPv
 *fill*         0x400174ce        0x2 
 .text._ZN13MainLogObject8BuildOneEv
                0x400174d0      0x7e8 Logger.o
                0x400174d0                _ZN13MainLogObject8BuildOneEv
 .text._ZN13MainLogObjectC2Ev
                0x40017cb8      0xb50 Logger.o
                0x40017cb8                _ZN13MainLogObjectC2Ev
                0x40017cb8                _ZN13MainLogObjectC1Ev
 .text._ZN6Logger8logBeginEv
                0x40018808       0x3a Logger.o
                0x40018808                _ZN6Logger8logBeginEv
 *fill*         0x40018842        0x2 
 .text.startup._GLOBAL__sub_I_mainLog
                0x40018844       0x1a Logger.o
 *fill*         0x4001885e        0x2 
 .text._Z11CoreRcTimeri
                0x40018860       0xfa Drivers\servodrive.o
                0x40018860                _Z11CoreRcTimeri
 *fill*         0x4001895a        0x2 
 .text._Z12fake_Ch0_ISRv
                0x4001895c       0x54 Drivers\servodrive.o
                0x4001895c                _Z12fake_Ch0_ISRv
                0x40018960                Ch0_ISR
 .text.real_Ch0_ISR
                0x400189b0       0x16 Drivers\servodrive.o
                0x400189b0                real_Ch0_ISR
 *fill*         0x400189c6        0x2 
 .text._Z12fake_Ch1_ISRv
                0x400189c8       0x54 Drivers\servodrive.o
                0x400189c8                _Z12fake_Ch1_ISRv
                0x400189cc                Ch1_ISR
 .text.real_Ch1_ISR
                0x40018a1c       0x18 Drivers\servodrive.o
                0x40018a1c                real_Ch1_ISR
 .text._Z14ServoDriveInitv
                0x40018a34      0x16e Drivers\servodrive.o
                0x40018a34                _Z14ServoDriveInitv
 *fill*         0x40018ba2        0x2 
 .text._Z11SetServoPosid
                0x40018ba4      0x134 Drivers\servodrive.o
                0x40018ba4                _Z11SetServoPosid
 .text._Z11SetServoRawii
                0x40018cd8       0xc2 Drivers\servodrive.o
                0x40018cd8                _Z11SetServoRawii
 *fill*         0x40018d9a        0x2 
 .text._Z11getServoPosi
                0x40018d9c       0x1c Drivers\servodrive.o
                0x40018d9c                _Z11getServoPosi
 .text._Z14PinFunctionPWMi
                0x40018db8      0x11a Drivers\pwm.o
                0x40018db8                _Z14PinFunctionPWMi
 *fill*         0x40018ed2        0x2 
 .text._Z18CheckLoadOkayClearv
                0x40018ed4       0x7c Drivers\pwm.o
                0x40018ed4                _Z18CheckLoadOkayClearv
 .text._Z19RegisterDefinitionsih
                0x40018f50       0x9a Drivers\pwm.o
                0x40018f50                _Z19RegisterDefinitionsih
 *fill*         0x40018fea        0x2 
 .text._Z14EdgeAlignedPWMiii
                0x40018fec      0x408 Drivers\pwm.o
                0x40018fec                _Z14EdgeAlignedPWMiii
 .text._Z6PinPWMiid
                0x400193f4       0x86 Drivers\pwm.o
                0x400193f4                _Z6PinPWMiid
 *fill*         0x4001947a        0x2 
 .text._Z22BuildOrFindDescriptionPKc
                0x4001947c       0xa2 Drivers\introspec.o
                0x4001947c                _Z22BuildOrFindDescriptionPKc
 *fill*         0x4001951e        0x2 
 .text._ZN15IntrospecObjectC2EPKc
                0x40019520       0x1c Drivers\introspec.o
                0x40019520                _ZN15IntrospecObjectC1EPKc
                0x40019520                _ZN15IntrospecObjectC2EPKc
 .text._Z14LogEscapedByteh
                0x4001953c       0x72 Drivers\introspec.o
                0x4001953c                _Z14LogEscapedByteh
 *fill*         0x400195ae        0x2 
 .text._Z10LogRawByteh
                0x400195b0       0x58 Drivers\introspec.o
                0x400195b0                _Z10LogRawByteh
 .text._Z8LogRaw32m
                0x40019608      0x130 Drivers\introspec.o
                0x40019608                _Z8LogRaw32m
 .text._ZN15IntrospecObject7ElementEPvmPKcc
                0x40019738       0x94 Drivers\introspec.o
                0x40019738                _ZN15IntrospecObject7ElementEPvmPKcc
 .text._ZN15IntrospecObject12LogStructureEv
                0x400197cc       0x98 Drivers\introspec.o
                0x400197cc                _ZN15IntrospecObject12LogStructureEv
 .text._ZN15IntrospecObject3LogEb
                0x40019864      0x136 Drivers\introspec.o
                0x40019864                _ZN15IntrospecObject3LogEb
 *fill*         0x4001999a        0x2 
 .text._Z10LogMessagePKcb
                0x4001999c       0x84 Drivers\introspec.o
                0x4001999c                _Z10LogMessagePKcb
 .text._Z12WriteLogToFdi
                0x40019a20       0xf0 Drivers\introspec.o
                0x40019a20                _Z12WriteLogToFdi
 .text._Z10GetLogSizev
                0x40019b10       0x80 Drivers\introspec.o
                0x40019b10                _Z10GetLogSizev
 .text._Z10InitLogFtpi
                0x40019b90       0x20 Drivers\introspec.o
                0x40019b90                _Z10InitLogFtpi
 .text._Z22FTPD_GetFileFromClientPKcS0_Pvi
                0x40019bb0        0xa Drivers\introspec.o
                0x40019bb0                _Z22FTPD_GetFileFromClientPKcS0_Pvi
 *fill*         0x40019bba        0x2 
 .text._Z21FTPD_AbleToCreateFilePKcS0_Pv
                0x40019bbc        0xa Drivers\introspec.o
                0x40019bbc                _Z21FTPD_AbleToCreateFilePKcS0_Pv
 *fill*         0x40019bc6        0x2 
 .text._Z16FTPDSessionStartPKcS0_7IPADDR4
                0x40019bc8        0xa Drivers\introspec.o
                0x40019bc8                _Z16FTPDSessionStartPKcS0_7IPADDR4
 *fill*         0x40019bd2        0x2 
 .text._Z14FTPDSessionEndPv
                0x40019bd4        0x8 Drivers\introspec.o
                0x40019bd4                _Z14FTPDSessionEndPv
 .text._Z23FTPD_ListSubDirectoriesPKcPvPFviS0_Ei
                0x40019bdc        0xa Drivers\introspec.o
                0x40019bdc                _Z23FTPD_ListSubDirectoriesPKcPvPFviS0_Ei
 *fill*         0x40019be6        0x2 
 .text._Z20FTPD_DirectoryExistsPKcPv
                0x40019be8        0xa Drivers\introspec.o
                0x40019be8                _Z20FTPD_DirectoryExistsPKcPv
 *fill*         0x40019bf2        0x2 
 .text._Z23FTPD_CreateSubDirectoryPKcS0_Pv
                0x40019bf4        0xa Drivers\introspec.o
                0x40019bf4                _Z23FTPD_CreateSubDirectoryPKcS0_Pv
 *fill*         0x40019bfe        0x2 
 .text._Z23FTPD_DeleteSubDirectoryPKcS0_Pv
                0x40019c00        0xa Drivers\introspec.o
                0x40019c00                _Z23FTPD_DeleteSubDirectoryPKcS0_Pv
 *fill*         0x40019c0a        0x2 
 .text._Z15FTPD_DeleteFilePKcS0_Pv
                0x40019c0c       0x60 Drivers\introspec.o
                0x40019c0c                _Z15FTPD_DeleteFilePKcS0_Pv
 .text._Z11FTPD_RenamePKcS0_S0_Pv
                0x40019c6c        0xa Drivers\introspec.o
                0x40019c6c                _Z11FTPD_RenamePKcS0_S0_Pv
 *fill*         0x40019c76        0x2 
 .text._Z16FTPD_GetFileSizePKcS0_
                0x40019c78        0xa Drivers\introspec.o
                0x40019c78                _Z16FTPD_GetFileSizePKcS0_
 *fill*         0x40019c82        0x2 
 .text._Z12getdirstringPKclPc
                0x40019c84       0xac Drivers\introspec.o
                0x40019c84                _Z12getdirstringPKclPc
 .text._Z13FTPD_ListFilePKcPvPFviS0_Ei
                0x40019d30       0x5e Drivers\introspec.o
                0x40019d30                _Z13FTPD_ListFilePKcPvPFviS0_Ei
 *fill*         0x40019d8e        0x2 
 .text._Z21FTPD_SendFileToClientPKcS0_Pvi
                0x40019d90       0x78 Drivers\introspec.o
                0x40019d90                _Z21FTPD_SendFileToClientPKcS0_Pvi
 .text._Z15FTPD_FileExistsPKcS0_Pv
                0x40019e08        0xa Drivers\introspec.o
                0x40019e08                _Z15FTPD_FileExistsPKcS0_Pv
 *fill*         0x40019e12        0x2 
 .text._ZN7FileLogC2EPKc
                0x40019e14       0x20 Drivers\introspec.o
                0x40019e14                _ZN7FileLogC2EPKc
                0x40019e14                _ZN7FileLogC1EPKc
 .text._Z15LogFileVersionsv
                0x40019e34       0x5e Drivers\introspec.o
                0x40019e34                _Z15LogFileVersionsv
 *fill*         0x40019e92        0x2 
 .text.startup._GLOBAL__sub_I__ZN15IntrospecObject7bShowMeE
                0x40019e94       0x44 Drivers\introspec.o
 .text._Z15RC_ProcessCharsih
                0x40019ed8       0xe6 Drivers\dsm2.o
                0x40019ed8                _Z15RC_ProcessCharsih
 *fill*         0x40019fbe        0x2 
 .text._Z10InitDSM2Rxi
                0x40019fc0       0x52 Drivers\dsm2.o
                0x40019fc0                _Z10InitDSM2Rxi
 *fill*         0x4001a012        0x2 
 .text._ZN13SpinningLidar17SpinningLidarInitEv
                0x4001a014       0x34 Drivers\SpinningLidar.o
                0x4001a014                _ZN13SpinningLidar17SpinningLidarInitEv
 .text._ZN13SpinningLidar11checkHealthEi
                0x4001a048       0xe6 Drivers\SpinningLidar.o
                0x4001a048                _ZN13SpinningLidar11checkHealthEi
 *fill*         0x4001a12e        0x2 
 .text._ZN13SpinningLidar9hardResetEi
                0x4001a130       0x46 Drivers\SpinningLidar.o
                0x4001a130                _ZN13SpinningLidar9hardResetEi
 *fill*         0x4001a176        0x2 
 .text._ZN13SpinningLidar9startScanEi
                0x4001a178       0x78 Drivers\SpinningLidar.o
                0x4001a178                _ZN13SpinningLidar9startScanEi
 .text._ZN13SpinningLidar11processCharEih
                0x4001a1f0      0x154 Drivers\SpinningLidar.o
                0x4001a1f0                _ZN13SpinningLidar11processCharEih
 .text._ZN13SpinningLidar9LidarTaskEPv
                0x4001a344      0x14a Drivers\SpinningLidar.o
                0x4001a344                _ZN13SpinningLidar9LidarTaskEPv
 *fill*         0x4001a48e        0x2 
 .text._ZN8OdometerD2Ev
                0x4001a490        0x8 Drivers\Odometer.o
                0x4001a490                _ZN8OdometerD2Ev
                0x4001a490                _ZN8OdometerD1Ev
 .text._ZN8OdometerD0Ev
                0x4001a498       0x1c Drivers\Odometer.o
                0x4001a498                _ZN8OdometerD0Ev
 .text._ZN8Odometer6OdoIrqEv
                0x4001a4b4       0x46 Drivers\Odometer.o
                0x4001a4b4                _ZN8Odometer6OdoIrqEv
 *fill*         0x4001a4fa        0x2 
 .text._ZN8OdometerC2Ev
                0x4001a4fc       0x12 Drivers\Odometer.o
                0x4001a4fc                _ZN8OdometerC1Ev
                0x4001a4fc                _ZN8OdometerC2Ev
 *fill*         0x4001a50e        0x2 
 .text._ZN8OdometerC2Ei
                0x4001a510       0x52 Drivers\Odometer.o
                0x4001a510                _ZN8OdometerC1Ei
                0x4001a510                _ZN8OdometerC2Ei
 *fill*         0x4001a562        0x2 
 .text._ZN8Odometer8getCountEv
                0x4001a564        0xe Drivers\Odometer.o
                0x4001a564                _ZN8Odometer8getCountEv
 .text._ZN5Madge24MadgwickQuaternionUpdateEfffffffff
                0x4001a572      0xde8 Drivers\MadgwickFilter.o
                0x4001a572                _ZN5Madge24MadgwickQuaternionUpdateEfffffffff
 *fill*         0x4001b35a        0x2 
 .text._ZN7MPU9250C2Eh
                0x4001b35c       0x66 Drivers\MPU9250.o
                0x4001b35c                _ZN7MPU9250C1Eh
                0x4001b35c                _ZN7MPU9250C2Eh
 *fill*         0x4001b3c2        0x2 
 .text._ZN7MPU92507getMresEh
                0x4001b3c4       0x4e Drivers\MPU9250.o
                0x4001b3c4                _ZN7MPU92507getMresEh
 *fill*         0x4001b412        0x2 
 .text._ZN7MPU92507getGresEh
                0x4001b414       0x7e Drivers\MPU9250.o
                0x4001b414                _ZN7MPU92507getGresEh
 *fill*         0x4001b492        0x2 
 .text._ZN7MPU92507getAresEh
                0x4001b494       0x7e Drivers\MPU9250.o
                0x4001b494                _ZN7MPU92507getAresEh
 *fill*         0x4001b512        0x2 
 .text._ZN7MPU925018I2CWriteReadBufferEhhPhi
                0x4001b514       0xb0 Drivers\MPU9250.o
                0x4001b514                _ZN7MPU925018I2CWriteReadBufferEhhPhi
 .text._ZN7MPU925011initMPU9250Ehh
                0x4001b5c4      0x1f8 Drivers\MPU9250.o
                0x4001b5c4                _ZN7MPU925011initMPU9250Ehh
 .text._ZN7MPU925015readMPU9250DataEPs
                0x4001b7bc       0xfa Drivers\MPU9250.o
                0x4001b7bc                _ZN7MPU925015readMPU9250DataEPs
 *fill*         0x4001b8b6        0x2 
 .text._ZN7MPU925011readMagDataEPs
                0x4001b8b8       0x72 Drivers\MPU9250.o
                0x4001b8b8                _ZN7MPU925011readMagDataEPs
 *fill*         0x4001b92a        0x2 
 .text._ZN7MPU925013magcalMPU9250EPfS0_
                0x4001b92c      0x332 Drivers\MPU9250.o
                0x4001b92c                _ZN7MPU925013magcalMPU9250EPfS0_
 *fill*         0x4001bc5e        0x2 
 .text._ZN7MPU925010initAK8963EhhPf
                0x4001bc60      0x1ea Drivers\MPU9250.o
                0x4001bc60                _ZN7MPU925010initAK8963EhhPf
 *fill*         0x4001be4a        0x2 
 .text._ZN7MPU925016calibrateMPU9250EPfS0_
                0x4001be4c      0x81e Drivers\MPU9250.o
                0x4001be4c                _ZN7MPU925016calibrateMPU9250EPfS0_
 *fill*         0x4001c66a        0x2 
 .text._ZN7MPU92508SelfTestEPf
                0x4001c66c      0x8cc Drivers\MPU9250.o
                0x4001c66c                _ZN7MPU92508SelfTestEPf
 .text._ZN7MPU92508readByteEhh
                0x4001cf38       0x2e Drivers\MPU9250.o
                0x4001cf38                _ZN7MPU92508readByteEhh
 *fill*         0x4001cf66        0x2 
 .text._ZN7MPU9250C2Ev
                0x4001cf68        0x8 Drivers\MPU9250.o
                0x4001cf68                _ZN7MPU9250C2Ev
                0x4001cf68                _ZN7MPU9250C1Ev
 .text._Z20fake_LIDAR_ISR_RIGHTv
                0x4001cf70       0x54 Drivers\LidarPWM.o
                0x4001cf70                _Z20fake_LIDAR_ISR_RIGHTv
                0x4001cf74                LIDAR_ISR_RIGHT
 .text.real_LIDAR_ISR_RIGHT
                0x4001cfc4       0x90 Drivers\LidarPWM.o
                0x4001cfc4                real_LIDAR_ISR_RIGHT
 .text._Z15GlobalTimerIniti
                0x4001d054       0x7e Drivers\LidarPWM.o
                0x4001d054                _Z15GlobalTimerIniti
 *fill*         0x4001d0d2        0x2 
 .text._Z15LidarPWMInitOldv
                0x4001d0d4       0x38 Drivers\LidarPWM.o
                0x4001d0d4                _Z15LidarPWMInitOldv
 .text._Z13getRightLidarv
                0x4001d10c       0x4e Drivers\LidarPWM.o
                0x4001d10c                _Z13getRightLidarv
 *fill*         0x4001d15a        0x2 
 .text._ZN3LCDD2Ev
                0x4001d15c        0x8 Drivers\LCD.o
                0x4001d15c                _ZN3LCDD2Ev
                0x4001d15c                _ZN3LCDD1Ev
 .text._ZN3LCDD0Ev
                0x4001d164       0x1c Drivers\LCD.o
                0x4001d164                _ZN3LCDD0Ev
 .text._ZN3LCDC2Ev
                0x4001d180       0x16 Drivers\LCD.o
                0x4001d180                _ZN3LCDC1Ev
                0x4001d180                _ZN3LCDC2Ev
 *fill*         0x4001d196        0x2 
 .text._ZN3LCDC2Eii
                0x4001d198       0x3c Drivers\LCD.o
                0x4001d198                _ZN3LCDC1Eii
                0x4001d198                _ZN3LCDC2Eii
 .text._ZN3LCD5clearEv
                0x4001d1d4       0x7c Drivers\LCD.o
                0x4001d1d4                _ZN3LCD5clearEv
 .text._ZN3LCD5printEPKc
                0x4001d250       0x1a Drivers\LCD.o
                0x4001d250                _ZN3LCD5printEPKc
 *fill*         0x4001d26a        0x2 
 .text._ZN3LCD5printEPKci
                0x4001d26c       0x1a Drivers\LCD.o
                0x4001d26c                _ZN3LCD5printEPKci
 *fill*         0x4001d286        0x2 
 .text._Z4Pirqv
                0x4001d288       0x28 Drivers\IMUSetupAndSample.o
                0x4001d288                _Z4Pirqv
 .text._Z13IMUSampleLoopPv
                0x4001d2b0      0xb76 Drivers\IMUSetupAndSample.o
                0x4001d2b0                _Z13IMUSampleLoopPv
 *fill*         0x4001de26        0x2 
 .text._Z15CalibAccAndGyrov
                0x4001de28      0x216 Drivers\IMUSetupAndSample.o
                0x4001de28                _Z15CalibAccAndGyrov
 *fill*         0x4001e03e        0x2 
 .text._Z9unclodI2Cv
                0x4001e040       0xf0 Drivers\IMUSetupAndSample.o
                0x4001e040                _Z9unclodI2Cv
 .text._Z11whoAmICheckv
                0x4001e130       0x80 Drivers\IMUSetupAndSample.o
                0x4001e130                _Z11whoAmICheckv
 .text._Z8IMUSetupv
                0x4001e1b0      0x320 Drivers\IMUSetupAndSample.o
                0x4001e1b0                _Z8IMUSetupv
 .text._Z6IMURunv
                0x4001e4d0       0x6a Drivers\IMUSetupAndSample.o
                0x4001e4d0                _Z6IMURunv
 *fill*         0x4001e53a        0x2 
 .text._Z10getHeadingv
                0x4001e53c       0x28 Drivers\IMUSetupAndSample.o
                0x4001e53c                _Z10getHeadingv
 .text.startup._GLOBAL__sub_I_Gscale
                0x4001e564       0x9e Drivers\IMUSetupAndSample.o
 *fill*         0x4001e602        0x2 
 .text._Z14DoHtmlFunctioniPKct
                0x4001e604        0xa htmldata.o
                0x4001e604                _Z14DoHtmlFunctioniPKct
 *fill*         0x4001e60e        0x2 
 .text._Z14DoHtmlVariableit
                0x4001e610        0xa htmldata.o
                0x4001e610                _Z14DoHtmlVariableit
 *fill*         0x4001e61a        0x2 
 .text.__tcf_0  0x4001e61c       0x38 C:\Nburn/lib/NANO54415.a(serial.o)
 .text._Z11BaseGetChari
                0x4001e654       0xac C:\Nburn/lib/NANO54415.a(serial.o)
                0x4001e654                _Z11BaseGetChari
 .text._Z14InitializeMapsv.part.1
                0x4001e700       0x76 C:\Nburn/lib/NANO54415.a(serial.o)
 *fill*         0x4001e776        0x2 
 .text._Z6WakeTxi
                0x4001e778       0x8c C:\Nburn/lib/NANO54415.a(serial.o)
                0x4001e778                _Z6WakeTxi
 .text._Z11BasePutCharih
                0x4001e804       0xf0 C:\Nburn/lib/NANO54415.a(serial.o)
                0x4001e804                _Z11BasePutCharih
 .text._Z8serwriteiPKci
                0x4001e8f4      0x156 C:\Nburn/lib/NANO54415.a(serial.o)
                0x4001e8f4                _Z8serwriteiPKci
 *fill*         0x4001ea4a        0x2 
 .text._Z8DoSerIsri
                0x4001ea4c      0x302 C:\Nburn/lib/NANO54415.a(serial.o)
                0x4001ea4c                _Z8DoSerIsri
 *fill*         0x4001ed4e        0x2 
 .text._Z14fake_SER_0_ISRv
                0x4001ed50       0x54 C:\Nburn/lib/NANO54415.a(serial.o)
                0x4001ed50                _Z14fake_SER_0_ISRv
                0x4001ed54                SER_0_ISR
 .text.real_SER_0_ISR
                0x4001eda4       0x12 C:\Nburn/lib/NANO54415.a(serial.o)
                0x4001eda4                real_SER_0_ISR
 *fill*         0x4001edb6        0x2 
 .text._Z14fake_SER_1_ISRv
                0x4001edb8       0x54 C:\Nburn/lib/NANO54415.a(serial.o)
                0x4001edb8                _Z14fake_SER_1_ISRv
                0x4001edbc                SER_1_ISR
 .text.real_SER_1_ISR
                0x4001ee0c       0x14 C:\Nburn/lib/NANO54415.a(serial.o)
                0x4001ee0c                real_SER_1_ISR
 .text._Z14fake_SER_2_ISRv
                0x4001ee20       0x54 C:\Nburn/lib/NANO54415.a(serial.o)
                0x4001ee20                _Z14fake_SER_2_ISRv
                0x4001ee24                SER_2_ISR
 .text.real_SER_2_ISR
                0x4001ee74       0x14 C:\Nburn/lib/NANO54415.a(serial.o)
                0x4001ee74                real_SER_2_ISR
 .text._Z14fake_SER_3_ISRv
                0x4001ee88       0x54 C:\Nburn/lib/NANO54415.a(serial.o)
                0x4001ee88                _Z14fake_SER_3_ISRv
                0x4001ee8c                SER_3_ISR
 .text.real_SER_3_ISR
                0x4001eedc       0x14 C:\Nburn/lib/NANO54415.a(serial.o)
                0x4001eedc                real_SER_3_ISR
 .text._Z14fake_SER_4_ISRv
                0x4001eef0       0x54 C:\Nburn/lib/NANO54415.a(serial.o)
                0x4001eef0                _Z14fake_SER_4_ISRv
                0x4001eef4                SER_4_ISR
 .text.real_SER_4_ISR
                0x4001ef44       0x14 C:\Nburn/lib/NANO54415.a(serial.o)
                0x4001ef44                real_SER_4_ISR
 .text._Z14fake_SER_5_ISRv
                0x4001ef58       0x54 C:\Nburn/lib/NANO54415.a(serial.o)
                0x4001ef58                _Z14fake_SER_5_ISRv
                0x4001ef5c                SER_5_ISR
 .text.real_SER_5_ISR
                0x4001efac       0x14 C:\Nburn/lib/NANO54415.a(serial.o)
                0x4001efac                real_SER_5_ISR
 .text._Z14fake_SER_6_ISRv
                0x4001efc0       0x54 C:\Nburn/lib/NANO54415.a(serial.o)
                0x4001efc0                _Z14fake_SER_6_ISRv
                0x4001efc4                SER_6_ISR
 .text.real_SER_6_ISR
                0x4001f014       0x14 C:\Nburn/lib/NANO54415.a(serial.o)
                0x4001f014                real_SER_6_ISR
 .text._Z14fake_SER_7_ISRv
                0x4001f028       0x54 C:\Nburn/lib/NANO54415.a(serial.o)
                0x4001f028                _Z14fake_SER_7_ISRv
                0x4001f02c                SER_7_ISR
 .text.real_SER_7_ISR
                0x4001f07c       0x14 C:\Nburn/lib/NANO54415.a(serial.o)
                0x4001f07c                real_SER_7_ISR
 .text._Z14fake_SER_8_ISRv
                0x4001f090       0x54 C:\Nburn/lib/NANO54415.a(serial.o)
                0x4001f090                _Z14fake_SER_8_ISRv
                0x4001f094                SER_8_ISR
 .text.real_SER_8_ISR
                0x4001f0e4       0x14 C:\Nburn/lib/NANO54415.a(serial.o)
                0x4001f0e4                real_SER_8_ISR
 .text._Z14fake_SER_9_ISRv
                0x4001f0f8       0x54 C:\Nburn/lib/NANO54415.a(serial.o)
                0x4001f0f8                _Z14fake_SER_9_ISRv
                0x4001f0fc                SER_9_ISR
 .text.real_SER_9_ISR
                0x4001f14c       0x14 C:\Nburn/lib/NANO54415.a(serial.o)
                0x4001f14c                real_SER_9_ISR
 .text._Z10serreadwtoiPcii
                0x4001f160      0x21a C:\Nburn/lib/NANO54415.a(serial.o)
                0x4001f160                _Z10serreadwtoiPcii
 *fill*         0x4001f37a        0x2 
 .text._Z7serreadiPci
                0x4001f37c       0x1c C:\Nburn/lib/NANO54415.a(serial.o)
                0x4001f37c                _Z7serreadiPci
 .text._Z10OpenSerialijii11parity_mode
                0x4001f398      0x6f0 C:\Nburn/lib/NANO54415.a(serial.o)
                0x4001f398                _Z10OpenSerialijii11parity_mode
 .text._Z11SerialClosei
                0x4001fa88       0xda C:\Nburn/lib/NANO54415.a(serial.o)
                0x4001fa88                _Z11SerialClosei
 *fill*         0x4001fb62        0x2 
 .text._Z16serexternalclosei
                0x4001fb64       0x34 C:\Nburn/lib/NANO54415.a(serial.o)
                0x4001fb64                _Z16serexternalclosei
 .text.startup._GLOBAL__sub_I_Uarts
                0x4001fb98       0x5e C:\Nburn/lib/NANO54415.a(serial.o)
 *fill*         0x4001fbf6        0x2 
 .text._ZN5PinIO3setEh
                0x4001fbf8      0xa84 C:\Nburn/lib/NANO54415.a(pins.o)
                0x4001fbf8                _ZN5PinIO3setEh
 .text._ZN5PinIO4readEv
                0x4002067c      0x5d8 C:\Nburn/lib/NANO54415.a(pins.o)
                0x4002067c                _ZN5PinIO4readEv
 .text._ZN5PinIO8functionEi
                0x40020c54      0x524 C:\Nburn/lib/NANO54415.a(pins.o)
                0x40020c54                _ZN5PinIO8functionEi
 .text._Z15InitSingleEndADv
                0x40021178       0xec C:\Nburn/lib/NANO54415.a(SimpleAD.o)
                0x40021178                _Z15InitSingleEndADv
 .text._Z7StartADv
                0x40021264       0x26 C:\Nburn/lib/NANO54415.a(SimpleAD.o)
                0x40021264                _Z7StartADv
 *fill*         0x4002128a        0x2 
 .text._Z6ADDonev
                0x4002128c       0x20 C:\Nburn/lib/NANO54415.a(SimpleAD.o)
                0x4002128c                _Z6ADDonev
 .text._Z11GetADResulti
                0x400212ac       0x1c C:\Nburn/lib/NANO54415.a(SimpleAD.o)
                0x400212ac                _Z11GetADResulti
 .text._Z15GetSpiFlashCritv
                0x400212c8       0x46 C:\Nburn/lib/NANO54415.a(FlashOps.o)
                0x400212c8                _Z15GetSpiFlashCritv
 *fill*         0x4002130e        0x2 
 .text._Z10FlashErasePvi
                0x40021310       0xac C:\Nburn/lib/NANO54415.a(FlashOps.o)
                0x40021310                _Z10FlashErasePvi
 .text._Z12FlashProgramPvS_i
                0x400213bc      0x160 C:\Nburn/lib/NANO54415.a(FlashOps.o)
                0x400213bc                _Z12FlashProgramPvS_i
 .text.CopySPIFlashImageOnBoot
                0x4002151c       0x66 C:\Nburn/lib/NANO54415.a(FlashOps.o)
                0x4002151c                CopySPIFlashImageOnBoot
 *fill*         0x40021582        0x2 
 .text.startup._GLOBAL__sub_I_SPI_Main
                0x40021584       0x4a C:\Nburn/lib/NANO54415.a(FlashOps.o)
 *fill*         0x400215ce        0x2 
 .text.__tcf_0  0x400215d0        0x8 C:\Nburn/lib/NANO54415.a(HiResTimer.o)
 .text._Z21fake_Timer0_Interruptv
                0x400215d8       0x54 C:\Nburn/lib/NANO54415.a(HiResTimer.o)
                0x400215d8                _Z21fake_Timer0_Interruptv
                0x400215dc                Timer0_Interrupt
 .text.real_Timer0_Interrupt
                0x4002162c       0x6c C:\Nburn/lib/NANO54415.a(HiResTimer.o)
                0x4002162c                real_Timer0_Interrupt
 .text._Z21fake_Timer1_Interruptv
                0x40021698       0x54 C:\Nburn/lib/NANO54415.a(HiResTimer.o)
                0x40021698                _Z21fake_Timer1_Interruptv
                0x4002169c                Timer1_Interrupt
 .text.real_Timer1_Interrupt
                0x400216ec       0x6c C:\Nburn/lib/NANO54415.a(HiResTimer.o)
                0x400216ec                real_Timer1_Interrupt
 .text._Z21fake_Timer2_Interruptv
                0x40021758       0x54 C:\Nburn/lib/NANO54415.a(HiResTimer.o)
                0x40021758                _Z21fake_Timer2_Interruptv
                0x4002175c                Timer2_Interrupt
 .text.real_Timer2_Interrupt
                0x400217ac       0x6c C:\Nburn/lib/NANO54415.a(HiResTimer.o)
                0x400217ac                real_Timer2_Interrupt
 .text._Z21fake_Timer3_Interruptv
                0x40021818       0x54 C:\Nburn/lib/NANO54415.a(HiResTimer.o)
                0x40021818                _Z21fake_Timer3_Interruptv
                0x4002181c                Timer3_Interrupt
 .text.real_Timer3_Interrupt
                0x4002186c       0x6c C:\Nburn/lib/NANO54415.a(HiResTimer.o)
                0x4002186c                real_Timer3_Interrupt
 .text._ZN10HiResTimer10init_ticksEmi
                0x400218d8       0xf2 C:\Nburn/lib/NANO54415.a(HiResTimer.o)
                0x400218d8                _ZN10HiResTimer10init_ticksEmi
 *fill*         0x400219ca        0x2 
 .text._ZN10HiResTimer4initEd
                0x400219cc      0x122 C:\Nburn/lib/NANO54415.a(HiResTimer.o)
                0x400219cc                _ZN10HiResTimer4initEd
 *fill*         0x40021aee        0x2 
 .text._ZN10HiResTimer8readTimeEv
                0x40021af0       0xfe C:\Nburn/lib/NANO54415.a(HiResTimer.o)
                0x40021af0                _ZN10HiResTimer8readTimeEv
 *fill*         0x40021bee        0x2 
 .text._ZN10HiResTimer5delayEd
                0x40021bf0       0x70 C:\Nburn/lib/NANO54415.a(HiResTimer.o)
                0x40021bf0                _ZN10HiResTimer5delayEd
 .text._ZN10HiResTimerC2Ei
                0x40021c60       0x5e C:\Nburn/lib/NANO54415.a(HiResTimer.o)
                0x40021c60                _ZN10HiResTimerC2Ei
                0x40021c60                _ZN10HiResTimerC1Ei
 *fill*         0x40021cbe        0x2 
 .text._ZN10HiResTimer13getHiResTimerEi
                0x40021cc0       0xf8 C:\Nburn/lib/NANO54415.a(HiResTimer.o)
                0x40021cc0                _ZN10HiResTimer13getHiResTimerEi
 .text.startup._GLOBAL__sub_I__ZN10HiResTimer6timersE
                0x40021db8       0x58 C:\Nburn/lib/NANO54415.a(HiResTimer.o)
 .text._Z18fake_firq2_pin_isrv
                0x40021e10       0x54 C:\Nburn/lib/NANO54415.a(pin_irq.o)
                0x40021e10                _Z18fake_firq2_pin_isrv
                0x40021e14                firq2_pin_isr
 .text.real_firq2_pin_isr
                0x40021e64       0x28 C:\Nburn/lib/NANO54415.a(pin_irq.o)
                0x40021e64                real_firq2_pin_isr
 .text._Z18fake_firq3_pin_isrv
                0x40021e8c       0x54 C:\Nburn/lib/NANO54415.a(pin_irq.o)
                0x40021e8c                _Z18fake_firq3_pin_isrv
                0x40021e90                firq3_pin_isr
 .text.real_firq3_pin_isr
                0x40021ee0       0x28 C:\Nburn/lib/NANO54415.a(pin_irq.o)
                0x40021ee0                real_firq3_pin_isr
 .text._Z9SetPinIrqiiPFvvE
                0x40021f08      0x266 C:\Nburn/lib/NANO54415.a(pin_irq.o)
                0x40021f08                _Z9SetPinIrqiiPFvvE
 *fill*         0x4002216e        0x2 
 .text._Z5xTickv
                0x40022170       0x1c C:\Nburn/lib/NANO54415.a(bsp.o)
                0x40022170                _Z5xTickv
                0x40022174                Tick5441X
 .text._Z7SetIntcilii
                0x4002218c       0xc0 C:\Nburn/lib/NANO54415.a(bsp.o)
                0x4002218c                _Z7SetIntcilii
 .text._Z11ForceRebootb
                0x4002224c       0x26 C:\Nburn/lib/NANO54415.a(bsp.o)
                0x4002224c                _Z11ForceRebootb
 *fill*         0x40022272        0x2 
 .text._Z12DisableCachev
                0x40022274       0x56 C:\Nburn/lib/NANO54415.a(bsp.o)
                0x40022274                _Z12DisableCachev
 *fill*         0x400222ca        0x2 
 .text._Z11EnableCachev
                0x400222cc       0x42 C:\Nburn/lib/NANO54415.a(bsp.o)
                0x400222cc                _Z11EnableCachev
 *fill*         0x4002230e        0x2 
 .text._Z13HardwareSetupl
                0x40022310      0x1e0 C:\Nburn/lib/NANO54415.a(bsp.o)
                0x40022310                _Z13HardwareSetupl
 .text._sbrk_r  0x400224f0       0x48 C:\Nburn/lib/NANO54415.a(bsp.o)
                0x400224f0                _sbrk_r
 .text._Z18BspGetTickFractionv
                0x40022538       0x18 C:\Nburn/lib/NANO54415.a(bsp.o)
                0x40022538                _Z18BspGetTickFractionv
 .text._Z13GetUartRecordi
                0x40022550       0x3a C:\Nburn/lib/NANO54415.a(localio.o)
                0x40022550                _Z13GetUartRecordi
 *fill*         0x4002258a        0x2 
 .text._Z11LocalInBytev
                0x4002258c       0x5e C:\Nburn/lib/NANO54415.a(localio.o)
                0x4002258c                _Z11LocalInBytev
 *fill*         0x400225ea        0x2 
 .text._Z12LocalOutBytec
                0x400225ec       0x66 C:\Nburn/lib/NANO54415.a(localio.o)
                0x400225ec                _Z12LocalOutBytec
 *fill*         0x40022652        0x2 
 .text._Z14LocalCharAvailv
                0x40022654       0x58 C:\Nburn/lib/NANO54415.a(localio.o)
                0x40022654                _Z14LocalCharAvailv
 .text._Z18SaveUserParametersPvi
                0x400226ac       0x78 C:\Nburn/lib/NANO54415.a(userparam.o)
                0x400226ac                _Z18SaveUserParametersPvi
 .text._Z17GetUserParametersv
                0x40022724        0xe C:\Nburn/lib/NANO54415.a(userparam.o)
                0x40022724                _Z17GetUserParametersv
 *fill*         0x40022732        0x2 
 .text.MultiChannel_I2CInit
                0x40022734      0x1e6 C:\Nburn/lib/NANO54415.a(multichanneli2c.o)
                0x40022734                MultiChannel_I2CInit
 *fill*         0x4002291a        0x2 
 .text.MultiChannel_I2CRestart
                0x4002291c       0x42 C:\Nburn/lib/NANO54415.a(multichanneli2c.o)
                0x4002291c                MultiChannel_I2CRestart
 *fill*         0x4002295e        0x2 
 .text.MultiChannel_I2CSendBuf
                0x40022960      0x1ac C:\Nburn/lib/NANO54415.a(multichanneli2c.o)
                0x40022960                MultiChannel_I2CSendBuf
 .text.MultiChannel_I2CReadBuf
                0x40022b0c      0x25e C:\Nburn/lib/NANO54415.a(multichanneli2c.o)
                0x40022b0c                MultiChannel_I2CReadBuf
 *fill*         0x40022d6a        0x2 
 .text.I2CMultiChannelResetPeripheral
                0x40022d6c       0x24 C:\Nburn/lib/NANO54415.a(multichanneli2c.o)
                0x40022d6c                I2CMultiChannelResetPeripheral
 .text.startup._GLOBAL__sub_I_I2C_SlaveTX_Callback
                0x40022d90       0x26 C:\Nburn/lib/NANO54415.a(multichanneli2c.o)
 *fill*         0x40022db6        0x2 
 .text._Z14SetDefPinUsagev
                0x40022db8      0x1aa C:\Nburn/lib/NANO54415.a(defpins.o)
                0x40022db8                _Z14SetDefPinUsagev
 *fill*         0x40022f62        0x2 
 .text._ZN8SPIFlashC2Ei
                0x40022f64       0x66 C:\Nburn/lib/NANO54415.a(SPIFlash.o)
                0x40022f64                _ZN8SPIFlashC1Ei
                0x40022f64                _ZN8SPIFlashC2Ei
 *fill*         0x40022fca        0x2 
 .text._ZN8SPIFlashD2Ev
                0x40022fcc        0x8 C:\Nburn/lib/NANO54415.a(SPIFlash.o)
                0x40022fcc                _ZN8SPIFlashD1Ev
                0x40022fcc                _ZN8SPIFlashD2Ev
 .text._ZN8SPIFlash9SpiAscCmdEPKc
                0x40022fd4      0x1ce C:\Nburn/lib/NANO54415.a(SPIFlash.o)
                0x40022fd4                _ZN8SPIFlash9SpiAscCmdEPKc
 *fill*         0x400231a2        0x2 
 .text._ZN8SPIFlash9WriteDataEPhii
                0x400231a4      0x490 C:\Nburn/lib/NANO54415.a(SPIFlash.o)
                0x400231a4                _ZN8SPIFlash9WriteDataEPhii
 .text._ZN8SPIFlash11EraseSectorEi
                0x40023634      0x2d6 C:\Nburn/lib/NANO54415.a(SPIFlash.o)
                0x40023634                _ZN8SPIFlash11EraseSectorEi
 *fill*         0x4002390a        0x2 
 .text._ZN8SPIFlash15WriteDataWEraseEPhii
                0x4002390c       0x7a C:\Nburn/lib/NANO54415.a(SPIFlash.o)
                0x4002390c                _ZN8SPIFlash15WriteDataWEraseEPhii
 *fill*         0x40023986        0x2 
 .text._ZN8SPIFlash10EraseRangeEii
                0x40023988       0x64 C:\Nburn/lib/NANO54415.a(SPIFlash.o)
                0x40023988                _ZN8SPIFlash10EraseRangeEii
 .text._ZN8SPIFlash7ResetMeEv
                0x400239ec      0x164 C:\Nburn/lib/NANO54415.a(SPIFlash.o)
                0x400239ec                _ZN8SPIFlash7ResetMeEv
 .text._ZN8SPIFlash8ReadDataEPhii
                0x40023b50      0x34e C:\Nburn/lib/NANO54415.a(SPIFlash.o)
                0x40023b50                _ZN8SPIFlash8ReadDataEPhii
 *fill*         0x40023e9e        0x2 
 .text._Z34fake_i2c0_multichannel_int_routinev
                0x40023ea0       0x54 C:\Nburn/lib/NANO54415.a(i2c_class.o)
                0x40023ea0                _Z34fake_i2c0_multichannel_int_routinev
                0x40023ea4                i2c0_multichannel_int_routine
 .text._Z34fake_i2c1_multichannel_int_routinev
                0x40023ef4       0x54 C:\Nburn/lib/NANO54415.a(i2c_class.o)
                0x40023ef4                _Z34fake_i2c1_multichannel_int_routinev
                0x40023ef8                i2c1_multichannel_int_routine
 .text._Z34fake_i2c2_multichannel_int_routinev
                0x40023f48       0x54 C:\Nburn/lib/NANO54415.a(i2c_class.o)
                0x40023f48                _Z34fake_i2c2_multichannel_int_routinev
                0x40023f4c                i2c2_multichannel_int_routine
 .text._Z34fake_i2c3_multichannel_int_routinev
                0x40023f9c       0x54 C:\Nburn/lib/NANO54415.a(i2c_class.o)
                0x40023f9c                _Z34fake_i2c3_multichannel_int_routinev
                0x40023fa0                i2c3_multichannel_int_routine
 .text._Z34fake_i2c4_multichannel_int_routinev
                0x40023ff0       0x54 C:\Nburn/lib/NANO54415.a(i2c_class.o)
                0x40023ff0                _Z34fake_i2c4_multichannel_int_routinev
                0x40023ff4                i2c4_multichannel_int_routine
 .text._Z34fake_i2c5_multichannel_int_routinev
                0x40024044       0x54 C:\Nburn/lib/NANO54415.a(i2c_class.o)
                0x40024044                _Z34fake_i2c5_multichannel_int_routinev
                0x40024048                i2c5_multichannel_int_routine
 .text._ZN10i2c_masterC2Ev
                0x40024098       0x48 C:\Nburn/lib/NANO54415.a(i2c_class.o)
                0x40024098                _ZN10i2c_masterC2Ev
                0x40024098                _ZN10i2c_masterC1Ev
 .text._ZN10i2c_master4initEhh
                0x400240e0      0x1b0 C:\Nburn/lib/NANO54415.a(i2c_class.o)
                0x400240e0                _ZN10i2c_master4initEhh
 .text._ZN10i2c_master5resetEv
                0x40024290       0x8e C:\Nburn/lib/NANO54415.a(i2c_class.o)
                0x40024290                _ZN10i2c_master5resetEv
 *fill*         0x4002431e        0x2 
 .text._ZN10i2c_master4stopEm
                0x40024320       0x76 C:\Nburn/lib/NANO54415.a(i2c_class.o)
                0x40024320                _ZN10i2c_master4stopEm
 *fill*         0x40024396        0x2 
 .text._ZN10i2c_master6write8Ehm
                0x40024398       0x96 C:\Nburn/lib/NANO54415.a(i2c_class.o)
                0x40024398                _ZN10i2c_master6write8Ehm
 *fill*         0x4002442e        0x2 
 .text._ZN10i2c_master5startEhbm
                0x40024430       0xe4 C:\Nburn/lib/NANO54415.a(i2c_class.o)
                0x40024430                _ZN10i2c_master5startEhbm
 .text._ZN10i2c_master7restartEhbm
                0x40024514       0xaa C:\Nburn/lib/NANO54415.a(i2c_class.o)
                0x40024514                _ZN10i2c_master7restartEhbm
 *fill*         0x400245be        0x2 
 .text._ZN10i2c_master5read8EPhm
                0x400245c0       0x86 C:\Nburn/lib/NANO54415.a(i2c_class.o)
                0x400245c0                _ZN10i2c_master5read8EPhm
 *fill*         0x40024646        0x2 
 .text._ZN10i2c_master16SlaveRX_CallbackEh
                0x40024648       0x78 C:\Nburn/lib/NANO54415.a(i2c_class.o)
                0x40024648                _ZN10i2c_master16SlaveRX_CallbackEh
 .text._ZN10i2c_master3isrEv
                0x400246c0      0x35e C:\Nburn/lib/NANO54415.a(i2c_class.o)
                0x400246c0                _ZN10i2c_master3isrEv
 *fill*         0x40024a1e        0x2 
 .text.real_i2c0_multichannel_int_routine
                0x40024a20       0x16 C:\Nburn/lib/NANO54415.a(i2c_class.o)
                0x40024a20                real_i2c0_multichannel_int_routine
 *fill*         0x40024a36        0x2 
 .text.real_i2c1_multichannel_int_routine
                0x40024a38       0x16 C:\Nburn/lib/NANO54415.a(i2c_class.o)
                0x40024a38                real_i2c1_multichannel_int_routine
 *fill*         0x40024a4e        0x2 
 .text.real_i2c2_multichannel_int_routine
                0x40024a50       0x16 C:\Nburn/lib/NANO54415.a(i2c_class.o)
                0x40024a50                real_i2c2_multichannel_int_routine
 *fill*         0x40024a66        0x2 
 .text.real_i2c3_multichannel_int_routine
                0x40024a68       0x16 C:\Nburn/lib/NANO54415.a(i2c_class.o)
                0x40024a68                real_i2c3_multichannel_int_routine
 *fill*         0x40024a7e        0x2 
 .text.real_i2c4_multichannel_int_routine
                0x40024a80       0x16 C:\Nburn/lib/NANO54415.a(i2c_class.o)
                0x40024a80                real_i2c4_multichannel_int_routine
 *fill*         0x40024a96        0x2 
 .text.real_i2c5_multichannel_int_routine
                0x40024a98       0x16 C:\Nburn/lib/NANO54415.a(i2c_class.o)
                0x40024a98                real_i2c5_multichannel_int_routine
 *fill*         0x40024aae        0x2 
 .text.startup._GLOBAL__sub_I_I2C
                0x40024ab0       0x34 C:\Nburn/lib/NANO54415.a(i2c_class.o)
 .text.startup  0x40024ae4        0xc C:\Nburn/lib/NetBurner.a(main.o)
                0x40024ae4                main
 .text._Z22TopOfStackKillfunctionv
                0x40024af0        0xc C:\Nburn/lib/NetBurner.a(ucosmcfc.o)
                0x40024af0                _Z22TopOfStackKillfunctionv
                0x40024af4                KillFunctionLink
 .text._Z9OSTCBInithPvS_PlPKc
                0x40024afc       0xd6 C:\Nburn/lib/NetBurner.a(ucosmcfc.o)
                0x40024afc                _Z9OSTCBInithPvS_PlPKc
 *fill*         0x40024bd2        0x2 
 .text._Z17OSTaskCreatewNamePFvPvES_S_S_hPKc.part.0
                0x40024bd4      0x1d2 C:\Nburn/lib/NetBurner.a(ucosmcfc.o)
 *fill*         0x40024da6        0x2 
 .text._Z17OSTaskCreatewNamePFvPvES_S_S_hPKc
                0x40024da8       0x44 C:\Nburn/lib/NetBurner.a(ucosmcfc.o)
                0x40024da8                _Z17OSTaskCreatewNamePFvPvES_S_S_hPKc
 .text._ZL10OSTaskIdlePv
                0x40024dec       0x2a C:\Nburn/lib/NetBurner.a(ucos.o)
 *fill*         0x40024e16        0x2 
 .text._Z6OSInitPvS_h
                0x40024e18      0x174 C:\Nburn/lib/NetBurner.a(ucos.o)
                0x40024e18                _Z6OSInitPvS_h
 .text._Z7OSStartv
                0x40024f8c       0x7c C:\Nburn/lib/NetBurner.a(ucos.o)
                0x40024f8c                _Z7OSStartv
 .text.OSSched  0x40025008       0x92 C:\Nburn/lib/NetBurner.a(ucos.o)
                0x40025008                OSSched
                0x4002508c                UCOSWAITS_HERE
 *fill*         0x4002509a        0x2 
 .text.OSIntExit
                0x4002509c       0x94 C:\Nburn/lib/NetBurner.a(ucos.o)
                0x4002509c                OSIntExit
 .text._Z9OSTimeDlyt
                0x40025130       0xb4 C:\Nburn/lib/NetBurner.a(ucos.o)
                0x40025130                _Z9OSTimeDlyt
 .text.OSTimeTick
                0x400251e4      0x104 C:\Nburn/lib/NetBurner.a(ucos.o)
                0x400251e4                OSTimeTick
 .text._Z12OSTCBGetFreev
                0x400252e8       0x2c C:\Nburn/lib/NetBurner.a(ucos.o)
                0x400252e8                _Z12OSTCBGetFreev
 .text._Z6OSLockv
                0x40025314       0x26 C:\Nburn/lib/NetBurner.a(ucos.o)
                0x40025314                _Z6OSLockv
 *fill*         0x4002533a        0x2 
 .text._Z8OSUnlockv
                0x4002533c       0x3e C:\Nburn/lib/NetBurner.a(ucos.o)
                0x4002533c                _Z8OSUnlockv
 *fill*         0x4002537a        0x2 
 .text._Z12OSChangePrioh
                0x4002537c      0x100 C:\Nburn/lib/NetBurner.a(ucos.o)
                0x4002537c                _Z12OSChangePrioh
 .text._Z12OSTaskDeletev
                0x4002547c      0x112 C:\Nburn/lib/NetBurner.a(ucos.o)
                0x4002547c                _Z12OSTaskDeletev
 *fill*         0x4002558e        0x2 
 .text._ZN15OS_TASK_DLY_OBJC2Ev
                0x40025590       0x30 C:\Nburn/lib/NetBurner.a(ucos.o)
                0x40025590                _ZN15OS_TASK_DLY_OBJC2Ev
                0x40025590                _ZN15OS_TASK_DLY_OBJC1Ev
 .text._ZN6OS_SEM5ClaimEv
                0x400255c0       0x52 C:\Nburn/lib/NetBurner.a(ucos.o)
                0x400255c0                _ZN6OS_SEM5ClaimEv
 *fill*         0x40025612        0x2 
 .text._ZN6OS_SEM4InitEl
                0x40025614       0x88 C:\Nburn/lib/NetBurner.a(ucos.o)
                0x40025614                _ZN6OS_SEM4InitEl
 .text._ZN6OS_SEM4PendEm
                0x4002569c      0x1d6 C:\Nburn/lib/NetBurner.a(ucos.o)
                0x4002569c                _ZN6OS_SEM4PendEm
 *fill*         0x40025872        0x2 
 .text._ZN6OS_SEM10PendNoWaitEv
                0x40025874       0x3a C:\Nburn/lib/NetBurner.a(ucos.o)
                0x40025874                _ZN6OS_SEM10PendNoWaitEv
 *fill*         0x400258ae        0x2 
 .text._ZN6OS_SEM4PostEv
                0x400258b0      0x178 C:\Nburn/lib/NetBurner.a(ucos.o)
                0x400258b0                _ZN6OS_SEM4PostEv
 .text._ZN7OS_FIFO4InitEv
                0x40025a28       0x48 C:\Nburn/lib/NetBurner.a(ucos.o)
                0x40025a28                _ZN7OS_FIFO4InitEv
 .text._ZN7OS_FIFO4PendEPPV10os_fifo_elm
                0x40025a70      0x1d6 C:\Nburn/lib/NetBurner.a(ucos.o)
                0x40025a70                _ZN7OS_FIFO4PendEPPV10os_fifo_elm
 *fill*         0x40025c46        0x2 
 .text._ZN7OS_FIFO4PostEP10os_fifo_el
                0x40025c48      0x160 C:\Nburn/lib/NetBurner.a(ucos.o)
                0x40025c48                _ZN7OS_FIFO4PostEP10os_fifo_el
 .text.getpid   0x40025da8       0x18 C:\Nburn/lib/NetBurner.a(ucos.o)
                0x40025da8                getpid
 .text._ZN7OS_CRIT4InitEv
                0x40025dc0       0x4c C:\Nburn/lib/NetBurner.a(ucos.o)
                0x40025dc0                _ZN7OS_CRIT4InitEv
 .text._ZN7OS_CRIT5EnterEm
                0x40025e0c      0x208 C:\Nburn/lib/NetBurner.a(ucos.o)
                0x40025e0c                _ZN7OS_CRIT5EnterEm
 .text._ZN7OS_CRIT11EnterNoWaitEv
                0x40026014       0x70 C:\Nburn/lib/NetBurner.a(ucos.o)
                0x40026014                _ZN7OS_CRIT11EnterNoWaitEv
 .text._ZN7OS_CRIT5LeaveEv
                0x40026084      0x19e C:\Nburn/lib/NetBurner.a(ucos.o)
                0x40026084                _ZN7OS_CRIT5LeaveEv
 *fill*         0x40026222        0x2 
 .text.cppmain  0x40026224       0x40 C:\Nburn/lib/NetBurner.a(cppmain.o)
                0x40026224                cppmain
 .text._Z24SetAddressWriteRangeTrapmm
                0x40026264       0xec C:\Nburn/lib/NetBurner.a(debugtrap.o)
                0x40026264                _Z24SetAddressWriteRangeTrapmm
 .text._Z23SetAddressReadRangeTrapmm
                0x40026350       0xec C:\Nburn/lib/NetBurner.a(debugtrap.o)
                0x40026350                _Z23SetAddressReadRangeTrapmm
 .text.UCosSetup
                0x4002643c       0x80 C:\Nburn/lib/NetBurner.a(ucosmain.o)
                0x4002643c                UCosSetup
 .text.__malloc_lock
                0x400264bc       0x1c C:\Nburn/lib/NetBurner.a(ucosmain.o)
                0x400264bc                __malloc_lock
 .text.__malloc_unlock
                0x400264d8       0x1c C:\Nburn/lib/NetBurner.a(ucosmain.o)
                0x400264d8                __malloc_unlock
 .text._Z9UCosBeginv
                0x400264f4       0xba C:\Nburn/lib/NetBurner.a(ucosmain.o)
                0x400264f4                _Z9UCosBeginv
 *fill*         0x400265ae        0x2 
 .text._Z22EnableOSStackProtectorv
                0x400265b0       0x14 C:\Nburn/lib/NetBurner.a(ucosmain.o)
                0x400265b0                _Z22EnableOSStackProtectorv
 .text.OSStackProtector
                0x400265c4       0x24 C:\Nburn/lib/NetBurner.a(ucosmain.o)
                0x400265c4                OSStackProtector
 .text.startup._GLOBAL__sub_I_OSIdleTaskStk
                0x400265e8       0x22 C:\Nburn/lib/NetBurner.a(ucosmain.o)
 *fill*         0x4002660a        0x2 
 .text.ioctl    0x4002660c       0x76 C:\Nburn/lib/NetBurner.a(fileio.o)
                0x4002660c                ioctl
 *fill*         0x40026682        0x2 
 .text.close    0x40026684       0x4c C:\Nburn/lib/NetBurner.a(fileio.o)
                0x40026684                close
 .text.write    0x400266d0      0x150 C:\Nburn/lib/NetBurner.a(fileio.o)
                0x400266d0                write
 .text._Z8rawwriteiPKci
                0x40026820       0x82 C:\Nburn/lib/NetBurner.a(fileio.o)
                0x40026820                _Z8rawwriteiPKci