Archive member included to satisfy reference by file (symbol)

C:\Nburn/lib/NANO54415.a(hardware_init.o)
                              c:/nburn/gcc-m68k/bin/../lib/gcc/m68k-unknown-elf/5.2.0/m54455\nb-crt0.o (hardware_init_hook)
C:\Nburn/lib/NANO54415.a(serial.o)
                              Drivers\dsm2.o (UartData)
C:\Nburn/lib/NANO54415.a(pins.o)
                              Drivers\IMU.o (_ZN5PinIO3setEh)
C:\Nburn/lib/NANO54415.a(FlashOps.o)
                              C:\Nburn/lib/NANO54415.a(hardware_init.o) (CopySPIFlashImageOnBoot)
C:\Nburn/lib/NANO54415.a(pin_irq.o)
                              Drivers\Odometer.o (_Z9SetPinIrqiiPFvvE)
C:\Nburn/lib/NANO54415.a(bsp.o)
                              Drivers\servodrive.o (_Z7SetIntcilii)
C:\Nburn/lib/NANO54415.a(localio.o)
                              C:\Nburn/lib/NANO54415.a(serial.o) (_Z13GetUartRecordi)
C:\Nburn/lib/NANO54415.a(multichanneli2c.o)
                              main.o (MultiChannel_I2CInit)
C:\Nburn/lib/NANO54415.a(bspa.o)
                              C:\Nburn/lib/NANO54415.a(bsp.o) (CatchNullWrites)
C:\Nburn/lib/NANO54415.a(defpins.o)
                              C:\Nburn/lib/NANO54415.a(bsp.o) (_Z14SetDefPinUsagev)
C:\Nburn/lib/NANO54415.a(SPIFlash.o)
                              C:\Nburn/lib/NANO54415.a(FlashOps.o) (_ZN8SPIFlashC1Ei)
C:\Nburn/lib/NANO54415.a(i2c_class.o)
                              C:\Nburn/lib/NANO54415.a(multichanneli2c.o) (_ZN10i2c_master4initEhh)
C:\Nburn/lib/NetBurner.a(ucosmcfa.o)
                              C:\Nburn/lib/NANO54415.a(bsp.o) (OSCtxSw)
C:\Nburn/lib/NetBurner.a(software_init.o)
                              c:/nburn/gcc-m68k/bin/../lib/gcc/m68k-unknown-elf/5.2.0/m54455\nb-crt0.o (software_init_hook)
C:\Nburn/lib/NetBurner.a(main.o)
                              c:/nburn/gcc-m68k/bin/../lib/gcc/m68k-unknown-elf/5.2.0/m54455\nb-crt0.o (main)
C:\Nburn/lib/NetBurner.a(ucosmcfc.o)
                              Drivers\IMU.o (_Z17OSTaskCreatewNamePFvPvES_S_S_hPKc)
C:\Nburn/lib/NetBurner.a(ucos.o)
                              C:\Nburn/lib/NetBurner.a(ucosmcfc.o) (OSRdyTbl)
C:\Nburn/lib/NetBurner.a(cppmain.o)
                              C:\Nburn/lib/NetBurner.a(main.o) (cppmain)
C:\Nburn/lib/NetBurner.a(debugtrap.o)
                              C:\Nburn/lib/NANO54415.a(bsp.o) (_Z23SetAddressReadRangeTrapmm)
C:\Nburn/lib/NetBurner.a(ucosmain.o)
                              C:\Nburn/lib/NetBurner.a(software_init.o) (UCosSetup)
C:\Nburn/lib/NetBurner.a(fileio.o)
                              C:\Nburn/lib/NetBurner.a(ucosmain.o) (ioctl)
C:\Nburn/lib/NetBurner.a(system.o)
                              C:\Nburn/lib/NANO54415.a(serial.o) (rnd_collect)
C:\Nburn/lib/NetBurner.a(utils.o)
                              C:\Nburn/lib/NetBurner.a(system.o) (_Z7ShowIP47IPADDR4)
C:\Nburn/lib/NetBurner.a(ip.o)
                              main.o (_Z15InitializeStack7IPADDR4S_S_S_)
C:\Nburn/lib/NetBurner.a(buffers.o)
                              C:\Nburn/lib/NetBurner.a(utils.o) (_Z12GetFreeCountv)
C:\Nburn/lib/NetBurner.a(arp.o)
                              C:\Nburn/lib/NetBurner.a(ip.o) (_Z25GetInterfaceForMyAddress47IPADDR4)
C:\Nburn/lib/NetBurner.a(udp.o)
                              C:\Nburn/lib/NetBurner.a(ip.o) (_Z12process_udp4P11pool_bufferP5IPPKTt)
C:\Nburn/lib/NetBurner.a(tcp.o)
                              C:\Nburn/lib/NetBurner.a(ip.o) (_Z7InitTCPv)
C:\Nburn/lib/NetBurner.a(extraio.o)
                              C:\Nburn/lib/NANO54415.a(serial.o) (_Z10GetExtraFDPvP14IoExpandStruct)
C:\Nburn/lib/NetBurner.a(http.o)
                              main.o (_Z9StartHTTPt)
C:\Nburn/lib/NetBurner.a(httpinternal.o)
                              C:\Nburn/lib/NetBurner.a(http.o) (_ZN12HTTP_Request11ProcessLineEPc)
C:\Nburn/lib/NetBurner.a(httpstricmp.o)
                              C:\Nburn/lib/NetBurner.a(httpinternal.o) (_Z11httpstricmpPKcS0_)
C:\Nburn/lib/NetBurner.a(htmldecomp.o)
                              C:\Nburn/lib/NetBurner.a(httpinternal.o) (_Z16SendFullResponsePKci)
C:\Nburn/lib/NetBurner.a(iosys.o)
                              C:\Nburn/lib/NANO54415.a(serial.o) (_Z12SetDataAvaili)
C:\Nburn/lib/NetBurner.a(autoip.o)
                              C:\Nburn/lib/NetBurner.a(arp.o) (_ZN12AutoIPClient16addressCollisionEv)
C:\Nburn/lib/NetBurner.a(dhcpc.o)
                              main.o (_Z25GetDHCPAddressIfNecessaryib)
C:\Nburn/lib/NetBurner.a(netinterface.o)
                              C:\Nburn/lib/NetBurner.a(arp.o) (_Z14TransmitBufferP11pool_bufferi)
C:\Nburn/lib/NetBurner.a(taskmon.o)
                              main.o (_Z17EnableTaskMonitorv)
C:\Nburn/lib/NetBurner.a(smarttrap.o)
                              C:\Nburn/lib/NANO54415.a(bsp.o) (smart_trap_asm)
C:\Nburn/lib/NetBurner.a(autoupdate.o)
                              main.o (_Z16EnableAutoUpdatev)
C:\Nburn/lib/NetBurner.a(device.o)
[...]
Memory Configuration

Name             Origin             Length             Attributes
ram              0x40000400         0x03fffcff         xrw
SRAM             0x80000400         0x0000fbf0         xrw
Cold_SRAM        0x8000fffe         0x00000002         xrw
*default*        0x00000000         0xffffffff

Linker script and memory map

LOAD c:/nburn/gcc-m68k/bin/../lib/gcc/m68k-unknown-elf/5.2.0/m54455\nb-crt0.o
LOAD c:/nburn/gcc-m68k/bin/../lib/gcc/m68k-unknown-elf/5.2.0/m54455/crtbegin.o
LOAD tests.o
LOAD main.o
LOAD Utility.o
LOAD Map.o
LOAD Drivers\servodrive.o
LOAD Drivers\dsm2.o
LOAD Drivers\Odometer.o
LOAD Drivers\LCD.o
LOAD Drivers\IMU.o
LOAD htmldata.o
LOAD C:\Nburn/NANO54415/lib/sys.ld
                0x40000000                ovector_base = 0x40000000
                0x80000000                vector_base = 0x80000000
                0x80000400                SRAM_START_ADDR = 0x80000400
                0x8000fffe                SRAM_END_ADDR = 0x8000fffe
                0x8c000000                sim_rgpio = 0x8c000000
                0xec008000                sim1 = 0xec008000
                0xfc004000                sim2 = 0xfc004000
                0x00004000                FlashAppBase = 0x4000
                0xfc0d4008                DBETHER_EMIR_REG = 0xfc0d4008
                0x8000d000                comm_loc = 0x8000d000
START GROUP
LOAD C:\Nburn/lib/NANO54415.a
LOAD C:\Nburn/lib/NetBurner.a
LOAD C:\Nburn/lib/FatFile.a
LOAD c:/nburn/gcc-m68k/bin/../m68k-unknown-elf/sysroot/lib/m54455\libstdc++.a
LOAD C:\Nburn\lib\cryptolib.a
LOAD C:\Nburn\lib\debugLibrary.a
LOAD C:\Nburn\lib\Lua_Full.a
LOAD C:\Nburn\lib\nb-libxively.a
LOAD C:\Nburn\lib\nbwifilib.a
LOAD C:\Nburn\lib\sshLibrary.a
LOAD C:\Nburn\lib\webclient.a
END GROUP
LOAD c:/nburn/gcc-m68k/bin/../m68k-unknown-elf/sysroot/lib/m54455\libstdc++.a
LOAD c:/nburn/gcc-m68k/bin/../m68k-unknown-elf/sysroot/lib/m54455\libm.a
LOAD c:/nburn/gcc-m68k/bin/../lib/gcc/m68k-unknown-elf/5.2.0/m54455\libgcc.a
LOAD c:/nburn/gcc-m68k/bin/../m68k-unknown-elf/sysroot/lib/m54455\libc.a
LOAD c:/nburn/gcc-m68k/bin/../lib/gcc/m68k-unknown-elf/5.2.0/m54455\libgcc.a
LOAD c:/nburn/gcc-m68k/bin/../lib/gcc/m68k-unknown-elf/5.2.0/m54455/crtend.o
START GROUP
LOAD c:/nburn/gcc-m68k/bin/../m68k-unknown-elf/sysroot/lib/m54455\libc.a
LOAD c:/nburn/gcc-m68k/bin/../lib/gcc/m68k-unknown-elf/5.2.0/m54455\libgcc.a
LOAD c:/nburn/gcc-m68k/bin/../m68k-unknown-elf/sysroot/lib/m54455\libm.a
END GROUP
                0x00000000                __DYNAMIC = 0x0
                0x44000000                PROVIDE (__stack, 0x44000000)
                [!provide]                PROVIDE (hardware_init_hook, 0x0)
                [!provide]                PROVIDE (_hardware_init_hook, 0x0)
                [!provide]                PROVIDE (software_init_hook, 0x0)
                [!provide]                PROVIDE (_software_init_hook, 0x0)

.SRAM_SECT      0x80000400     0xab80
                0x80000400                SRAM_START = .
 *(SYS_VAR_SECT)
 SYS_VAR_SECT   0x80000400        0x4 C:\Nburn/lib/NANO54415.a(bsp.o)
                0x80000400                cacrMirror
 SYS_VAR_SECT   0x80000404      0x238 C:\Nburn/lib/NetBurner.a(ucos.o)
                0x80000404                OSRunning
                0x80000406                OSISRLevel
                0x80000408                OSRdyGrp
                0x8000040c                OSLockNesting
                0x80000410                OSIntNesting
                0x80000414                OSTCBFreeList
                0x80000418                OSTCBList
                0x8000041c                OSTCBHighRdy
                0x80000420                OSTCBCur
                0x80000424                OSRdyTbl
                0x8000042c                OSTCBPrioTbl
                0x8000052c                OSUnMapTbl
                0x8000062c                OSMapTbl
                0x80000634                Secs
                0x80000638                TimeTick
 SYS_VAR_SECT   0x8000063c      0x272 C:\Nburn/lib/NetBurner.a(ucosmain.o)
                0x8000064e                critical_count
                0x80000652                OSTcbStructSize
                0x80000656                OSTCBTbl
 SYS_VAR_SECT   0x800008ae       0x1c C:\Nburn/lib/NetBurner.a(fileio.o)
                0x800008ae                fd_map
                0x800008c6                pExtraFdFunc
 SYS_VAR_SECT   0x800008ca       0x20 C:\Nburn/lib/NetBurner.a(iosys.o)
                0x800008d2                error_file_sets
                0x800008da                write_file_sets
                0x800008e2                read_file_sets
                0x800008ea                SYS_VAR_SECT_END = .
                0x800008f0                . = ALIGN (0x10)
 *fill*         0x800008ea        0x6 
 *(IDLE_STK_SECT)
                0x800008f0                IDLE_STK_SECT_END = .
                0x800008f0                . = ALIGN (0x10)
 *(MAIN_STK_SECT)
 MAIN_STK_SECT  0x800008f0     0x3000 C:\Nburn/lib/NetBurner.a(cppmain.o)
                0x800008f0                MainStk
                0x800038f0                MAIN_STK_SECT_END = .
                0x800038f0                . = ALIGN (0x4)
 *(ETHER_VAR_SECT)
 ETHER_VAR_SECT
                0x800038f0      0x280 C:\Nburn/lib/NANO54415.a(ethernet.o)
                0x800038f0                FecFifo
                0x80003910                enet1
                0x80003a40                enet0
                0x80003b70                ETHER_VAR_SECT_END = .
                0x80003b70                . = ALIGN (0x10)
 *(ETHER_STK_SECT)
 ETHER_STK_SECT
                0x80003b70     0x2000 C:\Nburn/lib/NANO54415.a(ethernet.o)
                0x80003b70                EtherSendStk
                0x80005b70                ETHER_STK_SECT_END = .
                0x80005b70                . = ALIGN (0x4)
 *(IP_VAR_SECT)
 IP_VAR_SECT    0x80005b70      0x32a C:\Nburn/lib/NetBurner.a(ip.o)
                0x80005b70                delay
                0x80005b74                next_arp_time
                0x80005b78                multi_if_block
                0x80005e34                multi_home_if_record
                0x80005e5c                nAdditional_Homes
                0x80005e60                pFragFunc
                0x80005e64                pMultiCastFunc
                0x80005e68                pPromisciousPacketFunc
                0x80005e6c                pIpv6Tick
                0x80005e70                pAutoIPTick
                0x80005e74                pMultiTick
                0x80005e78                pDHCPServerTick
                0x80005e7c                pDHCPTick
                0x80005e80                IcmpFifo
                0x80005e84                ipRxFifo
                0x80005e96                bTTL_Default
                0x80005e98                wGlobalPktId
 IP_VAR_SECT    0x80005e9a       0xa4 C:\Nburn/lib/NetBurner.a(udp.o)
                0x80005e9a                UdpNetbiosNameServicePtr
                0x80005e9e                pTaskPacketFunc
                0x80005ea2                pDHCPv6ClientProcessFunction
                0x80005ea6                pDHCPServerProcessFunction
                0x80005eaa                pDHCPProcessFunction
                0x80005eae                UDP_fifos_used
                0x80005eb2                udp_fifos
                0x80005f3e                IP_VAR_SECT_END = .
                0x80005f40                . = ALIGN (0x10)
 *fill*         0x80005f3e        0x2 
 *(IP_STK_SECT)
 IP_STK_SECT    0x80005f40     0x2000 C:\Nburn/lib/NetBurner.a(ip.o)
                0x80005f40                IPStk
                0x80007f40                IP_STK_SECT_END = .
                0x80007f40                . = ALIGN (0x4)
 *(TCP_VAR_SECT)
 TCP_VAR_SECT   0x80007f40       0x20 C:\Nburn/lib/NetBurner.a(tcp.o)
                0x80007f40                TCP_TimerSemaphore
                0x80007f52                TCP_critical_section
                0x80007f60                TCP_VAR_SECT_END = .
                0x80007f60                . = ALIGN (0x10)
 *(TCP_STK_SECT)
 TCP_STK_SECT   0x80007f60     0x3000 C:\Nburn/lib/NetBurner.a(tcp.o)
                0x80007f60                TCPStk
                0x8000af60                TCP_STK_SECT_END = .
                0x8000af60                . = ALIGN (0x10)
 *(HTTP_STK_SECT)
                0x8000af60                HTTP_STK_SECT_END = .
                0x8000af60                . = ALIGN (0x10)
 *(FTP_STK_SECT)
                0x8000af60                FTP_STK_SECT_END = .
                0x8000af60                . = ALIGN (0x10)
 *(WIFI_STK_SECT)
                0x8000af60                WIFI_STK_SECT_END = .
                0x8000af60                . = ALIGN (0x10)
 *(PPP_STK_SECT)
                0x8000af60                PPP_STK_SECT_END = .
                0x8000af60                . = ALIGN (0x10)
 *(COMMAND_STK_SECT)
                0x8000af60                COMMAND_STK_SECT_END = .
                0x8000af60                . = ALIGN (0x4)
 *(USER_VAR_SECT)
                0x8000af60                USER_VAR_SECT_END = .
                0x8000af60                . = ALIGN (0x10)
 *(USER_STK_SECT)
                0x8000af60                USER_STK_SECT_END = .
                0x8000af60                . = ALIGN (0x4)
 *(TLS_VAR_SECT)
                0x8000af60                TLS_VAR_SECT_END = .
                0x8000af60                BUFFERS_SECT_START = .
                0x8000af60                . = ALIGN (0x10)
 *(BUFFERS_VAR_SECT)
 BUFFERS_VAR_SECT
                0x8000af60       0x1c C:\Nburn/lib/NetBurner.a(buffers.o)
                0x8000af60                free_list_is_initialized
                0x8000af64                free_fast_list
                0x8000af6e                free_list
                0x8000af78                FAST_BUFFER_POOL_SIZE
                0x8000af80                . = ALIGN (0x10)
 *fill*         0x8000af7c        0x4 
                0x8000af80                BUFFERS_VAR_SECT_END = .
                0x8000af80                . = ALIGN (0x10)
                0x8000af80                SRAM_END = .

.COLD_SRAM_SECT
 *(COLD_SRAM_VAR)

.text           0x40000400    0x374e0
 nb-crt0.o()
 .text          0x40000400       0xaa c:/nburn/gcc-m68k/bin/../lib/gcc/m68k-unknown-elf/5.2.0/m54455\nb-crt0.o
                0x40000400                start
 *fill*         0x400004aa        0x2 
 .data          0x400004ac        0x4 c:/nburn/gcc-m68k/bin/../lib/gcc/m68k-unknown-elf/5.2.0/m54455\nb-crt0.o
 .bss           0x400004b0        0x0 c:/nburn/gcc-m68k/bin/../lib/gcc/m68k-unknown-elf/5.2.0/m54455\nb-crt0.o
                0x400004b0                gConfigRec = .
                0x400024b0                . = (. + 0x2000)
 *fill*         0x400004b0     0x2000 
                0x400024b0                UserParamBase = .
                0x400044b0                . = (. + 0x2000)
 *fill*         0x400024b0     0x2000 
 *(.text)
 .text          0x400044b0      0x12c c:/nburn/gcc-m68k/bin/../lib/gcc/m68k-unknown-elf/5.2.0/m54455/crtbegin.o
 .text          0x400045dc        0x8 C:\Nburn/lib/NANO54415.a(hardware_init.o)
                0x400045dc                hardware_init_hook
 *fill*         0x400045e4        0xc 
 .text          0x400045f0      0x19c C:\Nburn/lib/NANO54415.a(bspa.o)
                0x400045f0                CatchNullWrites
                0x40004600                _cache_inval
                0x40004620                _cache_push
                0x40004640                _cache_flush
                0x40004680                PushCacheLines
                0x400046d0                InvalidateCacheLines
                0x40004720                FlushCacheLines
 *fill*         0x4000478c        0x4 
 .text          0x40004790      0x41a C:\Nburn/lib/NetBurner.a(ucosmcfa.o)
                0x40004790                OSStartHighRdy
                0x400047b0                OSCtxSw
                0x400047e0                OSIntCtxSw
                0x40004810                OSTickISR
                0x40004850                OSSetupVBR
                0x40004870                OSDebugTraceHalt
                0x40004880                memcpy
                0x40004880                fmemcpy
                0x40004950                memcpysum
                0x40004ae0                memset
                0x40004ae0                fmemset
                0x40004b80                GetSR_IntLevel
                0x40004b90                SetSR_IntLevel
 *fill*         0x40004baa        0x2 
 .text          0x40004bac        0x8 C:\Nburn/lib/NetBurner.a(software_init.o)
                0x40004bac                software_init_hook
 .text          0x40004bb4       0x2e C:\Nburn/lib/NetBurner.a(ucosmain.o)
                0x40004bb4                OSStackProtectCtxSw
 *fill*         0x40004be2        0x2 
 .text          0x40004be4      0x1c0 C:\Nburn/lib/NetBurner.a(ip.o)
                0x40004be4                GetSum
                0x40004ca0                GetSum20
                0x40004cd8                GetSumHdr
 .text          0x40004da4       0x6c c:/nburn/gcc-m68k/bin/../m68k-unknown-elf/sysroot/lib/m54455\libm.a(lib_a-s_fpclassify.o)
                0x40004da4                __fpclassifyd
 .text          0x40004e10       0xda c:/nburn/gcc-m68k/bin/../m68k-unknown-elf/sysroot/lib/m54455\libm.a(lib_a-s_modf.o)
                0x40004e10                modf
 *fill*         0x40004eea        0x2 
 .text          0x40004eec      0xba0 c:/nburn/gcc-m68k/bin/../lib/gcc/m68k-unknown-elf/5.2.0/m54455\libgcc.a(_double.o)
                0x40004f46                __subdf3
                0x40004f4c                __adddf3
                0x400053e8                __muldf3
                0x400055c4                __divdf3
                0x400058b4                __negdf2
                0x40005912                __cmpdf2_internal
                0x400059ea                __cmpdf2
 .text          0x40005a8c      0x7ca c:/nburn/gcc-m68k/bin/../lib/gcc/m68k-unknown-elf/5.2.0/m54455\libgcc.a(_float.o)
                0x40005ad4                __subsf3
                0x40005ada                __addsf3
                0x40005dbc                __mulsf3
                0x40005efe                __divsf3
                0x400060f2                __negsf2
                0x40006144                __cmpsf2_internal
                0x400061e4                __cmpsf2
 *fill*         0x40006256        0x2 
 .text          0x40006258       0x74 c:/nburn/gcc-m68k/bin/../lib/gcc/m68k-unknown-elf/5.2.0/m54455\libgcc.a(_floatex.o)
                0x40006258                __clear_sticky_bit
                0x40006264                $_exception_handler
 .text          0x400062cc       0x22 c:/nburn/gcc-m68k/bin/../lib/gcc/m68k-unknown-elf/5.2.0/m54455\libgcc.a(_eqdf2.o)
                0x400062cc                __eqdf2
 *fill*         0x400062ee        0x2 
 .text          0x400062f0       0x22 c:/nburn/gcc-m68k/bin/../lib/gcc/m68k-unknown-elf/5.2.0/m54455\libgcc.a(_nedf2.o)
                0x400062f0                __nedf2
 *fill*         0x40006312        0x2 
 .text          0x40006314       0x22 c:/nburn/gcc-m68k/bin/../lib/gcc/m68k-unknown-elf/5.2.0/m54455\libgcc.a(_gtdf2.o)
                0x40006314                __gtdf2
 *fill*         0x40006336        0x2 
 .text          0x40006338       0x22 c:/nburn/gcc-m68k/bin/../lib/gcc/m68k-unknown-elf/5.2.0/m54455\libgcc.a(_gedf2.o)
                0x40006338                __gedf2
 *fill*         0x4000635a        0x2 
 .text          0x4000635c       0x22 c:/nburn/gcc-m68k/bin/../lib/gcc/m68k-unknown-elf/5.2.0/m54455\libgcc.a(_ltdf2.o)
                0x4000635c                __ltdf2
 *fill*         0x4000637e        0x2 
 .text          0x40006380       0x22 c:/nburn/gcc-m68k/bin/../lib/gcc/m68k-unknown-elf/5.2.0/m54455\libgcc.a(_ledf2.o)
                0x40006380                __ledf2
 *fill*         0x400063a2        0x2 
 .text          0x400063a4       0x66 c:/nburn/gcc-m68k/bin/../lib/gcc/m68k-unknown-elf/5.2.0/m54455\libgcc.a(_muldi3.o)
                0x400063a4                __muldi3
 *fill*         0x4000640a        0x2 
 .text          0x4000640c       0x76 c:/nburn/gcc-m68k/bin/../lib/gcc/m68k-unknown-elf/5.2.0/m54455\libgcc.a(_fixunsdfsi.o)
                0x4000640c                __fixunsdfsi
 *fill*         0x40006482        0x2 
 .text          0x40006484       0x7a c:/nburn/gcc-m68k/bin/../lib/gcc/m68k-unknown-elf/5.2.0/m54455\libgcc.a(_fixunsdfdi.o)
                0x40006484                __fixunsdfdi
 *fill*         0x400064fe        0x2 
 .text          0x40006500      0x3fe c:/nburn/gcc-m68k/bin/../lib/gcc/m68k-unknown-elf/5.2.0/m54455\libgcc.a(_udivdi3.o)
                0x40006500                __udivdi3
 *fill*         0x400068fe        0x2 
 .text          0x40006900      0x372 c:/nburn/gcc-m68k/bin/../lib/gcc/m68k-unknown-elf/5.2.0/m54455\libgcc.a(_umoddi3.o)
                0x40006900                __umoddi3
 *fill*         0x40006c72        0x2 
 .text          0x40006c74      0x442 c:/nburn/gcc-m68k/bin/../lib/gcc/m68k-unknown-elf/5.2.0/m54455\libgcc.a(fpgnulib.o)
                0x40006c74                __unordsf2
                0x40006ccc                __unorddf2
                0x40006d36                __floatunsidf
                0x40006d9a                __floatsidf
                0x40006e46                __floatunsisf
                0x40006e60                __floatsisf
                0x40006e7a                __extendsfdf2
                0x40006ee6                __truncdfsf2
                0x40007010                __fixdfsi
                0x4000709c                __fixsfsi
 *fill*         0x400070b6        0x2 
 .text          0x400070b8       0x18 c:/nburn/gcc-m68k/bin/../m68k-unknown-elf/sysroot/lib/m54455\libc.a(lib_a-atexit.o)
                0x400070b8                atexit
 .text          0x400070d0       0x34 c:/nburn/gcc-m68k/bin/../m68k-unknown-elf/sysroot/lib/m54455\libc.a(lib_a-atoi.o)
                0x400070d0                atoi
                0x400070e8                _atoi_r
 .text          0x40007104       0x5c c:/nburn/gcc-m68k/bin/../m68k-unknown-elf/sysroot/lib/m54455\libc.a(lib_a-bsearch.o)
                0x40007104                bsearch
 .text          0x40007160       0x1e c:/nburn/gcc-m68k/bin/../m68k-unknown-elf/sysroot/lib/m54455\libc.a(lib_a-cxa_atexit.o)
                0x40007160                __cxa_atexit
 *fill*         0x4000717e        0x2 
 .text          0x40007180        0xe c:/nburn/gcc-m68k/bin/../m68k-unknown-elf/sysroot/lib/m54455\libc.a(lib_a-errno.o)
                0x40007180                __errno
 *fill*         0x4000718e        0x2 
 .text          0x40007190       0x1a c:/nburn/gcc-m68k/bin/../m68k-unknown-elf/sysroot/lib/m54455\libc.a(lib_a-isspace.o)
                0x40007190                isspace
 *fill*         0x400071aa        0x2 
 .text          0x400071ac       0x32 c:/nburn/gcc-m68k/bin/../m68k-unknown-elf/sysroot/lib/m54455\libc.a(lib_a-malloc.o)
                0x400071ac                malloc
                0x400071c4                free
 *fill*         0x400071de        0x2 
 .text          0x400071e0      0x584 c:/nburn/gcc-m68k/bin/../m68k-unknown-elf/sysroot/lib/m54455\libc.a(lib_a-mallocr.o)
                0x400071e0                _malloc_r
 .text          0x40007764       0x32 c:/nburn/gcc-m68k/bin/../m68k-unknown-elf/sysroot/lib/m54455\libc.a(lib_a-memcmp.o)
                0x40007764                memcmp
 *fill*         0x40007796        0x2 
 .text          0x40007798       0xac c:/nburn/gcc-m68k/bin/../m68k-unknown-elf/sysroot/lib/m54455\libc.a(lib_a-puts.o)
                0x40007798                _puts_r
                0x4000782e                puts
 .text          0x40007844       0x62 c:/nburn/gcc-m68k/bin/../m68k-unknown-elf/sysroot/lib/m54455\libc.a(lib_a-rand.o)
                0x40007844                srand
                0x4000785c                rand
 *fill*         0x400078a6        0x2 
 .text          0x400078a8      0x146 c:/nburn/gcc-m68k/bin/../m68k-unknown-elf/sysroot/lib/m54455\libc.a(lib_a-setvbuf.o)
                0x400078a8                setvbuf
 *fill*         0x400079ee        0x2 
 .text          0x400079f0       0x1c c:/nburn/gcc-m68k/bin/../m68k-unknown-elf/sysroot/lib/m54455\libc.a(lib_a-strcpy.o)
                0x400079f0                strcpy
 .text          0x40007a0c       0x1a c:/nburn/gcc-m68k/bin/../m68k-unknown-elf/sysroot/lib/m54455\libc.a(lib_a-strlen.o)
                0x40007a0c                strlen
 *fill*         0x40007a26        0x2 
 .text          0x40007a28       0x30 c:/nburn/gcc-m68k/bin/../m68k-unknown-elf/sysroot/lib/m54455\libc.a(lib_a-strncpy.o)
                0x40007a28                strncpy
 .text          0x40007a58       0x4a c:/nburn/gcc-m68k/bin/../m68k-unknown-elf/sysroot/lib/m54455\libc.a(lib_a-strstr.o)
                0x40007a58                strstr
 *fill*         0x40007aa2        0x2 
 .text          0x40007aa4      0x16e c:/nburn/gcc-m68k/bin/../m68k-unknown-elf/sysroot/lib/m54455\libc.a(lib_a-strtol.o)
                0x40007aa4                _strtol_r
                0x40007bf4                strtol
 *fill*         0x40007c12        0x2 
 .text          0x40007c14       0x2a c:/nburn/gcc-m68k/bin/../m68k-unknown-elf/sysroot/lib/m54455\libc.a(lib_a-tolower.o)
                0x40007c14                tolower
 *fill*         0x40007c3e        0x2 
 .text          0x40007c40       0x2a c:/nburn/gcc-m68k/bin/../m68k-unknown-elf/sysroot/lib/m54455\libc.a(lib_a-toupper.o)
                0x40007c40                toupper
 *fill*         0x40007c6a        0x2 
 .text          0x40007c6c       0xf4 c:/nburn/gcc-m68k/bin/../m68k-unknown-elf/sysroot/lib/m54455\libc.a(lib_a-wbuf.o)
                0x40007c6c                __swbuf_r
                0x40007d46                __swbuf
 .text          0x40007d60      0x116 c:/nburn/gcc-m68k/bin/../m68k-unknown-elf/sysroot/lib/m54455\libc.a(lib_a-wsetup.o)
                0x40007d60                __swsetup_r
 *fill*         0x40007e76        0x2 
 .text          0x40007e78       0xa0 c:/nburn/gcc-m68k/bin/../m68k-unknown-elf/sysroot/lib/m54455\libc.a(lib_a-__atexit.o)
                0x40007e78                __register_exitproc
 .text          0x40007f18      0x204 c:/nburn/gcc-m68k/bin/../m68k-unknown-elf/sysroot/lib/m54455\libc.a(lib_a-fflush.o)
                0x40007f18                __sflush_r
                0x400080a0                _fflush_r
                0x400080ee                fflush
 .text          0x4000811c      0x28c c:/nburn/gcc-m68k/bin/../m68k-unknown-elf/sysroot/lib/m54455\libc.a(lib_a-findfp.o)
                0x40008126                _cleanup_r
                0x400081c2                __sfmoreglue
                0x4000821e                _cleanup
                0x40008232                __sinit
                0x400082a2                __sfp
                0x40008354                __sfp_lock_acquire
                0x4000835c                __sfp_lock_release
                0x40008364                __sinit_lock_acquire
                0x4000836c                __sinit_lock_release
                0x40008374                __fp_lock_all
                0x4000838e                __fp_unlock_all
 .text          0x400083a8      0x2ec c:/nburn/gcc-m68k/bin/../m68k-unknown-elf/sysroot/lib/m54455\libc.a(lib_a-freer.o)
                0x400083a8                _malloc_trim_r
                0x4000847c                _free_r
 .text          0x40008694      0x366 c:/nburn/gcc-m68k/bin/../m68k-unknown-elf/sysroot/lib/m54455\libc.a(lib_a-fvwrite.o)
                0x40008694                __sfvwrite_r
 *fill*         0x400089fa        0x2 
 .text          0x400089fc       0xb4 c:/nburn/gcc-m68k/bin/../m68k-unknown-elf/sysroot/lib/m54455\libc.a(lib_a-fwalk.o)
                0x400089fc                _fwalk
                0x40008a54                _fwalk_reent
 .text          0x40008ab0      0x152 c:/nburn/gcc-m68k/bin/../m68k-unknown-elf/sysroot/lib/m54455\libc.a(lib_a-makebuf.o)
                0x40008ab0                __smakebuf_r
 *fill*         0x40008c02        0x2 
 .text          0x40008c04       0x32 c:/nburn/gcc-m68k/bin/../m68k-unknown-elf/sysroot/lib/m54455\libc.a(lib_a-memchr.o)
                0x40008c04                memchr
 *fill*         0x40008c36        0x2 
 .text          0x40008c38       0x54 c:/nburn/gcc-m68k/bin/../m68k-unknown-elf/sysroot/lib/m54455\libc.a(lib_a-memmove.o)
                0x40008c38                memmove
 .text          0x40008c8c      0x456 c:/nburn/gcc-m68k/bin/../m68k-unknown-elf/sysroot/lib/m54455\libc.a(lib_a-reallocr.o)
                0x40008c8c                _realloc_r
 *fill*         0x400090e2        0x2 
 .text          0x400090e4      0x126 c:/nburn/gcc-m68k/bin/../m68k-unknown-elf/sysroot/lib/m54455\libc.a(lib_a-stdio.o)
                0x400090e4                __sread
                0x40009128                __seofread
                0x40009132                __swrite
                0x4000919e                __sseek
                0x400091f2                __sclose
 *fill*         0x4000920a        0x2 
 .text          0x4000920c       0x38 c:/nburn/gcc-m68k/bin/../m68k-unknown-elf/sysroot/lib/m54455\libc.a(lib_a-writer.o)
                0x4000920c                _write_r
 .text          0x40009244       0x2e c:/nburn/gcc-m68k/bin/../m68k-unknown-elf/sysroot/lib/m54455\libc.a(lib_a-closer.o)
                0x40009244                _close_r
 *fill*         0x40009272        0x2 
 .text          0x40009274       0xe2 c:/nburn/gcc-m68k/bin/../m68k-unknown-elf/sysroot/lib/m54455\libc.a(lib_a-fclose.o)
                0x40009274                _fclose_r
                0x40009340                fclose
 *fill*         0x40009356        0x2 
 .text          0x40009358       0x32 c:/nburn/gcc-m68k/bin/../m68k-unknown-elf/sysroot/lib/m54455\libc.a(lib_a-fstatr.o)
                0x40009358                _fstat_r
 *fill*         0x4000938a        0x2 
 .text          0x4000938c       0x2e c:/nburn/gcc-m68k/bin/../m68k-unknown-elf/sysroot/lib/m54455\libc.a(lib_a-isattyr.o)
                0x4000938c                _isatty_r
 *fill*         0x400093ba        0x2 
 .text          0x400093bc       0x38 c:/nburn/gcc-m68k/bin/../m68k-unknown-elf/sysroot/lib/m54455\libc.a(lib_a-lseekr.o)
                0x400093bc                _lseek_r
 .text          0x400093f4       0x38 c:/nburn/gcc-m68k/bin/../m68k-unknown-elf/sysroot/lib/m54455\libc.a(lib_a-readr.o)
                0x400093f4                _read_r
 .text          0x4000942c       0x32 c:/nburn/gcc-m68k/bin/../lib/gcc/m68k-unknown-elf/5.2.0/m54455/crtend.o
                0x40009460                . = ALIGN (0x10)
 *fill*         0x4000945e        0x2 
 *(.text.*)
 .text._Z4initv
                0x40009460      0x168 main.o
                0x40009460                _Z4initv
 .text.UserMain
                0x400095c8       0xd0 main.o
                0x400095c8                UserMain
 .text.startup._GLOBAL__sub_I_MainTaskSem
                0x40009698       0x9a main.o
 *fill*         0x40009732        0x2 
 .text._Z11CoreRcTimeri
                0x40009734       0xfa Drivers\servodrive.o
                0x40009734                _Z11CoreRcTimeri
 *fill*         0x4000982e        0x2 
 .text._Z12fake_Ch0_ISRv
                0x40009830       0x54 Drivers\servodrive.o
                0x40009830                _Z12fake_Ch0_ISRv
                0x40009834                Ch0_ISR
 .text.real_Ch0_ISR
                0x40009884       0x16 Drivers\servodrive.o
                0x40009884                real_Ch0_ISR
 *fill*         0x4000989a        0x2 
 .text._Z12fake_Ch1_ISRv
                0x4000989c       0x54 Drivers\servodrive.o
                0x4000989c                _Z12fake_Ch1_ISRv
                0x400098a0                Ch1_ISR
 .text.real_Ch1_ISR
                0x400098f0       0x18 Drivers\servodrive.o
                0x400098f0                real_Ch1_ISR
 .text._Z12fake_Ch2_ISRv
                0x40009908       0x54 Drivers\servodrive.o
                0x40009908                _Z12fake_Ch2_ISRv
                0x4000990c                Ch2_ISR
 .text.real_Ch2_ISR
                0x4000995c       0x18 Drivers\servodrive.o
                0x4000995c                real_Ch2_ISR
 .text._Z14ServoDriveInitv
                0x40009974      0x1f4 Drivers\servodrive.o
                0x40009974                _Z14ServoDriveInitv
 .text._Z11SetServoPosid
                0x40009b68      0x122 Drivers\servodrive.o
                0x40009b68                _Z11SetServoPosid
 *fill*         0x40009c8a        0x2 
 .text._Z15RC_ProcessCharsih
                0x40009c8c       0xe6 Drivers\dsm2.o
                0x40009c8c                _Z15RC_ProcessCharsih
 *fill*         0x40009d72        0x2 
 .text._Z10InitDSM2Rxi
                0x40009d74       0x52 Drivers\dsm2.o
                0x40009d74                _Z10InitDSM2Rxi
 *fill*         0x40009dc6        0x2 
 .text._ZN8OdometerD2Ev
                0x40009dc8        0x8 Drivers\Odometer.o
                0x40009dc8                _ZN8OdometerD2Ev
                0x40009dc8                _ZN8OdometerD1Ev
 .text._ZN8OdometerD0Ev
                0x40009dd0       0x1c Drivers\Odometer.o
                0x40009dd0                _ZN8OdometerD0Ev
 .text._ZN8Odometer6OdoIrqEv
                0x40009dec       0x46 Drivers\Odometer.o
                0x40009dec                _ZN8Odometer6OdoIrqEv
 *fill*         0x40009e32        0x2 
 .text._ZN8OdometerC2Ev
                0x40009e34       0x12 Drivers\Odometer.o
                0x40009e34                _ZN8OdometerC1Ev
                0x40009e34                _ZN8OdometerC2Ev
 *fill*         0x40009e46        0x2 
 .text._ZN8OdometerC2Ei
                0x40009e48       0x52 Drivers\Odometer.o
                0x40009e48                _ZN8OdometerC1Ei
                0x40009e48                _ZN8OdometerC2Ei
 *fill*         0x40009e9a        0x2 
 .text._ZN3LCDD2Ev
                0x40009e9c        0x8 Drivers\LCD.o
                0x40009e9c                _ZN3LCDD2Ev
                0x40009e9c                _ZN3LCDD1Ev
 .text._ZN3LCDD0Ev
                0x40009ea4       0x1c Drivers\LCD.o
                0x40009ea4                _ZN3LCDD0Ev
 .text._ZN3LCDC2Ev
                0x40009ec0       0x16 Drivers\LCD.o
                0x40009ec0                _ZN3LCDC1Ev
                0x40009ec0                _ZN3LCDC2Ev
 *fill*         0x40009ed6        0x2 
 .text._ZN3LCDC2Eii
                0x40009ed8       0x3c Drivers\LCD.o
                0x40009ed8                _ZN3LCDC1Eii
                0x40009ed8                _ZN3LCDC2Eii
 .text._ZN3LCD5clearEv
                0x40009f14       0x7c Drivers\LCD.o
                0x40009f14                _ZN3LCD5clearEv
 .text._ZN3IMUD2Ev
                0x40009f90        0x8 Drivers\IMU.o
                0x40009f90                _ZN3IMUD2Ev
                0x40009f90                _ZN3IMUD1Ev
 .text._ZN3IMUD0Ev
                0x40009f98       0x1c Drivers\IMU.o
                0x40009f98                _ZN3IMUD0Ev
 .text._Z4Pirqv
                0x40009fb4       0x28 Drivers\IMU.o
                0x40009fb4                _Z4Pirqv
 .text._ZN3IMUC2Ev
                0x40009fdc       0x12 Drivers\IMU.o
                0x40009fdc                _ZN3IMUC1Ev
                0x40009fdc                _ZN3IMUC2Ev
 *fill*         0x40009fee        0x2 
 .text._ZN3IMU8printRawEv
                0x40009ff0       0x7e Drivers\IMU.o
                0x40009ff0                _ZN3IMU8printRawEv
 *fill*         0x4000a06e        0x2 
 .text._ZN3IMU17ProcessIMUResultsEv
                0x4000a070      0x264 Drivers\IMU.o
                0x4000a070                _ZN3IMU17ProcessIMUResultsEv
 .text._ZN3IMU18I2CWriteReadBufferEhhPhi
                0x4000a2d4       0xb0 Drivers\IMU.o
                0x4000a2d4                _ZN3IMU18I2CWriteReadBufferEhhPhi
 .text._ZN3IMU11whoAmICheckEv
                0x4000a384      0x170 Drivers\IMU.o
                0x4000a384                _ZN3IMU11whoAmICheckEv
 .text._ZN3IMU11initMPU9250Ev
                0x4000a4f4      0x1ee Drivers\IMU.o
                0x4000a4f4                _ZN3IMU11initMPU9250Ev
 *fill*         0x4000a6e2        0x2 
 .text._ZN3IMU18activeDataModeInitEv
                0x4000a6e4       0xac Drivers\IMU.o
                0x4000a6e4                _ZN3IMU18activeDataModeInitEv
 .text._ZN3IMUC2Ehi
                0x4000a790       0x52 Drivers\IMU.o
                0x4000a790                _ZN3IMUC1Ehi
                0x4000a790                _ZN3IMUC2Ehi
 *fill*         0x4000a7e2        0x2 
 .text._ZN3IMU13IMUSampleTaskEPv
                0x4000a7e4      0x12c Drivers\IMU.o
                0x4000a7e4                _ZN3IMU13IMUSampleTaskEPv
 .text.startup._GLOBAL__sub_I_Gscale
                0x4000a910       0x2a Drivers\IMU.o
 *fill*         0x4000a93a        0x2 
 .text._Z14DoHtmlFunctioniPKct
                0x4000a93c        0xa htmldata.o
                0x4000a93c                _Z14DoHtmlFunctioniPKct
 *fill*         0x4000a946        0x2 
 .text._Z14DoHtmlVariableit
                0x4000a948        0xa htmldata.o
                0x4000a948                _Z14DoHtmlVariableit
 *fill*         0x4000a952        0x2 
 .text.__tcf_0  0x4000a954       0x38 C:\Nburn/lib/NANO54415.a(serial.o)
 .text._Z11BaseGetChari
                0x4000a98c       0xac C:\Nburn/lib/NANO54415.a(serial.o)
                0x4000a98c                _Z11BaseGetChari
 .text._Z14InitializeMapsv.part.1
                0x4000aa38       0x76 C:\Nburn/lib/NANO54415.a(serial.o)
 *fill*         0x4000aaae        0x2 
 .text._Z6WakeTxi
                0x4000aab0       0x8c C:\Nburn/lib/NANO54415.a(serial.o)
                0x4000aab0                _Z6WakeTxi
 .text._Z11BasePutCharih
                0x4000ab3c       0xf0 C:\Nburn/lib/NANO54415.a(serial.o)
                0x4000ab3c                _Z11BasePutCharih
 .text._Z8serwriteiPKci
                0x4000ac2c      0x156 C:\Nburn/lib/NANO54415.a(serial.o)
                0x4000ac2c                _Z8serwriteiPKci
 *fill*         0x4000ad82        0x2 
 .text._Z8DoSerIsri
                0x4000ad84      0x302 C:\Nburn/lib/NANO54415.a(serial.o)
                0x4000ad84                _Z8DoSerIsri
 *fill*         0x4000b086        0x2 
 .text._Z14fake_SER_0_ISRv
                0x4000b088       0x54 C:\Nburn/lib/NANO54415.a(serial.o)
                0x4000b088                _Z14fake_SER_0_ISRv
                0x4000b08c                SER_0_ISR
 .text.real_SER_0_ISR
                0x4000b0dc       0x12 C:\Nburn/lib/NANO54415.a(serial.o)
                0x4000b0dc                real_SER_0_ISR
 *fill*         0x4000b0ee        0x2 
 .text._Z14fake_SER_1_ISRv
                0x4000b0f0       0x54 C:\Nburn/lib/NANO54415.a(serial.o)
                0x4000b0f0                _Z14fake_SER_1_ISRv
                0x4000b0f4                SER_1_ISR
 .text.real_SER_1_ISR
                0x4000b144       0x14 C:\Nburn/lib/NANO54415.a(serial.o)
                0x4000b144                real_SER_1_ISR
 .text._Z14fake_SER_2_ISRv
                0x4000b158       0x54 C:\Nburn/lib/NANO54415.a(serial.o)
                0x4000b158                _Z14fake_SER_2_ISRv
                0x4000b15c                SER_2_ISR
 .text.real_SER_2_ISR
                0x4000b1ac       0x14 C:\Nburn/lib/NANO54415.a(serial.o)
                0x4000b1ac                real_SER_2_ISR
 .text._Z14fake_SER_3_ISRv
                0x4000b1c0       0x54 C:\Nburn/lib/NANO54415.a(serial.o)
                0x4000b1c0                _Z14fake_SER_3_ISRv
                0x4000b1c4                SER_3_ISR
 .text.real_SER_3_ISR
                0x4000b214       0x14 C:\Nburn/lib/NANO54415.a(serial.o)
                0x4000b214                real_SER_3_ISR
 .text._Z14fake_SER_4_ISRv
                0x4000b228       0x54 C:\Nburn/lib/NANO54415.a(serial.o)
                0x4000b228                _Z14fake_SER_4_ISRv
                0x4000b22c                SER_4_ISR
 .text.real_SER_4_ISR
                0x4000b27c       0x14 C:\Nburn/lib/NANO54415.a(serial.o)
                0x4000b27c                real_SER_4_ISR
 .text._Z14fake_SER_5_ISRv
                0x4000b290       0x54 C:\Nburn/lib/NANO54415.a(serial.o)
                0x4000b290                _Z14fake_SER_5_ISRv
                0x4000b294                SER_5_ISR
 .text.real_SER_5_ISR
                0x4000b2e4       0x14 C:\Nburn/lib/NANO54415.a(serial.o)
                0x4000b2e4                real_SER_5_ISR
 .text._Z14fake_SER_6_ISRv
                0x4000b2f8       0x54 C:\Nburn/lib/NANO54415.a(serial.o)
                0x4000b2f8                _Z14fake_SER_6_ISRv
                0x4000b2fc                SER_6_ISR
 .text.real_SER_6_ISR
                0x4000b34c       0x14 C:\Nburn/lib/NANO54415.a(serial.o)
                0x4000b34c                real_SER_6_ISR
 .text._Z14fake_SER_7_ISRv
                0x4000b360       0x54 C:\Nburn/lib/NANO54415.a(serial.o)
                0x4000b360                _Z14fake_SER_7_ISRv
                0x4000b364                SER_7_ISR
 .text.real_SER_7_ISR
                0x4000b3b4       0x14 C:\Nburn/lib/NANO54415.a(serial.o)
                0x4000b3b4                real_SER_7_ISR
 .text._Z14fake_SER_8_ISRv
                0x4000b3c8       0x54 C:\Nburn/lib/NANO54415.a(serial.o)
                0x4000b3c8                _Z14fake_SER_8_ISRv
                0x4000b3cc                SER_8_ISR
 .text.real_SER_8_ISR
                0x4000b41c       0x14 C:\Nburn/lib/NANO54415.a(serial.o)
                0x4000b41c                real_SER_8_ISR
 .text._Z14fake_SER_9_ISRv
                0x4000b430       0x54 C:\Nburn/lib/NANO54415.a(serial.o)
                0x4000b430                _Z14fake_SER_9_ISRv
                0x4000b434                SER_9_ISR
 .text.real_SER_9_ISR
                0x4000b484       0x14 C:\Nburn/lib/NANO54415.a(serial.o)
                0x4000b484                real_SER_9_ISR
 .text._Z10serreadwtoiPcii
                0x4000b498      0x21a C:\Nburn/lib/NANO54415.a(serial.o)
                0x4000b498                _Z10serreadwtoiPcii
 *fill*         0x4000b6b2        0x2 
 .text._Z7serreadiPci
                0x4000b6b4       0x1c C:\Nburn/lib/NANO54415.a(serial.o)
                0x4000b6b4                _Z7serreadiPci
 .text._Z10OpenSerialijii11parity_mode
                0x4000b6d0      0x6f0 C:\Nburn/lib/NANO54415.a(serial.o)
                0x4000b6d0                _Z10OpenSerialijii11parity_mode
 .text._Z11SerialClosei
                0x4000bdc0       0xda C:\Nburn/lib/NANO54415.a(serial.o)
                0x4000bdc0                _Z11SerialClosei
 *fill*         0x4000be9a        0x2 
 .text._Z16serexternalclosei
                0x4000be9c       0x34 C:\Nburn/lib/NANO54415.a(serial.o)
                0x4000be9c                _Z16serexternalclosei
 .text.startup._GLOBAL__sub_I_Uarts
                0x4000bed0       0x5e C:\Nburn/lib/NANO54415.a(serial.o)
 *fill*         0x4000bf2e        0x2 
 .text._ZN5PinIO3setEh
                0x4000bf30      0xa84 C:\Nburn/lib/NANO54415.a(pins.o)
                0x4000bf30                _ZN5PinIO3setEh
 .text._ZN5PinIO4readEv
                0x4000c9b4      0x5d8 C:\Nburn/lib/NANO54415.a(pins.o)
                0x4000c9b4                _ZN5PinIO4readEv
 .text._ZN5PinIO8functionEi
                0x4000cf8c      0x524 C:\Nburn/lib/NANO54415.a(pins.o)
                0x4000cf8c                _ZN5PinIO8functionEi
 .text._Z15GetSpiFlashCritv
                0x4000d4b0       0x46 C:\Nburn/lib/NANO54415.a(FlashOps.o)
                0x4000d4b0                _Z15GetSpiFlashCritv
 *fill*         0x4000d4f6        0x2 
 .text._Z10FlashErasePvi
                0x4000d4f8       0xac C:\Nburn/lib/NANO54415.a(FlashOps.o)
                0x4000d4f8                _Z10FlashErasePvi
 .text._Z12FlashProgramPvS_i
                0x4000d5a4      0x160 C:\Nburn/lib/NANO54415.a(FlashOps.o)
                0x4000d5a4                _Z12FlashProgramPvS_i
 .text.CopySPIFlashImageOnBoot
                0x4000d704       0x66 C:\Nburn/lib/NANO54415.a(FlashOps.o)
                0x4000d704                CopySPIFlashImageOnBoot
 *fill*         0x4000d76a        0x2 
 .text.startup._GLOBAL__sub_I_SPI_Main
                0x4000d76c       0x4a C:\Nburn/lib/NANO54415.a(FlashOps.o)
 *fill*         0x4000d7b6        0x2 
 .text._Z18fake_firq2_pin_isrv
                0x4000d7b8       0x54 C:\Nburn/lib/NANO54415.a(pin_irq.o)
                0x4000d7b8                _Z18fake_firq2_pin_isrv
                0x4000d7bc                firq2_pin_isr
 .text.real_firq2_pin_isr
                0x4000d80c       0x28 C:\Nburn/lib/NANO54415.a(pin_irq.o)
                0x4000d80c                real_firq2_pin_isr
 .text._Z18fake_firq3_pin_isrv
                0x4000d834       0x54 C:\Nburn/lib/NANO54415.a(pin_irq.o)
                0x4000d834                _Z18fake_firq3_pin_isrv
                0x4000d838                firq3_pin_isr
 .text.real_firq3_pin_isr
                0x4000d888       0x28 C:\Nburn/lib/NANO54415.a(pin_irq.o)
                0x4000d888                real_firq3_pin_isr
 .text._Z9SetPinIrqiiPFvvE
                0x4000d8b0      0x266 C:\Nburn/lib/NANO54415.a(pin_irq.o)
                0x4000d8b0                _Z9SetPinIrqiiPFvvE
 *fill*         0x4000db16        0x2 
 .text._Z5xTickv
                0x4000db18       0x1c C:\Nburn/lib/NANO54415.a(bsp.o)
                0x4000db18                _Z5xTickv
                0x4000db1c                Tick5441X
 .text._Z7SetIntcilii
                0x4000db34       0xc0 C:\Nburn/lib/NANO54415.a(bsp.o)
                0x4000db34                _Z7SetIntcilii
 .text._Z11ForceRebootb
                0x4000dbf4       0x26 C:\Nburn/lib/NANO54415.a(bsp.o)
                0x4000dbf4                _Z11ForceRebootb
 *fill*         0x4000dc1a        0x2 
 .text._Z12DisableCachev
                0x4000dc1c       0x56 C:\Nburn/lib/NANO54415.a(bsp.o)
                0x4000dc1c                _Z12DisableCachev
 *fill*         0x4000dc72        0x2 
 .text._Z11EnableCachev
                0x4000dc74       0x42 C:\Nburn/lib/NANO54415.a(bsp.o)
                0x4000dc74                _Z11EnableCachev
 *fill*         0x4000dcb6        0x2 
 .text._Z13HardwareSetupl
                0x4000dcb8      0x1e0 C:\Nburn/lib/NANO54415.a(bsp.o)
                0x4000dcb8                _Z13HardwareSetupl
 .text._sbrk_r  0x4000de98       0x48 C:\Nburn/lib/NANO54415.a(bsp.o)
                0x4000de98                _sbrk_r
 .text._Z13GetUartRecordi
                0x4000dee0       0x3a C:\Nburn/lib/NANO54415.a(localio.o)
                0x4000dee0                _Z13GetUartRecordi
 *fill*         0x4000df1a        0x2 
 .text._Z11LocalInBytev
                0x4000df1c       0x5e C:\Nburn/lib/NANO54415.a(localio.o)
                0x4000df1c                _Z11LocalInBytev
 *fill*         0x4000df7a        0x2 
 .text._Z12LocalOutBytec
                0x4000df7c       0x66 C:\Nburn/lib/NANO54415.a(localio.o)
                0x4000df7c                _Z12LocalOutBytec
 *fill*         0x4000dfe2        0x2 
 .text.MultiChannel_I2CInit
                0x4000dfe4      0x1e6 C:\Nburn/lib/NANO54415.a(multichanneli2c.o)
                0x4000dfe4                MultiChannel_I2CInit
 *fill*         0x4000e1ca        0x2 
 .text.MultiChannel_I2CRestart
                0x4000e1cc       0x42 C:\Nburn/lib/NANO54415.a(multichanneli2c.o)
                0x4000e1cc                MultiChannel_I2CRestart
 *fill*         0x4000e20e        0x2 
 .text.MultiChannel_I2CSendBuf
                0x4000e210      0x1ac C:\Nburn/lib/NANO54415.a(multichanneli2c.o)
                0x4000e210                MultiChannel_I2CSendBuf
 .text.MultiChannel_I2CReadBuf
                0x4000e3bc      0x25e C:\Nburn/lib/NANO54415.a(multichanneli2c.o)
                0x4000e3bc                MultiChannel_I2CReadBuf
 *fill*         0x4000e61a        0x2 
 .text.I2CMultiChannelResetPeripheral
                0x4000e61c       0x24 C:\Nburn/lib/NANO54415.a(multichanneli2c.o)
                0x4000e61c                I2CMultiChannelResetPeripheral
 .text.startup._GLOBAL__sub_I_I2C_SlaveTX_Callback
                0x4000e640       0x26 C:\Nburn/lib/NANO54415.a(multichanneli2c.o)
 *fill*         0x4000e666        0x2 
 .text._Z14SetDefPinUsagev
                0x4000e668      0x1aa C:\Nburn/lib/NANO54415.a(defpins.o)
                0x4000e668                _Z14SetDefPinUsagev
 *fill*         0x4000e812        0x2 
 .text._ZN8SPIFlashC2Ei
                0x4000e814       0x66 C:\Nburn/lib/NANO54415.a(SPIFlash.o)
                0x4000e814                _ZN8SPIFlashC1Ei
                0x4000e814                _ZN8SPIFlashC2Ei
 *fill*         0x4000e87a        0x2 
 .text._ZN8SPIFlashD2Ev
                0x4000e87c        0x8 C:\Nburn/lib/NANO54415.a(SPIFlash.o)
                0x4000e87c                _ZN8SPIFlashD1Ev
                0x4000e87c                _ZN8SPIFlashD2Ev
 .text._ZN8SPIFlash9SpiAscCmdEPKc
                0x4000e884      0x1ce C:\Nburn/lib/NANO54415.a(SPIFlash.o)
                0x4000e884                _ZN8SPIFlash9SpiAscCmdEPKc
 *fill*         0x4000ea52        0x2 
 .text._ZN8SPIFlash9WriteDataEPhii
                0x4000ea54      0x490 C:\Nburn/lib/NANO54415.a(SPIFlash.o)
                0x4000ea54                _ZN8SPIFlash9WriteDataEPhii
 .text._ZN8SPIFlash11EraseSectorEi
                0x4000eee4      0x2d6 C:\Nburn/lib/NANO54415.a(SPIFlash.o)
                0x4000eee4                _ZN8SPIFlash11EraseSectorEi
 *fill*         0x4000f1ba        0x2 
 .text._ZN8SPIFlash15WriteDataWEraseEPhii
                0x4000f1bc       0x7a C:\Nburn/lib/NANO54415.a(SPIFlash.o)
                0x4000f1bc                _ZN8SPIFlash15WriteDataWEraseEPhii
 *fill*         0x4000f236        0x2 
 .text._ZN8SPIFlash10EraseRangeEii
                0x4000f238       0x64 C:\Nburn/lib/NANO54415.a(SPIFlash.o)
                0x4000f238                _ZN8SPIFlash10EraseRangeEii
 .text._ZN8SPIFlash7ResetMeEv
                0x4000f29c      0x164 C:\Nburn/lib/NANO54415.a(SPIFlash.o)
                0x4000f29c                _ZN8SPIFlash7ResetMeEv
 .text._ZN8SPIFlash8ReadDataEPhii
                0x4000f400      0x34e C:\Nburn/lib/NANO54415.a(SPIFlash.o)
                0x4000f400                _ZN8SPIFlash8ReadDataEPhii
 *fill*         0x4000f74e        0x2 
 .text._Z34fake_i2c0_multichannel_int_routinev
                0x4000f750       0x54 C:\Nburn/lib/NANO54415.a(i2c_class.o)
                0x4000f750                _Z34fake_i2c0_multichannel_int_routinev
                0x4000f754                i2c0_multichannel_int_routine
 .text._Z34fake_i2c1_multichannel_int_routinev
                0x4000f7a4       0x54 C:\Nburn/lib/NANO54415.a(i2c_class.o)
                0x4000f7a4                _Z34fake_i2c1_multichannel_int_routinev
                0x4000f7a8                i2c1_multichannel_int_routine
 .text._Z34fake_i2c2_multichannel_int_routinev
                0x4000f7f8       0x54 C:\Nburn/lib/NANO54415.a(i2c_class.o)
                0x4000f7f8                _Z34fake_i2c2_multichannel_int_routinev
                0x4000f7fc                i2c2_multichannel_int_routine
 .text._Z34fake_i2c3_multichannel_int_routinev
                0x4000f84c       0x54 C:\Nburn/lib/NANO54415.a(i2c_class.o)
                0x4000f84c                _Z34fake_i2c3_multichannel_int_routinev
                0x4000f850                i2c3_multichannel_int_routine
 .text._Z34fake_i2c4_multichannel_int_routinev
                0x4000f8a0       0x54 C:\Nburn/lib/NANO54415.a(i2c_class.o)
                0x4000f8a0                _Z34fake_i2c4_multichannel_int_routinev
                0x4000f8a4                i2c4_multichannel_int_routine
 .text._Z34fake_i2c5_multichannel_int_routinev
                0x4000f8f4       0x54 C:\Nburn/lib/NANO54415.a(i2c_class.o)
                0x4000f8f4                _Z34fake_i2c5_multichannel_int_routinev
                0x4000f8f8                i2c5_multichannel_int_routine
 .text._ZN10i2c_masterC2Ev
                0x4000f948       0x48 C:\Nburn/lib/NANO54415.a(i2c_class.o)
                0x4000f948                _ZN10i2c_masterC2Ev
                0x4000f948                _ZN10i2c_masterC1Ev
 .text._ZN10i2c_master4initEhh
                0x4000f990      0x1b0 C:\Nburn/lib/NANO54415.a(i2c_class.o)
                0x4000f990                _ZN10i2c_master4initEhh
 .text._ZN10i2c_master5resetEv
                0x4000fb40       0x8e C:\Nburn/lib/NANO54415.a(i2c_class.o)
                0x4000fb40                _ZN10i2c_master5resetEv
 *fill*         0x4000fbce        0x2 
 .text._ZN10i2c_master4stopEm
                0x4000fbd0       0x76 C:\Nburn/lib/NANO54415.a(i2c_class.o)
                0x4000fbd0                _ZN10i2c_master4stopEm
 *fill*         0x4000fc46        0x2 
 .text._ZN10i2c_master6write8Ehm
                0x4000fc48       0x96 C:\Nburn/lib/NANO54415.a(i2c_class.o)
                0x4000fc48                _ZN10i2c_master6write8Ehm
 *fill*         0x4000fcde        0x2 
 .text._ZN10i2c_master5startEhbm
                0x4000fce0       0xe4 C:\Nburn/lib/NANO54415.a(i2c_class.o)
                0x4000fce0                _ZN10i2c_master5startEhbm
 .text._ZN10i2c_master7restartEhbm
                0x4000fdc4       0xaa C:\Nburn/lib/NANO54415.a(i2c_class.o)
                0x4000fdc4                _ZN10i2c_master7restartEhbm
 *fill*         0x4000fe6e        0x2 
 .text._ZN10i2c_master5read8EPhm
                0x4000fe70       0x86 C:\Nburn/lib/NANO54415.a(i2c_class.o)
                0x4000fe70                _ZN10i2c_master5read8EPhm
 *fill*         0x4000fef6        0x2 
 .text._ZN10i2c_master16SlaveRX_CallbackEh
                0x4000fef8       0x78 C:\Nburn/lib/NANO54415.a(i2c_class.o)
                0x4000fef8                _ZN10i2c_master16SlaveRX_CallbackEh
 .text._ZN10i2c_master3isrEv
                0x4000ff70      0x35e C:\Nburn/lib/NANO54415.a(i2c_class.o)
                0x4000ff70                _ZN10i2c_master3isrEv
 *fill*         0x400102ce        0x2 
 .text.real_i2c0_multichannel_int_routine
                0x400102d0       0x16 C:\Nburn/lib/NANO54415.a(i2c_class.o)
                0x400102d0                real_i2c0_multichannel_int_routine
 *fill*         0x400102e6        0x2 
 .text.real_i2c1_multichannel_int_routine
                0x400102e8       0x16 C:\Nburn/lib/NANO54415.a(i2c_class.o)
                0x400102e8                real_i2c1_multichannel_int_routine
 *fill*         0x400102fe        0x2 
 .text.real_i2c2_multichannel_int_routine
                0x40010300       0x16 C:\Nburn/lib/NANO54415.a(i2c_class.o)
                0x40010300                real_i2c2_multichannel_int_routine
 *fill*         0x40010316        0x2 
 .text.real_i2c3_multichannel_int_routine
                0x40010318       0x16 C:\Nburn/lib/NANO54415.a(i2c_class.o)
                0x40010318                real_i2c3_multichannel_int_routine
 *fill*         0x4001032e        0x2 
 .text.real_i2c4_multichannel_int_routine
                0x40010330       0x16 C:\Nburn/lib/NANO54415.a(i2c_class.o)
                0x40010330                real_i2c4_multichannel_int_routine
 *fill*         0x40010346        0x2 
 .text.real_i2c5_multichannel_int_routine
                0x40010348       0x16 C:\Nburn/lib/NANO54415.a(i2c_class.o)
                0x40010348                real_i2c5_multichannel_int_routine
 *fill*         0x4001035e        0x2 
 .text.startup._GLOBAL__sub_I_I2C
                0x40010360       0x34 C:\Nburn/lib/NANO54415.a(i2c_class.o)
 .text.startup  0x40010394        0xc C:\Nburn/lib/NetBurner.a(main.o)
                0x40010394                main
 .text._Z22TopOfStackKillfunctionv
                0x400103a0        0xc C:\Nburn/lib/NetBurner.a(ucosmcfc.o)
                0x400103a0                _Z22TopOfStackKillfunctionv
                0x400103a4                KillFunctionLink
 .text._Z9OSTCBInithPvS_PlPKc
                0x400103ac       0xd6 C:\Nburn/lib/NetBurner.a(ucosmcfc.o)
                0x400103ac                _Z9OSTCBInithPvS_PlPKc
 *fill*         0x40010482        0x2 
 .text._Z17OSTaskCreatewNamePFvPvES_S_S_hPKc.part.0
                0x40010484      0x1d2 C:\Nburn/lib/NetBurner.a(ucosmcfc.o)
 *fill*         0x40010656        0x2 
 .text._Z17OSTaskCreatewNamePFvPvES_S_S_hPKc
                0x40010658       0x44 C:\Nburn/lib/NetBurner.a(ucosmcfc.o)
                0x40010658                _Z17OSTaskCreatewNamePFvPvES_S_S_hPKc
 .text._ZL10OSTaskIdlePv
                0x4001069c       0x2a C:\Nburn/lib/NetBurner.a(ucos.o)
 *fill*         0x400106c6        0x2 
 .text._Z6OSInitPvS_h
                0x400106c8      0x174 C:\Nburn/lib/NetBurner.a(ucos.o)
                0x400106c8                _Z6OSInitPvS_h
 .text._Z7OSStartv
                0x4001083c       0x7c C:\Nburn/lib/NetBurner.a(ucos.o)
                0x4001083c                _Z7OSStartv
 .text.OSSched  0x400108b8       0x92 C:\Nburn/lib/NetBurner.a(ucos.o)
                0x400108b8                OSSched
                0x4001093c                UCOSWAITS_HERE
 *fill*         0x4001094a        0x2 
 .text.OSIntExit
                0x4001094c       0x94 C:\Nburn/lib/NetBurner.a(ucos.o)
                0x4001094c                OSIntExit
 .text._Z9OSTimeDlyt
                0x400109e0       0xb4 C:\Nburn/lib/NetBurner.a(ucos.o)
                0x400109e0                _Z9OSTimeDlyt
 .text.OSTimeTick
                0x40010a94      0x104 C:\Nburn/lib/NetBurner.a(ucos.o)
                0x40010a94                OSTimeTick
 .text._Z12OSTCBGetFreev
                0x40010b98       0x2c C:\Nburn/lib/NetBurner.a(ucos.o)
                0x40010b98                _Z12OSTCBGetFreev
 .text._Z6OSLockv
                0x40010bc4       0x26 C:\Nburn/lib/NetBurner.a(ucos.o)
                0x40010bc4                _Z6OSLockv
 *fill*         0x40010bea        0x2 
 .text._Z8OSUnlockv
                0x40010bec       0x3e C:\Nburn/lib/NetBurner.a(ucos.o)
                0x40010bec                _Z8OSUnlockv
 *fill*         0x40010c2a        0x2 
 .text._Z12OSChangePrioh
                0x40010c2c      0x100 C:\Nburn/lib/NetBurner.a(ucos.o)
                0x40010c2c                _Z12OSChangePrioh
 .text._Z12OSTaskDeletev
                0x40010d2c      0x112 C:\Nburn/lib/NetBurner.a(ucos.o)
                0x40010d2c                _Z12OSTaskDeletev
 *fill*         0x40010e3e        0x2 
 .text._ZN15OS_TASK_DLY_OBJC2Ev
                0x40010e40       0x30 C:\Nburn/lib/NetBurner.a(ucos.o)
                0x40010e40                _ZN15OS_TASK_DLY_OBJC2Ev
                0x40010e40                _ZN15OS_TASK_DLY_OBJC1Ev
 .text._ZN6OS_SEM5ClaimEv
                0x40010e70       0x52 C:\Nburn/lib/NetBurner.a(ucos.o)
                0x40010e70                _ZN6OS_SEM5ClaimEv
 *fill*         0x40010ec2        0x2 
 .text._ZN6OS_SEM4InitEl
                0x40010ec4       0x88 C:\Nburn/lib/NetBurner.a(ucos.o)
                0x40010ec4                _ZN6OS_SEM4InitEl
 .text._ZN6OS_SEM4PendEm
                0x40010f4c      0x1d6 C:\Nburn/lib/NetBurner.a(ucos.o)
                0x40010f4c                _ZN6OS_SEM4PendEm
 *fill*         0x40011122        0x2 
 .text._ZN6OS_SEM10PendNoWaitEv
                0x40011124       0x3a C:\Nburn/lib/NetBurner.a(ucos.o)
                0x40011124                _ZN6OS_SEM10PendNoWaitEv
 *fill*         0x4001115e        0x2 
 .text._ZN6OS_SEM4PostEv
                0x40011160      0x178 C:\Nburn/lib/NetBurner.a(ucos.o)
                0x40011160                _ZN6OS_SEM4PostEv
 .text._ZN7OS_FIFO4InitEv
                0x400112d8       0x48 C:\Nburn/lib/NetBurner.a(ucos.o)
                0x400112d8                _ZN7OS_FIFO4InitEv
 .text._ZN7OS_FIFO4PendEPPV10os_fifo_elm
                0x40011320      0x1d6 C:\Nburn/lib/NetBurner.a(ucos.o)
                0x40011320                _ZN7OS_FIFO4PendEPPV10os_fifo_elm
 *fill*         0x400114f6        0x2 
 .text._ZN7OS_FIFO4PostEP10os_fifo_el
                0x400114f8      0x160 C:\Nburn/lib/NetBurner.a(ucos.o)
                0x400114f8                _ZN7OS_FIFO4PostEP10os_fifo_el
 .text._ZN7OS_CRIT4InitEv
                0x40011658       0x4c C:\Nburn/lib/NetBurner.a(ucos.o)
                0x40011658                _ZN7OS_CRIT4InitEv
 .text._ZN7OS_CRIT5EnterEm
                0x400116a4      0x208 C:\Nburn/lib/NetBurner.a(ucos.o)
                0x400116a4                _ZN7OS_CRIT5EnterEm
 .text._ZN7OS_CRIT11EnterNoWaitEv
                0x400118ac       0x70 C:\Nburn/lib/NetBurner.a(ucos.o)
                0x400118ac                _ZN7OS_CRIT11EnterNoWaitEv
 .text._ZN7OS_CRIT5LeaveEv
                0x4001191c      0x19e C:\Nburn/lib/NetBurner.a(ucos.o)
                0x4001191c                _ZN7OS_CRIT5LeaveEv
 *fill*         0x40011aba        0x2 
 .text.cppmain  0x40011abc       0x40 C:\Nburn/lib/NetBurner.a(cppmain.o)
                0x40011abc                cppmain
 .text._Z24SetAddressWriteRangeTrapmm
                0x40011afc       0xec C:\Nburn/lib/NetBurner.a(debugtrap.o)
                0x40011afc                _Z24SetAddressWriteRangeTrapmm
 .text._Z23SetAddressReadRangeTrapmm
                0x40011be8       0xec C:\Nburn/lib/NetBurner.a(debugtrap.o)
                0x40011be8                _Z23SetAddressReadRangeTrapmm
 .text.UCosSetup
                0x40011cd4       0x80 C:\Nburn/lib/NetBurner.a(ucosmain.o)
                0x40011cd4                UCosSetup
 .text.__malloc_lock
                0x40011d54       0x1c C:\Nburn/lib/NetBurner.a(ucosmain.o)
                0x40011d54                __malloc_lock
 .text.__malloc_unlock
                0x40011d70       0x1c C:\Nburn/lib/NetBurner.a(ucosmain.o)
                0x40011d70                __malloc_unlock
 .text._Z9UCosBeginv
                0x40011d8c       0xba C:\Nburn/lib/NetBurner.a(ucosmain.o)
                0x40011d8c                _Z9UCosBeginv
 *fill*         0x40011e46        0x2 
 .text._Z22EnableOSStackProtectorv
                0x40011e48       0x14 C:\Nburn/lib/NetBurner.a(ucosmain.o)
                0x40011e48                _Z22EnableOSStackProtectorv
 .text.OSStackProtector
                0x40011e5c       0x24 C:\Nburn/lib/NetBurner.a(ucosmain.o)
                0x40011e5c                OSStackProtector
 .text.startup._GLOBAL__sub_I_OSIdleTaskStk
                0x40011e80       0x22 C:\Nburn/lib/NetBurner.a(ucosmain.o)
 *fill*         0x40011ea2        0x2 
 .text.ioctl    0x40011ea4       0x76 C:\Nburn/lib/NetBurner.a(fileio.o)
                0x40011ea4                ioctl
 *fill*         0x40011f1a        0x2 
 .text.close    0x40011f1c       0x4c C:\Nburn/lib/NetBurner.a(fileio.o)
                0x40011f1c                close
 .text.write    0x40011f68      0x150 C:\Nburn/lib/NetBurner.a(fileio.o)
                0x40011f68                write
 .text._Z8rawwriteiPKci
                0x400120b8       0x82 C:\Nburn/lib/NetBurner.a(fileio.o)
                0x400120b8                _Z8rawwriteiPKci
 *fill*         0x4001213a        0x2 
 .text.isatty   0x4001213c       0x14 C:\Nburn/lib/NetBurner.a(fileio.o)
                0x4001213c                isatty
 .text.lseek    0x40012150       0x16 C:\Nburn/lib/NetBurner.a(fileio.o)
                0x40012150                lseek
 *fill*         0x40012166        0x2 
 .text.fstat    0x40012168       0x1c C:\Nburn/lib/NetBurner.a(fileio.o)
                0x40012168                fstat
 .text._Z11stdioinbytei
                0x40012184       0x76 C:\Nburn/lib/NetBurner.a(fileio.o)
                0x40012184                _Z11stdioinbytei
 *fill*         0x400121fa        0x2 
 .text.read     0x400121fc      0x1aa C:\Nburn/lib/NetBurner.a(fileio.o)
                0x400121fc                read
 *fill*         0x400123a6        0x2 
 .text.ReplaceStdio
                0x400123a8       0xa0 C:\Nburn/lib/NetBurner.a(fileio.o)
                0x400123a8                ReplaceStdio
 .text.CurrentStdioFD
                0x40012448       0x22 C:\Nburn/lib/NetBurner.a(fileio.o)
                0x40012448                CurrentStdioFD
 *fill*         0x4001246a        0x2 
 .text._Z9isvalidcrP12ConfigRecord
                0x4001246c       0x46 C:\Nburn/lib/NetBurner.a(system.o)
                0x4001246c                _Z9isvalidcrP12ConfigRecord
 *fill*         0x400124b2        0x2 
 .text._Z12RawGetConfigi
                0x400124b4       0x24 C:\Nburn/lib/NetBurner.a(system.o)
                0x400124b4                _Z12RawGetConfigi
 .text._Z22UpdateConfigRecord_NumP12ConfigRecordi
                0x400124d8      0x184 C:\Nburn/lib/NetBurner.a(system.o)
                0x400124d8                _Z22UpdateConfigRecord_NumP12ConfigRecordi
 .text._Z18UpdateConfigRecordP12ConfigRecord
                0x4001265c       0x16 C:\Nburn/lib/NetBurner.a(system.o)
                0x4001265c                _Z18UpdateConfigRecordP12ConfigRecord
 *fill*         0x40012672        0x2 
 .text._Z7ShowMacP6MACADR
                0x40012674       0x42 C:\Nburn/lib/NetBurner.a(utils.o)
                0x40012674                _Z7ShowMacP6MACADR
 *fill*         0x400126b6        0x2 
 .text._Z7ShowIP47IPADDR4
                0x400126b8       0x36 C:\Nburn/lib/NetBurner.a(utils.o)
                0x400126b8                _Z7ShowIP47IPADDR4
 *fill*         0x400126ee        0x2 
 .text._Z9snShowIP4Pcm7IPADDR4
                0x400126f0       0x3a C:\Nburn/lib/NetBurner.a(utils.o)
                0x400126f0                _Z9snShowIP4Pcm7IPADDR4
 *fill*         0x4001272a        0x2 
 .text._Z8ShowDataPKht
                0x4001272c      0x556 C:\Nburn/lib/NetBurner.a(utils.o)
                0x4001272c                _Z8ShowDataPKht
 *fill*         0x40012c82        0x2 
 .text._Z11IsBroadCast7IPADDR4i.part.1
                0x40012c84       0x48 C:\Nburn/lib/NetBurner.a(ip.o)
 .text._Z12AddInterface7IPADDR4S_S_i
                0x40012ccc      0x156 C:\Nburn/lib/NetBurner.a(ip.o)
                0x40012ccc                _Z12AddInterface7IPADDR4S_S_i
 *fill*         0x40012e22        0x2 
 .text._Z22GetMultiHomeInterface47IPADDR4i
                0x40012e24       0x6e C:\Nburn/lib/NetBurner.a(ip.o)
                0x40012e24                _Z22GetMultiHomeInterface47IPADDR4i
 *fill*         0x40012e92        0x2 
 .text._Z10DoIPPacketP11pool_bufferP6EFRAMEt
                0x40012e94      0x1ae C:\Nburn/lib/NetBurner.a(ip.o)
                0x40012e94                _Z10DoIPPacketP11pool_bufferP6EFRAMEt
 *fill*         0x40013042        0x2 
 .text._Z8IsLocal47IPADDR4i
                0x40013044       0x44 C:\Nburn/lib/NetBurner.a(ip.o)
                0x40013044                _Z8IsLocal47IPADDR4i
 .text._Z11IsBroadCast7IPADDR4i
                0x40013088       0x1c C:\Nburn/lib/NetBurner.a(ip.o)
                0x40013088                _Z11IsBroadCast7IPADDR4i
 .text._Z7IsMyIp47IPADDR4
                0x400130a4       0x20 C:\Nburn/lib/NetBurner.a(ip.o)
                0x400130a4                _Z7IsMyIp47IPADDR4
 .text._Z16FixHeaderAndSendP11pool_bufferP5IPPKT
                0x400130c4      0x210 C:\Nburn/lib/NetBurner.a(ip.o)
                0x400130c4                _Z16FixHeaderAndSendP11pool_bufferP5IPPKT
 .text._Z28FixHeaderAndSendViaInterfaceP11pool_bufferP5IPPKTi
                0x400132d4      0x192 C:\Nburn/lib/NetBurner.a(ip.o)
                0x400132d4                _Z28FixHeaderAndSendViaInterfaceP11pool_bufferP5IPPKTi
 *fill*         0x40013466        0x2 
 .text._Z9SaveErrorP11pool_buffer
                0x40013468       0x42 C:\Nburn/lib/NetBurner.a(ip.o)
                0x40013468                _Z9SaveErrorP11pool_buffer
 *fill*         0x400134aa        0x2 
 .text._Z13process_icmp4P11pool_bufferP5IPPKTt
                0x400134ac      0x150 C:\Nburn/lib/NetBurner.a(ip.o)
                0x400134ac                _Z13process_icmp4P11pool_bufferP5IPPKTt
 .text._Z6IPTaskPv
                0x400135fc      0x23a C:\Nburn/lib/NetBurner.a(ip.o)
                0x400135fc                _Z6IPTaskPv
 *fill*         0x40013836        0x2 
 .text._Z15InitializeStack7IPADDR4S_S_S_
                0x40013838      0x144 C:\Nburn/lib/NetBurner.a(ip.o)
                0x40013838                _Z15InitializeStack7IPADDR4S_S_S_
 .text._Z9FixUpICMPP5IPPKThhPht
                0x4001397c       0x68 C:\Nburn/lib/NetBurner.a(ip.o)
                0x4001397c                _Z9FixUpICMPP5IPPKThhPht
 .text._Z13SendICMPErrorP11pool_bufferhh
                0x400139e4       0xa8 C:\Nburn/lib/NetBurner.a(ip.o)
                0x400139e4                _Z13SendICMPErrorP11pool_bufferhh
 .text.startup._GLOBAL__sub_I_wGlobalPktId
                0x40013a8c       0x5c C:\Nburn/lib/NetBurner.a(ip.o)
 .text._Z13IncUsageCountP11pool_buffer
                0x40013ae8       0x3e C:\Nburn/lib/NetBurner.a(buffers.o)
                0x40013ae8                _Z13IncUsageCountP11pool_buffer
 *fill*         0x40013b26        0x2 
 .text._Z12GetFreeCountv
                0x40013b28       0x16 C:\Nburn/lib/NetBurner.a(buffers.o)
                0x40013b28                _Z12GetFreeCountv
 *fill*         0x40013b3e        0x2 
 .text._ZN11buffer_list10InsertHeadEP11pool_buffer
                0x40013b40       0x6c C:\Nburn/lib/NetBurner.a(buffers.o)
                0x40013b40                _ZN11buffer_list10InsertHeadEP11pool_buffer
 .text._Z10FreeBufferP11pool_buffer
                0x40013bac       0x8c C:\Nburn/lib/NetBurner.a(buffers.o)
                0x40013bac                _Z10FreeBufferP11pool_buffer
 .text._Z11InitBuffersv
                0x40013c38       0xca C:\Nburn/lib/NetBurner.a(buffers.o)
                0x40013c38                _Z11InitBuffersv
 *fill*         0x40013d02        0x2 
 .text._ZN11buffer_list10InsertTailEP11pool_buffer
                0x40013d04       0x5e C:\Nburn/lib/NetBurner.a(buffers.o)
                0x40013d04                _ZN11buffer_list10InsertTailEP11pool_buffer
 *fill*         0x40013d62        0x2 
 .text._ZN11buffer_list10RemoveHeadEv
                0x40013d64       0x62 C:\Nburn/lib/NetBurner.a(buffers.o)
                0x40013d64                _ZN11buffer_list10RemoveHeadEv
 *fill*         0x40013dc6        0x2 
 .text._Z9GetBufferv
                0x40013dc8       0x44 C:\Nburn/lib/NetBurner.a(buffers.o)
                0x40013dc8                _Z9GetBufferv
 .text._ZN19fifo_buffer_storage14LongSpaceAvailEv
                0x40013e0c       0xc4 C:\Nburn/lib/NetBurner.a(buffers.o)
                0x40013e0c                _ZN19fifo_buffer_storage14LongSpaceAvailEv
 .text._ZN19fifo_buffer_storage10SpaceAvailEv
                0x40013ed0       0x1e C:\Nburn/lib/NetBurner.a(buffers.o)
                0x40013ed0                _ZN19fifo_buffer_storage10SpaceAvailEv
 *fill*         0x40013eee        0x2 
 .text._ZN19fifo_buffer_storage9SpaceUsedEv
                0x40013ef0       0x10 C:\Nburn/lib/NetBurner.a(buffers.o)
                0x40013ef0                _ZN19fifo_buffer_storage9SpaceUsedEv
 .text._ZN19fifo_buffer_storage8ReadDataEPhi
                0x40013f00      0x144 C:\Nburn/lib/NetBurner.a(buffers.o)
                0x40013f00                _ZN19fifo_buffer_storage8ReadDataEPhi
 .text._ZN19fifo_buffer_storage12ReadDatawSumEPhiRm
                0x40014044      0x1aa C:\Nburn/lib/NetBurner.a(buffers.o)
                0x40014044                _ZN19fifo_buffer_storage12ReadDatawSumEPhiRm
 *fill*         0x400141ee        0x2 
 .text._ZN19fifo_buffer_storage9WriteDataEPhi
                0x400141f0      0x274 C:\Nburn/lib/NetBurner.a(buffers.o)
                0x400141f0                _ZN19fifo_buffer_storage9WriteDataEPhi
 .text._ZN19fifo_buffer_storageC2Ehh
                0x40014464       0x7c C:\Nburn/lib/NetBurner.a(buffers.o)
                0x40014464                _ZN19fifo_buffer_storageC1Ehh
                0x40014464                _ZN19fifo_buffer_storageC2Ehh
 .text._ZN19fifo_buffer_storage4InitEhh
                0x400144e0       0x6c C:\Nburn/lib/NetBurner.a(buffers.o)
                0x400144e0                _ZN19fifo_buffer_storage4InitEhh
 .text._ZN19fifo_buffer_storage5ResetEh
                0x4001454c       0xd4 C:\Nburn/lib/NetBurner.a(buffers.o)
                0x4001454c                _ZN19fifo_buffer_storage5ResetEh
 .text._ZN19fifo_buffer_storageD2Ev
                0x40014620       0x16 C:\Nburn/lib/NetBurner.a(buffers.o)
                0x40014620                _ZN19fifo_buffer_storageD1Ev
                0x40014620                _ZN19fifo_buffer_storageD2Ev
 *fill*         0x40014636        0x2 
 .text._ZN19fifo_buffer_storage5EmptyEv
                0x40014638       0x14 C:\Nburn/lib/NetBurner.a(buffers.o)
                0x40014638                _ZN19fifo_buffer_storage5EmptyEv
 .text._ZN19fifo_buffer_storage4FullEv
                0x4001464c       0x40 C:\Nburn/lib/NetBurner.a(buffers.o)
                0x4001464c                _ZN19fifo_buffer_storage4FullEv
 .text.startup._GLOBAL__sub_I_static_pool_buffers
                0x4001468c       0x2e C:\Nburn/lib/NetBurner.a(buffers.o)
 *fill*         0x400146ba        0x2 
 .text._Z6IsNullP9ArpRecord
                0x400146bc       0x24 C:\Nburn/lib/NetBurner.a(arp.o)
                0x400146bc                _Z6IsNullP9ArpRecord
 .text._Z25GetInterfaceForMyAddress47IPADDR4
                0x400146e0       0x58 C:\Nburn/lib/NetBurner.a(arp.o)
                0x400146e0                _Z25GetInterfaceForMyAddress47IPADDR4
 .text._Z13InitializeArpv
                0x40014738       0x88 C:\Nburn/lib/NetBurner.a(arp.o)
                0x40014738                _Z13InitializeArpv
 .text._Z7FindArp7IPADDR4
                0x400147c0      0x118 C:\Nburn/lib/NetBurner.a(arp.o)
                0x400147c0                _Z7FindArp7IPADDR4
 .text._Z9GetSrcIp47IPADDR4
                0x400148d8       0xf8 C:\Nburn/lib/NetBurner.a(arp.o)
                0x400148d8                _Z9GetSrcIp47IPADDR4
 .text._Z19GetProperInterface47IPADDR4
                0x400149d0       0xbc C:\Nburn/lib/NetBurner.a(arp.o)
                0x400149d0                _Z19GetProperInterface47IPADDR4
 .text._Z9DeleteArpP9ArpRecord
                0x40014a8c      0x1d2 C:\Nburn/lib/NetBurner.a(arp.o)
                0x40014a8c                _Z9DeleteArpP9ArpRecord
 *fill*         0x40014c5e        0x2 
 .text._Z11GetFirstArpv
                0x40014c60       0x62 C:\Nburn/lib/NetBurner.a(arp.o)
                0x40014c60                _Z11GetFirstArpv
 *fill*         0x40014cc2        0x2 
 .text._Z10GetNextArpP9ArpRecord
                0x40014cc4       0x78 C:\Nburn/lib/NetBurner.a(arp.o)
                0x40014cc4                _Z10GetNextArpP9ArpRecord
 .text._Z10RawSendArpP9ArpRecord7IPADDR4i
                0x40014d3c       0xea C:\Nburn/lib/NetBurner.a(arp.o)
                0x40014d3c                _Z10RawSendArpP9ArpRecord7IPADDR4i
 *fill*         0x40014e26        0x2 
 .text._Z17sendGratuitousArpi
                0x40014e28       0xc8 C:\Nburn/lib/NetBurner.a(arp.o)
                0x40014e28                _Z17sendGratuitousArpi
 .text._Z7SendArpP9ArpRecordi
                0x40014ef0       0x70 C:\Nburn/lib/NetBurner.a(arp.o)
                0x40014ef0                _Z7SendArpP9ArpRecordi
 .text._Z6AgeArpv
                0x40014f60      0x10e C:\Nburn/lib/NetBurner.a(arp.o)
                0x40014f60                _Z6AgeArpv
 *fill*         0x4001506e        0x2 
 .text._Z10FreeOneArpv
                0x40015070       0xa6 C:\Nburn/lib/NetBurner.a(arp.o)
                0x40015070                _Z10FreeOneArpv
 *fill*         0x40015116        0x2 
 .text._Z10FindAddArp7IPADDR4
                0x40015118      0x210 C:\Nburn/lib/NetBurner.a(arp.o)
                0x40015118                _Z10FindAddArp7IPADDR4
 .text._Z6SetMacP9ArpRecord6MACADRi
                0x40015328       0x8c C:\Nburn/lib/NetBurner.a(arp.o)
                0x40015328                _Z6SetMacP9ArpRecord6MACADRi
 .text._Z10AddPendingP6MACADR7IPADDR4i
                0x400153b4       0x5a C:\Nburn/lib/NetBurner.a(arp.o)
                0x400153b4                _Z10AddPendingP6MACADR7IPADDR4i
 *fill*         0x4001540e        0x2 
 .text._Z11AddCheckArpP6MACADR7IPADDR4i
                0x40015410       0xa2 C:\Nburn/lib/NetBurner.a(arp.o)
                0x40015410                _Z11AddCheckArpP6MACADR7IPADDR4i
 *fill*         0x400154b2        0x2 
 .text._Z10processArpP11pool_bufferP6EFRAME
                0x400154b4      0x2d6 C:\Nburn/lib/NetBurner.a(arp.o)
                0x400154b4                _Z10processArpP11pool_bufferP6EFRAME
 *fill*         0x4001578a        0x2 
 .text._Z8NeedsArpi
                0x4001578c       0x32 C:\Nburn/lib/NetBurner.a(arp.o)
                0x4001578c                _Z8NeedsArpi
 *fill*         0x400157be        0x2 
 .text._Z8RouteOutP6EFRAME7IPADDR4P11pool_buffer
                0x400157c0      0x272 C:\Nburn/lib/NetBurner.a(arp.o)
                0x400157c0                _Z8RouteOutP6EFRAME7IPADDR4P11pool_buffer
 *fill*         0x40015a32        0x2 
 .text._Z11RouteOutViaP6EFRAME7IPADDR4P11pool_bufferi
                0x40015a34      0x22c C:\Nburn/lib/NetBurner.a(arp.o)
                0x40015a34                _Z11RouteOutViaP6EFRAME7IPADDR4P11pool_bufferi
 .text._Z8MacEqual6MACADRS_
                0x40015c60       0x3e C:\Nburn/lib/NetBurner.a(arp.o)
                0x40015c60                _Z8MacEqual6MACADRS_
 *fill*         0x40015c9e        0x2 
 .text.startup._GLOBAL__sub_I_ARP_critical_section
                0x40015ca0       0x38 C:\Nburn/lib/NetBurner.a(arp.o)
 .text._Z13GetUdpFifoRecti
                0x40015cd8       0xcc C:\Nburn/lib/NetBurner.a(udp.o)
                0x40015cd8                _Z13GetUdpFifoRecti
 .text._ZN9UDPPacketC2EP11pool_buffer
                0x40015da4       0x28 C:\Nburn/lib/NetBurner.a(udp.o)
                0x40015da4                _ZN9UDPPacketC1EP11pool_buffer
                0x40015da4                _ZN9UDPPacketC2EP11pool_buffer
 .text._ZN9UDPPacketC2ERS_
                0x40015dcc       0x28 C:\Nburn/lib/NetBurner.a(udp.o)
                0x40015dcc                _ZN9UDPPacketC1ERS_
                0x40015dcc                _ZN9UDPPacketC2ERS_
 .text._ZN9UDPPacketC2Eb
                0x40015df4       0x5a C:\Nburn/lib/NetBurner.a(udp.o)
                0x40015df4                _ZN9UDPPacketC2Eb
                0x40015df4                _ZN9UDPPacketC1Eb
 *fill*         0x40015e4e        0x2 
 .text._ZN9UDPPacketD2Ev
                0x40015e50       0x1c C:\Nburn/lib/NetBurner.a(udp.o)
                0x40015e50                _ZN9UDPPacketD1Ev
                0x40015e50                _ZN9UDPPacketD2Ev
 .text._ZN9UDPPacket13SetSourcePortEt
                0x40015e6c       0x1a C:\Nburn/lib/NetBurner.a(udp.o)
                0x40015e6c                _ZN9UDPPacket13SetSourcePortEt
 *fill*         0x40015e86        0x2 
 .text._ZNK9UDPPacket13GetSourcePortEv
                0x40015e88       0x1c C:\Nburn/lib/NetBurner.a(udp.o)
                0x40015e88                _ZNK9UDPPacket13GetSourcePortEv
 .text._ZN9UDPPacket17GetSourceAddress4Ev
                0x40015ea4       0x2c C:\Nburn/lib/NetBurner.a(udp.o)
                0x40015ea4                _ZN9UDPPacket17GetSourceAddress4Ev
 .text._ZN9UDPPacket22GetDestinationAddress4Ev
                0x40015ed0       0x2c C:\Nburn/lib/NetBurner.a(udp.o)
                0x40015ed0                _ZN9UDPPacket22GetDestinationAddress4Ev
 .text._ZN9UDPPacket18SetDestinationPortEt
                0x40015efc       0x1c C:\Nburn/lib/NetBurner.a(udp.o)
                0x40015efc                _ZN9UDPPacket18SetDestinationPortEt
 .text._ZNK9UDPPacket18GetDestinationPortEv
                0x40015f18       0x1e C:\Nburn/lib/NetBurner.a(udp.o)
                0x40015f18                _ZNK9UDPPacket18GetDestinationPortEv
 *fill*         0x40015f36        0x2 
 .text._ZN9UDPPacket13GetDataBufferEb
                0x40015f38       0x62 C:\Nburn/lib/NetBurner.a(udp.o)
                0x40015f38                _ZN9UDPPacket13GetDataBufferEb
 *fill*         0x40015f9a        0x2 
 .text._ZN9UDPPacket11SetDataSizeEt
                0x40015f9c       0x1e C:\Nburn/lib/NetBurner.a(udp.o)
                0x40015f9c                _ZN9UDPPacket11SetDataSizeEt
 *fill*         0x40015fba        0x2 
 .text._ZNK9UDPPacket11GetDataSizeEv
                0x40015fbc       0x20 C:\Nburn/lib/NetBurner.a(udp.o)
                0x40015fbc                _ZNK9UDPPacket11GetDataSizeEv
 .text._ZN9UDPPacket7AddDataEPKht
                0x40015fdc       0x98 C:\Nburn/lib/NetBurner.a(udp.o)
                0x40015fdc                _ZN9UDPPacket7AddDataEPKht
 .text._ZN9UDPPacket7AddDataEPKc
                0x40016074       0x30 C:\Nburn/lib/NetBurner.a(udp.o)
                0x40016074                _ZN9UDPPacket7AddDataEPKc
 .text._ZN9UDPPacket11AddDataByteEh
                0x400160a4       0x24 C:\Nburn/lib/NetBurner.a(udp.o)
                0x400160a4                _ZN9UDPPacket11AddDataByteEh
 .text._ZN9UDPPacket9ResetDataEv
                0x400160c8       0x1a C:\Nburn/lib/NetBurner.a(udp.o)
                0x400160c8                _ZN9UDPPacket9ResetDataEv
 *fill*         0x400160e2        0x2 
 .text._ZN9UDPPacket5Send4E7IPADDR4h
                0x400160e4       0xfa C:\Nburn/lib/NetBurner.a(udp.o)
                0x400160e4                _ZN9UDPPacket5Send4E7IPADDR4h
 *fill*         0x400161de        0x2 
 .text._ZN9UDPPacket20SendViaInterfaceNum4E7IPADDR4ih
                0x400161e0       0xfc C:\Nburn/lib/NetBurner.a(udp.o)
                0x400161e0                _ZN9UDPPacket20SendViaInterfaceNum4E7IPADDR4ih
 .text._ZN9UDPPacket8ValidateEv
                0x400162dc       0x82 C:\Nburn/lib/NetBurner.a(udp.o)
                0x400162dc                _ZN9UDPPacket8ValidateEv
 *fill*         0x4001635e        0x2 
 .text._Z15FixIDDataPacketR9UDPPacketP15_InterfaceBlock
                0x40016360       0xb4 C:\Nburn/lib/NetBurner.a(udp.o)
                0x40016360                _Z15FixIDDataPacketR9UDPPacketP15_InterfaceBlock
 .text._Z13FixWifiConfigR12ConfigRecord
                0x40016414      0x156 C:\Nburn/lib/NetBurner.a(udp.o)
                0x40016414                _Z13FixWifiConfigR12ConfigRecord
 *fill*         0x4001656a        0x2 
 .text._Z15ProcessIDPacketR9UDPPacketi
                0x4001656c      0x668 C:\Nburn/lib/NetBurner.a(udp.o)
                0x4001656c                _Z15ProcessIDPacketR9UDPPacketi
 .text._ZN9UDPPacket15process_all_udpEv
                0x40016bd4      0x27c C:\Nburn/lib/NetBurner.a(udp.o)
                0x40016bd4                _ZN9UDPPacket15process_all_udpEv
 .text._Z12process_udp4P11pool_bufferP5IPPKTt
                0x40016e50       0x8a C:\Nburn/lib/NetBurner.a(udp.o)
                0x40016e50                _Z12process_udp4P11pool_bufferP5IPPKTt
 *fill*         0x40016eda        0x2 
 .text.__tcf_0  0x40016edc       0x3a C:\Nburn/lib/NetBurner.a(tcp.o)
 *fill*         0x40016f16        0x2 
 .text._ZN16TcpCarrierPacket9GetDefMssERK7IPADDR6.part.25
                0x40016f18       0x3e C:\Nburn/lib/NetBurner.a(tcp.o)
 *fill*         0x40016f56        0x2 
 .text._Z12ValidateTCP4P5IPPKTt
                0x40016f58       0xc6 C:\Nburn/lib/NetBurner.a(tcp.o)
                0x40016f58                _Z12ValidateTCP4P5IPPKTt
 *fill*         0x4001701e        0x2 
 .text._Z20FixHeaderAndSendTcp4P11pool_bufferP5IPPKTP13socket_struct
                0x40017020      0x122 C:\Nburn/lib/NetBurner.a(tcp.o)
                0x40017020                _Z20FixHeaderAndSendTcp4P11pool_bufferP5IPPKTP13socket_struct
 *fill*         0x40017142        0x2 
 .text._Z12TcpSendwSum4P13socket_struct7IPADDR4R16TcpCarrierPackethm
                0x40017144      0x24e C:\Nburn/lib/NetBurner.a(tcp.o)
                0x40017144                _Z12TcpSendwSum4P13socket_struct7IPADDR4R16TcpCarrierPackethm
 *fill*         0x40017392        0x2 
 .text._Z11TcpSendwSumP13socket_structRK7IPADDR6R16TcpCarrierPackethm
                0x40017394       0x70 C:\Nburn/lib/NetBurner.a(tcp.o)
                0x40017394                _Z11TcpSendwSumP13socket_structRK7IPADDR6R16TcpCarrierPackethm
 .text._Z15TcpSendwSumFromRK7IPADDR6S1_R16TcpCarrierPackethm
                0x40017404       0x6e C:\Nburn/lib/NetBurner.a(tcp.o)
                0x40017404                _Z15TcpSendwSumFromRK7IPADDR6S1_R16TcpCarrierPackethm
 *fill*         0x40017472        0x2 
 .text._Z7TcpSendP13socket_structRK7IPADDR6R16TcpCarrierPacketh
                0x40017474       0xd6 C:\Nburn/lib/NetBurner.a(tcp.o)
                0x40017474                _Z7TcpSendP13socket_structRK7IPADDR6R16TcpCarrierPacketh
 *fill*         0x4001754a        0x2 
 .text._Z7InitTCPv
                0x4001754c      0x24e C:\Nburn/lib/NetBurner.a(tcp.o)
                0x4001754c                _Z7InitTCPv
 *fill*         0x4001779a        0x2 
 .text._Z10FREESOCKETP13socket_struct
                0x4001779c       0x96 C:\Nburn/lib/NetBurner.a(tcp.o)
                0x4001779c                _Z10FREESOCKETP13socket_struct
 *fill*         0x40017832        0x2 
 .text._Z16FindListenSocketP13socket_struct
                0x40017834       0xaa C:\Nburn/lib/NetBurner.a(tcp.o)
                0x40017834                _Z16FindListenSocketP13socket_struct
 *fill*         0x400178de        0x2 
 .text._ZN13socket_struct18MyAdvertisedWindowEv
                0x400178e0       0x76 C:\Nburn/lib/NetBurner.a(tcp.o)
                0x400178e0                _ZN13socket_struct18MyAdvertisedWindowEv
 *fill*         0x40017956        0x2 
 .text._Z10fixoverlapmmRmS_
                0x40017958       0x76 C:\Nburn/lib/NetBurner.a(tcp.o)
                0x40017958                _Z10fixoverlapmmRmS_
 *fill*         0x400179ce        0x2 
 .text._ZN13socket_struct14processoptionsER16TcpCarrierPacket
                0x400179d0       0xf6 C:\Nburn/lib/NetBurner.a(tcp.o)
                0x400179d0                _ZN13socket_struct14processoptionsER16TcpCarrierPacket
 *fill*         0x40017ac6        0x2 
 .text._ZN13socket_struct8SetTimerEm
                0x40017ac8       0x7e C:\Nburn/lib/NetBurner.a(tcp.o)
                0x40017ac8                _ZN13socket_struct8SetTimerEm
 *fill*         0x40017b46        0x2 
 .text._ZN13socket_struct8SaveDataEPhth
                0x40017b48       0xcc C:\Nburn/lib/NetBurner.a(tcp.o)
                0x40017b48                _ZN13socket_struct8SaveDataEPhth
 .text._Z20GetSocketRemoteAddr6i
                0x40017c14       0x56 C:\Nburn/lib/NetBurner.a(tcp.o)
                0x40017c14                _Z20GetSocketRemoteAddr6i
 *fill*         0x40017c6a        0x2 
 .text._Z19GetSocketLocalAddr6i
                0x40017c6c       0x56 C:\Nburn/lib/NetBurner.a(tcp.o)
                0x40017c6c                _Z19GetSocketLocalAddr6i
 *fill*         0x40017cc2        0x2 
 .text._ZN13socket_struct7CalcRTOEm
                0x40017cc4       0xaa C:\Nburn/lib/NetBurner.a(tcp.o)
                0x40017cc4                _ZN13socket_struct7CalcRTOEm
 *fill*         0x40017d6e        0x2 
 .text._ZN13socket_struct19SetUpNextRetransmitEv
                0x40017d70      0x128 C:\Nburn/lib/NetBurner.a(tcp.o)
                0x40017d70                _ZN13socket_struct19SetUpNextRetransmitEv
 .text._Z13setsockoptionii
                0x40017e98       0x38 C:\Nburn/lib/NetBurner.a(tcp.o)
                0x40017e98                _Z13setsockoptionii
 .text._ZN13socket_struct9DoCleanupEv
                0x40017ed0      0x1be C:\Nburn/lib/NetBurner.a(tcp.o)
                0x40017ed0                _ZN13socket_struct9DoCleanupEv
 *fill*         0x4001808e        0x2 
 .text._Z23RemoveFromUserCloseListP13socket_struct.part.20
                0x40018090       0x96 C:\Nburn/lib/NetBurner.a(tcp.o)
 *fill*         0x40018126        0x2 
 .text._ZN13socket_struct12ClearPendingEi
                0x40018128       0x78 C:\Nburn/lib/NetBurner.a(tcp.o)
                0x40018128                _ZN13socket_struct12ClearPendingEi
 .text._ZNK14HashSocketList9AddSocketEP13socket_struct
                0x400181a0       0x82 C:\Nburn/lib/NetBurner.a(tcp.o)
                0x400181a0                _ZNK14HashSocketList9AddSocketEP13socket_struct
 *fill*         0x40018222        0x2 
 .text._ZNK14HashSocketList12RemoveSocketEP13socket_struct
                0x40018224       0xb8 C:\Nburn/lib/NetBurner.a(tcp.o)
                0x40018224                _ZNK14HashSocketList12RemoveSocketEP13socket_struct
 .text._ZN13socket_struct10ProcessRSTEv
                0x400182dc      0x12a C:\Nburn/lib/NetBurner.a(tcp.o)
                0x400182dc                _ZN13socket_struct10ProcessRSTEv
 *fill*         0x40018406        0x2 
 .text._ZN15ShortSocketList12GetFreeShortEv
                0x40018408      0x130 C:\Nburn/lib/NetBurner.a(tcp.o)
                0x40018408                _ZN15ShortSocketList12GetFreeShortEv
 .text._ZN15ShortSocketList9AddSocketEP13socket_struct
                0x40018538      0x13c C:\Nburn/lib/NetBurner.a(tcp.o)
                0x40018538                _ZN15ShortSocketList9AddSocketEP13socket_struct
 .text._ZN15ShortSocketList11processTickEv
                0x40018674       0xd2 C:\Nburn/lib/NetBurner.a(tcp.o)
                0x40018674                _ZN15ShortSocketList11processTickEv
 *fill*         0x40018746        0x2 
 .text._ZN16TcpCarrierPacket10IsSourceIPERK7IPADDR6
                0x40018748       0x8a C:\Nburn/lib/NetBurner.a(tcp.o)
                0x40018748                _ZN16TcpCarrierPacket10IsSourceIPERK7IPADDR6
 *fill*         0x400187d2        0x2 
 .text._Z16FindListenSocketR16TcpCarrierPacket
                0x400187d4       0xec C:\Nburn/lib/NetBurner.a(tcp.o)
                0x400187d4                _Z16FindListenSocketR16TcpCarrierPacket
 .text._ZN16TcpCarrierPacket16GetDestinationIPEv
                0x400188c0       0x5c C:\Nburn/lib/NetBurner.a(tcp.o)
                0x400188c0                _ZN16TcpCarrierPacket16GetDestinationIPEv
 .text._ZN16TcpCarrierPacket11GetSourceIPEv
                0x4001891c       0x5c C:\Nburn/lib/NetBurner.a(tcp.o)
                0x4001891c                _ZN16TcpCarrierPacket11GetSourceIPEv
 .text._Z13SendTcpSynRstR16TcpCarrierPacket
                0x40018978       0x8a C:\Nburn/lib/NetBurner.a(tcp.o)
                0x40018978                _Z13SendTcpSynRstR16TcpCarrierPacket
 *fill*         0x40018a02        0x2 
 .text._Z10SendTcpRstR16TcpCarrierPacket
                0x40018a04      0x100 C:\Nburn/lib/NetBurner.a(tcp.o)
                0x40018a04                _Z10SendTcpRstR16TcpCarrierPacket
 .text._ZN16TcpCarrierPacket20SourceShouldLoopBackEv
                0x40018b04       0xa8 C:\Nburn/lib/NetBurner.a(tcp.o)
                0x40018b04                _ZN16TcpCarrierPacket20SourceShouldLoopBackEv
 .text._ZNK14HashSocketList10findsocketER16TcpCarrierPacket
                0x40018bac      0x1a8 C:\Nburn/lib/NetBurner.a(tcp.o)
                0x40018bac                _ZNK14HashSocketList10findsocketER16TcpCarrierPacket
 .text._Z12GetTcpSocketR16TcpCarrierPacket
                0x40018d54       0x96 C:\Nburn/lib/NetBurner.a(tcp.o)
                0x40018d54                _Z12GetTcpSocketR16TcpCarrierPacket
 *fill*         0x40018dea        0x2 
 .text._ZNK15ShortSocketList10findsocketER16TcpCarrierPacket
                0x40018dec      0x118 C:\Nburn/lib/NetBurner.a(tcp.o)
                0x40018dec                _ZNK15ShortSocketList10findsocketER16TcpCarrierPacket
 .text._ZNK15ShortSocketList7processER16TcpCarrierPacket
                0x40018f04      0x180 C:\Nburn/lib/NetBurner.a(tcp.o)
                0x40018f04                _ZNK15ShortSocketList7processER16TcpCarrierPacket
 .text._ZN16TcpCarrierPacket15InitIPv6CarrierER25IPv6FrameProcessingStruct
                0x40019084       0x88 C:\Nburn/lib/NetBurner.a(tcp.o)
                0x40019084                _ZN16TcpCarrierPacket15InitIPv6CarrierER25IPv6FrameProcessingStruct
 .text._ZN16TcpCarrierPacketC2EP11pool_buffer
                0x4001910c      0x118 C:\Nburn/lib/NetBurner.a(tcp.o)
                0x4001910c                _ZN16TcpCarrierPacketC2EP11pool_buffer
                0x4001910c                _ZN16TcpCarrierPacketC1EP11pool_buffer
 .text._ZN13socket_struct14TestOutofOrderEv
                0x40019224      0x1ec C:\Nburn/lib/NetBurner.a(tcp.o)
                0x40019224                _ZN13socket_struct14TestOutofOrderEv
 .text._ZN16TcpCarrierPacket9InitBlankEP11pool_bufferb
                0x40019410       0xf2 C:\Nburn/lib/NetBurner.a(tcp.o)
                0x40019410                _ZN16TcpCarrierPacket9InitBlankEP11pool_bufferb
 *fill*         0x40019502        0x2 
 .text._ZN13socket_struct24CreateInitOutBoundPacketER16TcpCarrierPackettP11pool_buffer
                0x40019504       0xba C:\Nburn/lib/NetBurner.a(tcp.o)
                0x40019504                _ZN13socket_struct24CreateInitOutBoundPacketER16TcpCarrierPackettP11pool_buffer
 *fill*         0x400195be        0x2 
 .text._ZN13socket_struct9DoRawSendEv
                0x400195c0      0x38c C:\Nburn/lib/NetBurner.a(tcp.o)
                0x400195c0                _ZN13socket_struct9DoRawSendEv
 .text._Z21_Socket_Private_writeiPKci
                0x4001994c      0x240 C:\Nburn/lib/NetBurner.a(tcp.o)
                0x4001994c                _Z21_Socket_Private_writeiPKci
 .text._ZN13socket_struct7DoCloseEi
                0x40019b8c      0x338 C:\Nburn/lib/NetBurner.a(tcp.o)
                0x40019b8c                _ZN13socket_struct7DoCloseEi
 .text._ZN13socket_struct12DoRetransmitEh
                0x40019ec4      0x152 C:\Nburn/lib/NetBurner.a(tcp.o)
                0x40019ec4                _ZN13socket_struct12DoRetransmitEh
 *fill*         0x4001a016        0x2 
 .text._Z21_Socket_Private_closei
                0x4001a018      0x168 C:\Nburn/lib/NetBurner.a(tcp.o)
                0x4001a018                _Z21_Socket_Private_closei
 .text._ZN13socket_struct10ProcessAckER16TcpCarrierPacket
                0x4001a180      0x2be C:\Nburn/lib/NetBurner.a(tcp.o)
                0x4001a180                _ZN13socket_struct10ProcessAckER16TcpCarrierPacket
 *fill*         0x4001a43e        0x2 
 .text._Z13clrsockoptionii
                0x4001a440       0x90 C:\Nburn/lib/NetBurner.a(tcp.o)
                0x4001a440                _Z13clrsockoptionii
 .text._Z7IsLocalRK7IPADDR6i
                0x4001a4d0       0x60 C:\Nburn/lib/NetBurner.a(tcp.o)
                0x4001a4d0                _Z7IsLocalRK7IPADDR6i
 .text._ZN13socket_struct9SendStateEtR16TcpCarrierPacket
                0x4001a530      0x556 C:\Nburn/lib/NetBurner.a(tcp.o)
                0x4001a530                _ZN13socket_struct9SendStateEtR16TcpCarrierPacket
 *fill*         0x4001aa86        0x2 
 .text._ZN13socket_struct9SendStateEtP11pool_buffer
                0x4001aa88       0xbe C:\Nburn/lib/NetBurner.a(tcp.o)
                0x4001aa88                _ZN13socket_struct9SendStateEtP11pool_buffer
 *fill*         0x4001ab46        0x2 
 .text._Z7accept6iP7IPADDR6Ptt
                0x4001ab48      0x2c0 C:\Nburn/lib/NetBurner.a(tcp.o)
                0x4001ab48                _Z7accept6iP7IPADDR6Ptt
 .text._ZN13socket_struct10OpenWindowEv
                0x4001ae08       0x58 C:\Nburn/lib/NetBurner.a(tcp.o)
                0x4001ae08                _ZN13socket_struct10OpenWindowEv
 .text._Z19SockReadWithTimeoutiPcim
                0x4001ae60      0x218 C:\Nburn/lib/NetBurner.a(tcp.o)
                0x4001ae60                _Z19SockReadWithTimeoutiPcim
 .text._Z20_Socket_Private_readiPci
                0x4001b078       0x1c C:\Nburn/lib/NetBurner.a(tcp.o)
                0x4001b078                _Z20_Socket_Private_readiPci
 .text._ZN13socket_struct12ProcessTimerEv
                0x4001b094      0x112 C:\Nburn/lib/NetBurner.a(tcp.o)
                0x4001b094                _ZN13socket_struct12ProcessTimerEv
 *fill*         0x4001b1a6        0x2 
 .text._Z12TCPTimerTaskPv
                0x4001b1a8      0x13e C:\Nburn/lib/NetBurner.a(tcp.o)
                0x4001b1a8                _Z12TCPTimerTaskPv
 *fill*         0x4001b2e6        0x2 
 .text._Z11abortsocketi
                0x4001b2e8      0x136 C:\Nburn/lib/NetBurner.a(tcp.o)
                0x4001b2e8                _Z11abortsocketi
 *fill*         0x4001b41e        0x2 
 .text._Z13GetFreeSocketv
                0x4001b420       0xec C:\Nburn/lib/NetBurner.a(tcp.o)
                0x4001b420                _Z13GetFreeSocketv
 .text._Z7listen6RK7IPADDR6th
                0x4001b50c      0x130 C:\Nburn/lib/NetBurner.a(tcp.o)
                0x4001b50c                _Z7listen6RK7IPADDR6th
 .text._ZN13socket_struct10ProcessFINER16TcpCarrierPackett
                0x4001b63c      0x286 C:\Nburn/lib/NetBurner.a(tcp.o)
                0x4001b63c                _ZN13socket_struct10ProcessFINER16TcpCarrierPackett
 *fill*         0x4001b8c2        0x2 
 .text._ZN13socket_struct18ProcessDataSegmentER16TcpCarrierPackettPh
                0x4001b8c4      0x1aa C:\Nburn/lib/NetBurner.a(tcp.o)
                0x4001b8c4                _ZN13socket_struct18ProcessDataSegmentER16TcpCarrierPackettPh
 *fill*         0x4001ba6e        0x2 
 .text._ZN13socket_struct7processER16TcpCarrierPacket
                0x4001ba70      0x864 C:\Nburn/lib/NetBurner.a(tcp.o)
                0x4001ba70                _ZN13socket_struct7processER16TcpCarrierPacket
 .text._Z16core_process_tcpR16TcpCarrierPacket
                0x4001c2d4       0xa0 C:\Nburn/lib/NetBurner.a(tcp.o)
                0x4001c2d4                _Z16core_process_tcpR16TcpCarrierPacket
 .text._Z16core_process_tcpP11pool_buffer
                0x4001c374       0x48 C:\Nburn/lib/NetBurner.a(tcp.o)
                0x4001c374                _Z16core_process_tcpP11pool_buffer
 .text._Z12process_tcp4P11pool_bufferP5IPPKTt
                0x4001c3bc       0x50 C:\Nburn/lib/NetBurner.a(tcp.o)
                0x4001c3bc                _Z12process_tcp4P11pool_bufferP5IPPKTt
 .text._Z12process_tcp6R25IPv6FrameProcessingStruct
                0x4001c40c       0x5a C:\Nburn/lib/NetBurner.a(tcp.o)
                0x4001c40c                _Z12process_tcp6R25IPv6FrameProcessingStruct
 *fill*         0x4001c466        0x2 