Archive member included to satisfy reference by file (symbol)

C:\Nburn/lib/NANO54415.a(hardware_init.o)
                              c:/nburn/gcc-m68k/bin/../lib/gcc/m68k-unknown-elf/5.2.0/m54455\nb-crt0.o (hardware_init_hook)
C:\Nburn/lib/NANO54415.a(serial.o)
                              Drivers\dsm2.o (UartData)
C:\Nburn/lib/NANO54415.a(pins.o)
                              Drivers\IMUSetupAndSample.o (_ZN5PinIO3setEh)
C:\Nburn/lib/NANO54415.a(FlashOps.o)
                              C:\Nburn/lib/NANO54415.a(hardware_init.o) (CopySPIFlashImageOnBoot)
C:\Nburn/lib/NANO54415.a(HiResTimer.o)
                              main.o (_ZN10HiResTimer4initEd)
C:\Nburn/lib/NANO54415.a(pin_irq.o)
                              Drivers\Odometer.o (_Z9SetPinIrqiiPFvvE)
C:\Nburn/lib/NANO54415.a(bsp.o)
                              Drivers\servodrive.o (_Z7SetIntcilii)
C:\Nburn/lib/NANO54415.a(localio.o)
                              C:\Nburn/lib/NANO54415.a(serial.o) (_Z13GetUartRecordi)
C:\Nburn/lib/NANO54415.a(multichanneli2c.o)
                              main.o (MultiChannel_I2CInit)
C:\Nburn/lib/NANO54415.a(bspa.o)
                              C:\Nburn/lib/NANO54415.a(bsp.o) (CatchNullWrites)
C:\Nburn/lib/NANO54415.a(defpins.o)
                              C:\Nburn/lib/NANO54415.a(bsp.o) (_Z14SetDefPinUsagev)
C:\Nburn/lib/NANO54415.a(SPIFlash.o)
                              C:\Nburn/lib/NANO54415.a(FlashOps.o) (_ZN8SPIFlashC1Ei)
C:\Nburn/lib/NANO54415.a(i2c_class.o)
                              C:\Nburn/lib/NANO54415.a(multichanneli2c.o) (_ZN10i2c_master4initEhh)
C:\Nburn/lib/NetBurner.a(ucosmcfa.o)
                              C:\Nburn/lib/NANO54415.a(bsp.o) (OSCtxSw)
C:\Nburn/lib/NetBurner.a(software_init.o)
                              c:/nburn/gcc-m68k/bin/../lib/gcc/m68k-unknown-elf/5.2.0/m54455\nb-crt0.o (software_init_hook)
C:\Nburn/lib/NetBurner.a(main.o)
                              c:/nburn/gcc-m68k/bin/../lib/gcc/m68k-unknown-elf/5.2.0/m54455\nb-crt0.o (main)
C:\Nburn/lib/NetBurner.a(ucosmcfc.o)
                              Logger.o (_Z17OSTaskCreatewNamePFvPvES_S_S_hPKc)
C:\Nburn/lib/NetBurner.a(ucos.o)
                              C:\Nburn/lib/NetBurner.a(ucosmcfc.o) (OSRdyTbl)
C:\Nburn/lib/NetBurner.a(cppmain.o)
                              C:\Nburn/lib/NetBurner.a(main.o) (cppmain)
C:\Nburn/lib/NetBurner.a(debugtrap.o)
                              C:\Nburn/lib/NANO54415.a(bsp.o) (_Z23SetAddressReadRangeTrapmm)
C:\Nburn/lib/NetBurner.a(ucosmain.o)
                              C:\Nburn/lib/NetBurner.a(software_init.o) (UCosSetup)
C:\Nburn/lib/NetBurner.a(fileio.o)
                              C:\Nburn/lib/NetBurner.a(ucosmain.o) (ioctl)
C:\Nburn/lib/NetBurner.a(system.o)
                              C:\Nburn/lib/NANO54415.a(serial.o) (rnd_collect)
C:\Nburn/lib/NetBurner.a(utils.o)
                              C:\Nburn/lib/NetBurner.a(system.o) (_Z7ShowIP47IPADDR4)
C:\Nburn/lib/NetBurner.a(ip.o)
                              main.o (_Z15InitializeStack7IPADDR4S_S_S_)
C:\Nburn/lib/NetBurner.a(buffers.o)
                              C:\Nburn/lib/NetBurner.a(utils.o) (_Z12GetFreeCountv)
C:\Nburn/lib/NetBurner.a(arp.o)
                              C:\Nburn/lib/NetBurner.a(ip.o) (_Z25GetInterfaceForMyAddress47IPADDR4)
C:\Nburn/lib/NetBurner.a(udp.o)
                              C:\Nburn/lib/NetBurner.a(ip.o) (_Z12process_udp4P11pool_bufferP5IPPKTt)
C:\Nburn/lib/NetBurner.a(ftpd.o)
                              Drivers\introspec.o (_Z9FTPDStartth)
C:\Nburn/lib/NetBurner.a(tcp.o)
                              C:\Nburn/lib/NetBurner.a(ip.o) (_Z7InitTCPv)
C:\Nburn/lib/NetBurner.a(extraio.o)
                              Drivers\introspec.o (_Z10GetExtraFDPvP14IoExpandStruct)
C:\Nburn/lib/NetBurner.a(http.o)
                              main.o (_Z9StartHTTPt)
C:\Nburn/lib/NetBurner.a(httpinternal.o)
                              C:\Nburn/lib/NetBurner.a(http.o) (_ZN12HTTP_Request11ProcessLineEPc)
C:\Nburn/lib/NetBurner.a(httpstricmp.o)
                              C:\Nburn/lib/NetBurner.a(httpinternal.o) (_Z11httpstricmpPKcS0_)
C:\Nburn/lib/NetBurner.a(htmldecomp.o)
                              C:\Nburn/lib/NetBurner.a(httpinternal.o) (_Z16SendFullResponsePKci)
C:\Nburn/lib/NetBurner.a(iosys.o)
                              C:\Nburn/lib/NANO54415.a(serial.o) (_Z12SetDataAvaili)
C:\Nburn/lib/NetBurner.a(new_ops.o)
                              Drivers\introspec.o (_Znwm)
C:\Nburn/lib/NetBurner.a(autoip.o)
                              C:\Nburn/lib/NetBurner.a(arp.o) (_ZN12AutoIPClient16addressCollisionEv)
C:\Nburn/lib/NetBurner.a(dhcpc.o)
                              main.o (_Z25GetDHCPAddressIfNecessaryib)
C:\Nburn/lib/NetBurner.a(netinterface.o)
                              C:\Nburn/lib/NetBurner.a(arp.o) (_Z14TransmitBufferP11pool_bufferi)
C:\Nburn/lib/NetBurner.a(taskmon.o)
                              main.o (_Z17EnableTaskMonitorv)
C:\Nburn/lib/NetBurner.a(smarttrap.o)
[...]
Memory Configuration

Name             Origin             Length             Attributes
ram              0x40000400         0x03fffcff         xrw
SRAM             0x80000400         0x0000fbf0         xrw
Cold_SRAM        0x8000fffe         0x00000002         xrw
*default*        0x00000000         0xffffffff

Linker script and memory map

LOAD c:/nburn/gcc-m68k/bin/../lib/gcc/m68k-unknown-elf/5.2.0/m54455\nb-crt0.o
LOAD c:/nburn/gcc-m68k/bin/../lib/gcc/m68k-unknown-elf/5.2.0/m54455/crtbegin.o
LOAD tests.o
LOAD main.o
LOAD Utility.o
LOAD Nav.o
LOAD Map.o
LOAD Logger.o
LOAD Drivers\servodrive.o
LOAD Drivers\introspec.o
LOAD Drivers\dsm2.o
LOAD Drivers\Odometer.o
LOAD Drivers\MadgwickFilter.o
LOAD Drivers\MPU9250.o
LOAD Drivers\LCD.o
LOAD Drivers\IMUSetupAndSample.o
LOAD htmldata.o
LOAD C:\Nburn/NANO54415/lib/sys.ld
                0x40000000                ovector_base = 0x40000000
                0x80000000                vector_base = 0x80000000
                0x80000400                SRAM_START_ADDR = 0x80000400
                0x8000fffe                SRAM_END_ADDR = 0x8000fffe
                0x8c000000                sim_rgpio = 0x8c000000
                0xec008000                sim1 = 0xec008000
                0xfc004000                sim2 = 0xfc004000
                0x00004000                FlashAppBase = 0x4000
                0xfc0d4008                DBETHER_EMIR_REG = 0xfc0d4008
                0x8000d000                comm_loc = 0x8000d000
START GROUP
LOAD C:\Nburn/lib/NANO54415.a
LOAD C:\Nburn/lib/NetBurner.a
LOAD C:\Nburn/lib/FatFile.a
LOAD c:/nburn/gcc-m68k/bin/../m68k-unknown-elf/sysroot/lib/m54455\libstdc++.a
LOAD C:\Nburn\lib\cryptolib.a
LOAD C:\Nburn\lib\debugLibrary.a
LOAD C:\Nburn\lib\Lua_Full.a
LOAD C:\Nburn\lib\nb-libxively.a
LOAD C:\Nburn\lib\nbwifilib.a
LOAD C:\Nburn\lib\sshLibrary.a
LOAD C:\Nburn\lib\webclient.a
END GROUP
LOAD c:/nburn/gcc-m68k/bin/../m68k-unknown-elf/sysroot/lib/m54455\libstdc++.a
LOAD c:/nburn/gcc-m68k/bin/../m68k-unknown-elf/sysroot/lib/m54455\libm.a
LOAD c:/nburn/gcc-m68k/bin/../lib/gcc/m68k-unknown-elf/5.2.0/m54455\libgcc.a
LOAD c:/nburn/gcc-m68k/bin/../m68k-unknown-elf/sysroot/lib/m54455\libc.a
LOAD c:/nburn/gcc-m68k/bin/../lib/gcc/m68k-unknown-elf/5.2.0/m54455\libgcc.a
LOAD c:/nburn/gcc-m68k/bin/../lib/gcc/m68k-unknown-elf/5.2.0/m54455/crtend.o
START GROUP
LOAD c:/nburn/gcc-m68k/bin/../m68k-unknown-elf/sysroot/lib/m54455\libc.a
LOAD c:/nburn/gcc-m68k/bin/../lib/gcc/m68k-unknown-elf/5.2.0/m54455\libgcc.a
LOAD c:/nburn/gcc-m68k/bin/../m68k-unknown-elf/sysroot/lib/m54455\libm.a
END GROUP
                0x00000000                __DYNAMIC = 0x0
                0x44000000                PROVIDE (__stack, 0x44000000)
                [!provide]                PROVIDE (hardware_init_hook, 0x0)
                [!provide]                PROVIDE (_hardware_init_hook, 0x0)
                [!provide]                PROVIDE (software_init_hook, 0x0)
                [!provide]                PROVIDE (_software_init_hook, 0x0)

.gcc_except_table._ZN10__cxxabiv111__terminateEPFvvE
                0x40000400       0x1d
 .gcc_except_table._ZN10__cxxabiv111__terminateEPFvvE
                0x40000400       0x1d c:/nburn/gcc-m68k/bin/../m68k-unknown-elf/sysroot/lib/m54455\libstdc++.a(eh_terminate.o)

.gcc_except_table.__gxx_personality_v0
                0x40000420       0x1c
 .gcc_except_table.__gxx_personality_v0
                0x40000420       0x1c c:/nburn/gcc-m68k/bin/../m68k-unknown-elf/sysroot/lib/m54455\libstdc++.a(eh_personality.o)

.gcc_except_table.__cxa_call_unexpected
                0x4000043c       0x1c
 .gcc_except_table.__cxa_call_unexpected
                0x4000043c       0x1c c:/nburn/gcc-m68k/bin/../m68k-unknown-elf/sysroot/lib/m54455\libstdc++.a(eh_personality.o)

.gcc_except_table._ZN9__gnu_cxx27__verbose_terminate_handlerEv
                0x40000458       0x2c
 .gcc_except_table._ZN9__gnu_cxx27__verbose_terminate_handlerEv
                0x40000458       0x2c c:/nburn/gcc-m68k/bin/../m68k-unknown-elf/sysroot/lib/m54455\libstdc++.a(vterminate.o)

.SRAM_SECT      0x80000400     0xac60
                0x80000400                SRAM_START = .
 *(SYS_VAR_SECT)
 SYS_VAR_SECT   0x80000400        0x4 C:\Nburn/lib/NANO54415.a(bsp.o)
                0x80000400                cacrMirror
 SYS_VAR_SECT   0x80000404      0x238 C:\Nburn/lib/NetBurner.a(ucos.o)
                0x80000404                OSRunning
                0x80000406                OSISRLevel
                0x80000408                OSRdyGrp
                0x8000040c                OSLockNesting
                0x80000410                OSIntNesting
                0x80000414                OSTCBFreeList
                0x80000418                OSTCBList
                0x8000041c                OSTCBHighRdy
                0x80000420                OSTCBCur
                0x80000424                OSRdyTbl
                0x8000042c                OSTCBPrioTbl
                0x8000052c                OSUnMapTbl
                0x8000062c                OSMapTbl
                0x80000634                Secs
                0x80000638                TimeTick
 SYS_VAR_SECT   0x8000063c      0x272 C:\Nburn/lib/NetBurner.a(ucosmain.o)
                0x8000064e                critical_count
                0x80000652                OSTcbStructSize
                0x80000656                OSTCBTbl
 SYS_VAR_SECT   0x800008ae       0x1c C:\Nburn/lib/NetBurner.a(fileio.o)
                0x800008ae                fd_map
                0x800008c6                pExtraFdFunc
 SYS_VAR_SECT   0x800008ca       0x20 C:\Nburn/lib/NetBurner.a(iosys.o)
                0x800008d2                error_file_sets
                0x800008da                write_file_sets
                0x800008e2                read_file_sets
                0x800008ea                SYS_VAR_SECT_END = .
                0x800008f0                . = ALIGN (0x10)
 *fill*         0x800008ea        0x6 
 *(IDLE_STK_SECT)
                0x800008f0                IDLE_STK_SECT_END = .
                0x800008f0                . = ALIGN (0x10)
 *(MAIN_STK_SECT)
 MAIN_STK_SECT  0x800008f0     0x3000 C:\Nburn/lib/NetBurner.a(cppmain.o)
                0x800008f0                MainStk
                0x800038f0                MAIN_STK_SECT_END = .
                0x800038f0                . = ALIGN (0x4)
 *(ETHER_VAR_SECT)
 ETHER_VAR_SECT
                0x800038f0      0x280 C:\Nburn/lib/NANO54415.a(ethernet.o)
                0x800038f0                FecFifo
                0x80003910                enet1
                0x80003a40                enet0
                0x80003b70                ETHER_VAR_SECT_END = .
                0x80003b70                . = ALIGN (0x10)
 *(ETHER_STK_SECT)
 ETHER_STK_SECT
                0x80003b70     0x2000 C:\Nburn/lib/NANO54415.a(ethernet.o)
                0x80003b70                EtherSendStk
                0x80005b70                ETHER_STK_SECT_END = .
                0x80005b70                . = ALIGN (0x4)
 *(IP_VAR_SECT)
 IP_VAR_SECT    0x80005b70      0x32a C:\Nburn/lib/NetBurner.a(ip.o)
                0x80005b70                delay
                0x80005b74                next_arp_time
                0x80005b78                multi_if_block
                0x80005e34                multi_home_if_record
                0x80005e5c                nAdditional_Homes
                0x80005e60                pFragFunc
                0x80005e64                pMultiCastFunc
                0x80005e68                pPromisciousPacketFunc
                0x80005e6c                pIpv6Tick
                0x80005e70                pAutoIPTick
                0x80005e74                pMultiTick
                0x80005e78                pDHCPServerTick
                0x80005e7c                pDHCPTick
                0x80005e80                IcmpFifo
                0x80005e84                ipRxFifo
                0x80005e96                bTTL_Default
                0x80005e98                wGlobalPktId
 IP_VAR_SECT    0x80005e9a       0xa4 C:\Nburn/lib/NetBurner.a(udp.o)
                0x80005e9a                UdpNetbiosNameServicePtr
                0x80005e9e                pTaskPacketFunc
                0x80005ea2                pDHCPv6ClientProcessFunction
                0x80005ea6                pDHCPServerProcessFunction
                0x80005eaa                pDHCPProcessFunction
                0x80005eae                UDP_fifos_used
                0x80005eb2                udp_fifos
                0x80005f3e                IP_VAR_SECT_END = .
                0x80005f40                . = ALIGN (0x10)
 *fill*         0x80005f3e        0x2 
 *(IP_STK_SECT)
 IP_STK_SECT    0x80005f40     0x2000 C:\Nburn/lib/NetBurner.a(ip.o)
                0x80005f40                IPStk
                0x80007f40                IP_STK_SECT_END = .
                0x80007f40                . = ALIGN (0x4)
 *(TCP_VAR_SECT)
 TCP_VAR_SECT   0x80007f40       0x20 C:\Nburn/lib/NetBurner.a(tcp.o)
                0x80007f40                TCP_TimerSemaphore
                0x80007f52                TCP_critical_section
                0x80007f60                TCP_VAR_SECT_END = .
                0x80007f60                . = ALIGN (0x10)
 *(TCP_STK_SECT)
 TCP_STK_SECT   0x80007f60     0x3000 C:\Nburn/lib/NetBurner.a(tcp.o)
                0x80007f60                TCPStk
                0x8000af60                TCP_STK_SECT_END = .
                0x8000af60                . = ALIGN (0x10)
 *(HTTP_STK_SECT)
                0x8000af60                HTTP_STK_SECT_END = .
                0x8000af60                . = ALIGN (0x10)
 *(FTP_STK_SECT)
                0x8000af60                FTP_STK_SECT_END = .
                0x8000af60                . = ALIGN (0x10)
 *(WIFI_STK_SECT)
                0x8000af60                WIFI_STK_SECT_END = .
                0x8000af60                . = ALIGN (0x10)
 *(PPP_STK_SECT)
                0x8000af60                PPP_STK_SECT_END = .
                0x8000af60                . = ALIGN (0x10)
 *(COMMAND_STK_SECT)
                0x8000af60                COMMAND_STK_SECT_END = .
                0x8000af60                . = ALIGN (0x4)
 *(USER_VAR_SECT)
 USER_VAR_SECT  0x8000af60       0x16 Drivers\introspec.o
                0x8000af60                LogCrit
                0x8000af6e                LogPut
                0x8000af72                LogGet
 USER_VAR_SECT  0x8000af76       0xbc C:\Nburn/lib/NANO54415.a(HiResTimer.o)
                0x8000af76                _ZN10HiResTimer12timerCreatedE
                0x8000af7a                _ZN10HiResTimer6timersE
                0x8000b032                USER_VAR_SECT_END = .
                0x8000b040                . = ALIGN (0x10)
 *fill*         0x8000b032        0xe 
 *(USER_STK_SECT)
                0x8000b040                USER_STK_SECT_END = .
                0x8000b040                . = ALIGN (0x4)
 *(TLS_VAR_SECT)
                0x8000b040                TLS_VAR_SECT_END = .
                0x8000b040                BUFFERS_SECT_START = .
                0x8000b040                . = ALIGN (0x10)
 *(BUFFERS_VAR_SECT)
 BUFFERS_VAR_SECT
                0x8000b040       0x1c C:\Nburn/lib/NetBurner.a(buffers.o)
                0x8000b040                free_list_is_initialized
                0x8000b044                free_fast_list
                0x8000b04e                free_list
                0x8000b058                FAST_BUFFER_POOL_SIZE
                0x8000b060                . = ALIGN (0x10)
 *fill*         0x8000b05c        0x4 
                0x8000b060                BUFFERS_VAR_SECT_END = .
                0x8000b060                . = ALIGN (0x10)
                0x8000b060                SRAM_END = .

.COLD_SRAM_SECT
                0x8000fffe        0x2
 *(COLD_SRAM_VAR)
 COLD_SRAM_VAR  0x8000fffe        0x2 C:\Nburn/lib/NetBurner.a(ip.o)

.text           0x40000490    0x4cb70
 nb-crt0.o()
 .text          0x40000490       0xaa c:/nburn/gcc-m68k/bin/../lib/gcc/m68k-unknown-elf/5.2.0/m54455\nb-crt0.o
                0x40000490                start
 *fill*         0x4000053a        0x2 
 .data          0x4000053c        0x4 c:/nburn/gcc-m68k/bin/../lib/gcc/m68k-unknown-elf/5.2.0/m54455\nb-crt0.o
 .bss           0x40000540        0x0 c:/nburn/gcc-m68k/bin/../lib/gcc/m68k-unknown-elf/5.2.0/m54455\nb-crt0.o
                0x40000540                gConfigRec = .
                0x40002540                . = (. + 0x2000)
 *fill*         0x40000540     0x2000 
                0x40002540                UserParamBase = .
                0x40004540                . = (. + 0x2000)
 *fill*         0x40002540     0x2000 
 *(.text)
 .text          0x40004540      0x12c c:/nburn/gcc-m68k/bin/../lib/gcc/m68k-unknown-elf/5.2.0/m54455/crtbegin.o
 .text          0x4000466c        0x8 C:\Nburn/lib/NANO54415.a(hardware_init.o)
                0x4000466c                hardware_init_hook
 *fill*         0x40004674        0xc 
 .text          0x40004680      0x19c C:\Nburn/lib/NANO54415.a(bspa.o)
                0x40004680                CatchNullWrites
                0x40004690                _cache_inval
                0x400046b0                _cache_push
                0x400046d0                _cache_flush
                0x40004710                PushCacheLines
                0x40004760                InvalidateCacheLines
                0x400047b0                FlushCacheLines
 *fill*         0x4000481c        0x4 
 .text          0x40004820      0x41a C:\Nburn/lib/NetBurner.a(ucosmcfa.o)
                0x40004820                OSStartHighRdy
                0x40004840                OSCtxSw
                0x40004870                OSIntCtxSw
                0x400048a0                OSTickISR
                0x400048e0                OSSetupVBR
                0x40004900                OSDebugTraceHalt
                0x40004910                memcpy
                0x40004910                fmemcpy
                0x400049e0                memcpysum
                0x40004b70                memset
                0x40004b70                fmemset
                0x40004c10                GetSR_IntLevel
                0x40004c20                SetSR_IntLevel
 *fill*         0x40004c3a        0x2 
 .text          0x40004c3c        0x8 C:\Nburn/lib/NetBurner.a(software_init.o)
                0x40004c3c                software_init_hook
 .text          0x40004c44       0x2e C:\Nburn/lib/NetBurner.a(ucosmain.o)
                0x40004c44                OSStackProtectCtxSw
 *fill*         0x40004c72        0x2 
 .text          0x40004c74      0x1c0 C:\Nburn/lib/NetBurner.a(ip.o)
                0x40004c74                GetSum
                0x40004d30                GetSum20
                0x40004d68                GetSumHdr
 .text          0x40004e34     0x440e c:/nburn/gcc-m68k/bin/../m68k-unknown-elf/sysroot/lib/m54455\libstdc++.a(cp-demangle.o)
                0x4000912c                __cxa_demangle
                0x4000920c                __gcclibcxx_demangle_callback
 *fill*         0x40009242        0x2 
 .text          0x40009244       0x6c c:/nburn/gcc-m68k/bin/../m68k-unknown-elf/sysroot/lib/m54455\libm.a(lib_a-s_fpclassify.o)
                0x40009244                __fpclassifyd
 .text          0x400092b0       0xda c:/nburn/gcc-m68k/bin/../m68k-unknown-elf/sysroot/lib/m54455\libm.a(lib_a-s_modf.o)
                0x400092b0                modf
 *fill*         0x4000938a        0x2 
 .text          0x4000938c      0x436 c:/nburn/gcc-m68k/bin/../m68k-unknown-elf/sysroot/lib/m54455\libm.a(lib_a-w_pow.o)
                0x4000938c                pow
 *fill*         0x400097c2        0x2 
 .text          0x400097c4       0xec c:/nburn/gcc-m68k/bin/../m68k-unknown-elf/sysroot/lib/m54455\libm.a(lib_a-wf_asin.o)
                0x400097c4                asinf
 .text          0x400098b0        0xc c:/nburn/gcc-m68k/bin/../m68k-unknown-elf/sysroot/lib/m54455\libm.a(lib_a-wf_atan2.o)
                0x400098b0                atan2f
 .text          0x400098bc       0xfe c:/nburn/gcc-m68k/bin/../m68k-unknown-elf/sysroot/lib/m54455\libm.a(lib_a-wf_sqrt.o)
                0x400098bc                sqrtf
 *fill*         0x400099ba        0x2 
 .text          0x400099bc      0xdfe c:/nburn/gcc-m68k/bin/../m68k-unknown-elf/sysroot/lib/m54455\libm.a(lib_a-e_pow.o)
                0x400099bc                __ieee754_pow
 *fill*         0x4000a7ba        0x2 
 .text          0x4000a7bc      0x1d0 c:/nburn/gcc-m68k/bin/../m68k-unknown-elf/sysroot/lib/m54455\libm.a(lib_a-e_sqrt.o)
                0x4000a7bc                __ieee754_sqrt
 .text          0x4000a98c      0x39a c:/nburn/gcc-m68k/bin/../m68k-unknown-elf/sysroot/lib/m54455\libm.a(lib_a-ef_asin.o)
                0x4000a98c                __ieee754_asinf
 *fill*         0x4000ad26        0x2 
 .text          0x4000ad28      0x1c6 c:/nburn/gcc-m68k/bin/../m68k-unknown-elf/sysroot/lib/m54455\libm.a(lib_a-ef_atan2.o)
                0x4000ad28                __ieee754_atan2f
 *fill*         0x4000aeee        0x2 
 .text          0x4000aef0       0xe4 c:/nburn/gcc-m68k/bin/../m68k-unknown-elf/sysroot/lib/m54455\libm.a(lib_a-ef_sqrt.o)
                0x4000aef0                __ieee754_sqrtf
 .text          0x4000afd4       0x1c c:/nburn/gcc-m68k/bin/../m68k-unknown-elf/sysroot/lib/m54455\libm.a(lib_a-s_fabs.o)
                0x4000afd4                fabs
 .text          0x4000aff0       0x1c c:/nburn/gcc-m68k/bin/../m68k-unknown-elf/sysroot/lib/m54455\libm.a(lib_a-s_finite.o)
                0x4000aff0                finite
 .text          0x4000b00c        0xa c:/nburn/gcc-m68k/bin/../m68k-unknown-elf/sysroot/lib/m54455\libm.a(lib_a-s_matherr.o)
                0x4000b00c                matherr
 *fill*         0x4000b016        0x2 
 .text          0x4000b018       0x10 c:/nburn/gcc-m68k/bin/../m68k-unknown-elf/sysroot/lib/m54455\libm.a(lib_a-s_nan.o)
                0x4000b018                nan
 .text          0x4000b028      0x19e c:/nburn/gcc-m68k/bin/../m68k-unknown-elf/sysroot/lib/m54455\libm.a(lib_a-s_rint.o)
                0x4000b028                rint
 *fill*         0x4000b1c6        0x2 
 .text          0x4000b1c8      0x188 c:/nburn/gcc-m68k/bin/../m68k-unknown-elf/sysroot/lib/m54455\libm.a(lib_a-s_scalbn.o)
                0x4000b1c8                scalbn
 .text          0x4000b350      0x2c0 c:/nburn/gcc-m68k/bin/../m68k-unknown-elf/sysroot/lib/m54455\libm.a(lib_a-sf_atan.o)
                0x4000b350                atanf
 .text          0x4000b610       0x10 c:/nburn/gcc-m68k/bin/../m68k-unknown-elf/sysroot/lib/m54455\libm.a(lib_a-sf_fabs.o)
                0x4000b610                fabsf
 .text          0x4000b620       0x4a c:/nburn/gcc-m68k/bin/../m68k-unknown-elf/sysroot/lib/m54455\libm.a(lib_a-sf_fpclassify.o)
                0x4000b620                __fpclassifyf
 *fill*         0x4000b66a        0x2 
 .text          0x4000b66c       0x2a c:/nburn/gcc-m68k/bin/../m68k-unknown-elf/sysroot/lib/m54455\libm.a(lib_a-s_copysign.o)
                0x4000b66c                copysign
 *fill*         0x4000b696        0x2 
 .text          0x4000b698      0xba0 c:/nburn/gcc-m68k/bin/../lib/gcc/m68k-unknown-elf/5.2.0/m54455\libgcc.a(_double.o)
                0x4000b6f2                __subdf3
                0x4000b6f8                __adddf3
                0x4000bb94                __muldf3
                0x4000bd70                __divdf3
                0x4000c060                __negdf2
                0x4000c0be                __cmpdf2_internal
                0x4000c196                __cmpdf2
 .text          0x4000c238      0x7ca c:/nburn/gcc-m68k/bin/../lib/gcc/m68k-unknown-elf/5.2.0/m54455\libgcc.a(_float.o)
                0x4000c280                __subsf3
                0x4000c286                __addsf3
                0x4000c568                __mulsf3
                0x4000c6aa                __divsf3
                0x4000c89e                __negsf2
                0x4000c8f0                __cmpsf2_internal
                0x4000c990                __cmpsf2
 *fill*         0x4000ca02        0x2 
 .text          0x4000ca04       0x74 c:/nburn/gcc-m68k/bin/../lib/gcc/m68k-unknown-elf/5.2.0/m54455\libgcc.a(_floatex.o)
                0x4000ca04                __clear_sticky_bit
                0x4000ca10                $_exception_handler
 .text          0x4000ca78       0x22 c:/nburn/gcc-m68k/bin/../lib/gcc/m68k-unknown-elf/5.2.0/m54455\libgcc.a(_eqdf2.o)
                0x4000ca78                __eqdf2
 *fill*         0x4000ca9a        0x2 
 .text          0x4000ca9c       0x22 c:/nburn/gcc-m68k/bin/../lib/gcc/m68k-unknown-elf/5.2.0/m54455\libgcc.a(_nedf2.o)
                0x4000ca9c                __nedf2
 *fill*         0x4000cabe        0x2 
 .text          0x4000cac0       0x22 c:/nburn/gcc-m68k/bin/../lib/gcc/m68k-unknown-elf/5.2.0/m54455\libgcc.a(_gtdf2.o)
                0x4000cac0                __gtdf2
 *fill*         0x4000cae2        0x2 
 .text          0x4000cae4       0x22 c:/nburn/gcc-m68k/bin/../lib/gcc/m68k-unknown-elf/5.2.0/m54455\libgcc.a(_gedf2.o)
                0x4000cae4                __gedf2
 *fill*         0x4000cb06        0x2 
 .text          0x4000cb08       0x22 c:/nburn/gcc-m68k/bin/../lib/gcc/m68k-unknown-elf/5.2.0/m54455\libgcc.a(_ltdf2.o)
                0x4000cb08                __ltdf2
 *fill*         0x4000cb2a        0x2 
 .text          0x4000cb2c       0x22 c:/nburn/gcc-m68k/bin/../lib/gcc/m68k-unknown-elf/5.2.0/m54455\libgcc.a(_ledf2.o)
                0x4000cb2c                __ledf2
 *fill*         0x4000cb4e        0x2 
 .text          0x4000cb50       0x1a c:/nburn/gcc-m68k/bin/../lib/gcc/m68k-unknown-elf/5.2.0/m54455\libgcc.a(_eqsf2.o)
                0x4000cb50                __eqsf2
 *fill*         0x4000cb6a        0x2 
 .text          0x4000cb6c       0x1a c:/nburn/gcc-m68k/bin/../lib/gcc/m68k-unknown-elf/5.2.0/m54455\libgcc.a(_gtsf2.o)
                0x4000cb6c                __gtsf2
 *fill*         0x4000cb86        0x2 
 .text          0x4000cb88       0x1a c:/nburn/gcc-m68k/bin/../lib/gcc/m68k-unknown-elf/5.2.0/m54455\libgcc.a(_ltsf2.o)
                0x4000cb88                __ltsf2
 *fill*         0x4000cba2        0x2 
 .text          0x4000cba4       0x66 c:/nburn/gcc-m68k/bin/../lib/gcc/m68k-unknown-elf/5.2.0/m54455\libgcc.a(_muldi3.o)
                0x4000cba4                __muldi3
 *fill*         0x4000cc0a        0x2 
 .text          0x4000cc0c       0x76 c:/nburn/gcc-m68k/bin/../lib/gcc/m68k-unknown-elf/5.2.0/m54455\libgcc.a(_fixunsdfsi.o)
                0x4000cc0c                __fixunsdfsi
 *fill*         0x4000cc82        0x2 
 .text          0x4000cc84       0x7a c:/nburn/gcc-m68k/bin/../lib/gcc/m68k-unknown-elf/5.2.0/m54455\libgcc.a(_fixunsdfdi.o)
                0x4000cc84                __fixunsdfdi
 *fill*         0x4000ccfe        0x2 
 .text          0x4000cd00      0x3fe c:/nburn/gcc-m68k/bin/../lib/gcc/m68k-unknown-elf/5.2.0/m54455\libgcc.a(_udivdi3.o)
                0x4000cd00                __udivdi3
 *fill*         0x4000d0fe        0x2 
 .text          0x4000d100      0x372 c:/nburn/gcc-m68k/bin/../lib/gcc/m68k-unknown-elf/5.2.0/m54455\libgcc.a(_umoddi3.o)
                0x4000d100                __umoddi3
 *fill*         0x4000d472        0x2 
 .text          0x4000d474      0x442 c:/nburn/gcc-m68k/bin/../lib/gcc/m68k-unknown-elf/5.2.0/m54455\libgcc.a(fpgnulib.o)
                0x4000d474                __unordsf2
                0x4000d4cc                __unorddf2
                0x4000d536                __floatunsidf
                0x4000d59a                __floatsidf
                0x4000d646                __floatunsisf
                0x4000d660                __floatsisf
                0x4000d67a                __extendsfdf2
                0x4000d6e6                __truncdfsf2
                0x4000d810                __fixdfsi
                0x4000d89c                __fixsfsi
 *fill*         0x4000d8b6        0x2 
 .text          0x4000d8b8     0x21b4 c:/nburn/gcc-m68k/bin/../lib/gcc/m68k-unknown-elf/5.2.0/m54455\libgcc.a(unwind-dw2.o)
                0x4000f492                _Unwind_GetGR
                0x4000f4f8                _Unwind_GetCFA
                0x4000f508                _Unwind_SetGR
                0x4000f572                _Unwind_GetIP
                0x4000f582                _Unwind_GetIPInfo
                0x4000f5a2                _Unwind_SetIP
                0x4000f5b4                _Unwind_GetLanguageSpecificData
                0x4000f5c4                _Unwind_GetRegionStart
                0x4000f5d4                _Unwind_FindEnclosingFunction
                0x4000f5fe                _Unwind_GetDataRelBase
                0x4000f60e                _Unwind_GetTextRelBase
                0x4000f61e                __frame_state_for
                0x4000f6ea                _Unwind_RaiseException
                0x4000f804                _Unwind_ForcedUnwind
                0x4000f898                _Unwind_Resume
                0x4000f92e                _Unwind_Resume_or_Rethrow
                0x4000f9c8                _Unwind_DeleteException
                0x4000f9e6                _Unwind_Backtrace
 .text          0x4000fa6c     0x126e c:/nburn/gcc-m68k/bin/../lib/gcc/m68k-unknown-elf/5.2.0/m54455\libgcc.a(unwind-dw2-fde.o)
                0x400108c0                __register_frame_info_bases
                0x40010908                __register_frame_info
                0x40010950                __register_frame
                0x400109a8                __register_frame_info_table_bases
                0x400109f2                __register_frame_info_table
                0x40010a38                __register_frame_table
                0x40010a88                __deregister_frame_info_bases
                0x40010b5e                __deregister_frame_info
                0x40010b68                __deregister_frame
                0x40010b8c                _Unwind_Find_FDE
 *fill*         0x40010cda        0x2 
 .text          0x40010cdc       0x18 c:/nburn/gcc-m68k/bin/../m68k-unknown-elf/sysroot/lib/m54455\libc.a(lib_a-abort.o)
                0x40010cdc                abort
 .text          0x40010cf4       0x18 c:/nburn/gcc-m68k/bin/../m68k-unknown-elf/sysroot/lib/m54455\libc.a(lib_a-atexit.o)
                0x40010cf4                atexit
 .text          0x40010d0c       0x34 c:/nburn/gcc-m68k/bin/../m68k-unknown-elf/sysroot/lib/m54455\libc.a(lib_a-atoi.o)
                0x40010d0c                atoi
                0x40010d24                _atoi_r
 .text          0x40010d40       0x5c c:/nburn/gcc-m68k/bin/../m68k-unknown-elf/sysroot/lib/m54455\libc.a(lib_a-bsearch.o)
                0x40010d40                bsearch
 .text          0x40010d9c       0x1e c:/nburn/gcc-m68k/bin/../m68k-unknown-elf/sysroot/lib/m54455\libc.a(lib_a-cxa_atexit.o)
                0x40010d9c                __cxa_atexit
 *fill*         0x40010dba        0x2 
 .text          0x40010dbc        0xe c:/nburn/gcc-m68k/bin/../m68k-unknown-elf/sysroot/lib/m54455\libc.a(lib_a-errno.o)
                0x40010dbc                __errno
 *fill*         0x40010dca        0x2 
 .text          0x40010dcc       0x5c c:/nburn/gcc-m68k/bin/../m68k-unknown-elf/sysroot/lib/m54455\libc.a(lib_a-fputc.o)
                0x40010dcc                _fputc_r
                0x40010e0e                fputc
 .text          0x40010e28       0xa4 c:/nburn/gcc-m68k/bin/../m68k-unknown-elf/sysroot/lib/m54455\libc.a(lib_a-fputs.o)
                0x40010e28                _fputs_r
                0x40010eb2                fputs
 .text          0x40010ecc      0x366 c:/nburn/gcc-m68k/bin/../m68k-unknown-elf/sysroot/lib/m54455\libc.a(lib_a-fvwrite.o)
                0x40010ecc                __sfvwrite_r
 *fill*         0x40011232        0x2 
 .text          0x40011234       0x1a c:/nburn/gcc-m68k/bin/../m68k-unknown-elf/sysroot/lib/m54455\libc.a(lib_a-isspace.o)
                0x40011234                isspace
 *fill*         0x4001124e        0x2 
 .text          0x40011250       0x32 c:/nburn/gcc-m68k/bin/../m68k-unknown-elf/sysroot/lib/m54455\libc.a(lib_a-malloc.o)
                0x40011250                malloc
                0x40011268                free
 *fill*         0x40011282        0x2 
 .text          0x40011284      0x584 c:/nburn/gcc-m68k/bin/../m68k-unknown-elf/sysroot/lib/m54455\libc.a(lib_a-mallocr.o)
                0x40011284                _malloc_r
 .text          0x40011808       0x32 c:/nburn/gcc-m68k/bin/../m68k-unknown-elf/sysroot/lib/m54455\libc.a(lib_a-memchr.o)
                0x40011808                memchr
 *fill*         0x4001183a        0x2 
 .text          0x4001183c       0x32 c:/nburn/gcc-m68k/bin/../m68k-unknown-elf/sysroot/lib/m54455\libc.a(lib_a-memcmp.o)
                0x4001183c                memcmp
 *fill*         0x4001186e        0x2 
 .text          0x40011870       0x54 c:/nburn/gcc-m68k/bin/../m68k-unknown-elf/sysroot/lib/m54455\libc.a(lib_a-memmove.o)
                0x40011870                memmove
 .text          0x400118c4       0xa0 c:/nburn/gcc-m68k/bin/../m68k-unknown-elf/sysroot/lib/m54455\libc.a(lib_a-putc.o)
                0x400118c4                _putc_r
                0x4001194a                putc
 .text          0x40011964       0xac c:/nburn/gcc-m68k/bin/../m68k-unknown-elf/sysroot/lib/m54455\libc.a(lib_a-puts.o)
                0x40011964                _puts_r
                0x400119fa                puts
 .text          0x40011a10       0x62 c:/nburn/gcc-m68k/bin/../m68k-unknown-elf/sysroot/lib/m54455\libc.a(lib_a-rand.o)
                0x40011a10                srand
                0x40011a28                rand
 *fill*         0x40011a72        0x2 
 .text          0x40011a74       0x1c c:/nburn/gcc-m68k/bin/../m68k-unknown-elf/sysroot/lib/m54455\libc.a(lib_a-realloc.o)
                0x40011a74                realloc
 .text          0x40011a90      0x456 c:/nburn/gcc-m68k/bin/../m68k-unknown-elf/sysroot/lib/m54455\libc.a(lib_a-reallocr.o)
                0x40011a90                _realloc_r
 *fill*         0x40011ee6        0x2 
 .text          0x40011ee8      0x146 c:/nburn/gcc-m68k/bin/../m68k-unknown-elf/sysroot/lib/m54455\libc.a(lib_a-setvbuf.o)
                0x40011ee8                setvbuf
 *fill*         0x4001202e        0x2 
 .text          0x40012030      0x1ce c:/nburn/gcc-m68k/bin/../m68k-unknown-elf/sysroot/lib/m54455\libc.a(lib_a-signal.o)
                0x40012030                _init_signal_r
                0x40012078                _signal_r
                0x400120c4                _raise_r
                0x40012138                __sigtramp_r
                0x400121a6                raise
                0x400121bc                signal
                0x400121d6                _init_signal
                0x400121e8                __sigtramp
 *fill*         0x400121fe        0x2 
 .text          0x40012200       0x3e c:/nburn/gcc-m68k/bin/../m68k-unknown-elf/sysroot/lib/m54455\libc.a(lib_a-signalr.o)
                0x40012200                _kill_r
                0x40012232                _getpid_r
 *fill*         0x4001223e        0x2 
 .text          0x40012240       0x18 c:/nburn/gcc-m68k/bin/../m68k-unknown-elf/sysroot/lib/m54455\libc.a(lib_a-stpcpy.o)
                0x40012240                stpcpy
 .text          0x40012258       0x2e c:/nburn/gcc-m68k/bin/../m68k-unknown-elf/sysroot/lib/m54455\libc.a(lib_a-strcat.o)
                0x40012258                strcat
 *fill*         0x40012286        0x2 
 .text          0x40012288       0x2e c:/nburn/gcc-m68k/bin/../m68k-unknown-elf/sysroot/lib/m54455\libc.a(lib_a-strcmp.o)
                0x40012288                strcmp
 *fill*         0x400122b6        0x2 
 .text          0x400122b8       0x1c c:/nburn/gcc-m68k/bin/../m68k-unknown-elf/sysroot/lib/m54455\libc.a(lib_a-strcpy.o)
                0x400122b8                strcpy
 .text          0x400122d4       0x1a c:/nburn/gcc-m68k/bin/../m68k-unknown-elf/sysroot/lib/m54455\libc.a(lib_a-strlen.o)
                0x400122d4                strlen
 *fill*         0x400122ee        0x2 
 .text          0x400122f0       0x4e c:/nburn/gcc-m68k/bin/../m68k-unknown-elf/sysroot/lib/m54455\libc.a(lib_a-strncmp.o)
                0x400122f0                strncmp
 *fill*         0x4001233e        0x2 
 .text          0x40012340       0x30 c:/nburn/gcc-m68k/bin/../m68k-unknown-elf/sysroot/lib/m54455\libc.a(lib_a-strncpy.o)
                0x40012340                strncpy
 .text          0x40012370       0x4a c:/nburn/gcc-m68k/bin/../m68k-unknown-elf/sysroot/lib/m54455\libc.a(lib_a-strstr.o)
                0x40012370                strstr
 *fill*         0x400123ba        0x2 
 .text          0x400123bc      0x16e c:/nburn/gcc-m68k/bin/../m68k-unknown-elf/sysroot/lib/m54455\libc.a(lib_a-strtol.o)
                0x400123bc                _strtol_r
                0x4001250c                strtol
 *fill*         0x4001252a        0x2 
 .text          0x4001252c       0x2a c:/nburn/gcc-m68k/bin/../m68k-unknown-elf/sysroot/lib/m54455\libc.a(lib_a-tolower.o)
                0x4001252c                tolower
 *fill*         0x40012556        0x2 
 .text          0x40012558       0x2a c:/nburn/gcc-m68k/bin/../m68k-unknown-elf/sysroot/lib/m54455\libc.a(lib_a-toupper.o)
                0x40012558                toupper
 *fill*         0x40012582        0x2 
 .text          0x40012584       0xf4 c:/nburn/gcc-m68k/bin/../m68k-unknown-elf/sysroot/lib/m54455\libc.a(lib_a-wbuf.o)
                0x40012584                __swbuf_r
                0x4001265e                __swbuf
 .text          0x40012678      0x116 c:/nburn/gcc-m68k/bin/../m68k-unknown-elf/sysroot/lib/m54455\libc.a(lib_a-wsetup.o)
                0x40012678                __swsetup_r
 *fill*         0x4001278e        0x2 
 .text          0x40012790       0xa0 c:/nburn/gcc-m68k/bin/../m68k-unknown-elf/sysroot/lib/m54455\libc.a(lib_a-__atexit.o)
                0x40012790                __register_exitproc
 .text          0x40012830      0x204 c:/nburn/gcc-m68k/bin/../m68k-unknown-elf/sysroot/lib/m54455\libc.a(lib_a-fflush.o)
                0x40012830                __sflush_r
                0x400129b8                _fflush_r
                0x40012a06                fflush
 .text          0x40012a34      0x28c c:/nburn/gcc-m68k/bin/../m68k-unknown-elf/sysroot/lib/m54455\libc.a(lib_a-findfp.o)
                0x40012a3e                _cleanup_r
                0x40012ada                __sfmoreglue
                0x40012b36                _cleanup
                0x40012b4a                __sinit
                0x40012bba                __sfp
                0x40012c6c                __sfp_lock_acquire
                0x40012c74                __sfp_lock_release
                0x40012c7c                __sinit_lock_acquire
                0x40012c84                __sinit_lock_release
                0x40012c8c                __fp_lock_all
                0x40012ca6                __fp_unlock_all
 .text          0x40012cc0      0x2ec c:/nburn/gcc-m68k/bin/../m68k-unknown-elf/sysroot/lib/m54455\libc.a(lib_a-freer.o)
                0x40012cc0                _malloc_trim_r
                0x40012d94                _free_r
 .text          0x40012fac       0xb4 c:/nburn/gcc-m68k/bin/../m68k-unknown-elf/sysroot/lib/m54455\libc.a(lib_a-fwalk.o)
                0x40012fac                _fwalk
                0x40013004                _fwalk_reent
 .text          0x40013060      0x152 c:/nburn/gcc-m68k/bin/../m68k-unknown-elf/sysroot/lib/m54455\libc.a(lib_a-makebuf.o)
                0x40013060                __smakebuf_r
 *fill*         0x400131b2        0x2 
 .text          0x400131b4      0x126 c:/nburn/gcc-m68k/bin/../m68k-unknown-elf/sysroot/lib/m54455\libc.a(lib_a-stdio.o)
                0x400131b4                __sread
                0x400131f8                __seofread
                0x40013202                __swrite
                0x4001326e                __sseek
                0x400132c2                __sclose
 *fill*         0x400132da        0x2 
 .text          0x400132dc       0x38 c:/nburn/gcc-m68k/bin/../m68k-unknown-elf/sysroot/lib/m54455\libc.a(lib_a-writer.o)
                0x400132dc                _write_r
 .text          0x40013314       0x2e c:/nburn/gcc-m68k/bin/../m68k-unknown-elf/sysroot/lib/m54455\libc.a(lib_a-closer.o)
                0x40013314                _close_r
 *fill*         0x40013342        0x2 
 .text          0x40013344       0xe2 c:/nburn/gcc-m68k/bin/../m68k-unknown-elf/sysroot/lib/m54455\libc.a(lib_a-fclose.o)
                0x40013344                _fclose_r
                0x40013410                fclose
 *fill*         0x40013426        0x2 
 .text          0x40013428       0x32 c:/nburn/gcc-m68k/bin/../m68k-unknown-elf/sysroot/lib/m54455\libc.a(lib_a-fstatr.o)
                0x40013428                _fstat_r
 *fill*         0x4001345a        0x2 
 .text          0x4001345c       0x2e c:/nburn/gcc-m68k/bin/../m68k-unknown-elf/sysroot/lib/m54455\libc.a(lib_a-isattyr.o)
                0x4001345c                _isatty_r
 *fill*         0x4001348a        0x2 
 .text          0x4001348c       0x38 c:/nburn/gcc-m68k/bin/../m68k-unknown-elf/sysroot/lib/m54455\libc.a(lib_a-lseekr.o)
                0x4001348c                _lseek_r
 .text          0x400134c4       0x38 c:/nburn/gcc-m68k/bin/../m68k-unknown-elf/sysroot/lib/m54455\libc.a(lib_a-readr.o)
                0x400134c4                _read_r
 .text          0x400134fc       0x32 c:/nburn/gcc-m68k/bin/../lib/gcc/m68k-unknown-elf/5.2.0/m54455/crtend.o
                0x40013530                . = ALIGN (0x10)
 *fill*         0x4001352e        0x2 
 *(.text.*)
 .text._Z14motorValUpdatev
                0x40013530       0x56 main.o
                0x40013530                _Z14motorValUpdatev
 *fill*         0x40013586        0x2 
 .text._Z4initv
                0x40013588      0x1e4 main.o
                0x40013588                _Z4initv
 .text.UserMain
                0x4001376c       0xd8 main.o
                0x4001376c                UserMain
 .text.startup._GLOBAL__sub_I_MainTaskSem
                0x40013844       0xb8 main.o
 .text._ZN7Utility10degreeWrapEf
                0x400138fc       0x90 Utility.o
                0x400138fc                _ZN7Utility10degreeWrapEf
 .text._ZN3NavD2Ev
                0x4001398c        0x8 Nav.o
                0x4001398c                _ZN3NavD1Ev
                0x4001398c                _ZN3NavD2Ev
 .text._ZN3NavD0Ev
                0x40013994       0x1c Nav.o
                0x40013994                _ZN3NavD0Ev
 .text._ZN3NavC2Ev
                0x400139b0       0x12 Nav.o
                0x400139b0                _ZN3NavC2Ev
                0x400139b0                _ZN3NavC1Ev
 *fill*         0x400139c2        0x2 
 .text._ZN13MainLogObject9GetExtentERPmS1_
                0x400139c4       0x24 Logger.o
                0x400139c4                _ZN13MainLogObject9GetExtentERPmS1_
 .text._ZN13MainLogObject8BuildOneEv
                0x400139e8      0x204 Logger.o
                0x400139e8                _ZN13MainLogObject8BuildOneEv
 .text._ZN13MainLogObjectC2Ev
                0x40013bec      0x2be Logger.o
                0x40013bec                _ZN13MainLogObjectC2Ev
                0x40013bec                _ZN13MainLogObjectC1Ev
 *fill*         0x40013eaa        0x2 
 .text.startup._GLOBAL__sub_I_mainLog
                0x40013eac       0x1a Logger.o
 *fill*         0x40013ec6        0x2 
 .text._Z11CoreRcTimeri
                0x40013ec8       0xfa Drivers\servodrive.o
                0x40013ec8                _Z11CoreRcTimeri
 *fill*         0x40013fc2        0x2 
 .text._Z12fake_Ch0_ISRv
                0x40013fc4       0x54 Drivers\servodrive.o
                0x40013fc4                _Z12fake_Ch0_ISRv
                0x40013fc8                Ch0_ISR
 .text.real_Ch0_ISR
                0x40014018       0x16 Drivers\servodrive.o
                0x40014018                real_Ch0_ISR
 *fill*         0x4001402e        0x2 
 .text._Z12fake_Ch1_ISRv
                0x40014030       0x54 Drivers\servodrive.o
                0x40014030                _Z12fake_Ch1_ISRv
                0x40014034                Ch1_ISR
 .text.real_Ch1_ISR
                0x40014084       0x18 Drivers\servodrive.o
                0x40014084                real_Ch1_ISR
 .text._Z14ServoDriveInitv
                0x4001409c      0x17a Drivers\servodrive.o
                0x4001409c                _Z14ServoDriveInitv
 *fill*         0x40014216        0x2 
 .text._Z11SetServoPosid
                0x40014218      0x14e Drivers\servodrive.o
                0x40014218                _Z11SetServoPosid
 *fill*         0x40014366        0x2 
 .text._Z11SetServoRawii
                0x40014368       0x6e Drivers\servodrive.o
                0x40014368                _Z11SetServoRawii
 *fill*         0x400143d6        0x2 
 .text._ZN15IntrospecObjectC2EPKc
                0x400143d8       0x1c Drivers\introspec.o
                0x400143d8                _ZN15IntrospecObjectC1EPKc
                0x400143d8                _ZN15IntrospecObjectC2EPKc
 .text._Z14LogEscapedByteh
                0x400143f4       0x72 Drivers\introspec.o
                0x400143f4                _Z14LogEscapedByteh
 *fill*         0x40014466        0x2 
 .text._Z10LogRawByteh
                0x40014468       0x58 Drivers\introspec.o
                0x40014468                _Z10LogRawByteh
 .text._Z8LogRaw32m
                0x400144c0      0x130 Drivers\introspec.o
                0x400144c0                _Z8LogRaw32m
 .text._ZN15IntrospecObject7ElementEPvmPKcc
                0x400145f0       0x94 Drivers\introspec.o
                0x400145f0                _ZN15IntrospecObject7ElementEPvmPKcc
 .text._Z12WriteLogToFdi
                0x40014684       0xf0 Drivers\introspec.o
                0x40014684                _Z12WriteLogToFdi
 .text._Z10GetLogSizev
                0x40014774       0x80 Drivers\introspec.o
                0x40014774                _Z10GetLogSizev
 .text._Z10InitLogFtpi
                0x400147f4       0x20 Drivers\introspec.o
                0x400147f4                _Z10InitLogFtpi
 .text._Z22FTPD_GetFileFromClientPKcS0_Pvi
                0x40014814        0xa Drivers\introspec.o
                0x40014814                _Z22FTPD_GetFileFromClientPKcS0_Pvi
 *fill*         0x4001481e        0x2 
 .text._Z21FTPD_AbleToCreateFilePKcS0_Pv
                0x40014820        0xa Drivers\introspec.o
                0x40014820                _Z21FTPD_AbleToCreateFilePKcS0_Pv
 *fill*         0x4001482a        0x2 
 .text._Z16FTPDSessionStartPKcS0_7IPADDR4
                0x4001482c        0xa Drivers\introspec.o
                0x4001482c                _Z16FTPDSessionStartPKcS0_7IPADDR4
 *fill*         0x40014836        0x2 
 .text._Z14FTPDSessionEndPv
                0x40014838        0x8 Drivers\introspec.o
                0x40014838                _Z14FTPDSessionEndPv
 .text._Z23FTPD_ListSubDirectoriesPKcPvPFviS0_Ei
                0x40014840        0xa Drivers\introspec.o
                0x40014840                _Z23FTPD_ListSubDirectoriesPKcPvPFviS0_Ei
 *fill*         0x4001484a        0x2 
 .text._Z20FTPD_DirectoryExistsPKcPv
                0x4001484c        0xa Drivers\introspec.o
                0x4001484c                _Z20FTPD_DirectoryExistsPKcPv
 *fill*         0x40014856        0x2 
 .text._Z23FTPD_CreateSubDirectoryPKcS0_Pv
                0x40014858        0xa Drivers\introspec.o
                0x40014858                _Z23FTPD_CreateSubDirectoryPKcS0_Pv
 *fill*         0x40014862        0x2 
 .text._Z23FTPD_DeleteSubDirectoryPKcS0_Pv
                0x40014864        0xa Drivers\introspec.o
                0x40014864                _Z23FTPD_DeleteSubDirectoryPKcS0_Pv
 *fill*         0x4001486e        0x2 
 .text._Z15FTPD_DeleteFilePKcS0_Pv
                0x40014870       0x60 Drivers\introspec.o
                0x40014870                _Z15FTPD_DeleteFilePKcS0_Pv
 .text._Z11FTPD_RenamePKcS0_S0_Pv
                0x400148d0        0xa Drivers\introspec.o
                0x400148d0                _Z11FTPD_RenamePKcS0_S0_Pv
 *fill*         0x400148da        0x2 
 .text._Z16FTPD_GetFileSizePKcS0_
                0x400148dc        0xa Drivers\introspec.o
                0x400148dc                _Z16FTPD_GetFileSizePKcS0_
 *fill*         0x400148e6        0x2 
 .text._Z12getdirstringPKclPc
                0x400148e8       0xac Drivers\introspec.o
                0x400148e8                _Z12getdirstringPKclPc
 .text._Z13FTPD_ListFilePKcPvPFviS0_Ei
                0x40014994       0x5e Drivers\introspec.o
                0x40014994                _Z13FTPD_ListFilePKcPvPFviS0_Ei
 *fill*         0x400149f2        0x2 
 .text._Z21FTPD_SendFileToClientPKcS0_Pvi
                0x400149f4       0x78 Drivers\introspec.o
                0x400149f4                _Z21FTPD_SendFileToClientPKcS0_Pvi
 .text._Z15FTPD_FileExistsPKcS0_Pv
                0x40014a6c        0xa Drivers\introspec.o
                0x40014a6c                _Z15FTPD_FileExistsPKcS0_Pv
 *fill*         0x40014a76        0x2 
 .text._ZN7FileLogC2EPKc
                0x40014a78       0x20 Drivers\introspec.o
                0x40014a78                _ZN7FileLogC2EPKc
                0x40014a78                _ZN7FileLogC1EPKc
 .text.startup._GLOBAL__sub_I__ZN15IntrospecObject7bShowMeE
                0x40014a98       0x44 Drivers\introspec.o
 .text._Z15RC_ProcessCharsih
                0x40014adc       0xe6 Drivers\dsm2.o
                0x40014adc                _Z15RC_ProcessCharsih
 *fill*         0x40014bc2        0x2 
 .text._Z10InitDSM2Rxi
                0x40014bc4       0x52 Drivers\dsm2.o
                0x40014bc4                _Z10InitDSM2Rxi
 *fill*         0x40014c16        0x2 
 .text._ZN8OdometerD2Ev
                0x40014c18        0x8 Drivers\Odometer.o
                0x40014c18                _ZN8OdometerD2Ev
                0x40014c18                _ZN8OdometerD1Ev
 .text._ZN8OdometerD0Ev
                0x40014c20       0x1c Drivers\Odometer.o
                0x40014c20                _ZN8OdometerD0Ev
 .text._ZN8Odometer6OdoIrqEv
                0x40014c3c       0x46 Drivers\Odometer.o
                0x40014c3c                _ZN8Odometer6OdoIrqEv
 *fill*         0x40014c82        0x2 
 .text._ZN8OdometerC2Ev
                0x40014c84       0x12 Drivers\Odometer.o
                0x40014c84                _ZN8OdometerC1Ev
                0x40014c84                _ZN8OdometerC2Ev
 *fill*         0x40014c96        0x2 
 .text._ZN8OdometerC2Ei
                0x40014c98       0x52 Drivers\Odometer.o
                0x40014c98                _ZN8OdometerC1Ei
                0x40014c98                _ZN8OdometerC2Ei
 .text._ZN5Madge24MadgwickQuaternionUpdateEfffffffff
                0x40014cea      0xde8 Drivers\MadgwickFilter.o
                0x40014cea                _ZN5Madge24MadgwickQuaternionUpdateEfffffffff
 *fill*         0x40015ad2        0x2 
 .text._ZN7MPU9250C2Eh
                0x40015ad4       0x66 Drivers\MPU9250.o
                0x40015ad4                _ZN7MPU9250C1Eh
                0x40015ad4                _ZN7MPU9250C2Eh
 *fill*         0x40015b3a        0x2 
 .text._ZN7MPU92507getMresEh
                0x40015b3c       0x4e Drivers\MPU9250.o
                0x40015b3c                _ZN7MPU92507getMresEh
 *fill*         0x40015b8a        0x2 
 .text._ZN7MPU92507getGresEh
                0x40015b8c       0x7e Drivers\MPU9250.o
                0x40015b8c                _ZN7MPU92507getGresEh
 *fill*         0x40015c0a        0x2 
 .text._ZN7MPU92507getAresEh
                0x40015c0c       0x7e Drivers\MPU9250.o
                0x40015c0c                _ZN7MPU92507getAresEh
 *fill*         0x40015c8a        0x2 
 .text._ZN7MPU925018I2CWriteReadBufferEhhPhi
                0x40015c8c       0xb0 Drivers\MPU9250.o
                0x40015c8c                _ZN7MPU925018I2CWriteReadBufferEhhPhi
 .text._ZN7MPU925011initMPU9250Ehh
                0x40015d3c      0x1f8 Drivers\MPU9250.o
                0x40015d3c                _ZN7MPU925011initMPU9250Ehh
 .text._ZN7MPU925015readMPU9250DataEPs
                0x40015f34       0xfa Drivers\MPU9250.o
                0x40015f34                _ZN7MPU925015readMPU9250DataEPs
 *fill*         0x4001602e        0x2 
 .text._ZN7MPU925011readMagDataEPs
                0x40016030       0x72 Drivers\MPU9250.o
                0x40016030                _ZN7MPU925011readMagDataEPs
 *fill*         0x400160a2        0x2 
 .text._ZN7MPU925013magcalMPU9250EPfS0_
                0x400160a4      0x332 Drivers\MPU9250.o
                0x400160a4                _ZN7MPU925013magcalMPU9250EPfS0_
 *fill*         0x400163d6        0x2 
 .text._ZN7MPU925010initAK8963EhhPf
                0x400163d8      0x1ea Drivers\MPU9250.o
                0x400163d8                _ZN7MPU925010initAK8963EhhPf
 *fill*         0x400165c2        0x2 
 .text._ZN7MPU925016calibrateMPU9250EPfS0_
                0x400165c4      0x81e Drivers\MPU9250.o
                0x400165c4                _ZN7MPU925016calibrateMPU9250EPfS0_
 *fill*         0x40016de2        0x2 
 .text._ZN7MPU92508SelfTestEPf
                0x40016de4      0x8cc Drivers\MPU9250.o
                0x40016de4                _ZN7MPU92508SelfTestEPf
 .text._ZN7MPU92508readByteEhh
                0x400176b0       0x2e Drivers\MPU9250.o
                0x400176b0                _ZN7MPU92508readByteEhh
 *fill*         0x400176de        0x2 
 .text._ZN7MPU9250C2Ev
                0x400176e0        0x8 Drivers\MPU9250.o
                0x400176e0                _ZN7MPU9250C2Ev
                0x400176e0                _ZN7MPU9250C1Ev
 .text._ZN3LCDD2Ev
                0x400176e8        0x8 Drivers\LCD.o
                0x400176e8                _ZN3LCDD2Ev
                0x400176e8                _ZN3LCDD1Ev
 .text._ZN3LCDD0Ev
                0x400176f0       0x1c Drivers\LCD.o
                0x400176f0                _ZN3LCDD0Ev
 .text._ZN3LCDC2Ev
                0x4001770c       0x16 Drivers\LCD.o
                0x4001770c                _ZN3LCDC1Ev
                0x4001770c                _ZN3LCDC2Ev
 *fill*         0x40017722        0x2 
 .text._ZN3LCDC2Eii
                0x40017724       0x3c Drivers\LCD.o
                0x40017724                _ZN3LCDC1Eii
                0x40017724                _ZN3LCDC2Eii
 .text._ZN3LCD5clearEv
                0x40017760       0x7c Drivers\LCD.o
                0x40017760                _ZN3LCD5clearEv
 .text._ZN3LCD5printEPKc
                0x400177dc       0x1a Drivers\LCD.o
                0x400177dc                _ZN3LCD5printEPKc
 *fill*         0x400177f6        0x2 
 .text._ZN3LCD5printEPKci
                0x400177f8       0x1a Drivers\LCD.o
                0x400177f8                _ZN3LCD5printEPKci
 *fill*         0x40017812        0x2 
 .text._Z4Pirqv
                0x40017814       0x28 Drivers\IMUSetupAndSample.o
                0x40017814                _Z4Pirqv
 .text._Z13IMUSampleLoopPv
                0x4001783c      0xf04 Drivers\IMUSetupAndSample.o
                0x4001783c                _Z13IMUSampleLoopPv
 .text._Z15CalibAccAndGyrov
                0x40018740      0x216 Drivers\IMUSetupAndSample.o
                0x40018740                _Z15CalibAccAndGyrov
 *fill*         0x40018956        0x2 
 .text._Z9unclodI2Cv
                0x40018958       0xf0 Drivers\IMUSetupAndSample.o
                0x40018958                _Z9unclodI2Cv
 .text._Z11whoAmICheckv
                0x40018a48       0x80 Drivers\IMUSetupAndSample.o
                0x40018a48                _Z11whoAmICheckv
 .text._Z8IMUSetupv
                0x40018ac8      0x29a Drivers\IMUSetupAndSample.o
                0x40018ac8                _Z8IMUSetupv
 *fill*         0x40018d62        0x2 
 .text._Z6IMURunv
                0x40018d64       0x6a Drivers\IMUSetupAndSample.o
                0x40018d64                _Z6IMURunv
 *fill*         0x40018dce        0x2 
 .text.startup._GLOBAL__sub_I_Gscale
                0x40018dd0       0x9e Drivers\IMUSetupAndSample.o
 *fill*         0x40018e6e        0x2 
 .text._Z14DoHtmlFunctioniPKct
                0x40018e70        0xa htmldata.o
                0x40018e70                _Z14DoHtmlFunctioniPKct
 *fill*         0x40018e7a        0x2 
 .text._Z14DoHtmlVariableit
                0x40018e7c        0xa htmldata.o
                0x40018e7c                _Z14DoHtmlVariableit
 *fill*         0x40018e86        0x2 
 .text.__tcf_0  0x40018e88       0x38 C:\Nburn/lib/NANO54415.a(serial.o)
 .text._Z11BaseGetChari
                0x40018ec0       0xac C:\Nburn/lib/NANO54415.a(serial.o)
                0x40018ec0                _Z11BaseGetChari
 .text._Z14InitializeMapsv.part.1
                0x40018f6c       0x76 C:\Nburn/lib/NANO54415.a(serial.o)
 *fill*         0x40018fe2        0x2 
 .text._Z6WakeTxi
                0x40018fe4       0x8c C:\Nburn/lib/NANO54415.a(serial.o)
                0x40018fe4                _Z6WakeTxi
 .text._Z11BasePutCharih
                0x40019070       0xf0 C:\Nburn/lib/NANO54415.a(serial.o)
                0x40019070                _Z11BasePutCharih
 .text._Z8serwriteiPKci
                0x40019160      0x156 C:\Nburn/lib/NANO54415.a(serial.o)
                0x40019160                _Z8serwriteiPKci
 *fill*         0x400192b6        0x2 
 .text._Z8DoSerIsri
                0x400192b8      0x302 C:\Nburn/lib/NANO54415.a(serial.o)
                0x400192b8                _Z8DoSerIsri
 *fill*         0x400195ba        0x2 
 .text._Z14fake_SER_0_ISRv
                0x400195bc       0x54 C:\Nburn/lib/NANO54415.a(serial.o)
                0x400195bc                _Z14fake_SER_0_ISRv
                0x400195c0                SER_0_ISR
 .text.real_SER_0_ISR
                0x40019610       0x12 C:\Nburn/lib/NANO54415.a(serial.o)
                0x40019610                real_SER_0_ISR
 *fill*         0x40019622        0x2 
 .text._Z14fake_SER_1_ISRv
                0x40019624       0x54 C:\Nburn/lib/NANO54415.a(serial.o)
                0x40019624                _Z14fake_SER_1_ISRv
                0x40019628                SER_1_ISR
 .text.real_SER_1_ISR
                0x40019678       0x14 C:\Nburn/lib/NANO54415.a(serial.o)
                0x40019678                real_SER_1_ISR
 .text._Z14fake_SER_2_ISRv
                0x4001968c       0x54 C:\Nburn/lib/NANO54415.a(serial.o)
                0x4001968c                _Z14fake_SER_2_ISRv
                0x40019690                SER_2_ISR
 .text.real_SER_2_ISR
                0x400196e0       0x14 C:\Nburn/lib/NANO54415.a(serial.o)
                0x400196e0                real_SER_2_ISR
 .text._Z14fake_SER_3_ISRv
                0x400196f4       0x54 C:\Nburn/lib/NANO54415.a(serial.o)
                0x400196f4                _Z14fake_SER_3_ISRv
                0x400196f8                SER_3_ISR
 .text.real_SER_3_ISR
                0x40019748       0x14 C:\Nburn/lib/NANO54415.a(serial.o)
                0x40019748                real_SER_3_ISR
 .text._Z14fake_SER_4_ISRv
                0x4001975c       0x54 C:\Nburn/lib/NANO54415.a(serial.o)
                0x4001975c                _Z14fake_SER_4_ISRv
                0x40019760                SER_4_ISR
 .text.real_SER_4_ISR
                0x400197b0       0x14 C:\Nburn/lib/NANO54415.a(serial.o)
                0x400197b0                real_SER_4_ISR
 .text._Z14fake_SER_5_ISRv
                0x400197c4       0x54 C:\Nburn/lib/NANO54415.a(serial.o)
                0x400197c4                _Z14fake_SER_5_ISRv
                0x400197c8                SER_5_ISR
 .text.real_SER_5_ISR
                0x40019818       0x14 C:\Nburn/lib/NANO54415.a(serial.o)
                0x40019818                real_SER_5_ISR
 .text._Z14fake_SER_6_ISRv
                0x4001982c       0x54 C:\Nburn/lib/NANO54415.a(serial.o)
                0x4001982c                _Z14fake_SER_6_ISRv
                0x40019830                SER_6_ISR
 .text.real_SER_6_ISR
                0x40019880       0x14 C:\Nburn/lib/NANO54415.a(serial.o)
                0x40019880                real_SER_6_ISR
 .text._Z14fake_SER_7_ISRv
                0x40019894       0x54 C:\Nburn/lib/NANO54415.a(serial.o)
                0x40019894                _Z14fake_SER_7_ISRv
                0x40019898                SER_7_ISR
 .text.real_SER_7_ISR
                0x400198e8       0x14 C:\Nburn/lib/NANO54415.a(serial.o)
                0x400198e8                real_SER_7_ISR
 .text._Z14fake_SER_8_ISRv
                0x400198fc       0x54 C:\Nburn/lib/NANO54415.a(serial.o)
                0x400198fc                _Z14fake_SER_8_ISRv
                0x40019900                SER_8_ISR
 .text.real_SER_8_ISR
                0x40019950       0x14 C:\Nburn/lib/NANO54415.a(serial.o)
                0x40019950                real_SER_8_ISR
 .text._Z14fake_SER_9_ISRv
                0x40019964       0x54 C:\Nburn/lib/NANO54415.a(serial.o)
                0x40019964                _Z14fake_SER_9_ISRv
                0x40019968                SER_9_ISR
 .text.real_SER_9_ISR
                0x400199b8       0x14 C:\Nburn/lib/NANO54415.a(serial.o)
                0x400199b8                real_SER_9_ISR
 .text._Z10serreadwtoiPcii
                0x400199cc      0x21a C:\Nburn/lib/NANO54415.a(serial.o)
                0x400199cc                _Z10serreadwtoiPcii
 *fill*         0x40019be6        0x2 
 .text._Z7serreadiPci
                0x40019be8       0x1c C:\Nburn/lib/NANO54415.a(serial.o)
                0x40019be8                _Z7serreadiPci
 .text._Z10OpenSerialijii11parity_mode
                0x40019c04      0x6f0 C:\Nburn/lib/NANO54415.a(serial.o)
                0x40019c04                _Z10OpenSerialijii11parity_mode
 .text._Z11SerialClosei
                0x4001a2f4       0xda C:\Nburn/lib/NANO54415.a(serial.o)
                0x4001a2f4                _Z11SerialClosei
 *fill*         0x4001a3ce        0x2 
 .text._Z16serexternalclosei
                0x4001a3d0       0x34 C:\Nburn/lib/NANO54415.a(serial.o)
                0x4001a3d0                _Z16serexternalclosei
 .text.startup._GLOBAL__sub_I_Uarts
                0x4001a404       0x5e C:\Nburn/lib/NANO54415.a(serial.o)
 *fill*         0x4001a462        0x2 
 .text._ZN5PinIO3setEh
                0x4001a464      0xa84 C:\Nburn/lib/NANO54415.a(pins.o)
                0x4001a464                _ZN5PinIO3setEh
 .text._ZN5PinIO4readEv
                0x4001aee8      0x5d8 C:\Nburn/lib/NANO54415.a(pins.o)
                0x4001aee8                _ZN5PinIO4readEv
 .text._ZN5PinIO8functionEi
                0x4001b4c0      0x524 C:\Nburn/lib/NANO54415.a(pins.o)
                0x4001b4c0                _ZN5PinIO8functionEi
 .text._Z15GetSpiFlashCritv
                0x4001b9e4       0x46 C:\Nburn/lib/NANO54415.a(FlashOps.o)
                0x4001b9e4                _Z15GetSpiFlashCritv
 *fill*         0x4001ba2a        0x2 
 .text._Z10FlashErasePvi
                0x4001ba2c       0xac C:\Nburn/lib/NANO54415.a(FlashOps.o)
                0x4001ba2c                _Z10FlashErasePvi
 .text._Z12FlashProgramPvS_i
                0x4001bad8      0x160 C:\Nburn/lib/NANO54415.a(FlashOps.o)
                0x4001bad8                _Z12FlashProgramPvS_i
 .text.CopySPIFlashImageOnBoot
                0x4001bc38       0x66 C:\Nburn/lib/NANO54415.a(FlashOps.o)
                0x4001bc38                CopySPIFlashImageOnBoot
 *fill*         0x4001bc9e        0x2 
 .text.startup._GLOBAL__sub_I_SPI_Main
                0x4001bca0       0x4a C:\Nburn/lib/NANO54415.a(FlashOps.o)
 *fill*         0x4001bcea        0x2 
 .text.__tcf_0  0x4001bcec        0x8 C:\Nburn/lib/NANO54415.a(HiResTimer.o)
 .text._Z21fake_Timer0_Interruptv
                0x4001bcf4       0x54 C:\Nburn/lib/NANO54415.a(HiResTimer.o)
                0x4001bcf4                _Z21fake_Timer0_Interruptv
                0x4001bcf8                Timer0_Interrupt
 .text.real_Timer0_Interrupt
                0x4001bd48       0x6c C:\Nburn/lib/NANO54415.a(HiResTimer.o)
                0x4001bd48                real_Timer0_Interrupt
 .text._Z21fake_Timer1_Interruptv
                0x4001bdb4       0x54 C:\Nburn/lib/NANO54415.a(HiResTimer.o)
                0x4001bdb4                _Z21fake_Timer1_Interruptv
                0x4001bdb8                Timer1_Interrupt
 .text.real_Timer1_Interrupt
                0x4001be08       0x6c C:\Nburn/lib/NANO54415.a(HiResTimer.o)
                0x4001be08                real_Timer1_Interrupt
 .text._Z21fake_Timer2_Interruptv
                0x4001be74       0x54 C:\Nburn/lib/NANO54415.a(HiResTimer.o)
                0x4001be74                _Z21fake_Timer2_Interruptv
                0x4001be78                Timer2_Interrupt
 .text.real_Timer2_Interrupt
                0x4001bec8       0x6c C:\Nburn/lib/NANO54415.a(HiResTimer.o)
                0x4001bec8                real_Timer2_Interrupt
 .text._Z21fake_Timer3_Interruptv
                0x4001bf34       0x54 C:\Nburn/lib/NANO54415.a(HiResTimer.o)
                0x4001bf34                _Z21fake_Timer3_Interruptv
                0x4001bf38                Timer3_Interrupt
 .text.real_Timer3_Interrupt
                0x4001bf88       0x6c C:\Nburn/lib/NANO54415.a(HiResTimer.o)
                0x4001bf88                real_Timer3_Interrupt
 .text._ZN10HiResTimer10init_ticksEmi
                0x4001bff4       0xf2 C:\Nburn/lib/NANO54415.a(HiResTimer.o)
                0x4001bff4                _ZN10HiResTimer10init_ticksEmi
 *fill*         0x4001c0e6        0x2 
 .text._ZN10HiResTimer4initEd
                0x4001c0e8      0x122 C:\Nburn/lib/NANO54415.a(HiResTimer.o)
                0x4001c0e8                _ZN10HiResTimer4initEd
 *fill*         0x4001c20a        0x2 
 .text._ZN10HiResTimer8readTimeEv
                0x4001c20c       0xfe C:\Nburn/lib/NANO54415.a(HiResTimer.o)
                0x4001c20c                _ZN10HiResTimer8readTimeEv
 *fill*         0x4001c30a        0x2 
 .text._ZN10HiResTimer5delayEd
                0x4001c30c       0x70 C:\Nburn/lib/NANO54415.a(HiResTimer.o)
                0x4001c30c                _ZN10HiResTimer5delayEd
 .text._ZN10HiResTimerC2Ei
                0x4001c37c       0x5e C:\Nburn/lib/NANO54415.a(HiResTimer.o)
                0x4001c37c                _ZN10HiResTimerC2Ei
                0x4001c37c                _ZN10HiResTimerC1Ei
 *fill*         0x4001c3da        0x2 
 .text._ZN10HiResTimer13getHiResTimerEi
                0x4001c3dc       0xf8 C:\Nburn/lib/NANO54415.a(HiResTimer.o)
                0x4001c3dc                _ZN10HiResTimer13getHiResTimerEi
 .text.startup._GLOBAL__sub_I__ZN10HiResTimer6timersE
                0x4001c4d4       0x58 C:\Nburn/lib/NANO54415.a(HiResTimer.o)
 .text._Z18fake_firq2_pin_isrv
                0x4001c52c       0x54 C:\Nburn/lib/NANO54415.a(pin_irq.o)
                0x4001c52c                _Z18fake_firq2_pin_isrv
                0x4001c530                firq2_pin_isr
 .text.real_firq2_pin_isr
                0x4001c580       0x28 C:\Nburn/lib/NANO54415.a(pin_irq.o)
                0x4001c580                real_firq2_pin_isr
 .text._Z18fake_firq3_pin_isrv
                0x4001c5a8       0x54 C:\Nburn/lib/NANO54415.a(pin_irq.o)
                0x4001c5a8                _Z18fake_firq3_pin_isrv
                0x4001c5ac                firq3_pin_isr
 .text.real_firq3_pin_isr
                0x4001c5fc       0x28 C:\Nburn/lib/NANO54415.a(pin_irq.o)
                0x4001c5fc                real_firq3_pin_isr
 .text._Z9SetPinIrqiiPFvvE
                0x4001c624      0x266 C:\Nburn/lib/NANO54415.a(pin_irq.o)
                0x4001c624                _Z9SetPinIrqiiPFvvE
 *fill*         0x4001c88a        0x2 
 .text._Z5xTickv
                0x4001c88c       0x1c C:\Nburn/lib/NANO54415.a(bsp.o)
                0x4001c88c                _Z5xTickv
                0x4001c890                Tick5441X
 .text._Z7SetIntcilii
                0x4001c8a8       0xc0 C:\Nburn/lib/NANO54415.a(bsp.o)
                0x4001c8a8                _Z7SetIntcilii
 .text._Z11ForceRebootb
                0x4001c968       0x26 C:\Nburn/lib/NANO54415.a(bsp.o)
                0x4001c968                _Z11ForceRebootb
 *fill*         0x4001c98e        0x2 
 .text._Z12DisableCachev
                0x4001c990       0x56 C:\Nburn/lib/NANO54415.a(bsp.o)
                0x4001c990                _Z12DisableCachev
 *fill*         0x4001c9e6        0x2 
 .text._Z11EnableCachev
                0x4001c9e8       0x42 C:\Nburn/lib/NANO54415.a(bsp.o)
                0x4001c9e8                _Z11EnableCachev
 *fill*         0x4001ca2a        0x2 
 .text._Z13HardwareSetupl
                0x4001ca2c      0x1e0 C:\Nburn/lib/NANO54415.a(bsp.o)
                0x4001ca2c                _Z13HardwareSetupl
 .text._sbrk_r  0x4001cc0c       0x48 C:\Nburn/lib/NANO54415.a(bsp.o)
                0x4001cc0c                _sbrk_r
 .text._Z18BspGetTickFractionv
                0x4001cc54       0x18 C:\Nburn/lib/NANO54415.a(bsp.o)
                0x4001cc54                _Z18BspGetTickFractionv
 .text._Z13GetUartRecordi
                0x4001cc6c       0x3a C:\Nburn/lib/NANO54415.a(localio.o)
                0x4001cc6c                _Z13GetUartRecordi
 *fill*         0x4001cca6        0x2 
 .text._Z11LocalInBytev
                0x4001cca8       0x5e C:\Nburn/lib/NANO54415.a(localio.o)
                0x4001cca8                _Z11LocalInBytev
 *fill*         0x4001cd06        0x2 
 .text._Z12LocalOutBytec
                0x4001cd08       0x66 C:\Nburn/lib/NANO54415.a(localio.o)
                0x4001cd08                _Z12LocalOutBytec
 *fill*         0x4001cd6e        0x2 
 .text.MultiChannel_I2CInit
                0x4001cd70      0x1e6 C:\Nburn/lib/NANO54415.a(multichanneli2c.o)
                0x4001cd70                MultiChannel_I2CInit
 *fill*         0x4001cf56        0x2 
 .text.MultiChannel_I2CRestart
                0x4001cf58       0x42 C:\Nburn/lib/NANO54415.a(multichanneli2c.o)
                0x4001cf58                MultiChannel_I2CRestart
 *fill*         0x4001cf9a        0x2 
 .text.MultiChannel_I2CSendBuf
                0x4001cf9c      0x1ac C:\Nburn/lib/NANO54415.a(multichanneli2c.o)
                0x4001cf9c                MultiChannel_I2CSendBuf
 .text.MultiChannel_I2CReadBuf
                0x4001d148      0x25e C:\Nburn/lib/NANO54415.a(multichanneli2c.o)
                0x4001d148                MultiChannel_I2CReadBuf
 *fill*         0x4001d3a6        0x2 
 .text.I2CMultiChannelResetPeripheral
                0x4001d3a8       0x24 C:\Nburn/lib/NANO54415.a(multichanneli2c.o)
                0x4001d3a8                I2CMultiChannelResetPeripheral
 .text.startup._GLOBAL__sub_I_I2C_SlaveTX_Callback
                0x4001d3cc       0x26 C:\Nburn/lib/NANO54415.a(multichanneli2c.o)
 *fill*         0x4001d3f2        0x2 
 .text._Z14SetDefPinUsagev
                0x4001d3f4      0x1aa C:\Nburn/lib/NANO54415.a(defpins.o)
                0x4001d3f4                _Z14SetDefPinUsagev
 *fill*         0x4001d59e        0x2 
 .text._ZN8SPIFlashC2Ei
                0x4001d5a0       0x66 C:\Nburn/lib/NANO54415.a(SPIFlash.o)
                0x4001d5a0                _ZN8SPIFlashC1Ei
                0x4001d5a0                _ZN8SPIFlashC2Ei
 *fill*         0x4001d606        0x2 
 .text._ZN8SPIFlashD2Ev
                0x4001d608        0x8 C:\Nburn/lib/NANO54415.a(SPIFlash.o)
                0x4001d608                _ZN8SPIFlashD1Ev
                0x4001d608                _ZN8SPIFlashD2Ev
 .text._ZN8SPIFlash9SpiAscCmdEPKc
                0x4001d610      0x1ce C:\Nburn/lib/NANO54415.a(SPIFlash.o)
                0x4001d610                _ZN8SPIFlash9SpiAscCmdEPKc
 *fill*         0x4001d7de        0x2 
 .text._ZN8SPIFlash9WriteDataEPhii
                0x4001d7e0      0x490 C:\Nburn/lib/NANO54415.a(SPIFlash.o)
                0x4001d7e0                _ZN8SPIFlash9WriteDataEPhii
 .text._ZN8SPIFlash11EraseSectorEi
                0x4001dc70      0x2d6 C:\Nburn/lib/NANO54415.a(SPIFlash.o)
                0x4001dc70                _ZN8SPIFlash11EraseSectorEi
 *fill*         0x4001df46        0x2 
 .text._ZN8SPIFlash15WriteDataWEraseEPhii
                0x4001df48       0x7a C:\Nburn/lib/NANO54415.a(SPIFlash.o)
                0x4001df48                _ZN8SPIFlash15WriteDataWEraseEPhii
 *fill*         0x4001dfc2        0x2 
 .text._ZN8SPIFlash10EraseRangeEii
                0x4001dfc4       0x64 C:\Nburn/lib/NANO54415.a(SPIFlash.o)
                0x4001dfc4                _ZN8SPIFlash10EraseRangeEii
 .text._ZN8SPIFlash7ResetMeEv
                0x4001e028      0x164 C:\Nburn/lib/NANO54415.a(SPIFlash.o)
                0x4001e028                _ZN8SPIFlash7ResetMeEv
 .text._ZN8SPIFlash8ReadDataEPhii
                0x4001e18c      0x34e C:\Nburn/lib/NANO54415.a(SPIFlash.o)
                0x4001e18c                _ZN8SPIFlash8ReadDataEPhii
 *fill*         0x4001e4da        0x2 
 .text._Z34fake_i2c0_multichannel_int_routinev
                0x4001e4dc       0x54 C:\Nburn/lib/NANO54415.a(i2c_class.o)
                0x4001e4dc                _Z34fake_i2c0_multichannel_int_routinev
                0x4001e4e0                i2c0_multichannel_int_routine
 .text._Z34fake_i2c1_multichannel_int_routinev
                0x4001e530       0x54 C:\Nburn/lib/NANO54415.a(i2c_class.o)
                0x4001e530                _Z34fake_i2c1_multichannel_int_routinev
                0x4001e534                i2c1_multichannel_int_routine
 .text._Z34fake_i2c2_multichannel_int_routinev
                0x4001e584       0x54 C:\Nburn/lib/NANO54415.a(i2c_class.o)
                0x4001e584                _Z34fake_i2c2_multichannel_int_routinev
                0x4001e588                i2c2_multichannel_int_routine
 .text._Z34fake_i2c3_multichannel_int_routinev
                0x4001e5d8       0x54 C:\Nburn/lib/NANO54415.a(i2c_class.o)
                0x4001e5d8                _Z34fake_i2c3_multichannel_int_routinev
                0x4001e5dc                i2c3_multichannel_int_routine
 .text._Z34fake_i2c4_multichannel_int_routinev
                0x4001e62c       0x54 C:\Nburn/lib/NANO54415.a(i2c_class.o)
                0x4001e62c                _Z34fake_i2c4_multichannel_int_routinev
                0x4001e630                i2c4_multichannel_int_routine
 .text._Z34fake_i2c5_multichannel_int_routinev
                0x4001e680       0x54 C:\Nburn/lib/NANO54415.a(i2c_class.o)
                0x4001e680                _Z34fake_i2c5_multichannel_int_routinev
                0x4001e684                i2c5_multichannel_int_routine
 .text._ZN10i2c_masterC2Ev
                0x4001e6d4       0x48 C:\Nburn/lib/NANO54415.a(i2c_class.o)
                0x4001e6d4                _ZN10i2c_masterC2Ev
                0x4001e6d4                _ZN10i2c_masterC1Ev
 .text._ZN10i2c_master4initEhh
                0x4001e71c      0x1b0 C:\Nburn/lib/NANO54415.a(i2c_class.o)
                0x4001e71c                _ZN10i2c_master4initEhh
 .text._ZN10i2c_master5resetEv
                0x4001e8cc       0x8e C:\Nburn/lib/NANO54415.a(i2c_class.o)
                0x4001e8cc                _ZN10i2c_master5resetEv
 *fill*         0x4001e95a        0x2 
 .text._ZN10i2c_master4stopEm
                0x4001e95c       0x76 C:\Nburn/lib/NANO54415.a(i2c_class.o)
                0x4001e95c                _ZN10i2c_master4stopEm
 *fill*         0x4001e9d2        0x2 
 .text._ZN10i2c_master6write8Ehm
                0x4001e9d4       0x96 C:\Nburn/lib/NANO54415.a(i2c_class.o)
                0x4001e9d4                _ZN10i2c_master6write8Ehm
 *fill*         0x4001ea6a        0x2 
 .text._ZN10i2c_master5startEhbm
                0x4001ea6c       0xe4 C:\Nburn/lib/NANO54415.a(i2c_class.o)
                0x4001ea6c                _ZN10i2c_master5startEhbm
 .text._ZN10i2c_master7restartEhbm
                0x4001eb50       0xaa C:\Nburn/lib/NANO54415.a(i2c_class.o)
                0x4001eb50                _ZN10i2c_master7restartEhbm
 *fill*         0x4001ebfa        0x2 
 .text._ZN10i2c_master5read8EPhm
                0x4001ebfc       0x86 C:\Nburn/lib/NANO54415.a(i2c_class.o)
                0x4001ebfc                _ZN10i2c_master5read8EPhm
 *fill*         0x4001ec82        0x2 
 .text._ZN10i2c_master16SlaveRX_CallbackEh
                0x4001ec84       0x78 C:\Nburn/lib/NANO54415.a(i2c_class.o)
                0x4001ec84                _ZN10i2c_master16SlaveRX_CallbackEh
 .text._ZN10i2c_master3isrEv
                0x4001ecfc      0x35e C:\Nburn/lib/NANO54415.a(i2c_class.o)
                0x4001ecfc                _ZN10i2c_master3isrEv
 *fill*         0x4001f05a        0x2 
 .text.real_i2c0_multichannel_int_routine
                0x4001f05c       0x16 C:\Nburn/lib/NANO54415.a(i2c_class.o)
                0x4001f05c                real_i2c0_multichannel_int_routine
 *fill*         0x4001f072        0x2 
 .text.real_i2c1_multichannel_int_routine
                0x4001f074       0x16 C:\Nburn/lib/NANO54415.a(i2c_class.o)
                0x4001f074                real_i2c1_multichannel_int_routine
 *fill*         0x4001f08a        0x2 
 .text.real_i2c2_multichannel_int_routine
                0x4001f08c       0x16 C:\Nburn/lib/NANO54415.a(i2c_class.o)
                0x4001f08c                real_i2c2_multichannel_int_routine
 *fill*         0x4001f0a2        0x2 
 .text.real_i2c3_multichannel_int_routine
                0x4001f0a4       0x16 C:\Nburn/lib/NANO54415.a(i2c_class.o)
                0x4001f0a4                real_i2c3_multichannel_int_routine
 *fill*         0x4001f0ba        0x2 
 .text.real_i2c4_multichannel_int_routine
                0x4001f0bc       0x16 C:\Nburn/lib/NANO54415.a(i2c_class.o)
                0x4001f0bc                real_i2c4_multichannel_int_routine
 *fill*         0x4001f0d2        0x2 
 .text.real_i2c5_multichannel_int_routine
                0x4001f0d4       0x16 C:\Nburn/lib/NANO54415.a(i2c_class.o)
                0x4001f0d4                real_i2c5_multichannel_int_routine
 *fill*         0x4001f0ea        0x2 
 .text.startup._GLOBAL__sub_I_I2C
                0x4001f0ec       0x34 C:\Nburn/lib/NANO54415.a(i2c_class.o)
 .text.startup  0x4001f120        0xc C:\Nburn/lib/NetBurner.a(main.o)
                0x4001f120                main
 .text._Z22TopOfStackKillfunctionv
                0x4001f12c        0xc C:\Nburn/lib/NetBurner.a(ucosmcfc.o)
                0x4001f12c                _Z22TopOfStackKillfunctionv
                0x4001f130                KillFunctionLink
 .text._Z9OSTCBInithPvS_PlPKc
                0x4001f138       0xd6 C:\Nburn/lib/NetBurner.a(ucosmcfc.o)
                0x4001f138                _Z9OSTCBInithPvS_PlPKc
 *fill*         0x4001f20e        0x2 
 .text._Z17OSTaskCreatewNamePFvPvES_S_S_hPKc.part.0
                0x4001f210      0x1d2 C:\Nburn/lib/NetBurner.a(ucosmcfc.o)
 *fill*         0x4001f3e2        0x2 
 .text._Z17OSTaskCreatewNamePFvPvES_S_S_hPKc
                0x4001f3e4       0x44 C:\Nburn/lib/NetBurner.a(ucosmcfc.o)
                0x4001f3e4                _Z17OSTaskCreatewNamePFvPvES_S_S_hPKc
 .text._ZL10OSTaskIdlePv
                0x4001f428       0x2a C:\Nburn/lib/NetBurner.a(ucos.o)
 *fill*         0x4001f452        0x2 
 .text._Z6OSInitPvS_h
                0x4001f454      0x174 C:\Nburn/lib/NetBurner.a(ucos.o)
                0x4001f454                _Z6OSInitPvS_h
 .text._Z7OSStartv
                0x4001f5c8       0x7c C:\Nburn/lib/NetBurner.a(ucos.o)
                0x4001f5c8                _Z7OSStartv
 .text.OSSched  0x4001f644       0x92 C:\Nburn/lib/NetBurner.a(ucos.o)
                0x4001f644                OSSched
                0x4001f6c8                UCOSWAITS_HERE
 *fill*         0x4001f6d6        0x2 
 .text.OSIntExit
                0x4001f6d8       0x94 C:\Nburn/lib/NetBurner.a(ucos.o)
                0x4001f6d8                OSIntExit
 .text._Z9OSTimeDlyt
                0x4001f76c       0xb4 C:\Nburn/lib/NetBurner.a(ucos.o)
                0x4001f76c                _Z9OSTimeDlyt
 .text.OSTimeTick
                0x4001f820      0x104 C:\Nburn/lib/NetBurner.a(ucos.o)
                0x4001f820                OSTimeTick
 .text._Z12OSTCBGetFreev
                0x4001f924       0x2c C:\Nburn/lib/NetBurner.a(ucos.o)
                0x4001f924                _Z12OSTCBGetFreev
 .text._Z6OSLockv
                0x4001f950       0x26 C:\Nburn/lib/NetBurner.a(ucos.o)
                0x4001f950                _Z6OSLockv
 *fill*         0x4001f976        0x2 
 .text._Z8OSUnlockv
                0x4001f978       0x3e C:\Nburn/lib/NetBurner.a(ucos.o)
                0x4001f978                _Z8OSUnlockv
 *fill*         0x4001f9b6        0x2 
 .text._Z12OSChangePrioh
                0x4001f9b8      0x100 C:\Nburn/lib/NetBurner.a(ucos.o)
                0x4001f9b8                _Z12OSChangePrioh
 .text._Z12OSTaskDeletev
                0x4001fab8      0x112 C:\Nburn/lib/NetBurner.a(ucos.o)
                0x4001fab8                _Z12OSTaskDeletev
 *fill*         0x4001fbca        0x2 
 .text._ZN15OS_TASK_DLY_OBJC2Ev
                0x4001fbcc       0x30 C:\Nburn/lib/NetBurner.a(ucos.o)
                0x4001fbcc                _ZN15OS_TASK_DLY_OBJC2Ev
                0x4001fbcc                _ZN15OS_TASK_DLY_OBJC1Ev
 .text._ZN6OS_SEM5ClaimEv
                0x4001fbfc       0x52 C:\Nburn/lib/NetBurner.a(ucos.o)
                0x4001fbfc                _ZN6OS_SEM5ClaimEv
 *fill*         0x4001fc4e        0x2 
 .text._ZN6OS_SEM4InitEl
                0x4001fc50       0x88 C:\Nburn/lib/NetBurner.a(ucos.o)
                0x4001fc50                _ZN6OS_SEM4InitEl
 .text._ZN6OS_SEM4PendEm
                0x4001fcd8      0x1d6 C:\Nburn/lib/NetBurner.a(ucos.o)
                0x4001fcd8                _ZN6OS_SEM4PendEm
 *fill*         0x4001feae        0x2 
 .text._ZN6OS_SEM10PendNoWaitEv
                0x4001feb0       0x3a C:\Nburn/lib/NetBurner.a(ucos.o)
                0x4001feb0                _ZN6OS_SEM10PendNoWaitEv
 *fill*         0x4001feea        0x2 
 .text._ZN6OS_SEM4PostEv
                0x4001feec      0x178 C:\Nburn/lib/NetBurner.a(ucos.o)
                0x4001feec                _ZN6OS_SEM4PostEv
 .text._ZN7OS_FIFO4InitEv
                0x40020064       0x48 C:\Nburn/lib/NetBurner.a(ucos.o)
                0x40020064                _ZN7OS_FIFO4InitEv
 .text._ZN7OS_FIFO4PendEPPV10os_fifo_elm
                0x400200ac      0x1d6 C:\Nburn/lib/NetBurner.a(ucos.o)
                0x400200ac                _ZN7OS_FIFO4PendEPPV10os_fifo_elm
 *fill*         0x40020282        0x2 
 .text._ZN7OS_FIFO4PostEP10os_fifo_el
                0x40020284      0x160 C:\Nburn/lib/NetBurner.a(ucos.o)
                0x40020284                _ZN7OS_FIFO4PostEP10os_fifo_el
 .text.getpid   0x400203e4       0x18 C:\Nburn/lib/NetBurner.a(ucos.o)
                0x400203e4                getpid
 .text._ZN7OS_CRIT4InitEv
                0x400203fc       0x4c C:\Nburn/lib/NetBurner.a(ucos.o)
                0x400203fc                _ZN7OS_CRIT4InitEv
 .text._ZN7OS_CRIT5EnterEm
                0x40020448      0x208 C:\Nburn/lib/NetBurner.a(ucos.o)
                0x40020448                _ZN7OS_CRIT5EnterEm
 .text._ZN7OS_CRIT11EnterNoWaitEv
                0x40020650       0x70 C:\Nburn/lib/NetBurner.a(ucos.o)
                0x40020650                _ZN7OS_CRIT11EnterNoWaitEv
 .text._ZN7OS_CRIT5LeaveEv
                0x400206c0      0x19e C:\Nburn/lib/NetBurner.a(ucos.o)
                0x400206c0                _ZN7OS_CRIT5LeaveEv
 *fill*         0x4002085e        0x2 
 .text.cppmain  0x40020860       0x40 C:\Nburn/lib/NetBurner.a(cppmain.o)
                0x40020860                cppmain
 .text._Z24SetAddressWriteRangeTrapmm
                0x400208a0       0xec C:\Nburn/lib/NetBurner.a(debugtrap.o)
                0x400208a0                _Z24SetAddressWriteRangeTrapmm
 .text._Z23SetAddressReadRangeTrapmm
                0x4002098c       0xec C:\Nburn/lib/NetBurner.a(debugtrap.o)
                0x4002098c                _Z23SetAddressReadRangeTrapmm
 .text.UCosSetup
                0x40020a78       0x80 C:\Nburn/lib/NetBurner.a(ucosmain.o)
                0x40020a78                UCosSetup
 .text.__malloc_lock
                0x40020af8       0x1c C:\Nburn/lib/NetBurner.a(ucosmain.o)
                0x40020af8                __malloc_lock
 .text.__malloc_unlock
                0x40020b14       0x1c C:\Nburn/lib/NetBurner.a(ucosmain.o)
                0x40020b14                __malloc_unlock
 .text._Z9UCosBeginv
                0x40020b30       0xba C:\Nburn/lib/NetBurner.a(ucosmain.o)
                0x40020b30                _Z9UCosBeginv
 *fill*         0x40020bea        0x2 
 .text._Z22EnableOSStackProtectorv
                0x40020bec       0x14 C:\Nburn/lib/NetBurner.a(ucosmain.o)
                0x40020bec                _Z22EnableOSStackProtectorv
 .text.OSStackProtector
                0x40020c00       0x24 C:\Nburn/lib/NetBurner.a(ucosmain.o)
                0x40020c00                OSStackProtector
 .text.startup._GLOBAL__sub_I_OSIdleTaskStk
                0x40020c24       0x22 C:\Nburn/lib/NetBurner.a(ucosmain.o)
 *fill*         0x40020c46        0x2 
 .text.ioctl    0x40020c48       0x76 C:\Nburn/lib/NetBurner.a(fileio.o)
                0x40020c48                ioctl
 *fill*         0x40020cbe        0x2 
 .text.close    0x40020cc0       0x4c C:\Nburn/lib/NetBurner.a(fileio.o)
                0x40020cc0                close
 .text.write    0x40020d0c      0x150 C:\Nburn/lib/NetBurner.a(fileio.o)
                0x40020d0c                write
 .text._Z8rawwriteiPKci
                0x40020e5c       0x82 C:\Nburn/lib/NetBurner.a(fileio.o)
                0x40020e5c                _Z8rawwriteiPKci
 *fill*         0x40020ede        0x2 
 .text.isatty   0x40020ee0       0x14 C:\Nburn/lib/NetBurner.a(fileio.o)
                0x40020ee0                isatty
 .text.lseek    0x40020ef4       0x16 C:\Nburn/lib/NetBurner.a(fileio.o)
                0x40020ef4                lseek
 *fill*         0x40020f0a        0x2 
 .text.fstat    0x40020f0c       0x1c C:\Nburn/lib/NetBurner.a(fileio.o)
                0x40020f0c                fstat
 .text._Z11stdioinbytei
                0x40020f28       0x76 C:\Nburn/lib/NetBurner.a(fileio.o)
                0x40020f28                _Z11stdioinbytei
 *fill*         0x40020f9e        0x2 
 .text.read     0x40020fa0      0x1aa C:\Nburn/lib/NetBurner.a(fileio.o)
                0x40020fa0                read
 *fill*         0x4002114a        0x2 
 .text.ReplaceStdio
                0x4002114c       0xa0 C:\Nburn/lib/NetBurner.a(fileio.o)
                0x4002114c                ReplaceStdio
 .text.CurrentStdioFD
                0x400211ec       0x22 C:\Nburn/lib/NetBurner.a(fileio.o)
                0x400211ec                CurrentStdioFD
 *fill*         0x4002120e        0x2 
 .text._Z9isvalidcrP12ConfigRecord
                0x40021210       0x46 C:\Nburn/lib/NetBurner.a(system.o)
                0x40021210                _Z9isvalidcrP12ConfigRecord
 *fill*         0x40021256        0x2 
 .text._Z12RawGetConfigi
                0x40021258       0x24 C:\Nburn/lib/NetBurner.a(system.o)
                0x40021258                _Z12RawGetConfigi
 .text._Z22UpdateConfigRecord_NumP12ConfigRecordi
                0x4002127c      0x184 C:\Nburn/lib/NetBurner.a(system.o)
                0x4002127c                _Z22UpdateConfigRecord_NumP12ConfigRecordi
 .text._Z18UpdateConfigRecordP12ConfigRecord
                0x40021400       0x16 C:\Nburn/lib/NetBurner.a(system.o)
                0x40021400                _Z18UpdateConfigRecordP12ConfigRecord
 *fill*         0x40021416        0x2 
 .text.kill     0x40021418        0x8 C:\Nburn/lib/NetBurner.a(utils.o)
                0x40021418                kill
 .text._exit    0x40021420        0x6 C:\Nburn/lib/NetBurner.a(utils.o)
                0x40021420                _exit
 *fill*         0x40021426        0x2 
 .text._Z7ShowMacP6MACADR
                0x40021428       0x42 C:\Nburn/lib/NetBurner.a(utils.o)
                0x40021428                _Z7ShowMacP6MACADR
 *fill*         0x4002146a        0x2 
 .text._Z7ShowIP47IPADDR4
                0x4002146c       0x36 C:\Nburn/lib/NetBurner.a(utils.o)
                0x4002146c                _Z7ShowIP47IPADDR4
 *fill*         0x400214a2        0x2 
 .text._Z9snShowIP4Pcm7IPADDR4
                0x400214a4       0x3a C:\Nburn/lib/NetBurner.a(utils.o)
                0x400214a4                _Z9snShowIP4Pcm7IPADDR4
 *fill*         0x400214de        0x2 
 .text._Z8ShowDataPKht
                0x400214e0      0x556 C:\Nburn/lib/NetBurner.a(utils.o)
                0x400214e0                _Z8ShowDataPKht
 *fill*         0x40021a36        0x2 
 .text._Z11IsBroadCast7IPADDR4i.part.1
                0x40021a38       0x48 C:\Nburn/lib/NetBurner.a(ip.o)
 .text._Z12AddInterface7IPADDR4S_S_i
                0x40021a80      0x156 C:\Nburn/lib/NetBurner.a(ip.o)
                0x40021a80                _Z12AddInterface7IPADDR4S_S_i
 *fill*         0x40021bd6        0x2 
 .text._Z22GetMultiHomeInterface47IPADDR4i
                0x40021bd8       0x6e C:\Nburn/lib/NetBurner.a(ip.o)
                0x40021bd8                _Z22GetMultiHomeInterface47IPADDR4i
 *fill*         0x40021c46        0x2 
 .text._Z10DoIPPacketP11pool_bufferP6EFRAMEt
                0x40021c48      0x1ae C:\Nburn/lib/NetBurner.a(ip.o)
                0x40021c48                _Z10DoIPPacketP11pool_bufferP6EFRAMEt
 *fill*         0x40021df6        0x2 
 .text._Z20GetLocalIPInterface47IPADDR4
                0x40021df8       0x5e C:\Nburn/lib/NetBurner.a(ip.o)
                0x40021df8                _Z20GetLocalIPInterface47IPADDR4
 *fill*         0x40021e56        0x2 
 .text._Z8IsLocal47IPADDR4i
                0x40021e58       0x44 C:\Nburn/lib/NetBurner.a(ip.o)
                0x40021e58                _Z8IsLocal47IPADDR4i
 .text._Z11IsBroadCast7IPADDR4i
                0x40021e9c       0x1c C:\Nburn/lib/NetBurner.a(ip.o)
                0x40021e9c                _Z11IsBroadCast7IPADDR4i
 .text._Z7IsMyIp47IPADDR4
                0x40021eb8       0x20 C:\Nburn/lib/NetBurner.a(ip.o)
                0x40021eb8                _Z7IsMyIp47IPADDR4
 .text._Z16FixHeaderAndSendP11pool_bufferP5IPPKT
                0x40021ed8      0x210 C:\Nburn/lib/NetBurner.a(ip.o)
                0x40021ed8                _Z16FixHeaderAndSendP11pool_bufferP5IPPKT
 .text._Z28FixHeaderAndSendViaInterfaceP11pool_bufferP5IPPKTi
                0x400220e8      0x192 C:\Nburn/lib/NetBurner.a(ip.o)
                0x400220e8                _Z28FixHeaderAndSendViaInterfaceP11pool_bufferP5IPPKTi
 *fill*         0x4002227a        0x2 
 .text._Z9SaveErrorP11pool_buffer
                0x4002227c       0x42 C:\Nburn/lib/NetBurner.a(ip.o)
                0x4002227c                _Z9SaveErrorP11pool_buffer
 *fill*         0x400222be        0x2 
 .text._Z13process_icmp4P11pool_bufferP5IPPKTt
                0x400222c0      0x150 C:\Nburn/lib/NetBurner.a(ip.o)
                0x400222c0                _Z13process_icmp4P11pool_bufferP5IPPKTt
 .text._Z6IPTaskPv
                0x40022410      0x23a C:\Nburn/lib/NetBurner.a(ip.o)
                0x40022410                _Z6IPTaskPv
 *fill*         0x4002264a        0x2 
 .text._Z15InitializeStack7IPADDR4S_S_S_
                0x4002264c      0x144 C:\Nburn/lib/NetBurner.a(ip.o)
                0x4002264c                _Z15InitializeStack7IPADDR4S_S_S_
 .text._Z9FixUpICMPP5IPPKThhPht
                0x40022790       0x68 C:\Nburn/lib/NetBurner.a(ip.o)
                0x40022790                _Z9FixUpICMPP5IPPKThhPht
 .text._Z13SendICMPErrorP11pool_bufferhh
                0x400227f8       0xa8 C:\Nburn/lib/NetBurner.a(ip.o)
                0x400227f8                _Z13SendICMPErrorP11pool_bufferhh
 .text._Z16GetEphemeralPortv
                0x400228a0       0x40 C:\Nburn/lib/NetBurner.a(ip.o)
                0x400228a0                _Z16GetEphemeralPortv
 .text.startup._GLOBAL__sub_I_wGlobalPktId
                0x400228e0       0x5c C:\Nburn/lib/NetBurner.a(ip.o)
 .text._Z13IncUsageCountP11pool_buffer
                0x4002293c       0x3e C:\Nburn/lib/NetBurner.a(buffers.o)
                0x4002293c                _Z13IncUsageCountP11pool_buffer
 *fill*         0x4002297a        0x2 
 .text._Z12GetFreeCountv
                0x4002297c       0x16 C:\Nburn/lib/NetBurner.a(buffers.o)
                0x4002297c                _Z12GetFreeCountv
 *fill*         0x40022992        0x2 
 .text._ZN11buffer_list10InsertHeadEP11pool_buffer
                0x40022994       0x6c C:\Nburn/lib/NetBurner.a(buffers.o)
                0x40022994                _ZN11buffer_list10InsertHeadEP11pool_buffer
 .text._Z10FreeBufferP11pool_buffer
                0x40022a00       0x8c C:\Nburn/lib/NetBurner.a(buffers.o)
                0x40022a00                _Z10FreeBufferP11pool_buffer
 .text._Z11InitBuffersv
                0x40022a8c       0xca C:\Nburn/lib/NetBurner.a(buffers.o)
                0x40022a8c                _Z11InitBuffersv
 *fill*         0x40022b56        0x2 
 .text._ZN11buffer_list10InsertTailEP11pool_buffer
                0x40022b58       0x5e C:\Nburn/lib/NetBurner.a(buffers.o)
                0x40022b58                _ZN11buffer_list10InsertTailEP11pool_buffer
 *fill*         0x40022bb6        0x2 
 .text._ZN11buffer_list10RemoveHeadEv
                0x40022bb8       0x62 C:\Nburn/lib/NetBurner.a(buffers.o)
                0x40022bb8                _ZN11buffer_list10RemoveHeadEv
 *fill*         0x40022c1a        0x2 
 .text._Z9GetBufferv
                0x40022c1c       0x44 C:\Nburn/lib/NetBurner.a(buffers.o)
                0x40022c1c                _Z9GetBufferv
 .text._ZN19fifo_buffer_storage14LongSpaceAvailEv
                0x40022c60       0xc4 C:\Nburn/lib/NetBurner.a(buffers.o)
                0x40022c60                _ZN19fifo_buffer_storage14LongSpaceAvailEv
 .text._ZN19fifo_buffer_storage10SpaceAvailEv
                0x40022d24       0x1e C:\Nburn/lib/NetBurner.a(buffers.o)
                0x40022d24                _ZN19fifo_buffer_storage10SpaceAvailEv
 *fill*         0x40022d42        0x2 
 .text._ZN19fifo_buffer_storage9SpaceUsedEv
                0x40022d44       0x10 C:\Nburn/lib/NetBurner.a(buffers.o)
                0x40022d44                _ZN19fifo_buffer_storage9SpaceUsedEv
 .text._ZN19fifo_buffer_storage8ReadDataEPhi
                0x40022d54      0x144 C:\Nburn/lib/NetBurner.a(buffers.o)
                0x40022d54                _ZN19fifo_buffer_storage8ReadDataEPhi
 .text._ZN19fifo_buffer_storage12ReadDatawSumEPhiRm
                0x40022e98      0x1aa C:\Nburn/lib/NetBurner.a(buffers.o)
                0x40022e98                _ZN19fifo_buffer_storage12ReadDatawSumEPhiRm
 *fill*         0x40023042        0x2 
 .text._ZN19fifo_buffer_storage9WriteDataEPhi
                0x40023044      0x274 C:\Nburn/lib/NetBurner.a(buffers.o)
                0x40023044                _ZN19fifo_buffer_storage9WriteDataEPhi
 .text._ZN19fifo_buffer_storageC2Ehh
                0x400232b8       0x7c C:\Nburn/lib/NetBurner.a(buffers.o)
                0x400232b8                _ZN19fifo_buffer_storageC1Ehh
                0x400232b8                _ZN19fifo_buffer_storageC2Ehh
 .text._ZN19fifo_buffer_storage4InitEhh
                0x40023334       0x6c C:\Nburn/lib/NetBurner.a(buffers.o)
                0x40023334                _ZN19fifo_buffer_storage4InitEhh
 .text._ZN19fifo_buffer_storage5ResetEh
                0x400233a0       0xd4 C:\Nburn/lib/NetBurner.a(buffers.o)
                0x400233a0                _ZN19fifo_buffer_storage5ResetEh
 .text._ZN19fifo_buffer_storageD2Ev
                0x40023474       0x16 C:\Nburn/lib/NetBurner.a(buffers.o)
                0x40023474                _ZN19fifo_buffer_storageD1Ev
                0x40023474                _ZN19fifo_buffer_storageD2Ev
 *fill*         0x4002348a        0x2 
 .text._ZN19fifo_buffer_storage5EmptyEv
                0x4002348c       0x14 C:\Nburn/lib/NetBurner.a(buffers.o)
                0x4002348c                _ZN19fifo_buffer_storage5EmptyEv
 .text._ZN19fifo_buffer_storage4FullEv
                0x400234a0       0x40 C:\Nburn/lib/NetBurner.a(buffers.o)
                0x400234a0                _ZN19fifo_buffer_storage4FullEv
 .text.startup._GLOBAL__sub_I_static_pool_buffers
                0x400234e0       0x2e C:\Nburn/lib/NetBurner.a(buffers.o)
 *fill*         0x4002350e        0x2 
 .text._Z6IsNullP9ArpRecord
                0x40023510       0x24 C:\Nburn/lib/NetBurner.a(arp.o)
                0x40023510                _Z6IsNullP9ArpRecord
 .text._Z25GetInterfaceForMyAddress47IPADDR4
                0x40023534       0x58 C:\Nburn/lib/NetBurner.a(arp.o)
                0x40023534                _Z25GetInterfaceForMyAddress47IPADDR4
 .text._Z13InitializeArpv
                0x4002358c       0x88 C:\Nburn/lib/NetBurner.a(arp.o)
                0x4002358c                _Z13InitializeArpv
 .text._Z7FindArp7IPADDR4
                0x40023614      0x118 C:\Nburn/lib/NetBurner.a(arp.o)
                0x40023614                _Z7FindArp7IPADDR4
 .text._Z9GetSrcIp47IPADDR4
                0x4002372c       0xf8 C:\Nburn/lib/NetBurner.a(arp.o)
                0x4002372c                _Z9GetSrcIp47IPADDR4
 .text._Z19GetProperInterface47IPADDR4
                0x40023824       0xbc C:\Nburn/lib/NetBurner.a(arp.o)
                0x40023824                _Z19GetProperInterface47IPADDR4
 .text._Z9DeleteArpP9ArpRecord
                0x400238e0      0x1d2 C:\Nburn/lib/NetBurner.a(arp.o)
                0x400238e0                _Z9DeleteArpP9ArpRecord
 *fill*         0x40023ab2        0x2 
 .text._Z11GetFirstArpv
                0x40023ab4       0x62 C:\Nburn/lib/NetBurner.a(arp.o)
                0x40023ab4                _Z11GetFirstArpv
 *fill*         0x40023b16        0x2 
 .text._Z10GetNextArpP9ArpRecord
                0x40023b18       0x78 C:\Nburn/lib/NetBurner.a(arp.o)
                0x40023b18                _Z10GetNextArpP9ArpRecord
 .text._Z10RawSendArpP9ArpRecord7IPADDR4i
                0x40023b90       0xea C:\Nburn/lib/NetBurner.a(arp.o)
                0x40023b90                _Z10RawSendArpP9ArpRecord7IPADDR4i