Archive member included to satisfy reference by file (symbol)

C:\Nburn/lib/NANO54415.a(hardware_init.o)
                              c:/nburn/gcc-m68k/bin/../lib/gcc/m68k-unknown-elf/5.2.0/m54455\nb-crt0.o (hardware_init_hook)
C:\Nburn/lib/NANO54415.a(serial.o)
                              Drivers\dsm2.o (UartData)
C:\Nburn/lib/NANO54415.a(pins.o)
                              Drivers\IMUSetupAndSample.o (_ZN5PinIO3setEh)
C:\Nburn/lib/NANO54415.a(SimpleAD.o)
                              main.o (_Z15InitSingleEndADv)
C:\Nburn/lib/NANO54415.a(FlashOps.o)
                              C:\Nburn/lib/NANO54415.a(hardware_init.o) (CopySPIFlashImageOnBoot)
C:\Nburn/lib/NANO54415.a(HiResTimer.o)
                              FastMath.o (_ZN10HiResTimer4initEd)
C:\Nburn/lib/NANO54415.a(pitr_sem.o)
                              Drivers\SpinningLidar.o (_Z12InitPitOSSemiP6OS_SEMi)
C:\Nburn/lib/NANO54415.a(pin_irq.o)
                              Drivers\Odometer.o (_Z9SetPinIrqiiPFvvE)
C:\Nburn/lib/NANO54415.a(bsp.o)
                              Drivers\servodrive.o (_Z7SetIntcilii)
C:\Nburn/lib/NANO54415.a(localio.o)
                              C:\Nburn/lib/NANO54415.a(serial.o) (_Z13GetUartRecordi)
C:\Nburn/lib/NANO54415.a(userparam.o)
                              main.o (_Z18SaveUserParametersPvi)
C:\Nburn/lib/NANO54415.a(multichanneli2c.o)
                              main.o (MultiChannel_I2CInit)
C:\Nburn/lib/NANO54415.a(bspa.o)
                              C:\Nburn/lib/NANO54415.a(bsp.o) (CatchNullWrites)
C:\Nburn/lib/NANO54415.a(defpins.o)
                              C:\Nburn/lib/NANO54415.a(bsp.o) (_Z14SetDefPinUsagev)
C:\Nburn/lib/NANO54415.a(SPIFlash.o)
                              C:\Nburn/lib/NANO54415.a(FlashOps.o) (_ZN8SPIFlashC1Ei)
C:\Nburn/lib/NANO54415.a(i2c_class.o)
                              C:\Nburn/lib/NANO54415.a(multichanneli2c.o) (_ZN10i2c_master4initEhh)
C:\Nburn/lib/NetBurner.a(ucosmcfa.o)
                              C:\Nburn/lib/NANO54415.a(bsp.o) (OSCtxSw)
C:\Nburn/lib/NetBurner.a(software_init.o)
                              c:/nburn/gcc-m68k/bin/../lib/gcc/m68k-unknown-elf/5.2.0/m54455\nb-crt0.o (software_init_hook)
C:\Nburn/lib/NetBurner.a(main.o)
                              c:/nburn/gcc-m68k/bin/../lib/gcc/m68k-unknown-elf/5.2.0/m54455\nb-crt0.o (main)
C:\Nburn/lib/NetBurner.a(ucosmcfc.o)
                              main.o (_Z17OSTaskCreatewNamePFvPvES_S_S_hPKc)
C:\Nburn/lib/NetBurner.a(ucos.o)
                              C:\Nburn/lib/NetBurner.a(ucosmcfc.o) (OSRdyTbl)
C:\Nburn/lib/NetBurner.a(cppmain.o)
                              C:\Nburn/lib/NetBurner.a(main.o) (cppmain)
C:\Nburn/lib/NetBurner.a(ucosflags.o)
                              C:\Nburn/lib/NANO54415.a(pitr_sem.o) (_Z9OSFlagSetP8os_flagsm)
C:\Nburn/lib/NetBurner.a(debugtrap.o)
                              C:\Nburn/lib/NANO54415.a(bsp.o) (_Z23SetAddressReadRangeTrapmm)
C:\Nburn/lib/NetBurner.a(ucosmain.o)
                              C:\Nburn/lib/NetBurner.a(software_init.o) (UCosSetup)
C:\Nburn/lib/NetBurner.a(fileio.o)
                              C:\Nburn/lib/NetBurner.a(ucosmain.o) (ioctl)
C:\Nburn/lib/NetBurner.a(system.o)
                              C:\Nburn/lib/NANO54415.a(serial.o) (rnd_collect)
C:\Nburn/lib/NetBurner.a(utils.o)
                              C:\Nburn/lib/NetBurner.a(system.o) (_Z7ShowIP47IPADDR4)
C:\Nburn/lib/NetBurner.a(ip.o)
                              main.o (_Z15InitializeStack7IPADDR4S_S_S_)
C:\Nburn/lib/NetBurner.a(buffers.o)
                              C:\Nburn/lib/NetBurner.a(utils.o) (_Z12GetFreeCountv)
C:\Nburn/lib/NetBurner.a(arp.o)
                              C:\Nburn/lib/NetBurner.a(ip.o) (_Z25GetInterfaceForMyAddress47IPADDR4)
C:\Nburn/lib/NetBurner.a(udp.o)
                              C:\Nburn/lib/NetBurner.a(ip.o) (_Z12process_udp4P11pool_bufferP5IPPKTt)
C:\Nburn/lib/NetBurner.a(ftpd.o)
                              Drivers\introspec.o (_Z9FTPDStartth)
C:\Nburn/lib/NetBurner.a(tcp.o)
                              C:\Nburn/lib/NetBurner.a(ip.o) (_Z7InitTCPv)
C:\Nburn/lib/NetBurner.a(extraio.o)
                              Drivers\introspec.o (_Z10GetExtraFDPvP14IoExpandStruct)
C:\Nburn/lib/NetBurner.a(http.o)
                              main.o (_Z9StartHTTPt)
C:\Nburn/lib/NetBurner.a(httpinternal.o)
                              C:\Nburn/lib/NetBurner.a(http.o) (_ZN12HTTP_Request11ProcessLineEPc)
C:\Nburn/lib/NetBurner.a(httpstricmp.o)
                              C:\Nburn/lib/NetBurner.a(httpinternal.o) (_Z11httpstricmpPKcS0_)
C:\Nburn/lib/NetBurner.a(htmldecomp.o)
                              C:\Nburn/lib/NetBurner.a(httpinternal.o) (_Z16SendFullResponsePKci)
C:\Nburn/lib/NetBurner.a(iosys.o)
                              C:\Nburn/lib/NANO54415.a(serial.o) (_Z12SetDataAvaili)
C:\Nburn/lib/NetBurner.a(new_ops.o)
                              Path.o (_Znwm)
C:\Nburn/lib/NetBurner.a(autoip.o)
[...]
Memory Configuration

Name             Origin             Length             Attributes
ram              0x40000400         0x03fffcff         xrw
SRAM             0x80000400         0x0000fbf0         xrw
Cold_SRAM        0x8000fffe         0x00000002         xrw
*default*        0x00000000         0xffffffff

Linker script and memory map

LOAD c:/nburn/gcc-m68k/bin/../lib/gcc/m68k-unknown-elf/5.2.0/m54455\nb-crt0.o
LOAD c:/nburn/gcc-m68k/bin/../lib/gcc/m68k-unknown-elf/5.2.0/m54455/crtbegin.o
LOAD tests.o
LOAD main.o
LOAD Utility.o
LOAD Profiler.o
LOAD Path.o
LOAD Nav.o
LOAD Map.o
LOAD Logger.o
LOAD FastMath.o
LOAD Drivers\servodrive.o
LOAD Drivers\pwm.o
LOAD Drivers\introspec.o
LOAD Drivers\dsm2.o
LOAD Drivers\SpinningLidar.o
LOAD Drivers\Odometer.o
LOAD Drivers\MadgwickFilter.o
LOAD Drivers\MPU9250.o
LOAD Drivers\LidarPWM.o
LOAD Drivers\LCD.o
LOAD Drivers\IMUSetupAndSample.o
LOAD htmldata.o
LOAD C:\Nburn/NANO54415/lib/sys.ld
                0x40000000                ovector_base = 0x40000000
                0x80000000                vector_base = 0x80000000
                0x80000400                SRAM_START_ADDR = 0x80000400
                0x8000fffe                SRAM_END_ADDR = 0x8000fffe
                0x8c000000                sim_rgpio = 0x8c000000
                0xec008000                sim1 = 0xec008000
                0xfc004000                sim2 = 0xfc004000
                0x00004000                FlashAppBase = 0x4000
                0xfc0d4008                DBETHER_EMIR_REG = 0xfc0d4008
                0x8000d000                comm_loc = 0x8000d000
START GROUP
LOAD C:\Nburn/lib/NANO54415.a
LOAD C:\Nburn/lib/NetBurner.a
LOAD C:\Nburn/lib/FatFile.a
LOAD c:/nburn/gcc-m68k/bin/../m68k-unknown-elf/sysroot/lib/m54455\libstdc++.a
LOAD C:\Nburn\lib\cryptolib.a
LOAD C:\Nburn\lib\debugLibrary.a
LOAD C:\Nburn\lib\Lua_Full.a
LOAD C:\Nburn\lib\nb-libxively.a
LOAD C:\Nburn\lib\nbwifilib.a
LOAD C:\Nburn\lib\sshLibrary.a
LOAD C:\Nburn\lib\webclient.a
END GROUP
LOAD c:/nburn/gcc-m68k/bin/../m68k-unknown-elf/sysroot/lib/m54455\libstdc++.a
LOAD c:/nburn/gcc-m68k/bin/../m68k-unknown-elf/sysroot/lib/m54455\libm.a
LOAD c:/nburn/gcc-m68k/bin/../lib/gcc/m68k-unknown-elf/5.2.0/m54455\libgcc.a
LOAD c:/nburn/gcc-m68k/bin/../m68k-unknown-elf/sysroot/lib/m54455\libc.a
LOAD c:/nburn/gcc-m68k/bin/../lib/gcc/m68k-unknown-elf/5.2.0/m54455\libgcc.a
LOAD c:/nburn/gcc-m68k/bin/../lib/gcc/m68k-unknown-elf/5.2.0/m54455/crtend.o
START GROUP
LOAD c:/nburn/gcc-m68k/bin/../m68k-unknown-elf/sysroot/lib/m54455\libc.a
LOAD c:/nburn/gcc-m68k/bin/../lib/gcc/m68k-unknown-elf/5.2.0/m54455\libgcc.a
LOAD c:/nburn/gcc-m68k/bin/../m68k-unknown-elf/sysroot/lib/m54455\libm.a
END GROUP
                0x00000000                __DYNAMIC = 0x0
                0x44000000                PROVIDE (__stack, 0x44000000)
                [!provide]                PROVIDE (hardware_init_hook, 0x0)
                [!provide]                PROVIDE (_hardware_init_hook, 0x0)
                [!provide]                PROVIDE (software_init_hook, 0x0)
                [!provide]                PROVIDE (_software_init_hook, 0x0)

.gcc_except_table._ZN10__cxxabiv111__terminateEPFvvE
                0x40000400       0x1d
 .gcc_except_table._ZN10__cxxabiv111__terminateEPFvvE
                0x40000400       0x1d c:/nburn/gcc-m68k/bin/../m68k-unknown-elf/sysroot/lib/m54455\libstdc++.a(eh_terminate.o)

.gcc_except_table.__gxx_personality_v0
                0x40000420       0x1c
 .gcc_except_table.__gxx_personality_v0
                0x40000420       0x1c c:/nburn/gcc-m68k/bin/../m68k-unknown-elf/sysroot/lib/m54455\libstdc++.a(eh_personality.o)

.gcc_except_table.__cxa_call_unexpected
                0x4000043c       0x1c
 .gcc_except_table.__cxa_call_unexpected
                0x4000043c       0x1c c:/nburn/gcc-m68k/bin/../m68k-unknown-elf/sysroot/lib/m54455\libstdc++.a(eh_personality.o)

.gcc_except_table._ZN9__gnu_cxx27__verbose_terminate_handlerEv
                0x40000458       0x2c
 .gcc_except_table._ZN9__gnu_cxx27__verbose_terminate_handlerEv
                0x40000458       0x2c c:/nburn/gcc-m68k/bin/../m68k-unknown-elf/sysroot/lib/m54455\libstdc++.a(vterminate.o)

.SRAM_SECT      0x80000400     0xf760
                0x80000400                SRAM_START = .
 *(SYS_VAR_SECT)
 SYS_VAR_SECT   0x80000400        0x4 C:\Nburn/lib/NANO54415.a(bsp.o)
                0x80000400                cacrMirror
 SYS_VAR_SECT   0x80000404      0x238 C:\Nburn/lib/NetBurner.a(ucos.o)
                0x80000404                OSRunning
                0x80000406                OSISRLevel
                0x80000408                OSRdyGrp
                0x8000040c                OSLockNesting
                0x80000410                OSIntNesting
                0x80000414                OSTCBFreeList
                0x80000418                OSTCBList
                0x8000041c                OSTCBHighRdy
                0x80000420                OSTCBCur
                0x80000424                OSRdyTbl
                0x8000042c                OSTCBPrioTbl
                0x8000052c                OSUnMapTbl
                0x8000062c                OSMapTbl
                0x80000634                Secs
                0x80000638                TimeTick
 SYS_VAR_SECT   0x8000063c      0x272 C:\Nburn/lib/NetBurner.a(ucosmain.o)
                0x8000064e                critical_count
                0x80000652                OSTcbStructSize
                0x80000656                OSTCBTbl
 SYS_VAR_SECT   0x800008ae       0x1c C:\Nburn/lib/NetBurner.a(fileio.o)
                0x800008ae                fd_map
                0x800008c6                pExtraFdFunc
 SYS_VAR_SECT   0x800008ca       0x20 C:\Nburn/lib/NetBurner.a(iosys.o)
                0x800008d2                error_file_sets
                0x800008da                write_file_sets
                0x800008e2                read_file_sets
                0x800008ea                SYS_VAR_SECT_END = .
                0x800008f0                . = ALIGN (0x10)
 *fill*         0x800008ea        0x6 
 *(IDLE_STK_SECT)
 IDLE_STK_SECT  0x800008f0     0x2000 C:\Nburn/lib/NetBurner.a(ucosmain.o)
                0x800008f0                OSIdleTaskStk
                0x800028f0                IDLE_STK_SECT_END = .
                0x800028f0                . = ALIGN (0x10)
 *(MAIN_STK_SECT)
 MAIN_STK_SECT  0x800028f0     0x3000 C:\Nburn/lib/NetBurner.a(cppmain.o)
                0x800028f0                MainStk
                0x800058f0                MAIN_STK_SECT_END = .
                0x800058f0                . = ALIGN (0x4)
 *(ETHER_VAR_SECT)
                0x800058f0                ETHER_VAR_SECT_END = .
                0x800058f0                . = ALIGN (0x10)
 *(ETHER_STK_SECT)
                0x800058f0                ETHER_STK_SECT_END = .
                0x800058f0                . = ALIGN (0x4)
 *(IP_VAR_SECT)
                0x800058f0                IP_VAR_SECT_END = .
                0x800058f0                . = ALIGN (0x10)
 *(IP_STK_SECT)
                0x800058f0                IP_STK_SECT_END = .
                0x800058f0                . = ALIGN (0x4)
 *(TCP_VAR_SECT)
                0x800058f0                TCP_VAR_SECT_END = .
                0x800058f0                . = ALIGN (0x10)
 *(TCP_STK_SECT)
                0x800058f0                TCP_STK_SECT_END = .
                0x800058f0                . = ALIGN (0x10)
 *(HTTP_STK_SECT)
                0x800058f0                HTTP_STK_SECT_END = .
                0x800058f0                . = ALIGN (0x10)
 *(FTP_STK_SECT)
                0x800058f0                FTP_STK_SECT_END = .
                0x800058f0                . = ALIGN (0x10)
 *(WIFI_STK_SECT)
                0x800058f0                WIFI_STK_SECT_END = .
                0x800058f0                . = ALIGN (0x10)
 *(PPP_STK_SECT)
                0x800058f0                PPP_STK_SECT_END = .
                0x800058f0                . = ALIGN (0x10)
 *(COMMAND_STK_SECT)
                0x800058f0                COMMAND_STK_SECT_END = .
                0x800058f0                . = ALIGN (0x4)
 *(USER_VAR_SECT)
 USER_VAR_SECT  0x800058f0       0x16 Drivers\introspec.o
                0x800058f0                LogCrit
                0x800058fe                LogPut
                0x80005902                LogGet
 USER_VAR_SECT  0x80005906     0x1170 Drivers\SpinningLidar.o
                0x80005906                _ZN13SpinningLidar6packetE
                0x8000590c                _ZN13SpinningLidar9charCountE
                0x80005910                _ZN13SpinningLidar10LIDARResetE
                0x80005912                _ZN13SpinningLidar2rvE
                0x80005916                _ZN13SpinningLidar12lidar_bufferE
                0x80005996                _ZN13SpinningLidar13sampleQualityE
                0x80005f36                _ZN13SpinningLidar4distE
 USER_VAR_SECT  0x80006a76        0x4 Drivers\LidarPWM.o
                0x80006a76                LIDAR_VALUE_RIGHT
 USER_VAR_SECT  0x80006a7a       0xbc C:\Nburn/lib/NANO54415.a(HiResTimer.o)
                0x80006a7a                _ZN10HiResTimer12timerCreatedE
                0x80006a7e                _ZN10HiResTimer6timersE
                0x80006b36                USER_VAR_SECT_END = .
                0x80006b40                . = ALIGN (0x10)
 *fill*         0x80006b36        0xa 
 *(USER_STK_SECT)
 USER_STK_SECT  0x80006b40     0x3000 main.o
 USER_STK_SECT  0x80009b40     0x3000 Drivers\SpinningLidar.o
 USER_STK_SECT  0x8000cb40     0x3000 Drivers\IMUSetupAndSample.o
                0x8000fb40                USER_STK_SECT_END = .
                0x8000fb40                . = ALIGN (0x4)
 *(TLS_VAR_SECT)
                0x8000fb40                TLS_VAR_SECT_END = .
                0x8000fb40                BUFFERS_SECT_START = .
                0x8000fb40                . = ALIGN (0x10)
 *(BUFFERS_VAR_SECT)
 BUFFERS_VAR_SECT
                0x8000fb40       0x1c C:\Nburn/lib/NetBurner.a(buffers.o)
                0x8000fb40                free_list_is_initialized
                0x8000fb44                free_fast_list
                0x8000fb4e                free_list
                0x8000fb58                FAST_BUFFER_POOL_SIZE
                0x8000fb60                . = ALIGN (0x10)
 *fill*         0x8000fb5c        0x4 
                0x8000fb60                BUFFERS_VAR_SECT_END = .
                0x8000fb60                . = ALIGN (0x10)
                0x8000fb60                SRAM_END = .

.COLD_SRAM_SECT
                0x8000fffe        0x2
 *(COLD_SRAM_VAR)
 COLD_SRAM_VAR  0x8000fffe        0x2 C:\Nburn/lib/NetBurner.a(ip.o)

.text           0x40000490    0x533d0
 nb-crt0.o()
 .text          0x40000490       0xaa c:/nburn/gcc-m68k/bin/../lib/gcc/m68k-unknown-elf/5.2.0/m54455\nb-crt0.o
                0x40000490                start
 *fill*         0x4000053a        0x2 
 .data          0x4000053c        0x4 c:/nburn/gcc-m68k/bin/../lib/gcc/m68k-unknown-elf/5.2.0/m54455\nb-crt0.o
 .bss           0x40000540        0x0 c:/nburn/gcc-m68k/bin/../lib/gcc/m68k-unknown-elf/5.2.0/m54455\nb-crt0.o
                0x40000540                gConfigRec = .
                0x40002540                . = (. + 0x2000)
 *fill*         0x40000540     0x2000 
                0x40002540                UserParamBase = .
                0x40004540                . = (. + 0x2000)
 *fill*         0x40002540     0x2000 
 *(.text)
 .text          0x40004540      0x12c c:/nburn/gcc-m68k/bin/../lib/gcc/m68k-unknown-elf/5.2.0/m54455/crtbegin.o
 .text          0x4000466c        0x8 C:\Nburn/lib/NANO54415.a(hardware_init.o)
                0x4000466c                hardware_init_hook
 *fill*         0x40004674        0xc 
 .text          0x40004680      0x19c C:\Nburn/lib/NANO54415.a(bspa.o)
                0x40004680                CatchNullWrites
                0x40004690                _cache_inval
                0x400046b0                _cache_push
                0x400046d0                _cache_flush
                0x40004710                PushCacheLines
                0x40004760                InvalidateCacheLines
                0x400047b0                FlushCacheLines
 *fill*         0x4000481c        0x4 
 .text          0x40004820      0x41a C:\Nburn/lib/NetBurner.a(ucosmcfa.o)
                0x40004820                OSStartHighRdy
                0x40004840                OSCtxSw
                0x40004870                OSIntCtxSw
                0x400048a0                OSTickISR
                0x400048e0                OSSetupVBR
                0x40004900                OSDebugTraceHalt
                0x40004910                memcpy
                0x40004910                fmemcpy
                0x400049e0                memcpysum
                0x40004b70                memset
                0x40004b70                fmemset
                0x40004c10                GetSR_IntLevel
                0x40004c20                SetSR_IntLevel
 *fill*         0x40004c3a        0x2 
 .text          0x40004c3c        0x8 C:\Nburn/lib/NetBurner.a(software_init.o)
                0x40004c3c                software_init_hook
 .text          0x40004c44       0x2e C:\Nburn/lib/NetBurner.a(ucosmain.o)
                0x40004c44                OSStackProtectCtxSw
 *fill*         0x40004c72        0x2 
 .text          0x40004c74      0x1c0 C:\Nburn/lib/NetBurner.a(ip.o)
                0x40004c74                GetSum
                0x40004d30                GetSum20
                0x40004d68                GetSumHdr
 .text          0x40004e34     0x440e c:/nburn/gcc-m68k/bin/../m68k-unknown-elf/sysroot/lib/m54455\libstdc++.a(cp-demangle.o)
                0x4000912c                __cxa_demangle
                0x4000920c                __gcclibcxx_demangle_callback
 *fill*         0x40009242        0x2 
 .text          0x40009244       0x6c c:/nburn/gcc-m68k/bin/../m68k-unknown-elf/sysroot/lib/m54455\libm.a(lib_a-s_fpclassify.o)
                0x40009244                __fpclassifyd
 .text          0x400092b0       0xda c:/nburn/gcc-m68k/bin/../m68k-unknown-elf/sysroot/lib/m54455\libm.a(lib_a-s_modf.o)
                0x400092b0                modf
 *fill*         0x4000938a        0x2 
 .text          0x4000938c       0xc6 c:/nburn/gcc-m68k/bin/../m68k-unknown-elf/sysroot/lib/m54455\libm.a(lib_a-s_round.o)
                0x4000938c                round
 *fill*         0x40009452        0x2 
 .text          0x40009454       0xea c:/nburn/gcc-m68k/bin/../m68k-unknown-elf/sysroot/lib/m54455\libm.a(lib_a-s_sin.o)
                0x40009454                sin
 *fill*         0x4000953e        0x2 
 .text          0x40009540       0xf0 c:/nburn/gcc-m68k/bin/../m68k-unknown-elf/sysroot/lib/m54455\libm.a(lib_a-w_asin.o)
                0x40009540                asin
 .text          0x40009630        0xc c:/nburn/gcc-m68k/bin/../m68k-unknown-elf/sysroot/lib/m54455\libm.a(lib_a-w_atan2.o)
                0x40009630                atan2
 .text          0x4000963c      0x436 c:/nburn/gcc-m68k/bin/../m68k-unknown-elf/sysroot/lib/m54455\libm.a(lib_a-w_pow.o)
                0x4000963c                pow
 *fill*         0x40009a72        0x2 
 .text          0x40009a74       0xec c:/nburn/gcc-m68k/bin/../m68k-unknown-elf/sysroot/lib/m54455\libm.a(lib_a-wf_asin.o)
                0x40009a74                asinf
 .text          0x40009b60        0xc c:/nburn/gcc-m68k/bin/../m68k-unknown-elf/sysroot/lib/m54455\libm.a(lib_a-wf_atan2.o)
                0x40009b60                atan2f
 .text          0x40009b6c       0xfe c:/nburn/gcc-m68k/bin/../m68k-unknown-elf/sysroot/lib/m54455\libm.a(lib_a-wf_sqrt.o)
                0x40009b6c                sqrtf
 *fill*         0x40009c6a        0x2 
 .text          0x40009c6c      0x606 c:/nburn/gcc-m68k/bin/../m68k-unknown-elf/sysroot/lib/m54455\libm.a(lib_a-e_asin.o)
                0x40009c6c                __ieee754_asin
 *fill*         0x4000a272        0x2 
 .text          0x4000a274      0x24c c:/nburn/gcc-m68k/bin/../m68k-unknown-elf/sysroot/lib/m54455\libm.a(lib_a-e_atan2.o)
                0x4000a274                __ieee754_atan2
 .text          0x4000a4c0      0xdfe c:/nburn/gcc-m68k/bin/../m68k-unknown-elf/sysroot/lib/m54455\libm.a(lib_a-e_pow.o)
                0x4000a4c0                __ieee754_pow
 *fill*         0x4000b2be        0x2 
 .text          0x4000b2c0      0x5f2 c:/nburn/gcc-m68k/bin/../m68k-unknown-elf/sysroot/lib/m54455\libm.a(lib_a-e_rem_pio2.o)
                0x4000b2c0                __ieee754_rem_pio2
 *fill*         0x4000b8b2        0x2 
 .text          0x4000b8b4      0x1d0 c:/nburn/gcc-m68k/bin/../m68k-unknown-elf/sysroot/lib/m54455\libm.a(lib_a-e_sqrt.o)
                0x4000b8b4                __ieee754_sqrt
 .text          0x4000ba84      0x39a c:/nburn/gcc-m68k/bin/../m68k-unknown-elf/sysroot/lib/m54455\libm.a(lib_a-ef_asin.o)
                0x4000ba84                __ieee754_asinf
 *fill*         0x4000be1e        0x2 
 .text          0x4000be20      0x1c6 c:/nburn/gcc-m68k/bin/../m68k-unknown-elf/sysroot/lib/m54455\libm.a(lib_a-ef_atan2.o)
                0x4000be20                __ieee754_atan2f
 *fill*         0x4000bfe6        0x2 
 .text          0x4000bfe8       0xe4 c:/nburn/gcc-m68k/bin/../m68k-unknown-elf/sysroot/lib/m54455\libm.a(lib_a-ef_sqrt.o)
                0x4000bfe8                __ieee754_sqrtf
 .text          0x4000c0cc      0x260 c:/nburn/gcc-m68k/bin/../m68k-unknown-elf/sysroot/lib/m54455\libm.a(lib_a-k_cos.o)
                0x4000c0cc                __kernel_cos
 .text          0x4000c32c      0x8dc c:/nburn/gcc-m68k/bin/../m68k-unknown-elf/sysroot/lib/m54455\libm.a(lib_a-k_rem_pio2.o)
                0x4000c32c                __kernel_rem_pio2
 .text          0x4000cc08      0x1fa c:/nburn/gcc-m68k/bin/../m68k-unknown-elf/sysroot/lib/m54455\libm.a(lib_a-k_sin.o)
                0x4000cc08                __kernel_sin
 *fill*         0x4000ce02        0x2 
 .text          0x4000ce04      0x440 c:/nburn/gcc-m68k/bin/../m68k-unknown-elf/sysroot/lib/m54455\libm.a(lib_a-s_atan.o)
                0x4000ce04                atan
 .text          0x4000d244       0x1c c:/nburn/gcc-m68k/bin/../m68k-unknown-elf/sysroot/lib/m54455\libm.a(lib_a-s_fabs.o)
                0x4000d244                fabs
 .text          0x4000d260       0x1c c:/nburn/gcc-m68k/bin/../m68k-unknown-elf/sysroot/lib/m54455\libm.a(lib_a-s_finite.o)
                0x4000d260                finite
 .text          0x4000d27c      0x17c c:/nburn/gcc-m68k/bin/../m68k-unknown-elf/sysroot/lib/m54455\libm.a(lib_a-s_floor.o)
                0x4000d27c                floor
 .text          0x4000d3f8        0xa c:/nburn/gcc-m68k/bin/../m68k-unknown-elf/sysroot/lib/m54455\libm.a(lib_a-s_matherr.o)
                0x4000d3f8                matherr
 *fill*         0x4000d402        0x2 
 .text          0x4000d404       0x10 c:/nburn/gcc-m68k/bin/../m68k-unknown-elf/sysroot/lib/m54455\libm.a(lib_a-s_nan.o)
                0x4000d404                nan
 .text          0x4000d414      0x19e c:/nburn/gcc-m68k/bin/../m68k-unknown-elf/sysroot/lib/m54455\libm.a(lib_a-s_rint.o)
                0x4000d414                rint
 *fill*         0x4000d5b2        0x2 
 .text          0x4000d5b4      0x188 c:/nburn/gcc-m68k/bin/../m68k-unknown-elf/sysroot/lib/m54455\libm.a(lib_a-s_scalbn.o)
                0x4000d5b4                scalbn
 .text          0x4000d73c      0x2c0 c:/nburn/gcc-m68k/bin/../m68k-unknown-elf/sysroot/lib/m54455\libm.a(lib_a-sf_atan.o)
                0x4000d73c                atanf
 .text          0x4000d9fc       0x10 c:/nburn/gcc-m68k/bin/../m68k-unknown-elf/sysroot/lib/m54455\libm.a(lib_a-sf_fabs.o)
                0x4000d9fc                fabsf
 .text          0x4000da0c       0x4a c:/nburn/gcc-m68k/bin/../m68k-unknown-elf/sysroot/lib/m54455\libm.a(lib_a-sf_fpclassify.o)
                0x4000da0c                __fpclassifyf
 *fill*         0x4000da56        0x2 
 .text          0x4000da58       0x2a c:/nburn/gcc-m68k/bin/../m68k-unknown-elf/sysroot/lib/m54455\libm.a(lib_a-s_copysign.o)
                0x4000da58                copysign
 *fill*         0x4000da82        0x2 
 .text          0x4000da84      0xba0 c:/nburn/gcc-m68k/bin/../lib/gcc/m68k-unknown-elf/5.2.0/m54455\libgcc.a(_double.o)
                0x4000dade                __subdf3
                0x4000dae4                __adddf3
                0x4000df80                __muldf3
                0x4000e15c                __divdf3
                0x4000e44c                __negdf2
                0x4000e4aa                __cmpdf2_internal
                0x4000e582                __cmpdf2
 .text          0x4000e624      0x7ca c:/nburn/gcc-m68k/bin/../lib/gcc/m68k-unknown-elf/5.2.0/m54455\libgcc.a(_float.o)
                0x4000e66c                __subsf3
                0x4000e672                __addsf3
                0x4000e954                __mulsf3
                0x4000ea96                __divsf3
                0x4000ec8a                __negsf2
                0x4000ecdc                __cmpsf2_internal
                0x4000ed7c                __cmpsf2
 *fill*         0x4000edee        0x2 
 .text          0x4000edf0       0x74 c:/nburn/gcc-m68k/bin/../lib/gcc/m68k-unknown-elf/5.2.0/m54455\libgcc.a(_floatex.o)
                0x4000edf0                __clear_sticky_bit
                0x4000edfc                $_exception_handler
 .text          0x4000ee64       0x22 c:/nburn/gcc-m68k/bin/../lib/gcc/m68k-unknown-elf/5.2.0/m54455\libgcc.a(_eqdf2.o)
                0x4000ee64                __eqdf2
 *fill*         0x4000ee86        0x2 
 .text          0x4000ee88       0x22 c:/nburn/gcc-m68k/bin/../lib/gcc/m68k-unknown-elf/5.2.0/m54455\libgcc.a(_nedf2.o)
                0x4000ee88                __nedf2
 *fill*         0x4000eeaa        0x2 
 .text          0x4000eeac       0x22 c:/nburn/gcc-m68k/bin/../lib/gcc/m68k-unknown-elf/5.2.0/m54455\libgcc.a(_gtdf2.o)
                0x4000eeac                __gtdf2
 *fill*         0x4000eece        0x2 
 .text          0x4000eed0       0x22 c:/nburn/gcc-m68k/bin/../lib/gcc/m68k-unknown-elf/5.2.0/m54455\libgcc.a(_gedf2.o)
                0x4000eed0                __gedf2
 *fill*         0x4000eef2        0x2 
 .text          0x4000eef4       0x22 c:/nburn/gcc-m68k/bin/../lib/gcc/m68k-unknown-elf/5.2.0/m54455\libgcc.a(_ltdf2.o)
                0x4000eef4                __ltdf2
 *fill*         0x4000ef16        0x2 
 .text          0x4000ef18       0x22 c:/nburn/gcc-m68k/bin/../lib/gcc/m68k-unknown-elf/5.2.0/m54455\libgcc.a(_ledf2.o)
                0x4000ef18                __ledf2
 *fill*         0x4000ef3a        0x2 
 .text          0x4000ef3c       0x1a c:/nburn/gcc-m68k/bin/../lib/gcc/m68k-unknown-elf/5.2.0/m54455\libgcc.a(_eqsf2.o)
                0x4000ef3c                __eqsf2
 *fill*         0x4000ef56        0x2 
 .text          0x4000ef58       0x1a c:/nburn/gcc-m68k/bin/../lib/gcc/m68k-unknown-elf/5.2.0/m54455\libgcc.a(_gtsf2.o)
                0x4000ef58                __gtsf2
 *fill*         0x4000ef72        0x2 
 .text          0x4000ef74       0x1a c:/nburn/gcc-m68k/bin/../lib/gcc/m68k-unknown-elf/5.2.0/m54455\libgcc.a(_gesf2.o)
                0x4000ef74                __gesf2
 *fill*         0x4000ef8e        0x2 
 .text          0x4000ef90       0x1a c:/nburn/gcc-m68k/bin/../lib/gcc/m68k-unknown-elf/5.2.0/m54455\libgcc.a(_ltsf2.o)
                0x4000ef90                __ltsf2
 *fill*         0x4000efaa        0x2 
 .text          0x4000efac       0x66 c:/nburn/gcc-m68k/bin/../lib/gcc/m68k-unknown-elf/5.2.0/m54455\libgcc.a(_muldi3.o)
                0x4000efac                __muldi3
 *fill*         0x4000f012        0x2 
 .text          0x4000f014       0x76 c:/nburn/gcc-m68k/bin/../lib/gcc/m68k-unknown-elf/5.2.0/m54455\libgcc.a(_fixunsdfsi.o)
                0x4000f014                __fixunsdfsi
 *fill*         0x4000f08a        0x2 
 .text          0x4000f08c       0x7a c:/nburn/gcc-m68k/bin/../lib/gcc/m68k-unknown-elf/5.2.0/m54455\libgcc.a(_fixunsdfdi.o)
                0x4000f08c                __fixunsdfdi
 *fill*         0x4000f106        0x2 
 .text          0x4000f108      0x3fe c:/nburn/gcc-m68k/bin/../lib/gcc/m68k-unknown-elf/5.2.0/m54455\libgcc.a(_udivdi3.o)
                0x4000f108                __udivdi3
 *fill*         0x4000f506        0x2 
 .text          0x4000f508      0x372 c:/nburn/gcc-m68k/bin/../lib/gcc/m68k-unknown-elf/5.2.0/m54455\libgcc.a(_umoddi3.o)
                0x4000f508                __umoddi3
 *fill*         0x4000f87a        0x2 
 .text          0x4000f87c      0x442 c:/nburn/gcc-m68k/bin/../lib/gcc/m68k-unknown-elf/5.2.0/m54455\libgcc.a(fpgnulib.o)
                0x4000f87c                __unordsf2
                0x4000f8d4                __unorddf2
                0x4000f93e                __floatunsidf
                0x4000f9a2                __floatsidf
                0x4000fa4e                __floatunsisf
                0x4000fa68                __floatsisf
                0x4000fa82                __extendsfdf2
                0x4000faee                __truncdfsf2
                0x4000fc18                __fixdfsi
                0x4000fca4                __fixsfsi
 *fill*         0x4000fcbe        0x2 
 .text          0x4000fcc0     0x21b4 c:/nburn/gcc-m68k/bin/../lib/gcc/m68k-unknown-elf/5.2.0/m54455\libgcc.a(unwind-dw2.o)
                0x4001189a                _Unwind_GetGR
                0x40011900                _Unwind_GetCFA
                0x40011910                _Unwind_SetGR
                0x4001197a                _Unwind_GetIP
                0x4001198a                _Unwind_GetIPInfo
                0x400119aa                _Unwind_SetIP
                0x400119bc                _Unwind_GetLanguageSpecificData
                0x400119cc                _Unwind_GetRegionStart
                0x400119dc                _Unwind_FindEnclosingFunction
                0x40011a06                _Unwind_GetDataRelBase
                0x40011a16                _Unwind_GetTextRelBase
                0x40011a26                __frame_state_for
                0x40011af2                _Unwind_RaiseException
                0x40011c0c                _Unwind_ForcedUnwind
                0x40011ca0                _Unwind_Resume
                0x40011d36                _Unwind_Resume_or_Rethrow
                0x40011dd0                _Unwind_DeleteException
                0x40011dee                _Unwind_Backtrace
 .text          0x40011e74     0x126e c:/nburn/gcc-m68k/bin/../lib/gcc/m68k-unknown-elf/5.2.0/m54455\libgcc.a(unwind-dw2-fde.o)
                0x40012cc8                __register_frame_info_bases
                0x40012d10                __register_frame_info
                0x40012d58                __register_frame
                0x40012db0                __register_frame_info_table_bases
                0x40012dfa                __register_frame_info_table
                0x40012e40                __register_frame_table
                0x40012e90                __deregister_frame_info_bases
                0x40012f66                __deregister_frame_info
                0x40012f70                __deregister_frame
                0x40012f94                _Unwind_Find_FDE
 *fill*         0x400130e2        0x2 
 .text          0x400130e4       0x18 c:/nburn/gcc-m68k/bin/../m68k-unknown-elf/sysroot/lib/m54455\libc.a(lib_a-abort.o)
                0x400130e4                abort
 .text          0x400130fc       0x18 c:/nburn/gcc-m68k/bin/../m68k-unknown-elf/sysroot/lib/m54455\libc.a(lib_a-atexit.o)
                0x400130fc                atexit
 .text          0x40013114       0x34 c:/nburn/gcc-m68k/bin/../m68k-unknown-elf/sysroot/lib/m54455\libc.a(lib_a-atoi.o)
                0x40013114                atoi
                0x4001312c                _atoi_r
 .text          0x40013148       0x5c c:/nburn/gcc-m68k/bin/../m68k-unknown-elf/sysroot/lib/m54455\libc.a(lib_a-bsearch.o)
                0x40013148                bsearch
 .text          0x400131a4       0x1e c:/nburn/gcc-m68k/bin/../m68k-unknown-elf/sysroot/lib/m54455\libc.a(lib_a-cxa_atexit.o)
                0x400131a4                __cxa_atexit
 *fill*         0x400131c2        0x2 
 .text          0x400131c4        0xe c:/nburn/gcc-m68k/bin/../m68k-unknown-elf/sysroot/lib/m54455\libc.a(lib_a-errno.o)
                0x400131c4                __errno
 *fill*         0x400131d2        0x2 
 .text          0x400131d4       0x5c c:/nburn/gcc-m68k/bin/../m68k-unknown-elf/sysroot/lib/m54455\libc.a(lib_a-fputc.o)
                0x400131d4                _fputc_r
                0x40013216                fputc
 .text          0x40013230       0xa4 c:/nburn/gcc-m68k/bin/../m68k-unknown-elf/sysroot/lib/m54455\libc.a(lib_a-fputs.o)
                0x40013230                _fputs_r
                0x400132ba                fputs
 .text          0x400132d4      0x366 c:/nburn/gcc-m68k/bin/../m68k-unknown-elf/sysroot/lib/m54455\libc.a(lib_a-fvwrite.o)
                0x400132d4                __sfvwrite_r
 *fill*         0x4001363a        0x2 
 .text          0x4001363c       0x1a c:/nburn/gcc-m68k/bin/../m68k-unknown-elf/sysroot/lib/m54455\libc.a(lib_a-isspace.o)
                0x4001363c                isspace
 *fill*         0x40013656        0x2 
 .text          0x40013658       0x32 c:/nburn/gcc-m68k/bin/../m68k-unknown-elf/sysroot/lib/m54455\libc.a(lib_a-malloc.o)
                0x40013658                malloc
                0x40013670                free
 *fill*         0x4001368a        0x2 
 .text          0x4001368c      0x584 c:/nburn/gcc-m68k/bin/../m68k-unknown-elf/sysroot/lib/m54455\libc.a(lib_a-mallocr.o)
                0x4001368c                _malloc_r
 .text          0x40013c10       0x32 c:/nburn/gcc-m68k/bin/../m68k-unknown-elf/sysroot/lib/m54455\libc.a(lib_a-memchr.o)
                0x40013c10                memchr
 *fill*         0x40013c42        0x2 
 .text          0x40013c44       0x32 c:/nburn/gcc-m68k/bin/../m68k-unknown-elf/sysroot/lib/m54455\libc.a(lib_a-memcmp.o)
                0x40013c44                memcmp
 *fill*         0x40013c76        0x2 
 .text          0x40013c78       0x54 c:/nburn/gcc-m68k/bin/../m68k-unknown-elf/sysroot/lib/m54455\libc.a(lib_a-memmove.o)
                0x40013c78                memmove
 .text          0x40013ccc       0xa0 c:/nburn/gcc-m68k/bin/../m68k-unknown-elf/sysroot/lib/m54455\libc.a(lib_a-putc.o)
                0x40013ccc                _putc_r
                0x40013d52                putc
 .text          0x40013d6c       0xac c:/nburn/gcc-m68k/bin/../m68k-unknown-elf/sysroot/lib/m54455\libc.a(lib_a-puts.o)
                0x40013d6c                _puts_r
                0x40013e02                puts
 .text          0x40013e18       0x62 c:/nburn/gcc-m68k/bin/../m68k-unknown-elf/sysroot/lib/m54455\libc.a(lib_a-rand.o)
                0x40013e18                srand
                0x40013e30                rand
 *fill*         0x40013e7a        0x2 
 .text          0x40013e7c       0x1c c:/nburn/gcc-m68k/bin/../m68k-unknown-elf/sysroot/lib/m54455\libc.a(lib_a-realloc.o)
                0x40013e7c                realloc
 .text          0x40013e98      0x456 c:/nburn/gcc-m68k/bin/../m68k-unknown-elf/sysroot/lib/m54455\libc.a(lib_a-reallocr.o)
                0x40013e98                _realloc_r
 *fill*         0x400142ee        0x2 
 .text          0x400142f0      0x146 c:/nburn/gcc-m68k/bin/../m68k-unknown-elf/sysroot/lib/m54455\libc.a(lib_a-setvbuf.o)
                0x400142f0                setvbuf
 *fill*         0x40014436        0x2 
 .text          0x40014438      0x1ce c:/nburn/gcc-m68k/bin/../m68k-unknown-elf/sysroot/lib/m54455\libc.a(lib_a-signal.o)
                0x40014438                _init_signal_r
                0x40014480                _signal_r
                0x400144cc                _raise_r
                0x40014540                __sigtramp_r
                0x400145ae                raise
                0x400145c4                signal
                0x400145de                _init_signal
                0x400145f0                __sigtramp
 *fill*         0x40014606        0x2 
 .text          0x40014608       0x3e c:/nburn/gcc-m68k/bin/../m68k-unknown-elf/sysroot/lib/m54455\libc.a(lib_a-signalr.o)
                0x40014608                _kill_r
                0x4001463a                _getpid_r
 *fill*         0x40014646        0x2 
 .text          0x40014648       0x18 c:/nburn/gcc-m68k/bin/../m68k-unknown-elf/sysroot/lib/m54455\libc.a(lib_a-stpcpy.o)
                0x40014648                stpcpy
 .text          0x40014660       0x2e c:/nburn/gcc-m68k/bin/../m68k-unknown-elf/sysroot/lib/m54455\libc.a(lib_a-strcat.o)
                0x40014660                strcat
 *fill*         0x4001468e        0x2 
 .text          0x40014690       0x2e c:/nburn/gcc-m68k/bin/../m68k-unknown-elf/sysroot/lib/m54455\libc.a(lib_a-strcmp.o)
                0x40014690                strcmp
 *fill*         0x400146be        0x2 
 .text          0x400146c0       0x1c c:/nburn/gcc-m68k/bin/../m68k-unknown-elf/sysroot/lib/m54455\libc.a(lib_a-strcpy.o)
                0x400146c0                strcpy
 .text          0x400146dc       0x1a c:/nburn/gcc-m68k/bin/../m68k-unknown-elf/sysroot/lib/m54455\libc.a(lib_a-strlen.o)
                0x400146dc                strlen
 *fill*         0x400146f6        0x2 
 .text          0x400146f8       0x4e c:/nburn/gcc-m68k/bin/../m68k-unknown-elf/sysroot/lib/m54455\libc.a(lib_a-strncmp.o)
                0x400146f8                strncmp
 *fill*         0x40014746        0x2 
 .text          0x40014748       0x30 c:/nburn/gcc-m68k/bin/../m68k-unknown-elf/sysroot/lib/m54455\libc.a(lib_a-strncpy.o)
                0x40014748                strncpy
 .text          0x40014778       0x4a c:/nburn/gcc-m68k/bin/../m68k-unknown-elf/sysroot/lib/m54455\libc.a(lib_a-strstr.o)
                0x40014778                strstr
 *fill*         0x400147c2        0x2 
 .text          0x400147c4      0x16e c:/nburn/gcc-m68k/bin/../m68k-unknown-elf/sysroot/lib/m54455\libc.a(lib_a-strtol.o)
                0x400147c4                _strtol_r
                0x40014914                strtol
 *fill*         0x40014932        0x2 
 .text          0x40014934       0x2a c:/nburn/gcc-m68k/bin/../m68k-unknown-elf/sysroot/lib/m54455\libc.a(lib_a-tolower.o)
                0x40014934                tolower
 *fill*         0x4001495e        0x2 
 .text          0x40014960       0x2a c:/nburn/gcc-m68k/bin/../m68k-unknown-elf/sysroot/lib/m54455\libc.a(lib_a-toupper.o)
                0x40014960                toupper
 *fill*         0x4001498a        0x2 
 .text          0x4001498c       0xf4 c:/nburn/gcc-m68k/bin/../m68k-unknown-elf/sysroot/lib/m54455\libc.a(lib_a-wbuf.o)
                0x4001498c                __swbuf_r
                0x40014a66                __swbuf
 .text          0x40014a80      0x116 c:/nburn/gcc-m68k/bin/../m68k-unknown-elf/sysroot/lib/m54455\libc.a(lib_a-wsetup.o)
                0x40014a80                __swsetup_r
 *fill*         0x40014b96        0x2 
 .text          0x40014b98       0xa0 c:/nburn/gcc-m68k/bin/../m68k-unknown-elf/sysroot/lib/m54455\libc.a(lib_a-__atexit.o)
                0x40014b98                __register_exitproc
 .text          0x40014c38      0x204 c:/nburn/gcc-m68k/bin/../m68k-unknown-elf/sysroot/lib/m54455\libc.a(lib_a-fflush.o)
                0x40014c38                __sflush_r
                0x40014dc0                _fflush_r
                0x40014e0e                fflush
 .text          0x40014e3c      0x28c c:/nburn/gcc-m68k/bin/../m68k-unknown-elf/sysroot/lib/m54455\libc.a(lib_a-findfp.o)
                0x40014e46                _cleanup_r
                0x40014ee2                __sfmoreglue
                0x40014f3e                _cleanup
                0x40014f52                __sinit
                0x40014fc2                __sfp
                0x40015074                __sfp_lock_acquire
                0x4001507c                __sfp_lock_release
                0x40015084                __sinit_lock_acquire
                0x4001508c                __sinit_lock_release
                0x40015094                __fp_lock_all
                0x400150ae                __fp_unlock_all
 .text          0x400150c8      0x2ec c:/nburn/gcc-m68k/bin/../m68k-unknown-elf/sysroot/lib/m54455\libc.a(lib_a-freer.o)
                0x400150c8                _malloc_trim_r
                0x4001519c                _free_r
 .text          0x400153b4       0xb4 c:/nburn/gcc-m68k/bin/../m68k-unknown-elf/sysroot/lib/m54455\libc.a(lib_a-fwalk.o)
                0x400153b4                _fwalk
                0x4001540c                _fwalk_reent
 .text          0x40015468      0x152 c:/nburn/gcc-m68k/bin/../m68k-unknown-elf/sysroot/lib/m54455\libc.a(lib_a-makebuf.o)
                0x40015468                __smakebuf_r
 *fill*         0x400155ba        0x2 
 .text          0x400155bc      0x126 c:/nburn/gcc-m68k/bin/../m68k-unknown-elf/sysroot/lib/m54455\libc.a(lib_a-stdio.o)
                0x400155bc                __sread
                0x40015600                __seofread
                0x4001560a                __swrite
                0x40015676                __sseek
                0x400156ca                __sclose
 *fill*         0x400156e2        0x2 
 .text          0x400156e4       0x38 c:/nburn/gcc-m68k/bin/../m68k-unknown-elf/sysroot/lib/m54455\libc.a(lib_a-writer.o)
                0x400156e4                _write_r
 .text          0x4001571c       0x2e c:/nburn/gcc-m68k/bin/../m68k-unknown-elf/sysroot/lib/m54455\libc.a(lib_a-closer.o)
                0x4001571c                _close_r
 *fill*         0x4001574a        0x2 
 .text          0x4001574c       0xe2 c:/nburn/gcc-m68k/bin/../m68k-unknown-elf/sysroot/lib/m54455\libc.a(lib_a-fclose.o)
                0x4001574c                _fclose_r
                0x40015818                fclose
 *fill*         0x4001582e        0x2 
 .text          0x40015830       0x32 c:/nburn/gcc-m68k/bin/../m68k-unknown-elf/sysroot/lib/m54455\libc.a(lib_a-fstatr.o)
                0x40015830                _fstat_r
 *fill*         0x40015862        0x2 
 .text          0x40015864       0x2e c:/nburn/gcc-m68k/bin/../m68k-unknown-elf/sysroot/lib/m54455\libc.a(lib_a-isattyr.o)
                0x40015864                _isatty_r
 *fill*         0x40015892        0x2 
 .text          0x40015894       0x38 c:/nburn/gcc-m68k/bin/../m68k-unknown-elf/sysroot/lib/m54455\libc.a(lib_a-lseekr.o)
                0x40015894                _lseek_r
 .text          0x400158cc       0x38 c:/nburn/gcc-m68k/bin/../m68k-unknown-elf/sysroot/lib/m54455\libc.a(lib_a-readr.o)
                0x400158cc                _read_r
 .text          0x40015904       0x32 c:/nburn/gcc-m68k/bin/../lib/gcc/m68k-unknown-elf/5.2.0/m54455/crtend.o
                0x40015940                . = ALIGN (0x10)
 *fill*         0x40015936        0xa 
 *(.text.*)
 .text._Z5DrivePv
                0x40015940      0x1a8 main.o
                0x40015940                _Z5DrivePv
 .text._Z15CheckNVSettingsv
                0x40015ae8      0x1bc main.o
                0x40015ae8                _Z15CheckNVSettingsv
 .text._Z13getGlobalTimev
                0x40015ca4       0xc4 main.o
                0x40015ca4                _Z13getGlobalTimev
 .text._Z9LCDUpdatePv
                0x40015d68      0x206 main.o
                0x40015d68                _Z9LCDUpdatePv
 *fill*         0x40015f6e        0x2 
 .text._Z4initv
                0x40015f70      0x21c main.o
                0x40015f70                _Z4initv
 .text.UserMain
                0x4001618c      0x100 main.o
                0x4001618c                UserMain
 .text.startup._GLOBAL__sub_I_MainTaskSem
                0x4001628c       0xdc main.o
 .text._ZN7Utility4modeEv
                0x40016368       0x32 Utility.o
                0x40016368                _ZN7Utility4modeEv
 *fill*         0x4001639a        0x2 
 .text._ZN7Utility9odoToFeetEm
                0x4001639c       0x46 Utility.o
                0x4001639c                _ZN7Utility9odoToFeetEm
 *fill*         0x400163e2        0x2 
 .text._ZN7Utility10degreeWrapEf
                0x400163e4       0x90 Utility.o
                0x400163e4                _ZN7Utility10degreeWrapEf
 .text._ZN7Utility9switchValEi
                0x40016474       0x26 Utility.o
                0x40016474                _ZN7Utility9switchValEi
 *fill*         0x4001649a        0x2 
 .text._ZN7Utility6cmToFtEf
                0x4001649c       0x3c Utility.o
                0x4001649c                _ZN7Utility6cmToFtEf
 .text._ZN8Profiler3ticEi
                0x400164d8       0x64 Profiler.o
                0x400164d8                _ZN8Profiler3ticEi
 .text._ZN8Profiler3tocEi
                0x4001653c       0xe8 Profiler.o
                0x4001653c                _ZN8Profiler3tocEi
 .text.startup._GLOBAL__sub_I__ZN8Profiler1tE
                0x40016624       0x28 Profiler.o
 .text._ZN4PathD2Ev
                0x4001664c       0x28 Path.o
                0x4001664c                _ZN4PathD2Ev
                0x4001664c                _ZN4PathD1Ev
 .text._ZN4PathD0Ev
                0x40016674       0x3a Path.o
                0x40016674                _ZN4PathD0Ev
 *fill*         0x400166ae        0x2 
 .text._ZN4PathC2Ev
                0x400166b0       0x1e Path.o
                0x400166b0                _ZN4PathC2Ev
                0x400166b0                _ZN4PathC1Ev
 *fill*         0x400166ce        0x2 
 .text._ZN3NavC2Ev
                0x400166d0       0x56 Nav.o
                0x400166d0                _ZN3NavC2Ev
                0x400166d0                _ZN3NavC1Ev
 *fill*         0x40016726        0x2 
 .text._ZN3Nav4getXEv
                0x40016728       0x10 Nav.o
                0x40016728                _ZN3Nav4getXEv
 .text._ZN3Nav4getYEv
                0x40016738       0x10 Nav.o
                0x40016738                _ZN3Nav4getYEv
 .text._ZN3Nav10getHeadDesEv
                0x40016748       0x10 Nav.o
                0x40016748                _ZN3Nav10getHeadDesEv
 .text._ZN3Nav4getVEv
                0x40016758       0x10 Nav.o
                0x40016758                _ZN3Nav4getVEv
 .text._ZN3Nav10isFinishedEv
                0x40016768       0x10 Nav.o
                0x40016768                _ZN3Nav10isFinishedEv
 .text._ZN3Nav12headingSteerEv
                0x40016778      0x13c Nav.o
                0x40016778                _ZN3Nav12headingSteerEv
 .text._ZN3Nav8getSteerEv
                0x400168b4       0xba Nav.o
                0x400168b4                _ZN3Nav8getSteerEv
 *fill*         0x4001696e        0x2 
 .text._ZN3Nav10wallUpdateEv
                0x40016970      0x102 Nav.o
                0x40016970                _ZN3Nav10wallUpdateEv
 *fill*         0x40016a72        0x2 
 .text._ZN3Nav9navUpdateEv
                0x40016a74      0x410 Nav.o
                0x40016a74                _ZN3Nav9navUpdateEv
 .text._ZN3Nav19waypointFinishCheckEf
                0x40016e84       0xfe Nav.o
                0x40016e84                _ZN3Nav19waypointFinishCheckEf
 *fill*         0x40016f82        0x2 
 .text._ZN3Nav12brakeAndZeroEf
                0x40016f84       0x4e Nav.o
                0x40016f84                _ZN3Nav12brakeAndZeroEf
 *fill*         0x40016fd2        0x2 
 .text._ZN3Nav17moveUntilFinishedEff.part.0.constprop.1
                0x40016fd4       0xc0 Nav.o
 .text._ZN3Nav11getThrottleEv
                0x40017094       0x46 Nav.o
                0x40017094                _ZN3Nav11getThrottleEv
 *fill*         0x400170da        0x2 
 .text._ZN3NavD2Ev
                0x400170dc       0x32 Nav.o
                0x400170dc                _ZN3NavD1Ev
                0x400170dc                _ZN3NavD2Ev
 *fill*         0x4001710e        0x2 
 .text._ZN3NavD0Ev
                0x40017110       0x40 Nav.o
                0x40017110                _ZN3NavD0Ev
 .text._ZN3MapD2Ev
                0x40017150        0x8 Map.o
                0x40017150                _ZN3MapD2Ev
                0x40017150                _ZN3MapD1Ev
 .text._ZN3MapD0Ev
                0x40017158       0x1c Map.o
                0x40017158                _ZN3MapD0Ev
 .text._ZN3MapC2Ev
                0x40017174       0x12 Map.o
                0x40017174                _ZN3MapC2Ev
                0x40017174                _ZN3MapC1Ev
 *fill*         0x40017186        0x2 
 .text._ZN13MainLogObject9GetExtentERPmS1_
                0x40017188       0x24 Logger.o
                0x40017188                _ZN13MainLogObject9GetExtentERPmS1_
 .text._ZN6Logger7logLoopEPv
                0x400171ac      0x4d2 Logger.o
                0x400171ac                _ZN6Logger7logLoopEPv
 *fill*         0x4001767e        0x2 
 .text._ZN13MainLogObject8BuildOneEv
                0x40017680      0x7e8 Logger.o
                0x40017680                _ZN13MainLogObject8BuildOneEv
 .text._ZN13MainLogObjectC2Ev
                0x40017e68      0xb50 Logger.o
                0x40017e68                _ZN13MainLogObjectC2Ev
                0x40017e68                _ZN13MainLogObjectC1Ev
 .text._ZN6Logger8logBeginEv
                0x400189b8       0x3a Logger.o
                0x400189b8                _ZN6Logger8logBeginEv
 *fill*         0x400189f2        0x2 
 .text.startup._GLOBAL__sub_I_mainLog
                0x400189f4       0x1a Logger.o
 *fill*         0x40018a0e        0x2 
 .text._Z13setupFastMathv
                0x40018a10       0xdc FastMath.o
                0x40018a10                _Z13setupFastMathv
 .text._Z7fastsinf
                0x40018aec       0xc2 FastMath.o
                0x40018aec                _Z7fastsinf
 *fill*         0x40018bae        0x2 
 .text._Z7fastcosf
                0x40018bb0       0xce FastMath.o
                0x40018bb0                _Z7fastcosf
 *fill*         0x40018c7e        0x2 
 .text._Z11CoreRcTimeri
                0x40018c80       0xfa Drivers\servodrive.o
                0x40018c80                _Z11CoreRcTimeri
 *fill*         0x40018d7a        0x2 
 .text._Z12fake_Ch0_ISRv
                0x40018d7c       0x54 Drivers\servodrive.o
                0x40018d7c                _Z12fake_Ch0_ISRv
                0x40018d80                Ch0_ISR
 .text.real_Ch0_ISR
                0x40018dd0       0x16 Drivers\servodrive.o
                0x40018dd0                real_Ch0_ISR
 *fill*         0x40018de6        0x2 
 .text._Z12fake_Ch1_ISRv
                0x40018de8       0x54 Drivers\servodrive.o
                0x40018de8                _Z12fake_Ch1_ISRv
                0x40018dec                Ch1_ISR
 .text.real_Ch1_ISR
                0x40018e3c       0x18 Drivers\servodrive.o
                0x40018e3c                real_Ch1_ISR
 .text._Z14ServoDriveInitv
                0x40018e54      0x16e Drivers\servodrive.o
                0x40018e54                _Z14ServoDriveInitv
 *fill*         0x40018fc2        0x2 
 .text._Z11SetServoPosid
                0x40018fc4      0x134 Drivers\servodrive.o
                0x40018fc4                _Z11SetServoPosid
 .text._Z11SetServoRawii
                0x400190f8       0xc2 Drivers\servodrive.o
                0x400190f8                _Z11SetServoRawii
 *fill*         0x400191ba        0x2 
 .text._Z11getServoPosi
                0x400191bc       0x1c Drivers\servodrive.o
                0x400191bc                _Z11getServoPosi
 .text._Z14PinFunctionPWMi
                0x400191d8      0x11a Drivers\pwm.o
                0x400191d8                _Z14PinFunctionPWMi
 *fill*         0x400192f2        0x2 
 .text._Z18CheckLoadOkayClearv
                0x400192f4       0x7c Drivers\pwm.o
                0x400192f4                _Z18CheckLoadOkayClearv
 .text._Z19RegisterDefinitionsih
                0x40019370       0x9a Drivers\pwm.o
                0x40019370                _Z19RegisterDefinitionsih
 *fill*         0x4001940a        0x2 
 .text._Z14EdgeAlignedPWMiii
                0x4001940c      0x408 Drivers\pwm.o
                0x4001940c                _Z14EdgeAlignedPWMiii
 .text._Z6PinPWMiid
                0x40019814       0x86 Drivers\pwm.o
                0x40019814                _Z6PinPWMiid
 *fill*         0x4001989a        0x2 
 .text._Z22BuildOrFindDescriptionPKc
                0x4001989c       0xa2 Drivers\introspec.o
                0x4001989c                _Z22BuildOrFindDescriptionPKc
 *fill*         0x4001993e        0x2 
 .text._ZN15IntrospecObjectC2EPKc
                0x40019940       0x1c Drivers\introspec.o
                0x40019940                _ZN15IntrospecObjectC1EPKc
                0x40019940                _ZN15IntrospecObjectC2EPKc
 .text._Z14LogEscapedByteh
                0x4001995c       0x72 Drivers\introspec.o
                0x4001995c                _Z14LogEscapedByteh
 *fill*         0x400199ce        0x2 
 .text._Z10LogRawByteh
                0x400199d0       0x58 Drivers\introspec.o
                0x400199d0                _Z10LogRawByteh
 .text._Z8LogRaw32m
                0x40019a28      0x130 Drivers\introspec.o
                0x40019a28                _Z8LogRaw32m
 .text._ZN15IntrospecObject7ElementEPvmPKcc
                0x40019b58       0x94 Drivers\introspec.o
                0x40019b58                _ZN15IntrospecObject7ElementEPvmPKcc
 .text._ZN15IntrospecObject12LogStructureEv
                0x40019bec       0x98 Drivers\introspec.o
                0x40019bec                _ZN15IntrospecObject12LogStructureEv
 .text._ZN15IntrospecObject3LogEb
                0x40019c84      0x136 Drivers\introspec.o
                0x40019c84                _ZN15IntrospecObject3LogEb
 *fill*         0x40019dba        0x2 
 .text._Z10LogMessagePKcb
                0x40019dbc       0x84 Drivers\introspec.o
                0x40019dbc                _Z10LogMessagePKcb
 .text._Z12WriteLogToFdi
                0x40019e40       0xf0 Drivers\introspec.o
                0x40019e40                _Z12WriteLogToFdi
 .text._Z10GetLogSizev
                0x40019f30       0x80 Drivers\introspec.o
                0x40019f30                _Z10GetLogSizev
 .text._Z10InitLogFtpi
                0x40019fb0       0x20 Drivers\introspec.o
                0x40019fb0                _Z10InitLogFtpi
 .text._Z22FTPD_GetFileFromClientPKcS0_Pvi
                0x40019fd0        0xa Drivers\introspec.o
                0x40019fd0                _Z22FTPD_GetFileFromClientPKcS0_Pvi
 *fill*         0x40019fda        0x2 
 .text._Z21FTPD_AbleToCreateFilePKcS0_Pv
                0x40019fdc        0xa Drivers\introspec.o
                0x40019fdc                _Z21FTPD_AbleToCreateFilePKcS0_Pv
 *fill*         0x40019fe6        0x2 
 .text._Z16FTPDSessionStartPKcS0_7IPADDR4
                0x40019fe8        0xa Drivers\introspec.o
                0x40019fe8                _Z16FTPDSessionStartPKcS0_7IPADDR4
 *fill*         0x40019ff2        0x2 
 .text._Z14FTPDSessionEndPv
                0x40019ff4        0x8 Drivers\introspec.o
                0x40019ff4                _Z14FTPDSessionEndPv
 .text._Z23FTPD_ListSubDirectoriesPKcPvPFviS0_Ei
                0x40019ffc        0xa Drivers\introspec.o
                0x40019ffc                _Z23FTPD_ListSubDirectoriesPKcPvPFviS0_Ei
 *fill*         0x4001a006        0x2 
 .text._Z20FTPD_DirectoryExistsPKcPv
                0x4001a008        0xa Drivers\introspec.o
                0x4001a008                _Z20FTPD_DirectoryExistsPKcPv
 *fill*         0x4001a012        0x2 
 .text._Z23FTPD_CreateSubDirectoryPKcS0_Pv
                0x4001a014        0xa Drivers\introspec.o
                0x4001a014                _Z23FTPD_CreateSubDirectoryPKcS0_Pv
 *fill*         0x4001a01e        0x2 
 .text._Z23FTPD_DeleteSubDirectoryPKcS0_Pv
                0x4001a020        0xa Drivers\introspec.o
                0x4001a020                _Z23FTPD_DeleteSubDirectoryPKcS0_Pv
 *fill*         0x4001a02a        0x2 
 .text._Z15FTPD_DeleteFilePKcS0_Pv
                0x4001a02c       0x60 Drivers\introspec.o
                0x4001a02c                _Z15FTPD_DeleteFilePKcS0_Pv
 .text._Z11FTPD_RenamePKcS0_S0_Pv
                0x4001a08c        0xa Drivers\introspec.o
                0x4001a08c                _Z11FTPD_RenamePKcS0_S0_Pv
 *fill*         0x4001a096        0x2 
 .text._Z16FTPD_GetFileSizePKcS0_
                0x4001a098        0xa Drivers\introspec.o
                0x4001a098                _Z16FTPD_GetFileSizePKcS0_
 *fill*         0x4001a0a2        0x2 
 .text._Z12getdirstringPKclPc
                0x4001a0a4       0xac Drivers\introspec.o
                0x4001a0a4                _Z12getdirstringPKclPc
 .text._Z13FTPD_ListFilePKcPvPFviS0_Ei
                0x4001a150       0x5e Drivers\introspec.o
                0x4001a150                _Z13FTPD_ListFilePKcPvPFviS0_Ei
 *fill*         0x4001a1ae        0x2 
 .text._Z21FTPD_SendFileToClientPKcS0_Pvi
                0x4001a1b0       0x78 Drivers\introspec.o
                0x4001a1b0                _Z21FTPD_SendFileToClientPKcS0_Pvi
 .text._Z15FTPD_FileExistsPKcS0_Pv
                0x4001a228        0xa Drivers\introspec.o
                0x4001a228                _Z15FTPD_FileExistsPKcS0_Pv
 *fill*         0x4001a232        0x2 
 .text._ZN7FileLogC2EPKc
                0x4001a234       0x20 Drivers\introspec.o
                0x4001a234                _ZN7FileLogC2EPKc
                0x4001a234                _ZN7FileLogC1EPKc
 .text._Z15LogFileVersionsv
                0x4001a254       0x5e Drivers\introspec.o
                0x4001a254                _Z15LogFileVersionsv
 *fill*         0x4001a2b2        0x2 
 .text.startup._GLOBAL__sub_I__ZN15IntrospecObject7bShowMeE
                0x4001a2b4       0x44 Drivers\introspec.o
 .text._Z15RC_ProcessCharsih
                0x4001a2f8       0xe6 Drivers\dsm2.o
                0x4001a2f8                _Z15RC_ProcessCharsih
 *fill*         0x4001a3de        0x2 
 .text._Z10InitDSM2Rxi
                0x4001a3e0       0x52 Drivers\dsm2.o
                0x4001a3e0                _Z10InitDSM2Rxi
 *fill*         0x4001a432        0x2 
 .text._ZN13SpinningLidar17SpinningLidarInitEv
                0x4001a434       0x34 Drivers\SpinningLidar.o
                0x4001a434                _ZN13SpinningLidar17SpinningLidarInitEv
 .text._ZN13SpinningLidar11checkHealthEi
                0x4001a468       0xe6 Drivers\SpinningLidar.o
                0x4001a468                _ZN13SpinningLidar11checkHealthEi
 *fill*         0x4001a54e        0x2 
 .text._ZN13SpinningLidar9hardResetEi
                0x4001a550       0x46 Drivers\SpinningLidar.o
                0x4001a550                _ZN13SpinningLidar9hardResetEi
 *fill*         0x4001a596        0x2 
 .text._ZN13SpinningLidar9startScanEi
                0x4001a598       0x78 Drivers\SpinningLidar.o
                0x4001a598                _ZN13SpinningLidar9startScanEi
 .text._ZN13SpinningLidar11processCharEih
                0x4001a610      0x154 Drivers\SpinningLidar.o
                0x4001a610                _ZN13SpinningLidar11processCharEih
 .text._ZN13SpinningLidar9LidarTaskEPv
                0x4001a764      0x1ba Drivers\SpinningLidar.o
                0x4001a764                _ZN13SpinningLidar9LidarTaskEPv
 *fill*         0x4001a91e        0x2 
 .text._ZN8OdometerD2Ev
                0x4001a920        0x8 Drivers\Odometer.o
                0x4001a920                _ZN8OdometerD2Ev
                0x4001a920                _ZN8OdometerD1Ev
 .text._ZN8Odometer6OdoIrqEv
                0x4001a928       0x16 Drivers\Odometer.o
                0x4001a928                _ZN8Odometer6OdoIrqEv
 *fill*         0x4001a93e        0x2 
 .text._ZN8OdometerD0Ev
                0x4001a940       0x1c Drivers\Odometer.o
                0x4001a940                _ZN8OdometerD0Ev
 .text._ZN8OdometerC2Ev
                0x4001a95c       0x12 Drivers\Odometer.o
                0x4001a95c                _ZN8OdometerC1Ev
                0x4001a95c                _ZN8OdometerC2Ev
 *fill*         0x4001a96e        0x2 
 .text._ZN8OdometerC2Ei
                0x4001a970       0x52 Drivers\Odometer.o
                0x4001a970                _ZN8OdometerC1Ei
                0x4001a970                _ZN8OdometerC2Ei
 *fill*         0x4001a9c2        0x2 
 .text._ZN8Odometer8getCountEv
                0x4001a9c4        0xe Drivers\Odometer.o
                0x4001a9c4                _ZN8Odometer8getCountEv
 .text._ZN5Madge24MadgwickQuaternionUpdateEfffffffff
                0x4001a9d2      0xde8 Drivers\MadgwickFilter.o
                0x4001a9d2                _ZN5Madge24MadgwickQuaternionUpdateEfffffffff
 *fill*         0x4001b7ba        0x2 
 .text._ZN7MPU9250C2Eh
                0x4001b7bc       0x62 Drivers\MPU9250.o
                0x4001b7bc                _ZN7MPU9250C1Eh
                0x4001b7bc                _ZN7MPU9250C2Eh
 *fill*         0x4001b81e        0x2 
 .text._ZN7MPU92507getMresEh
                0x4001b820       0x4e Drivers\MPU9250.o
                0x4001b820                _ZN7MPU92507getMresEh
 *fill*         0x4001b86e        0x2 
 .text._ZN7MPU92507getGresEh
                0x4001b870       0x7e Drivers\MPU9250.o
                0x4001b870                _ZN7MPU92507getGresEh
 *fill*         0x4001b8ee        0x2 
 .text._ZN7MPU92507getAresEh
                0x4001b8f0       0x7e Drivers\MPU9250.o
                0x4001b8f0                _ZN7MPU92507getAresEh
 *fill*         0x4001b96e        0x2 
 .text._ZN7MPU925018I2CWriteReadBufferEhhPhi
                0x4001b970       0xb0 Drivers\MPU9250.o
                0x4001b970                _ZN7MPU925018I2CWriteReadBufferEhhPhi
 .text._ZN7MPU925011initMPU9250Ehh
                0x4001ba20      0x1f8 Drivers\MPU9250.o
                0x4001ba20                _ZN7MPU925011initMPU9250Ehh
 .text._ZN7MPU925015readMPU9250DataEPs
                0x4001bc18       0xfa Drivers\MPU9250.o
                0x4001bc18                _ZN7MPU925015readMPU9250DataEPs
 *fill*         0x4001bd12        0x2 
 .text._ZN7MPU925011readMagDataEPs
                0x4001bd14       0x72 Drivers\MPU9250.o
                0x4001bd14                _ZN7MPU925011readMagDataEPs
 *fill*         0x4001bd86        0x2 
 .text._ZN7MPU925013magcalMPU9250EPfS0_
                0x4001bd88      0x332 Drivers\MPU9250.o
                0x4001bd88                _ZN7MPU925013magcalMPU9250EPfS0_
 *fill*         0x4001c0ba        0x2 
 .text._ZN7MPU925010initAK8963EhhPf
                0x4001c0bc      0x1ea Drivers\MPU9250.o
                0x4001c0bc                _ZN7MPU925010initAK8963EhhPf
 *fill*         0x4001c2a6        0x2 
 .text._ZN7MPU925016calibrateMPU9250EPfS0_
                0x4001c2a8      0x81e Drivers\MPU9250.o
                0x4001c2a8                _ZN7MPU925016calibrateMPU9250EPfS0_
 *fill*         0x4001cac6        0x2 
 .text._ZN7MPU92508SelfTestEPf
                0x4001cac8      0x8cc Drivers\MPU9250.o
                0x4001cac8                _ZN7MPU92508SelfTestEPf
 .text._ZN7MPU92508readByteEhh
                0x4001d394       0x2e Drivers\MPU9250.o
                0x4001d394                _ZN7MPU92508readByteEhh
 *fill*         0x4001d3c2        0x2 
 .text._ZN7MPU9250C2Ev
                0x4001d3c4        0x8 Drivers\MPU9250.o
                0x4001d3c4                _ZN7MPU9250C2Ev
                0x4001d3c4                _ZN7MPU9250C1Ev
 .text._Z22getGlobalTimerOverflowv
                0x4001d3cc        0xe Drivers\LidarPWM.o
                0x4001d3cc                _Z22getGlobalTimerOverflowv
 *fill*         0x4001d3da        0x2 
 .text._Z20fake_LIDAR_ISR_RIGHTv
                0x4001d3dc       0x54 Drivers\LidarPWM.o
                0x4001d3dc                _Z20fake_LIDAR_ISR_RIGHTv
                0x4001d3e0                LIDAR_ISR_RIGHT
 .text.real_LIDAR_ISR_RIGHT
                0x4001d430       0xc4 Drivers\LidarPWM.o
                0x4001d430                real_LIDAR_ISR_RIGHT
 .text._Z15GlobalTimerIniti
                0x4001d4f4       0x80 Drivers\LidarPWM.o
                0x4001d4f4                _Z15GlobalTimerIniti
 .text._Z12LidarPWMInitv
                0x4001d574       0x38 Drivers\LidarPWM.o
                0x4001d574                _Z12LidarPWMInitv
 .text._Z13getRightLidarv
                0x4001d5ac       0x4e Drivers\LidarPWM.o
                0x4001d5ac                _Z13getRightLidarv
 *fill*         0x4001d5fa        0x2 
 .text._ZN3LCDD2Ev
                0x4001d5fc        0x8 Drivers\LCD.o
                0x4001d5fc                _ZN3LCDD2Ev
                0x4001d5fc                _ZN3LCDD1Ev
 .text._ZN3LCDD0Ev
                0x4001d604       0x1c Drivers\LCD.o
                0x4001d604                _ZN3LCDD0Ev
 .text._ZN3LCDC2Ev
                0x4001d620       0x16 Drivers\LCD.o
                0x4001d620                _ZN3LCDC1Ev
                0x4001d620                _ZN3LCDC2Ev
 *fill*         0x4001d636        0x2 
 .text._ZN3LCDC2Eii
                0x4001d638       0x3c Drivers\LCD.o
                0x4001d638                _ZN3LCDC1Eii
                0x4001d638                _ZN3LCDC2Eii
 .text._ZN3LCD5clearEv
                0x4001d674       0x7c Drivers\LCD.o
                0x4001d674                _ZN3LCD5clearEv
 .text._ZN3LCD5printEPKc
                0x4001d6f0       0x1a Drivers\LCD.o
                0x4001d6f0                _ZN3LCD5printEPKc
 *fill*         0x4001d70a        0x2 
 .text._ZN3LCD5printEPKci
                0x4001d70c       0x1a Drivers\LCD.o
                0x4001d70c                _ZN3LCD5printEPKci
 *fill*         0x4001d726        0x2 
 .text._Z13IMUSampleLoopPv
                0x4001d728      0xb78 Drivers\IMUSetupAndSample.o
                0x4001d728                _Z13IMUSampleLoopPv
 .text._Z15CalibAccAndGyrov
                0x4001e2a0      0x216 Drivers\IMUSetupAndSample.o
                0x4001e2a0                _Z15CalibAccAndGyrov
 *fill*         0x4001e4b6        0x2 
 .text._Z9unclodI2Cv
                0x4001e4b8       0xf0 Drivers\IMUSetupAndSample.o
                0x4001e4b8                _Z9unclodI2Cv
 .text._Z11whoAmICheckv
                0x4001e5a8       0x80 Drivers\IMUSetupAndSample.o
                0x4001e5a8                _Z11whoAmICheckv
 .text._Z8IMUSetupv
                0x4001e628      0x3be Drivers\IMUSetupAndSample.o
                0x4001e628                _Z8IMUSetupv
 *fill*         0x4001e9e6        0x2 
 .text._Z6IMURunv
                0x4001e9e8       0x34 Drivers\IMUSetupAndSample.o
                0x4001e9e8                _Z6IMURunv
 .text._Z10getHeadingv
                0x4001ea1c       0x28 Drivers\IMUSetupAndSample.o
                0x4001ea1c                _Z10getHeadingv
 .text.startup._GLOBAL__sub_I_globalTimer
                0x4001ea44       0x92 Drivers\IMUSetupAndSample.o
 *fill*         0x4001ead6        0x2 
 .text._Z14DoHtmlFunctioniPKct
                0x4001ead8        0xa htmldata.o
                0x4001ead8                _Z14DoHtmlFunctioniPKct
 *fill*         0x4001eae2        0x2 
 .text._Z14DoHtmlVariableit
                0x4001eae4        0xa htmldata.o
                0x4001eae4                _Z14DoHtmlVariableit
 *fill*         0x4001eaee        0x2 
 .text.__tcf_0  0x4001eaf0       0x38 C:\Nburn/lib/NANO54415.a(serial.o)
 .text._Z11BaseGetChari
                0x4001eb28       0xac C:\Nburn/lib/NANO54415.a(serial.o)
                0x4001eb28                _Z11BaseGetChari
 .text._Z14InitializeMapsv.part.1
                0x4001ebd4       0x76 C:\Nburn/lib/NANO54415.a(serial.o)
 *fill*         0x4001ec4a        0x2 
 .text._Z6WakeTxi
                0x4001ec4c       0x8c C:\Nburn/lib/NANO54415.a(serial.o)
                0x4001ec4c                _Z6WakeTxi
 .text._Z11BasePutCharih
                0x4001ecd8       0xf0 C:\Nburn/lib/NANO54415.a(serial.o)
                0x4001ecd8                _Z11BasePutCharih
 .text._Z8serwriteiPKci
                0x4001edc8      0x156 C:\Nburn/lib/NANO54415.a(serial.o)
                0x4001edc8                _Z8serwriteiPKci
 *fill*         0x4001ef1e        0x2 
 .text._Z8DoSerIsri
                0x4001ef20      0x302 C:\Nburn/lib/NANO54415.a(serial.o)
                0x4001ef20                _Z8DoSerIsri
 *fill*         0x4001f222        0x2 
 .text._Z14fake_SER_0_ISRv
                0x4001f224       0x54 C:\Nburn/lib/NANO54415.a(serial.o)
                0x4001f224                _Z14fake_SER_0_ISRv
                0x4001f228                SER_0_ISR
 .text.real_SER_0_ISR
                0x4001f278       0x12 C:\Nburn/lib/NANO54415.a(serial.o)
                0x4001f278                real_SER_0_ISR
 *fill*         0x4001f28a        0x2 
 .text._Z14fake_SER_1_ISRv
                0x4001f28c       0x54 C:\Nburn/lib/NANO54415.a(serial.o)
                0x4001f28c                _Z14fake_SER_1_ISRv
                0x4001f290                SER_1_ISR
 .text.real_SER_1_ISR
                0x4001f2e0       0x14 C:\Nburn/lib/NANO54415.a(serial.o)
                0x4001f2e0                real_SER_1_ISR
 .text._Z14fake_SER_2_ISRv
                0x4001f2f4       0x54 C:\Nburn/lib/NANO54415.a(serial.o)
                0x4001f2f4                _Z14fake_SER_2_ISRv
                0x4001f2f8                SER_2_ISR
 .text.real_SER_2_ISR
                0x4001f348       0x14 C:\Nburn/lib/NANO54415.a(serial.o)
                0x4001f348                real_SER_2_ISR
 .text._Z14fake_SER_3_ISRv
                0x4001f35c       0x54 C:\Nburn/lib/NANO54415.a(serial.o)
                0x4001f35c                _Z14fake_SER_3_ISRv
                0x4001f360                SER_3_ISR
 .text.real_SER_3_ISR
                0x4001f3b0       0x14 C:\Nburn/lib/NANO54415.a(serial.o)
                0x4001f3b0                real_SER_3_ISR
 .text._Z14fake_SER_4_ISRv
                0x4001f3c4       0x54 C:\Nburn/lib/NANO54415.a(serial.o)
                0x4001f3c4                _Z14fake_SER_4_ISRv
                0x4001f3c8                SER_4_ISR
 .text.real_SER_4_ISR
                0x4001f418       0x14 C:\Nburn/lib/NANO54415.a(serial.o)
                0x4001f418                real_SER_4_ISR
 .text._Z14fake_SER_5_ISRv
                0x4001f42c       0x54 C:\Nburn/lib/NANO54415.a(serial.o)
                0x4001f42c                _Z14fake_SER_5_ISRv
                0x4001f430                SER_5_ISR
 .text.real_SER_5_ISR
                0x4001f480       0x14 C:\Nburn/lib/NANO54415.a(serial.o)
                0x4001f480                real_SER_5_ISR
 .text._Z14fake_SER_6_ISRv
                0x4001f494       0x54 C:\Nburn/lib/NANO54415.a(serial.o)
                0x4001f494                _Z14fake_SER_6_ISRv
                0x4001f498                SER_6_ISR
 .text.real_SER_6_ISR
                0x4001f4e8       0x14 C:\Nburn/lib/NANO54415.a(serial.o)
                0x4001f4e8                real_SER_6_ISR
 .text._Z14fake_SER_7_ISRv
                0x4001f4fc       0x54 C:\Nburn/lib/NANO54415.a(serial.o)
                0x4001f4fc                _Z14fake_SER_7_ISRv
                0x4001f500                SER_7_ISR
 .text.real_SER_7_ISR
                0x4001f550       0x14 C:\Nburn/lib/NANO54415.a(serial.o)
                0x4001f550                real_SER_7_ISR
 .text._Z14fake_SER_8_ISRv
                0x4001f564       0x54 C:\Nburn/lib/NANO54415.a(serial.o)
                0x4001f564                _Z14fake_SER_8_ISRv
                0x4001f568                SER_8_ISR
 .text.real_SER_8_ISR
                0x4001f5b8       0x14 C:\Nburn/lib/NANO54415.a(serial.o)
                0x4001f5b8                real_SER_8_ISR
 .text._Z14fake_SER_9_ISRv
                0x4001f5cc       0x54 C:\Nburn/lib/NANO54415.a(serial.o)
                0x4001f5cc                _Z14fake_SER_9_ISRv
                0x4001f5d0                SER_9_ISR
 .text.real_SER_9_ISR
                0x4001f620       0x14 C:\Nburn/lib/NANO54415.a(serial.o)
                0x4001f620                real_SER_9_ISR
 .text._Z10serreadwtoiPcii
                0x4001f634      0x21a C:\Nburn/lib/NANO54415.a(serial.o)
                0x4001f634                _Z10serreadwtoiPcii
 *fill*         0x4001f84e        0x2 
 .text._Z7serreadiPci
                0x4001f850       0x1c C:\Nburn/lib/NANO54415.a(serial.o)
                0x4001f850                _Z7serreadiPci
 .text._Z10OpenSerialijii11parity_mode
                0x4001f86c      0x6f0 C:\Nburn/lib/NANO54415.a(serial.o)
                0x4001f86c                _Z10OpenSerialijii11parity_mode
 .text._Z11SerialClosei
                0x4001ff5c       0xda C:\Nburn/lib/NANO54415.a(serial.o)
                0x4001ff5c                _Z11SerialClosei
 *fill*         0x40020036        0x2 
 .text._Z16serexternalclosei
                0x40020038       0x34 C:\Nburn/lib/NANO54415.a(serial.o)
                0x40020038                _Z16serexternalclosei
 .text.startup._GLOBAL__sub_I_Uarts
                0x4002006c       0x5e C:\Nburn/lib/NANO54415.a(serial.o)
 *fill*         0x400200ca        0x2 
 .text._ZN5PinIO3setEh
                0x400200cc      0xa84 C:\Nburn/lib/NANO54415.a(pins.o)
                0x400200cc                _ZN5PinIO3setEh
 .text._ZN5PinIO4readEv
                0x40020b50      0x5d8 C:\Nburn/lib/NANO54415.a(pins.o)
                0x40020b50                _ZN5PinIO4readEv
 .text._ZN5PinIO8functionEi
                0x40021128      0x524 C:\Nburn/lib/NANO54415.a(pins.o)
                0x40021128                _ZN5PinIO8functionEi
 .text._Z15InitSingleEndADv
                0x4002164c       0xec C:\Nburn/lib/NANO54415.a(SimpleAD.o)
                0x4002164c                _Z15InitSingleEndADv
 .text._Z7StartADv
                0x40021738       0x26 C:\Nburn/lib/NANO54415.a(SimpleAD.o)
                0x40021738                _Z7StartADv
 *fill*         0x4002175e        0x2 
 .text._Z6ADDonev
                0x40021760       0x20 C:\Nburn/lib/NANO54415.a(SimpleAD.o)
                0x40021760                _Z6ADDonev
 .text._Z11GetADResulti
                0x40021780       0x1c C:\Nburn/lib/NANO54415.a(SimpleAD.o)
                0x40021780                _Z11GetADResulti
 .text._Z15GetSpiFlashCritv
                0x4002179c       0x46 C:\Nburn/lib/NANO54415.a(FlashOps.o)
                0x4002179c                _Z15GetSpiFlashCritv
 *fill*         0x400217e2        0x2 
 .text._Z10FlashErasePvi
                0x400217e4       0xac C:\Nburn/lib/NANO54415.a(FlashOps.o)
                0x400217e4                _Z10FlashErasePvi
 .text._Z12FlashProgramPvS_i
                0x40021890      0x160 C:\Nburn/lib/NANO54415.a(FlashOps.o)
                0x40021890                _Z12FlashProgramPvS_i
 .text.CopySPIFlashImageOnBoot
                0x400219f0       0x66 C:\Nburn/lib/NANO54415.a(FlashOps.o)
                0x400219f0                CopySPIFlashImageOnBoot
 *fill*         0x40021a56        0x2 
 .text.startup._GLOBAL__sub_I_SPI_Main
                0x40021a58       0x4a C:\Nburn/lib/NANO54415.a(FlashOps.o)
 *fill*         0x40021aa2        0x2 
 .text.__tcf_0  0x40021aa4        0x8 C:\Nburn/lib/NANO54415.a(HiResTimer.o)
 .text._Z21fake_Timer0_Interruptv
                0x40021aac       0x54 C:\Nburn/lib/NANO54415.a(HiResTimer.o)
                0x40021aac                _Z21fake_Timer0_Interruptv
                0x40021ab0                Timer0_Interrupt
 .text.real_Timer0_Interrupt
                0x40021b00       0x6c C:\Nburn/lib/NANO54415.a(HiResTimer.o)
                0x40021b00                real_Timer0_Interrupt
 .text._Z21fake_Timer1_Interruptv
                0x40021b6c       0x54 C:\Nburn/lib/NANO54415.a(HiResTimer.o)
                0x40021b6c                _Z21fake_Timer1_Interruptv
                0x40021b70                Timer1_Interrupt
 .text.real_Timer1_Interrupt
                0x40021bc0       0x6c C:\Nburn/lib/NANO54415.a(HiResTimer.o)
                0x40021bc0                real_Timer1_Interrupt
 .text._Z21fake_Timer2_Interruptv
                0x40021c2c       0x54 C:\Nburn/lib/NANO54415.a(HiResTimer.o)
                0x40021c2c                _Z21fake_Timer2_Interruptv
                0x40021c30                Timer2_Interrupt
 .text.real_Timer2_Interrupt
                0x40021c80       0x6c C:\Nburn/lib/NANO54415.a(HiResTimer.o)
                0x40021c80                real_Timer2_Interrupt
 .text._Z21fake_Timer3_Interruptv
                0x40021cec       0x54 C:\Nburn/lib/NANO54415.a(HiResTimer.o)
                0x40021cec                _Z21fake_Timer3_Interruptv
                0x40021cf0                Timer3_Interrupt
 .text.real_Timer3_Interrupt
                0x40021d40       0x6c C:\Nburn/lib/NANO54415.a(HiResTimer.o)
                0x40021d40                real_Timer3_Interrupt
 .text._ZN10HiResTimer10init_ticksEmi
                0x40021dac       0xf2 C:\Nburn/lib/NANO54415.a(HiResTimer.o)
                0x40021dac                _ZN10HiResTimer10init_ticksEmi
 *fill*         0x40021e9e        0x2 
 .text._ZN10HiResTimer4initEd
                0x40021ea0      0x122 C:\Nburn/lib/NANO54415.a(HiResTimer.o)
                0x40021ea0                _ZN10HiResTimer4initEd
 *fill*         0x40021fc2        0x2 
 .text._ZN10HiResTimer8readTimeEv
                0x40021fc4       0xfe C:\Nburn/lib/NANO54415.a(HiResTimer.o)
                0x40021fc4                _ZN10HiResTimer8readTimeEv
 *fill*         0x400220c2        0x2 
 .text._ZN10HiResTimer5delayEd
                0x400220c4       0x70 C:\Nburn/lib/NANO54415.a(HiResTimer.o)
                0x400220c4                _ZN10HiResTimer5delayEd
 .text._ZN10HiResTimerC2Ei
                0x40022134       0x5e C:\Nburn/lib/NANO54415.a(HiResTimer.o)
                0x40022134                _ZN10HiResTimerC2Ei
                0x40022134                _ZN10HiResTimerC1Ei
 *fill*         0x40022192        0x2 
 .text._ZN10HiResTimer13getHiResTimerEi
                0x40022194       0xf8 C:\Nburn/lib/NANO54415.a(HiResTimer.o)
                0x40022194                _ZN10HiResTimer13getHiResTimerEi
 .text.startup._GLOBAL__sub_I__ZN10HiResTimer6timersE
                0x4002228c       0x58 C:\Nburn/lib/NANO54415.a(HiResTimer.o)
 .text._Z15fake_NbPit1_ISRv
                0x400222e4       0x54 C:\Nburn/lib/NANO54415.a(pitr_sem.o)
                0x400222e4                _Z15fake_NbPit1_ISRv
                0x400222e8                NbPit1_ISR
 .text.real_NbPit1_ISR
                0x40022338       0x56 C:\Nburn/lib/NANO54415.a(pitr_sem.o)
                0x40022338                real_NbPit1_ISR
 *fill*         0x4002238e        0x2 
 .text._Z15fake_NbPit2_ISRv
                0x40022390       0x54 C:\Nburn/lib/NANO54415.a(pitr_sem.o)
                0x40022390                _Z15fake_NbPit2_ISRv
                0x40022394                NbPit2_ISR
 .text.real_NbPit2_ISR
                0x400223e4       0x58 C:\Nburn/lib/NANO54415.a(pitr_sem.o)
                0x400223e4                real_NbPit2_ISR
 .text._Z17ConfigurePitTimerii
                0x4002243c       0xf4 C:\Nburn/lib/NANO54415.a(pitr_sem.o)
                0x4002243c                _Z17ConfigurePitTimerii
 .text._Z12InitPitOSSemiP6OS_SEMi
                0x40022530       0x42 C:\Nburn/lib/NANO54415.a(pitr_sem.o)
                0x40022530                _Z12InitPitOSSemiP6OS_SEMi
 *fill*         0x40022572        0x2 
 .text._Z18fake_firq2_pin_isrv
                0x40022574       0x54 C:\Nburn/lib/NANO54415.a(pin_irq.o)
                0x40022574                _Z18fake_firq2_pin_isrv
                0x40022578                firq2_pin_isr
 .text.real_firq2_pin_isr
                0x400225c8       0x28 C:\Nburn/lib/NANO54415.a(pin_irq.o)
                0x400225c8                real_firq2_pin_isr
 .text._Z18fake_firq3_pin_isrv
                0x400225f0       0x54 C:\Nburn/lib/NANO54415.a(pin_irq.o)
                0x400225f0                _Z18fake_firq3_pin_isrv
                0x400225f4                firq3_pin_isr
 .text.real_firq3_pin_isr
                0x40022644       0x28 C:\Nburn/lib/NANO54415.a(pin_irq.o)
                0x40022644                real_firq3_pin_isr
 .text._Z9SetPinIrqiiPFvvE
                0x4002266c      0x266 C:\Nburn/lib/NANO54415.a(pin_irq.o)
                0x4002266c                _Z9SetPinIrqiiPFvvE
 *fill*         0x400228d2        0x2 
 .text._Z5xTickv
                0x400228d4       0x1c C:\Nburn/lib/NANO54415.a(bsp.o)
                0x400228d4                _Z5xTickv
                0x400228d8                Tick5441X
 .text._Z7SetIntcilii
                0x400228f0       0xc0 C:\Nburn/lib/NANO54415.a(bsp.o)
                0x400228f0                _Z7SetIntcilii
 .text._Z11ForceRebootb
                0x400229b0       0x26 C:\Nburn/lib/NANO54415.a(bsp.o)
                0x400229b0                _Z11ForceRebootb
 *fill*         0x400229d6        0x2 
 .text._Z12DisableCachev
                0x400229d8       0x56 C:\Nburn/lib/NANO54415.a(bsp.o)
                0x400229d8                _Z12DisableCachev
 *fill*         0x40022a2e        0x2 
 .text._Z11EnableCachev
                0x40022a30       0x42 C:\Nburn/lib/NANO54415.a(bsp.o)
                0x40022a30                _Z11EnableCachev
 *fill*         0x40022a72        0x2 
 .text._Z13HardwareSetupl
                0x40022a74      0x1e0 C:\Nburn/lib/NANO54415.a(bsp.o)
                0x40022a74                _Z13HardwareSetupl
 .text._sbrk_r  0x40022c54       0x48 C:\Nburn/lib/NANO54415.a(bsp.o)
                0x40022c54                _sbrk_r
 .text._Z18BspGetTickFractionv
                0x40022c9c       0x18 C:\Nburn/lib/NANO54415.a(bsp.o)
                0x40022c9c                _Z18BspGetTickFractionv
 .text._Z13GetUartRecordi
                0x40022cb4       0x3a C:\Nburn/lib/NANO54415.a(localio.o)
                0x40022cb4                _Z13GetUartRecordi
 *fill*         0x40022cee        0x2 
 .text._Z11LocalInBytev
                0x40022cf0       0x5e C:\Nburn/lib/NANO54415.a(localio.o)
                0x40022cf0                _Z11LocalInBytev
 *fill*         0x40022d4e        0x2 
 .text._Z12LocalOutBytec
                0x40022d50       0x66 C:\Nburn/lib/NANO54415.a(localio.o)
                0x40022d50                _Z12LocalOutBytec
 *fill*         0x40022db6        0x2 
 .text._Z14LocalCharAvailv
                0x40022db8       0x58 C:\Nburn/lib/NANO54415.a(localio.o)
                0x40022db8                _Z14LocalCharAvailv
 .text._Z18SaveUserParametersPvi
                0x40022e10       0x78 C:\Nburn/lib/NANO54415.a(userparam.o)
                0x40022e10                _Z18SaveUserParametersPvi
 .text._Z17GetUserParametersv
                0x40022e88        0xe C:\Nburn/lib/NANO54415.a(userparam.o)
                0x40022e88                _Z17GetUserParametersv
 *fill*         0x40022e96        0x2 
 .text.MultiChannel_I2CInit
                0x40022e98      0x1e6 C:\Nburn/lib/NANO54415.a(multichanneli2c.o)
                0x40022e98                MultiChannel_I2CInit
 *fill*         0x4002307e        0x2 
 .text.MultiChannel_I2CRestart
                0x40023080       0x42 C:\Nburn/lib/NANO54415.a(multichanneli2c.o)
                0x40023080                MultiChannel_I2CRestart
 *fill*         0x400230c2        0x2 
 .text.MultiChannel_I2CSendBuf
                0x400230c4      0x1ac C:\Nburn/lib/NANO54415.a(multichanneli2c.o)
                0x400230c4                MultiChannel_I2CSendBuf
 .text.MultiChannel_I2CReadBuf
                0x40023270      0x25e C:\Nburn/lib/NANO54415.a(multichanneli2c.o)
                0x40023270                MultiChannel_I2CReadBuf
 *fill*         0x400234ce        0x2 
 .text.I2CMultiChannelResetPeripheral
                0x400234d0       0x24 C:\Nburn/lib/NANO54415.a(multichanneli2c.o)
                0x400234d0                I2CMultiChannelResetPeripheral
 .text.startup._GLOBAL__sub_I_I2C_SlaveTX_Callback
                0x400234f4       0x26 C:\Nburn/lib/NANO54415.a(multichanneli2c.o)
 *fill*         0x4002351a        0x2 
 .text._Z14SetDefPinUsagev
                0x4002351c      0x1aa C:\Nburn/lib/NANO54415.a(defpins.o)
                0x4002351c                _Z14SetDefPinUsagev
 *fill*         0x400236c6        0x2 
 .text._ZN8SPIFlashC2Ei
                0x400236c8       0x66 C:\Nburn/lib/NANO54415.a(SPIFlash.o)
                0x400236c8                _ZN8SPIFlashC1Ei
                0x400236c8                _ZN8SPIFlashC2Ei
 *fill*         0x4002372e        0x2 
 .text._ZN8SPIFlashD2Ev
                0x40023730        0x8 C:\Nburn/lib/NANO54415.a(SPIFlash.o)
                0x40023730                _ZN8SPIFlashD1Ev
                0x40023730                _ZN8SPIFlashD2Ev
 .text._ZN8SPIFlash9SpiAscCmdEPKc
                0x40023738      0x1ce C:\Nburn/lib/NANO54415.a(SPIFlash.o)
                0x40023738                _ZN8SPIFlash9SpiAscCmdEPKc
 *fill*         0x40023906        0x2 
 .text._ZN8SPIFlash9WriteDataEPhii
                0x40023908      0x490 C:\Nburn/lib/NANO54415.a(SPIFlash.o)
                0x40023908                _ZN8SPIFlash9WriteDataEPhii
 .text._ZN8SPIFlash11EraseSectorEi
                0x40023d98      0x2d6 C:\Nburn/lib/NANO54415.a(SPIFlash.o)
                0x40023d98                _ZN8SPIFlash11EraseSectorEi
 *fill*         0x4002406e        0x2 
 .text._ZN8SPIFlash15WriteDataWEraseEPhii
                0x40024070       0x7a C:\Nburn/lib/NANO54415.a(SPIFlash.o)
                0x40024070                _ZN8SPIFlash15WriteDataWEraseEPhii
 *fill*         0x400240ea        0x2 
 .text._ZN8SPIFlash10EraseRangeEii
                0x400240ec       0x64 C:\Nburn/lib/NANO54415.a(SPIFlash.o)
                0x400240ec                _ZN8SPIFlash10EraseRangeEii
 .text._ZN8SPIFlash7ResetMeEv
                0x40024150      0x164 C:\Nburn/lib/NANO54415.a(SPIFlash.o)
                0x40024150                _ZN8SPIFlash7ResetMeEv
 .text._ZN8SPIFlash8ReadDataEPhii
                0x400242b4      0x34e C:\Nburn/lib/NANO54415.a(SPIFlash.o)
                0x400242b4                _ZN8SPIFlash8ReadDataEPhii
 *fill*         0x40024602        0x2 
 .text._Z34fake_i2c0_multichannel_int_routinev
                0x40024604       0x54 C:\Nburn/lib/NANO54415.a(i2c_class.o)
                0x40024604                _Z34fake_i2c0_multichannel_int_routinev
                0x40024608                i2c0_multichannel_int_routine
 .text._Z34fake_i2c1_multichannel_int_routinev
                0x40024658       0x54 C:\Nburn/lib/NANO54415.a(i2c_class.o)
                0x40024658                _Z34fake_i2c1_multichannel_int_routinev
                0x4002465c                i2c1_multichannel_int_routine
 .text._Z34fake_i2c2_multichannel_int_routinev
                0x400246ac       0x54 C:\Nburn/lib/NANO54415.a(i2c_class.o)
                0x400246ac                _Z34fake_i2c2_multichannel_int_routinev
                0x400246b0                i2c2_multichannel_int_routine
 .text._Z34fake_i2c3_multichannel_int_routinev
                0x40024700       0x54 C:\Nburn/lib/NANO54415.a(i2c_class.o)
                0x40024700                _Z34fake_i2c3_multichannel_int_routinev
                0x40024704                i2c3_multichannel_int_routine
 .text._Z34fake_i2c4_multichannel_int_routinev
                0x40024754       0x54 C:\Nburn/lib/NANO54415.a(i2c_class.o)
                0x40024754                _Z34fake_i2c4_multichannel_int_routinev
                0x40024758                i2c4_multichannel_int_routine
 .text._Z34fake_i2c5_multichannel_int_routinev
                0x400247a8       0x54 C:\Nburn/lib/NANO54415.a(i2c_class.o)
                0x400247a8                _Z34fake_i2c5_multichannel_int_routinev
                0x400247ac                i2c5_multichannel_int_routine
 .text._ZN10i2c_masterC2Ev
                0x400247fc       0x48 C:\Nburn/lib/NANO54415.a(i2c_class.o)
                0x400247fc                _ZN10i2c_masterC2Ev
                0x400247fc                _ZN10i2c_masterC1Ev
 .text._ZN10i2c_master4initEhh
                0x40024844      0x1b0 C:\Nburn/lib/NANO54415.a(i2c_class.o)
                0x40024844                _ZN10i2c_master4initEhh
 .text._ZN10i2c_master5resetEv
                0x400249f4       0x8e C:\Nburn/lib/NANO54415.a(i2c_class.o)
                0x400249f4                _ZN10i2c_master5resetEv
 *fill*         0x40024a82        0x2 
 .text._ZN10i2c_master4stopEm
                0x40024a84       0x76 C:\Nburn/lib/NANO54415.a(i2c_class.o)
                0x40024a84                _ZN10i2c_master4stopEm
 *fill*         0x40024afa        0x2 
 .text._ZN10i2c_master6write8Ehm
                0x40024afc       0x96 C:\Nburn/lib/NANO54415.a(i2c_class.o)
                0x40024afc                _ZN10i2c_master6write8Ehm
 *fill*         0x40024b92        0x2 
 .text._ZN10i2c_master5startEhbm
                0x40024b94       0xe4 C:\Nburn/lib/NANO54415.a(i2c_class.o)
                0x40024b94                _ZN10i2c_master5startEhbm
 .text._ZN10i2c_master7restartEhbm
                0x40024c78       0xaa C:\Nburn/lib/NANO54415.a(i2c_class.o)
                0x40024c78                _ZN10i2c_master7restartEhbm
 *fill*         0x40024d22        0x2 
 .text._ZN10i2c_master5read8EPhm
                0x40024d24       0x86 C:\Nburn/lib/NANO54415.a(i2c_class.o)
                0x40024d24                _ZN10i2c_master5read8EPhm
 *fill*         0x40024daa        0x2 
 .text._ZN10i2c_master16SlaveRX_CallbackEh
                0x40024dac       0x78 C:\Nburn/lib/NANO54415.a(i2c_class.o)
                0x40024dac                _ZN10i2c_master16SlaveRX_CallbackEh
 .text._ZN10i2c_master3isrEv
                0x40024e24      0x35e C:\Nburn/lib/NANO54415.a(i2c_class.o)
                0x40024e24                _ZN10i2c_master3isrEv
 *fill*         0x40025182        0x2 
 .text.real_i2c0_multichannel_int_routine
                0x40025184       0x16 C:\Nburn/lib/NANO54415.a(i2c_class.o)
                0x40025184                real_i2c0_multichannel_int_routine
 *fill*         0x4002519a        0x2 
 .text.real_i2c1_multichannel_int_routine
                0x4002519c       0x16 C:\Nburn/lib/NANO54415.a(i2c_class.o)
                0x4002519c                real_i2c1_multichannel_int_routine
 *fill*         0x400251b2        0x2 
 .text.real_i2c2_multichannel_int_routine
                0x400251b4       0x16 C:\Nburn/lib/NANO54415.a(i2c_class.o)
                0x400251b4                real_i2c2_multichannel_int_routine
 *fill*         0x400251ca        0x2 
 .text.real_i2c3_multichannel_int_routine
                0x400251cc       0x16 C:\Nburn/lib/NANO54415.a(i2c_class.o)
                0x400251cc                real_i2c3_multichannel_int_routine
 *fill*         0x400251e2        0x2 
 .text.real_i2c4_multichannel_int_routine
                0x400251e4       0x16 C:\Nburn/lib/NANO54415.a(i2c_class.o)
                0x400251e4                real_i2c4_multichannel_int_routine
 *fill*         0x400251fa        0x2 
 .text.real_i2c5_multichannel_int_routine
                0x400251fc       0x16 C:\Nburn/lib/NANO54415.a(i2c_class.o)
                0x400251fc                real_i2c5_multichannel_int_routine
 *fill*         0x40025212        0x2 
 .text.startup._GLOBAL__sub_I_I2C
                0x40025214       0x34 C:\Nburn/lib/NANO54415.a(i2c_class.o)
 .text.startup  0x40025248        0xc C:\Nburn/lib/NetBurner.a(main.o)
                0x40025248                main
 .text._Z22TopOfStackKillfunctionv
                0x40025254        0xc C:\Nburn/lib/NetBurner.a(ucosmcfc.o)
                0x40025254                _Z22TopOfStackKillfunctionv
                0x40025258                KillFunctionLink
 .text._Z9OSTCBInithPvS_PlPKc
                0x40025260       0xd6 C:\Nburn/lib/NetBurner.a(ucosmcfc.o)
                0x40025260                _Z9OSTCBInithPvS_PlPKc
 *fill*         0x40025336        0x2 
 .text._Z17OSTaskCreatewNamePFvPvES_S_S_hPKc.part.0
                0x40025338      0x1d2 C:\Nburn/lib/NetBurner.a(ucosmcfc.o)
 *fill*         0x4002550a        0x2 
 .text._Z17OSTaskCreatewNamePFvPvES_S_S_hPKc
                0x4002550c       0x44 C:\Nburn/lib/NetBurner.a(ucosmcfc.o)
                0x4002550c                _Z17OSTaskCreatewNamePFvPvES_S_S_hPKc
 .text._ZL10OSTaskIdlePv
                0x40025550       0x2a C:\Nburn/lib/NetBurner.a(ucos.o)
 *fill*         0x4002557a        0x2 
 .text._Z6OSInitPvS_h
                0x4002557c      0x174 C:\Nburn/lib/NetBurner.a(ucos.o)
                0x4002557c                _Z6OSInitPvS_h
 .text._Z7OSStartv
                0x400256f0       0x7c C:\Nburn/lib/NetBurner.a(ucos.o)
                0x400256f0                _Z7OSStartv
 .text.OSSched  0x4002576c       0x92 C:\Nburn/lib/NetBurner.a(ucos.o)
                0x4002576c                OSSched
                0x400257f0                UCOSWAITS_HERE
 *fill*         0x400257fe        0x2 
 .text.OSIntExit
                0x40025800       0x94 C:\Nburn/lib/NetBurner.a(ucos.o)
                0x40025800                OSIntExit
 .text._Z9OSTimeDlyt
                0x40025894       0xb4 C:\Nburn/lib/NetBurner.a(ucos.o)
                0x40025894                _Z9OSTimeDlyt
 .text.OSTimeTick
                0x40025948      0x104 C:\Nburn/lib/NetBurner.a(ucos.o)
                0x40025948                OSTimeTick
 .text._Z12OSTCBGetFreev
                0x40025a4c       0x2c C:\Nburn/lib/NetBurner.a(ucos.o)
                0x40025a4c                _Z12OSTCBGetFreev
 .text._Z6OSLockv
                0x40025a78       0x26 C:\Nburn/lib/NetBurner.a(ucos.o)
                0x40025a78                _Z6OSLockv
 *fill*         0x40025a9e        0x2 
 .text._Z8OSUnlockv
                0x40025aa0       0x3e C:\Nburn/lib/NetBurner.a(ucos.o)
                0x40025aa0                _Z8OSUnlockv
 *fill*         0x40025ade        0x2 
 .text._Z12OSChangePrioh
                0x40025ae0      0x100 C:\Nburn/lib/NetBurner.a(ucos.o)
                0x40025ae0                _Z12OSChangePrioh
 .text._Z12OSTaskDeletev
                0x40025be0      0x112 C:\Nburn/lib/NetBurner.a(ucos.o)
                0x40025be0                _Z12OSTaskDeletev
 *fill*         0x40025cf2        0x2 
 .text._ZN15OS_TASK_DLY_OBJC2Ev
                0x40025cf4       0x30 C:\Nburn/lib/NetBurner.a(ucos.o)
                0x40025cf4                _ZN15OS_TASK_DLY_OBJC2Ev
                0x40025cf4                _ZN15OS_TASK_DLY_OBJC1Ev
 .text._ZN6OS_SEM5ClaimEv
                0x40025d24       0x52 C:\Nburn/lib/NetBurner.a(ucos.o)
                0x40025d24                _ZN6OS_SEM5ClaimEv
 *fill*         0x40025d76        0x2 
 .text._ZN6OS_SEM4InitEl
                0x40025d78       0x88 C:\Nburn/lib/NetBurner.a(ucos.o)
                0x40025d78                _ZN6OS_SEM4InitEl
 .text._ZN6OS_SEM4PendEm
                0x40025e00      0x1d6 C:\Nburn/lib/NetBurner.a(ucos.o)
                0x40025e00                _ZN6OS_SEM4PendEm
 *fill*         0x40025fd6        0x2 
 .text._ZN6OS_SEM10PendNoWaitEv
                0x40025fd8       0x3a C:\Nburn/lib/NetBurner.a(ucos.o)
                0x40025fd8                _ZN6OS_SEM10PendNoWaitEv
 *fill*         0x40026012        0x2 
 .text._ZN6OS_SEM4PostEv
                0x40026014      0x178 C:\Nburn/lib/NetBurner.a(ucos.o)
                0x40026014                _ZN6OS_SEM4PostEv
 .text._ZN7OS_FIFO4InitEv
                0x4002618c       0x48 C:\Nburn/lib/NetBurner.a(ucos.o)
                0x4002618c                _ZN7OS_FIFO4InitEv
 .text._ZN7OS_FIFO4PendEPPV10os_fifo_elm
                0x400261d4      0x1d6 C:\Nburn/lib/NetBurner.a(ucos.o)
                0x400261d4                _ZN7OS_FIFO4PendEPPV10os_fifo_elm
 *fill*         0x400263aa        0x2 
 .text._ZN7OS_FIFO4PostEP10os_fifo_el
                0x400263ac      0x160 C:\Nburn/lib/NetBurner.a(ucos.o)
                0x400263ac                _ZN7OS_FIFO4PostEP10os_fifo_el
 .text.getpid   0x4002650c       0x18 C:\Nburn/lib/NetBurner.a(ucos.o)
                0x4002650c                getpid
 .text._ZN7OS_CRIT4InitEv
                0x40026524       0x4c C:\Nburn/lib/NetBurner.a(ucos.o)
                0x40026524                _ZN7OS_CRIT4InitEv
 .text._ZN7OS_CRIT5EnterEm
                0x40026570      0x208 C:\Nburn/lib/NetBurner.a(ucos.o)
                0x40026570                _ZN7OS_CRIT5EnterEm
 .text._ZN7OS_CRIT11EnterNoWaitEv
                0x40026778       0x70 C:\Nburn/lib/NetBurner.a(ucos.o)
                0x40026778                _ZN7OS_CRIT11EnterNoWaitEv
 .text._ZN7OS_CRIT5LeaveEv
                0x400267e8      0x19e C:\Nburn/lib/NetBurner.a(ucos.o)
                0x400267e8                _ZN7OS_CRIT5LeaveEv
 *fill*         0x40026986        0x2 
 .text.cppmain  0x40026988       0x40 C:\Nburn/lib/NetBurner.a(cppmain.o)
                0x40026988                cppmain
 .text._ZL11OSTestFlagsP8os_flags
                0x400269c8       0x8e C:\Nburn/lib/NetBurner.a(ucosflags.o)
 *fill*         0x40026a56        0x2 
 .text._Z9OSFlagSetP8os_flagsm
                0x40026a58       0x28 C:\Nburn/lib/NetBurner.a(ucosflags.o)
                0x40026a58                _Z9OSFlagSetP8os_flagsm
 .text._Z24SetAddressWriteRangeTrapmm
                0x40026a80       0xec C:\Nburn/lib/NetBurner.a(debugtrap.o)
                0x40026a80                _Z24SetAddressWriteRangeTrapmm
 .text._Z23SetAddressReadRangeTrapmm
                0x40026b6c       0xec C:\Nburn/lib/NetBurner.a(debugtrap.o)
                0x40026b6c                _Z23SetAddressReadRangeTrapmm
 .text.UCosSetup
                0x40026c58       0x80 C:\Nburn/lib/NetBurner.a(ucosmain.o)
                0x40026c58                UCosSetup
 .text.__malloc_lock
                0x40026cd8       0x1c C:\Nburn/lib/NetBurner.a(ucosmain.o)
                0x40026cd8                __malloc_lock
 .text.__malloc_unlock
                0x40026cf4       0x1c C:\Nburn/lib/NetBurner.a(ucosmain.o)
                0x40026cf4                __malloc_unlock
 .text._Z9UCosBeginv
                0x40026d10       0xba C:\Nburn/lib/NetBurner.a(ucosmain.o)
                0x40026d10                _Z9UCosBeginv
 *fill*         0x40026dca        0x2 
 .text._Z22EnableOSStackProtectorv
                0x40026dcc       0x14 C:\Nburn/lib/NetBurner.a(ucosmain.o)
                0x40026dcc                _Z22EnableOSStackProtectorv
 .text.OSStackProtector