Archive member included to satisfy reference by file (symbol)

C:\Nburn/lib/NANO54415.a(hardware_init.o)
                              c:/nburn/gcc-m68k/bin/../lib/gcc/m68k-unknown-elf/5.2.0/m54455\nb-crt0.o (hardware_init_hook)
C:\Nburn/lib/NANO54415.a(serial.o)
                              Drivers\dsm2.o (UartData)
C:\Nburn/lib/NANO54415.a(pins.o)
                              Drivers\IMUSetupAndSample.o (_ZN5PinIO3setEh)
C:\Nburn/lib/NANO54415.a(SimpleAD.o)
                              main.o (_Z15InitSingleEndADv)
C:\Nburn/lib/NANO54415.a(FlashOps.o)
                              C:\Nburn/lib/NANO54415.a(hardware_init.o) (CopySPIFlashImageOnBoot)
C:\Nburn/lib/NANO54415.a(HiResTimer.o)
                              Drivers\MPU9250.o (_ZN10HiResTimer4initEd)
C:\Nburn/lib/NANO54415.a(pitr_sem.o)
                              Drivers\SpinningLidar.o (_Z12InitPitOSSemiP6OS_SEMi)
C:\Nburn/lib/NANO54415.a(pin_irq.o)
                              Drivers\Odometer.o (_Z9SetPinIrqiiPFvvE)
C:\Nburn/lib/NANO54415.a(bsp.o)
                              Drivers\servodrive.o (_Z7SetIntcilii)
C:\Nburn/lib/NANO54415.a(localio.o)
                              C:\Nburn/lib/NANO54415.a(serial.o) (_Z13GetUartRecordi)
C:\Nburn/lib/NANO54415.a(userparam.o)
                              main.o (_Z18SaveUserParametersPvi)
C:\Nburn/lib/NANO54415.a(multichanneli2c.o)
                              main.o (MultiChannel_I2CInit)
C:\Nburn/lib/NANO54415.a(bspa.o)
                              C:\Nburn/lib/NANO54415.a(bsp.o) (CatchNullWrites)
C:\Nburn/lib/NANO54415.a(defpins.o)
                              C:\Nburn/lib/NANO54415.a(bsp.o) (_Z14SetDefPinUsagev)
C:\Nburn/lib/NANO54415.a(SPIFlash.o)
                              C:\Nburn/lib/NANO54415.a(FlashOps.o) (_ZN8SPIFlashC1Ei)
C:\Nburn/lib/NANO54415.a(i2c_class.o)
                              C:\Nburn/lib/NANO54415.a(multichanneli2c.o) (_ZN10i2c_master4initEhh)
C:\Nburn/lib/NetBurner.a(ucosmcfa.o)
                              C:\Nburn/lib/NANO54415.a(bsp.o) (OSCtxSw)
C:\Nburn/lib/NetBurner.a(software_init.o)
                              c:/nburn/gcc-m68k/bin/../lib/gcc/m68k-unknown-elf/5.2.0/m54455\nb-crt0.o (software_init_hook)
C:\Nburn/lib/NetBurner.a(main.o)
                              c:/nburn/gcc-m68k/bin/../lib/gcc/m68k-unknown-elf/5.2.0/m54455\nb-crt0.o (main)
C:\Nburn/lib/NetBurner.a(ucosmcfc.o)
                              main.o (_Z17OSTaskCreatewNamePFvPvES_S_S_hPKc)
C:\Nburn/lib/NetBurner.a(ucos.o)
                              C:\Nburn/lib/NetBurner.a(ucosmcfc.o) (OSRdyTbl)
C:\Nburn/lib/NetBurner.a(cppmain.o)
                              C:\Nburn/lib/NetBurner.a(main.o) (cppmain)
C:\Nburn/lib/NetBurner.a(ucosflags.o)
                              C:\Nburn/lib/NANO54415.a(pitr_sem.o) (_Z9OSFlagSetP8os_flagsm)
C:\Nburn/lib/NetBurner.a(debugtrap.o)
                              C:\Nburn/lib/NANO54415.a(bsp.o) (_Z23SetAddressReadRangeTrapmm)
C:\Nburn/lib/NetBurner.a(ucosmain.o)
                              C:\Nburn/lib/NetBurner.a(software_init.o) (UCosSetup)
C:\Nburn/lib/NetBurner.a(fileio.o)
                              C:\Nburn/lib/NetBurner.a(ucosmain.o) (ioctl)
C:\Nburn/lib/NetBurner.a(system.o)
                              C:\Nburn/lib/NANO54415.a(serial.o) (rnd_collect)
C:\Nburn/lib/NetBurner.a(utils.o)
                              C:\Nburn/lib/NetBurner.a(system.o) (_Z7ShowIP47IPADDR4)
C:\Nburn/lib/NetBurner.a(ip.o)
                              main.o (_Z15InitializeStack7IPADDR4S_S_S_)
C:\Nburn/lib/NetBurner.a(buffers.o)
                              C:\Nburn/lib/NetBurner.a(utils.o) (_Z12GetFreeCountv)
C:\Nburn/lib/NetBurner.a(arp.o)
                              C:\Nburn/lib/NetBurner.a(ip.o) (_Z25GetInterfaceForMyAddress47IPADDR4)
C:\Nburn/lib/NetBurner.a(udp.o)
                              C:\Nburn/lib/NetBurner.a(ip.o) (_Z12process_udp4P11pool_bufferP5IPPKTt)
C:\Nburn/lib/NetBurner.a(ftpd.o)
                              Drivers\introspec.o (_Z9FTPDStartth)
C:\Nburn/lib/NetBurner.a(tcp.o)
                              C:\Nburn/lib/NetBurner.a(ip.o) (_Z7InitTCPv)
C:\Nburn/lib/NetBurner.a(extraio.o)
                              Drivers\introspec.o (_Z10GetExtraFDPvP14IoExpandStruct)
C:\Nburn/lib/NetBurner.a(http.o)
                              main.o (_Z9StartHTTPt)
C:\Nburn/lib/NetBurner.a(httpinternal.o)
                              C:\Nburn/lib/NetBurner.a(http.o) (_ZN12HTTP_Request11ProcessLineEPc)
C:\Nburn/lib/NetBurner.a(httpstricmp.o)
                              C:\Nburn/lib/NetBurner.a(httpinternal.o) (_Z11httpstricmpPKcS0_)
C:\Nburn/lib/NetBurner.a(htmldecomp.o)
                              C:\Nburn/lib/NetBurner.a(httpinternal.o) (_Z16SendFullResponsePKci)
C:\Nburn/lib/NetBurner.a(iosys.o)
                              C:\Nburn/lib/NANO54415.a(serial.o) (_Z12SetDataAvaili)
C:\Nburn/lib/NetBurner.a(new_ops.o)
                              Path.o (_Znwm)
C:\Nburn/lib/NetBurner.a(autoip.o)
[...]
Memory Configuration

Name             Origin             Length             Attributes
ram              0x40000400         0x03fffcff         xrw
SRAM             0x80000400         0x0000fbf0         xrw
Cold_SRAM        0x8000fffe         0x00000002         xrw
*default*        0x00000000         0xffffffff

Linker script and memory map

LOAD c:/nburn/gcc-m68k/bin/../lib/gcc/m68k-unknown-elf/5.2.0/m54455\nb-crt0.o
LOAD c:/nburn/gcc-m68k/bin/../lib/gcc/m68k-unknown-elf/5.2.0/m54455/crtbegin.o
LOAD tests.o
LOAD main.o
LOAD Utility.o
LOAD Profiler.o
LOAD Path.o
LOAD Nav.o
LOAD Map.o
LOAD Logger.o
LOAD FastMath.o
LOAD Drivers\servodrive.o
LOAD Drivers\pwm.o
LOAD Drivers\introspec.o
LOAD Drivers\dsm2.o
LOAD Drivers\SpinningLidar.o
LOAD Drivers\Odometer.o
LOAD Drivers\MadgwickFilter.o
LOAD Drivers\MPU9250.o
LOAD Drivers\LidarPWM.o
LOAD Drivers\LCD.o
LOAD Drivers\IMUSetupAndSample.o
LOAD htmldata.o
LOAD C:\Nburn/NANO54415/lib/sys.ld
                0x40000000                ovector_base = 0x40000000
                0x80000000                vector_base = 0x80000000
                0x80000400                SRAM_START_ADDR = 0x80000400
                0x8000fffe                SRAM_END_ADDR = 0x8000fffe
                0x8c000000                sim_rgpio = 0x8c000000
                0xec008000                sim1 = 0xec008000
                0xfc004000                sim2 = 0xfc004000
                0x00004000                FlashAppBase = 0x4000
                0xfc0d4008                DBETHER_EMIR_REG = 0xfc0d4008
                0x8000d000                comm_loc = 0x8000d000
START GROUP
LOAD C:\Nburn/lib/NANO54415.a
LOAD C:\Nburn/lib/NetBurner.a
LOAD C:\Nburn/lib/FatFile.a
LOAD c:/nburn/gcc-m68k/bin/../m68k-unknown-elf/sysroot/lib/m54455\libstdc++.a
LOAD C:\Nburn\lib\cryptolib.a
LOAD C:\Nburn\lib\debugLibrary.a
LOAD C:\Nburn\lib\Lua_Full.a
LOAD C:\Nburn\lib\nb-libxively.a
LOAD C:\Nburn\lib\nbwifilib.a
LOAD C:\Nburn\lib\sshLibrary.a
LOAD C:\Nburn\lib\webclient.a
END GROUP
LOAD c:/nburn/gcc-m68k/bin/../m68k-unknown-elf/sysroot/lib/m54455\libstdc++.a
LOAD c:/nburn/gcc-m68k/bin/../m68k-unknown-elf/sysroot/lib/m54455\libm.a
LOAD c:/nburn/gcc-m68k/bin/../lib/gcc/m68k-unknown-elf/5.2.0/m54455\libgcc.a
LOAD c:/nburn/gcc-m68k/bin/../m68k-unknown-elf/sysroot/lib/m54455\libc.a
LOAD c:/nburn/gcc-m68k/bin/../lib/gcc/m68k-unknown-elf/5.2.0/m54455\libgcc.a
LOAD c:/nburn/gcc-m68k/bin/../lib/gcc/m68k-unknown-elf/5.2.0/m54455/crtend.o
START GROUP
LOAD c:/nburn/gcc-m68k/bin/../m68k-unknown-elf/sysroot/lib/m54455\libc.a
LOAD c:/nburn/gcc-m68k/bin/../lib/gcc/m68k-unknown-elf/5.2.0/m54455\libgcc.a
LOAD c:/nburn/gcc-m68k/bin/../m68k-unknown-elf/sysroot/lib/m54455\libm.a
END GROUP
                0x00000000                __DYNAMIC = 0x0
                0x44000000                PROVIDE (__stack, 0x44000000)
                [!provide]                PROVIDE (hardware_init_hook, 0x0)
                [!provide]                PROVIDE (_hardware_init_hook, 0x0)
                [!provide]                PROVIDE (software_init_hook, 0x0)
                [!provide]                PROVIDE (_software_init_hook, 0x0)

.gcc_except_table._ZN10__cxxabiv111__terminateEPFvvE
                0x40000400       0x1d
 .gcc_except_table._ZN10__cxxabiv111__terminateEPFvvE
                0x40000400       0x1d c:/nburn/gcc-m68k/bin/../m68k-unknown-elf/sysroot/lib/m54455\libstdc++.a(eh_terminate.o)

.gcc_except_table.__gxx_personality_v0
                0x40000420       0x1c
 .gcc_except_table.__gxx_personality_v0
                0x40000420       0x1c c:/nburn/gcc-m68k/bin/../m68k-unknown-elf/sysroot/lib/m54455\libstdc++.a(eh_personality.o)

.gcc_except_table.__cxa_call_unexpected
                0x4000043c       0x1c
 .gcc_except_table.__cxa_call_unexpected
                0x4000043c       0x1c c:/nburn/gcc-m68k/bin/../m68k-unknown-elf/sysroot/lib/m54455\libstdc++.a(eh_personality.o)

.gcc_except_table._ZN9__gnu_cxx27__verbose_terminate_handlerEv
                0x40000458       0x2c
 .gcc_except_table._ZN9__gnu_cxx27__verbose_terminate_handlerEv
                0x40000458       0x2c c:/nburn/gcc-m68k/bin/../m68k-unknown-elf/sysroot/lib/m54455\libstdc++.a(vterminate.o)

.SRAM_SECT      0x80000400     0xf1c0
                0x80000400                SRAM_START = .
 *(SYS_VAR_SECT)
 SYS_VAR_SECT   0x80000400        0x4 C:\Nburn/lib/NANO54415.a(bsp.o)
                0x80000400                cacrMirror
 SYS_VAR_SECT   0x80000404      0x238 C:\Nburn/lib/NetBurner.a(ucos.o)
                0x80000404                OSRunning
                0x80000406                OSISRLevel
                0x80000408                OSRdyGrp
                0x8000040c                OSLockNesting
                0x80000410                OSIntNesting
                0x80000414                OSTCBFreeList
                0x80000418                OSTCBList
                0x8000041c                OSTCBHighRdy
                0x80000420                OSTCBCur
                0x80000424                OSRdyTbl
                0x8000042c                OSTCBPrioTbl
                0x8000052c                OSUnMapTbl
                0x8000062c                OSMapTbl
                0x80000634                Secs
                0x80000638                TimeTick
 SYS_VAR_SECT   0x8000063c      0x272 C:\Nburn/lib/NetBurner.a(ucosmain.o)
                0x8000064e                critical_count
                0x80000652                OSTcbStructSize
                0x80000656                OSTCBTbl
 SYS_VAR_SECT   0x800008ae       0x1c C:\Nburn/lib/NetBurner.a(fileio.o)
                0x800008ae                fd_map
                0x800008c6                pExtraFdFunc
 SYS_VAR_SECT   0x800008ca       0x20 C:\Nburn/lib/NetBurner.a(iosys.o)
                0x800008d2                error_file_sets
                0x800008da                write_file_sets
                0x800008e2                read_file_sets
                0x800008ea                SYS_VAR_SECT_END = .
                0x800008f0                . = ALIGN (0x10)
 *fill*         0x800008ea        0x6 
 *(IDLE_STK_SECT)
 IDLE_STK_SECT  0x800008f0     0x2000 C:\Nburn/lib/NetBurner.a(ucosmain.o)
                0x800008f0                OSIdleTaskStk
                0x800028f0                IDLE_STK_SECT_END = .
                0x800028f0                . = ALIGN (0x10)
 *(MAIN_STK_SECT)
 MAIN_STK_SECT  0x800028f0     0x3000 C:\Nburn/lib/NetBurner.a(cppmain.o)
                0x800028f0                MainStk
                0x800058f0                MAIN_STK_SECT_END = .
                0x800058f0                . = ALIGN (0x4)
 *(ETHER_VAR_SECT)
                0x800058f0                ETHER_VAR_SECT_END = .
                0x800058f0                . = ALIGN (0x10)
 *(ETHER_STK_SECT)
                0x800058f0                ETHER_STK_SECT_END = .
                0x800058f0                . = ALIGN (0x4)
 *(IP_VAR_SECT)
                0x800058f0                IP_VAR_SECT_END = .
                0x800058f0                . = ALIGN (0x10)
 *(IP_STK_SECT)
                0x800058f0                IP_STK_SECT_END = .
                0x800058f0                . = ALIGN (0x4)
 *(TCP_VAR_SECT)
                0x800058f0                TCP_VAR_SECT_END = .
                0x800058f0                . = ALIGN (0x10)
 *(TCP_STK_SECT)
                0x800058f0                TCP_STK_SECT_END = .
                0x800058f0                . = ALIGN (0x10)
 *(HTTP_STK_SECT)
                0x800058f0                HTTP_STK_SECT_END = .
                0x800058f0                . = ALIGN (0x10)
 *(FTP_STK_SECT)
                0x800058f0                FTP_STK_SECT_END = .
                0x800058f0                . = ALIGN (0x10)
 *(WIFI_STK_SECT)
                0x800058f0                WIFI_STK_SECT_END = .
                0x800058f0                . = ALIGN (0x10)
 *(PPP_STK_SECT)
                0x800058f0                PPP_STK_SECT_END = .
                0x800058f0                . = ALIGN (0x10)
 *(COMMAND_STK_SECT)
                0x800058f0                COMMAND_STK_SECT_END = .
                0x800058f0                . = ALIGN (0x4)
 *(USER_VAR_SECT)
 USER_VAR_SECT  0x800058f0       0x16 Drivers\introspec.o
                0x800058f0                LogCrit
                0x800058fe                LogPut
                0x80005902                LogGet
 USER_VAR_SECT  0x80005906      0xbd0 Drivers\SpinningLidar.o
                0x80005906                _ZN13SpinningLidar6packetE
                0x8000590c                _ZN13SpinningLidar9charCountE
                0x80005910                _ZN13SpinningLidar10LIDARResetE
                0x80005912                _ZN13SpinningLidar2rvE
                0x80005916                _ZN13SpinningLidar12lidar_bufferE
                0x80005996                _ZN13SpinningLidar13sampleQualityE
                0x80005f36                _ZN13SpinningLidar4distE
 USER_VAR_SECT  0x800064d6        0x4 Drivers\LidarPWM.o
                0x800064d6                LIDAR_VALUE_RIGHT
 USER_VAR_SECT  0x800064da       0xbc C:\Nburn/lib/NANO54415.a(HiResTimer.o)
                0x800064da                _ZN10HiResTimer12timerCreatedE
                0x800064de                _ZN10HiResTimer6timersE
                0x80006596                USER_VAR_SECT_END = .
                0x800065a0                . = ALIGN (0x10)
 *fill*         0x80006596        0xa 
 *(USER_STK_SECT)
 USER_STK_SECT  0x800065a0     0x3000 main.o
 USER_STK_SECT  0x800095a0     0x3000 Drivers\SpinningLidar.o
 USER_STK_SECT  0x8000c5a0     0x3000 Drivers\IMUSetupAndSample.o
                0x8000f5a0                USER_STK_SECT_END = .
                0x8000f5a0                . = ALIGN (0x4)
 *(TLS_VAR_SECT)
                0x8000f5a0                TLS_VAR_SECT_END = .
                0x8000f5a0                BUFFERS_SECT_START = .
                0x8000f5a0                . = ALIGN (0x10)
 *(BUFFERS_VAR_SECT)
 BUFFERS_VAR_SECT
                0x8000f5a0       0x1c C:\Nburn/lib/NetBurner.a(buffers.o)
                0x8000f5a0                free_list_is_initialized
                0x8000f5a4                free_fast_list
                0x8000f5ae                free_list
                0x8000f5b8                FAST_BUFFER_POOL_SIZE
                0x8000f5c0                . = ALIGN (0x10)
 *fill*         0x8000f5bc        0x4 
                0x8000f5c0                BUFFERS_VAR_SECT_END = .
                0x8000f5c0                . = ALIGN (0x10)
                0x8000f5c0                SRAM_END = .

.COLD_SRAM_SECT
                0x8000fffe        0x2
 *(COLD_SRAM_VAR)
 COLD_SRAM_VAR  0x8000fffe        0x2 C:\Nburn/lib/NetBurner.a(ip.o)

.text           0x40000490    0x53560
 nb-crt0.o()
 .text          0x40000490       0xaa c:/nburn/gcc-m68k/bin/../lib/gcc/m68k-unknown-elf/5.2.0/m54455\nb-crt0.o
                0x40000490                start
 *fill*         0x4000053a        0x2 
 .data          0x4000053c        0x4 c:/nburn/gcc-m68k/bin/../lib/gcc/m68k-unknown-elf/5.2.0/m54455\nb-crt0.o
 .bss           0x40000540        0x0 c:/nburn/gcc-m68k/bin/../lib/gcc/m68k-unknown-elf/5.2.0/m54455\nb-crt0.o
                0x40000540                gConfigRec = .
                0x40002540                . = (. + 0x2000)
 *fill*         0x40000540     0x2000 
                0x40002540                UserParamBase = .
                0x40004540                . = (. + 0x2000)
 *fill*         0x40002540     0x2000 
 *(.text)
 .text          0x40004540      0x12c c:/nburn/gcc-m68k/bin/../lib/gcc/m68k-unknown-elf/5.2.0/m54455/crtbegin.o
 .text          0x4000466c        0x8 C:\Nburn/lib/NANO54415.a(hardware_init.o)
                0x4000466c                hardware_init_hook
 *fill*         0x40004674        0xc 
 .text          0x40004680      0x19c C:\Nburn/lib/NANO54415.a(bspa.o)
                0x40004680                CatchNullWrites
                0x40004690                _cache_inval
                0x400046b0                _cache_push
                0x400046d0                _cache_flush
                0x40004710                PushCacheLines
                0x40004760                InvalidateCacheLines
                0x400047b0                FlushCacheLines
 *fill*         0x4000481c        0x4 
 .text          0x40004820      0x41a C:\Nburn/lib/NetBurner.a(ucosmcfa.o)
                0x40004820                OSStartHighRdy
                0x40004840                OSCtxSw
                0x40004870                OSIntCtxSw
                0x400048a0                OSTickISR
                0x400048e0                OSSetupVBR
                0x40004900                OSDebugTraceHalt
                0x40004910                memcpy
                0x40004910                fmemcpy
                0x400049e0                memcpysum
                0x40004b70                memset
                0x40004b70                fmemset
                0x40004c10                GetSR_IntLevel
                0x40004c20                SetSR_IntLevel
 *fill*         0x40004c3a        0x2 
 .text          0x40004c3c        0x8 C:\Nburn/lib/NetBurner.a(software_init.o)
                0x40004c3c                software_init_hook
 .text          0x40004c44       0x2e C:\Nburn/lib/NetBurner.a(ucosmain.o)
                0x40004c44                OSStackProtectCtxSw
 *fill*         0x40004c72        0x2 
 .text          0x40004c74      0x1c0 C:\Nburn/lib/NetBurner.a(ip.o)
                0x40004c74                GetSum
                0x40004d30                GetSum20
                0x40004d68                GetSumHdr
 .text          0x40004e34     0x440e c:/nburn/gcc-m68k/bin/../m68k-unknown-elf/sysroot/lib/m54455\libstdc++.a(cp-demangle.o)
                0x4000912c                __cxa_demangle
                0x4000920c                __gcclibcxx_demangle_callback
 *fill*         0x40009242        0x2 
 .text          0x40009244       0x6c c:/nburn/gcc-m68k/bin/../m68k-unknown-elf/sysroot/lib/m54455\libm.a(lib_a-s_fpclassify.o)
                0x40009244                __fpclassifyd
 .text          0x400092b0       0xda c:/nburn/gcc-m68k/bin/../m68k-unknown-elf/sysroot/lib/m54455\libm.a(lib_a-s_modf.o)
                0x400092b0                modf
 *fill*         0x4000938a        0x2 
 .text          0x4000938c       0xc6 c:/nburn/gcc-m68k/bin/../m68k-unknown-elf/sysroot/lib/m54455\libm.a(lib_a-s_round.o)
                0x4000938c                round
 *fill*         0x40009452        0x2 
 .text          0x40009454       0xea c:/nburn/gcc-m68k/bin/../m68k-unknown-elf/sysroot/lib/m54455\libm.a(lib_a-s_sin.o)
                0x40009454                sin
 *fill*         0x4000953e        0x2 
 .text          0x40009540       0xf0 c:/nburn/gcc-m68k/bin/../m68k-unknown-elf/sysroot/lib/m54455\libm.a(lib_a-w_asin.o)
                0x40009540                asin
 .text          0x40009630        0xc c:/nburn/gcc-m68k/bin/../m68k-unknown-elf/sysroot/lib/m54455\libm.a(lib_a-w_atan2.o)
                0x40009630                atan2
 .text          0x4000963c      0x436 c:/nburn/gcc-m68k/bin/../m68k-unknown-elf/sysroot/lib/m54455\libm.a(lib_a-w_pow.o)
                0x4000963c                pow
 *fill*         0x40009a72        0x2 
 .text          0x40009a74       0xec c:/nburn/gcc-m68k/bin/../m68k-unknown-elf/sysroot/lib/m54455\libm.a(lib_a-wf_asin.o)
                0x40009a74                asinf
 .text          0x40009b60        0xc c:/nburn/gcc-m68k/bin/../m68k-unknown-elf/sysroot/lib/m54455\libm.a(lib_a-wf_atan2.o)
                0x40009b60                atan2f
 .text          0x40009b6c       0xfe c:/nburn/gcc-m68k/bin/../m68k-unknown-elf/sysroot/lib/m54455\libm.a(lib_a-wf_sqrt.o)
                0x40009b6c                sqrtf
 *fill*         0x40009c6a        0x2 
 .text          0x40009c6c      0x606 c:/nburn/gcc-m68k/bin/../m68k-unknown-elf/sysroot/lib/m54455\libm.a(lib_a-e_asin.o)
                0x40009c6c                __ieee754_asin
 *fill*         0x4000a272        0x2 
 .text          0x4000a274      0x24c c:/nburn/gcc-m68k/bin/../m68k-unknown-elf/sysroot/lib/m54455\libm.a(lib_a-e_atan2.o)
                0x4000a274                __ieee754_atan2
 .text          0x4000a4c0      0xdfe c:/nburn/gcc-m68k/bin/../m68k-unknown-elf/sysroot/lib/m54455\libm.a(lib_a-e_pow.o)
                0x4000a4c0                __ieee754_pow
 *fill*         0x4000b2be        0x2 
 .text          0x4000b2c0      0x5f2 c:/nburn/gcc-m68k/bin/../m68k-unknown-elf/sysroot/lib/m54455\libm.a(lib_a-e_rem_pio2.o)
                0x4000b2c0                __ieee754_rem_pio2
 *fill*         0x4000b8b2        0x2 
 .text          0x4000b8b4      0x1d0 c:/nburn/gcc-m68k/bin/../m68k-unknown-elf/sysroot/lib/m54455\libm.a(lib_a-e_sqrt.o)
                0x4000b8b4                __ieee754_sqrt
 .text          0x4000ba84      0x39a c:/nburn/gcc-m68k/bin/../m68k-unknown-elf/sysroot/lib/m54455\libm.a(lib_a-ef_asin.o)
                0x4000ba84                __ieee754_asinf
 *fill*         0x4000be1e        0x2 
 .text          0x4000be20      0x1c6 c:/nburn/gcc-m68k/bin/../m68k-unknown-elf/sysroot/lib/m54455\libm.a(lib_a-ef_atan2.o)
                0x4000be20                __ieee754_atan2f
 *fill*         0x4000bfe6        0x2 
 .text          0x4000bfe8       0xe4 c:/nburn/gcc-m68k/bin/../m68k-unknown-elf/sysroot/lib/m54455\libm.a(lib_a-ef_sqrt.o)
                0x4000bfe8                __ieee754_sqrtf
 .text          0x4000c0cc      0x260 c:/nburn/gcc-m68k/bin/../m68k-unknown-elf/sysroot/lib/m54455\libm.a(lib_a-k_cos.o)
                0x4000c0cc                __kernel_cos
 .text          0x4000c32c      0x8dc c:/nburn/gcc-m68k/bin/../m68k-unknown-elf/sysroot/lib/m54455\libm.a(lib_a-k_rem_pio2.o)
                0x4000c32c                __kernel_rem_pio2
 .text          0x4000cc08      0x1fa c:/nburn/gcc-m68k/bin/../m68k-unknown-elf/sysroot/lib/m54455\libm.a(lib_a-k_sin.o)
                0x4000cc08                __kernel_sin
 *fill*         0x4000ce02        0x2 
 .text          0x4000ce04      0x440 c:/nburn/gcc-m68k/bin/../m68k-unknown-elf/sysroot/lib/m54455\libm.a(lib_a-s_atan.o)
                0x4000ce04                atan
 .text          0x4000d244       0x1c c:/nburn/gcc-m68k/bin/../m68k-unknown-elf/sysroot/lib/m54455\libm.a(lib_a-s_fabs.o)
                0x4000d244                fabs
 .text          0x4000d260       0x1c c:/nburn/gcc-m68k/bin/../m68k-unknown-elf/sysroot/lib/m54455\libm.a(lib_a-s_finite.o)
                0x4000d260                finite
 .text          0x4000d27c      0x17c c:/nburn/gcc-m68k/bin/../m68k-unknown-elf/sysroot/lib/m54455\libm.a(lib_a-s_floor.o)
                0x4000d27c                floor
 .text          0x4000d3f8        0xa c:/nburn/gcc-m68k/bin/../m68k-unknown-elf/sysroot/lib/m54455\libm.a(lib_a-s_matherr.o)
                0x4000d3f8                matherr
 *fill*         0x4000d402        0x2 
 .text          0x4000d404       0x10 c:/nburn/gcc-m68k/bin/../m68k-unknown-elf/sysroot/lib/m54455\libm.a(lib_a-s_nan.o)
                0x4000d404                nan
 .text          0x4000d414      0x19e c:/nburn/gcc-m68k/bin/../m68k-unknown-elf/sysroot/lib/m54455\libm.a(lib_a-s_rint.o)
                0x4000d414                rint
 *fill*         0x4000d5b2        0x2 
 .text          0x4000d5b4      0x188 c:/nburn/gcc-m68k/bin/../m68k-unknown-elf/sysroot/lib/m54455\libm.a(lib_a-s_scalbn.o)
                0x4000d5b4                scalbn
 .text          0x4000d73c      0x2c0 c:/nburn/gcc-m68k/bin/../m68k-unknown-elf/sysroot/lib/m54455\libm.a(lib_a-sf_atan.o)
                0x4000d73c                atanf
 .text          0x4000d9fc       0x10 c:/nburn/gcc-m68k/bin/../m68k-unknown-elf/sysroot/lib/m54455\libm.a(lib_a-sf_fabs.o)
                0x4000d9fc                fabsf
 .text          0x4000da0c       0x4a c:/nburn/gcc-m68k/bin/../m68k-unknown-elf/sysroot/lib/m54455\libm.a(lib_a-sf_fpclassify.o)
                0x4000da0c                __fpclassifyf
 *fill*         0x4000da56        0x2 
 .text          0x4000da58       0x2a c:/nburn/gcc-m68k/bin/../m68k-unknown-elf/sysroot/lib/m54455\libm.a(lib_a-s_copysign.o)
                0x4000da58                copysign
 *fill*         0x4000da82        0x2 
 .text          0x4000da84      0xba0 c:/nburn/gcc-m68k/bin/../lib/gcc/m68k-unknown-elf/5.2.0/m54455\libgcc.a(_double.o)
                0x4000dade                __subdf3
                0x4000dae4                __adddf3
                0x4000df80                __muldf3
                0x4000e15c                __divdf3
                0x4000e44c                __negdf2
                0x4000e4aa                __cmpdf2_internal
                0x4000e582                __cmpdf2
 .text          0x4000e624      0x7ca c:/nburn/gcc-m68k/bin/../lib/gcc/m68k-unknown-elf/5.2.0/m54455\libgcc.a(_float.o)
                0x4000e66c                __subsf3
                0x4000e672                __addsf3
                0x4000e954                __mulsf3
                0x4000ea96                __divsf3
                0x4000ec8a                __negsf2
                0x4000ecdc                __cmpsf2_internal
                0x4000ed7c                __cmpsf2
 *fill*         0x4000edee        0x2 
 .text          0x4000edf0       0x74 c:/nburn/gcc-m68k/bin/../lib/gcc/m68k-unknown-elf/5.2.0/m54455\libgcc.a(_floatex.o)
                0x4000edf0                __clear_sticky_bit
                0x4000edfc                $_exception_handler
 .text          0x4000ee64       0x22 c:/nburn/gcc-m68k/bin/../lib/gcc/m68k-unknown-elf/5.2.0/m54455\libgcc.a(_eqdf2.o)
                0x4000ee64                __eqdf2
 *fill*         0x4000ee86        0x2 
 .text          0x4000ee88       0x22 c:/nburn/gcc-m68k/bin/../lib/gcc/m68k-unknown-elf/5.2.0/m54455\libgcc.a(_nedf2.o)
                0x4000ee88                __nedf2
 *fill*         0x4000eeaa        0x2 
 .text          0x4000eeac       0x22 c:/nburn/gcc-m68k/bin/../lib/gcc/m68k-unknown-elf/5.2.0/m54455\libgcc.a(_gtdf2.o)
                0x4000eeac                __gtdf2
 *fill*         0x4000eece        0x2 
 .text          0x4000eed0       0x22 c:/nburn/gcc-m68k/bin/../lib/gcc/m68k-unknown-elf/5.2.0/m54455\libgcc.a(_gedf2.o)
                0x4000eed0                __gedf2
 *fill*         0x4000eef2        0x2 
 .text          0x4000eef4       0x22 c:/nburn/gcc-m68k/bin/../lib/gcc/m68k-unknown-elf/5.2.0/m54455\libgcc.a(_ltdf2.o)
                0x4000eef4                __ltdf2
 *fill*         0x4000ef16        0x2 
 .text          0x4000ef18       0x22 c:/nburn/gcc-m68k/bin/../lib/gcc/m68k-unknown-elf/5.2.0/m54455\libgcc.a(_ledf2.o)
                0x4000ef18                __ledf2
 *fill*         0x4000ef3a        0x2 
 .text          0x4000ef3c       0x1a c:/nburn/gcc-m68k/bin/../lib/gcc/m68k-unknown-elf/5.2.0/m54455\libgcc.a(_eqsf2.o)
                0x4000ef3c                __eqsf2
 *fill*         0x4000ef56        0x2 
 .text          0x4000ef58       0x1a c:/nburn/gcc-m68k/bin/../lib/gcc/m68k-unknown-elf/5.2.0/m54455\libgcc.a(_gtsf2.o)
                0x4000ef58                __gtsf2
 *fill*         0x4000ef72        0x2 
 .text          0x4000ef74       0x1a c:/nburn/gcc-m68k/bin/../lib/gcc/m68k-unknown-elf/5.2.0/m54455\libgcc.a(_gesf2.o)
                0x4000ef74                __gesf2
 *fill*         0x4000ef8e        0x2 
 .text          0x4000ef90       0x1a c:/nburn/gcc-m68k/bin/../lib/gcc/m68k-unknown-elf/5.2.0/m54455\libgcc.a(_ltsf2.o)
                0x4000ef90                __ltsf2
 *fill*         0x4000efaa        0x2 
 .text          0x4000efac       0x66 c:/nburn/gcc-m68k/bin/../lib/gcc/m68k-unknown-elf/5.2.0/m54455\libgcc.a(_muldi3.o)
                0x4000efac                __muldi3
 *fill*         0x4000f012        0x2 
 .text          0x4000f014       0x58 c:/nburn/gcc-m68k/bin/../lib/gcc/m68k-unknown-elf/5.2.0/m54455\libgcc.a(_fixunssfsi.o)
                0x4000f014                __fixunssfsi
 .text          0x4000f06c       0x76 c:/nburn/gcc-m68k/bin/../lib/gcc/m68k-unknown-elf/5.2.0/m54455\libgcc.a(_fixunsdfsi.o)
                0x4000f06c                __fixunsdfsi
 *fill*         0x4000f0e2        0x2 
 .text          0x4000f0e4       0x7a c:/nburn/gcc-m68k/bin/../lib/gcc/m68k-unknown-elf/5.2.0/m54455\libgcc.a(_fixunsdfdi.o)
                0x4000f0e4                __fixunsdfdi
 *fill*         0x4000f15e        0x2 
 .text          0x4000f160      0x3fe c:/nburn/gcc-m68k/bin/../lib/gcc/m68k-unknown-elf/5.2.0/m54455\libgcc.a(_udivdi3.o)
                0x4000f160                __udivdi3
 *fill*         0x4000f55e        0x2 
 .text          0x4000f560      0x372 c:/nburn/gcc-m68k/bin/../lib/gcc/m68k-unknown-elf/5.2.0/m54455\libgcc.a(_umoddi3.o)
                0x4000f560                __umoddi3
 *fill*         0x4000f8d2        0x2 
 .text          0x4000f8d4      0x442 c:/nburn/gcc-m68k/bin/../lib/gcc/m68k-unknown-elf/5.2.0/m54455\libgcc.a(fpgnulib.o)
                0x4000f8d4                __unordsf2
                0x4000f92c                __unorddf2
                0x4000f996                __floatunsidf
                0x4000f9fa                __floatsidf
                0x4000faa6                __floatunsisf
                0x4000fac0                __floatsisf
                0x4000fada                __extendsfdf2
                0x4000fb46                __truncdfsf2
                0x4000fc70                __fixdfsi
                0x4000fcfc                __fixsfsi
 *fill*         0x4000fd16        0x2 
 .text          0x4000fd18     0x21b4 c:/nburn/gcc-m68k/bin/../lib/gcc/m68k-unknown-elf/5.2.0/m54455\libgcc.a(unwind-dw2.o)
                0x400118f2                _Unwind_GetGR
                0x40011958                _Unwind_GetCFA
                0x40011968                _Unwind_SetGR
                0x400119d2                _Unwind_GetIP
                0x400119e2                _Unwind_GetIPInfo
                0x40011a02                _Unwind_SetIP
                0x40011a14                _Unwind_GetLanguageSpecificData
                0x40011a24                _Unwind_GetRegionStart
                0x40011a34                _Unwind_FindEnclosingFunction
                0x40011a5e                _Unwind_GetDataRelBase
                0x40011a6e                _Unwind_GetTextRelBase
                0x40011a7e                __frame_state_for
                0x40011b4a                _Unwind_RaiseException
                0x40011c64                _Unwind_ForcedUnwind
                0x40011cf8                _Unwind_Resume
                0x40011d8e                _Unwind_Resume_or_Rethrow
                0x40011e28                _Unwind_DeleteException
                0x40011e46                _Unwind_Backtrace
 .text          0x40011ecc     0x126e c:/nburn/gcc-m68k/bin/../lib/gcc/m68k-unknown-elf/5.2.0/m54455\libgcc.a(unwind-dw2-fde.o)
                0x40012d20                __register_frame_info_bases
                0x40012d68                __register_frame_info
                0x40012db0                __register_frame
                0x40012e08                __register_frame_info_table_bases
                0x40012e52                __register_frame_info_table
                0x40012e98                __register_frame_table
                0x40012ee8                __deregister_frame_info_bases
                0x40012fbe                __deregister_frame_info
                0x40012fc8                __deregister_frame
                0x40012fec                _Unwind_Find_FDE
 *fill*         0x4001313a        0x2 
 .text          0x4001313c       0x18 c:/nburn/gcc-m68k/bin/../m68k-unknown-elf/sysroot/lib/m54455\libc.a(lib_a-abort.o)
                0x4001313c                abort
 .text          0x40013154       0x18 c:/nburn/gcc-m68k/bin/../m68k-unknown-elf/sysroot/lib/m54455\libc.a(lib_a-atexit.o)
                0x40013154                atexit
 .text          0x4001316c       0x34 c:/nburn/gcc-m68k/bin/../m68k-unknown-elf/sysroot/lib/m54455\libc.a(lib_a-atoi.o)
                0x4001316c                atoi
                0x40013184                _atoi_r
 .text          0x400131a0       0x5c c:/nburn/gcc-m68k/bin/../m68k-unknown-elf/sysroot/lib/m54455\libc.a(lib_a-bsearch.o)
                0x400131a0                bsearch
 .text          0x400131fc       0x1e c:/nburn/gcc-m68k/bin/../m68k-unknown-elf/sysroot/lib/m54455\libc.a(lib_a-cxa_atexit.o)
                0x400131fc                __cxa_atexit
 *fill*         0x4001321a        0x2 
 .text          0x4001321c        0xe c:/nburn/gcc-m68k/bin/../m68k-unknown-elf/sysroot/lib/m54455\libc.a(lib_a-errno.o)
                0x4001321c                __errno
 *fill*         0x4001322a        0x2 
 .text          0x4001322c       0x5c c:/nburn/gcc-m68k/bin/../m68k-unknown-elf/sysroot/lib/m54455\libc.a(lib_a-fputc.o)
                0x4001322c                _fputc_r
                0x4001326e                fputc
 .text          0x40013288       0xa4 c:/nburn/gcc-m68k/bin/../m68k-unknown-elf/sysroot/lib/m54455\libc.a(lib_a-fputs.o)
                0x40013288                _fputs_r
                0x40013312                fputs
 .text          0x4001332c      0x366 c:/nburn/gcc-m68k/bin/../m68k-unknown-elf/sysroot/lib/m54455\libc.a(lib_a-fvwrite.o)
                0x4001332c                __sfvwrite_r
 *fill*         0x40013692        0x2 
 .text          0x40013694       0x1a c:/nburn/gcc-m68k/bin/../m68k-unknown-elf/sysroot/lib/m54455\libc.a(lib_a-isspace.o)
                0x40013694                isspace
 *fill*         0x400136ae        0x2 
 .text          0x400136b0       0x32 c:/nburn/gcc-m68k/bin/../m68k-unknown-elf/sysroot/lib/m54455\libc.a(lib_a-malloc.o)
                0x400136b0                malloc
                0x400136c8                free
 *fill*         0x400136e2        0x2 
 .text          0x400136e4      0x584 c:/nburn/gcc-m68k/bin/../m68k-unknown-elf/sysroot/lib/m54455\libc.a(lib_a-mallocr.o)
                0x400136e4                _malloc_r
 .text          0x40013c68       0x32 c:/nburn/gcc-m68k/bin/../m68k-unknown-elf/sysroot/lib/m54455\libc.a(lib_a-memchr.o)
                0x40013c68                memchr
 *fill*         0x40013c9a        0x2 
 .text          0x40013c9c       0x32 c:/nburn/gcc-m68k/bin/../m68k-unknown-elf/sysroot/lib/m54455\libc.a(lib_a-memcmp.o)
                0x40013c9c                memcmp
 *fill*         0x40013cce        0x2 
 .text          0x40013cd0       0x54 c:/nburn/gcc-m68k/bin/../m68k-unknown-elf/sysroot/lib/m54455\libc.a(lib_a-memmove.o)
                0x40013cd0                memmove
 .text          0x40013d24       0xa0 c:/nburn/gcc-m68k/bin/../m68k-unknown-elf/sysroot/lib/m54455\libc.a(lib_a-putc.o)
                0x40013d24                _putc_r
                0x40013daa                putc
 .text          0x40013dc4       0xac c:/nburn/gcc-m68k/bin/../m68k-unknown-elf/sysroot/lib/m54455\libc.a(lib_a-puts.o)
                0x40013dc4                _puts_r
                0x40013e5a                puts
 .text          0x40013e70       0x62 c:/nburn/gcc-m68k/bin/../m68k-unknown-elf/sysroot/lib/m54455\libc.a(lib_a-rand.o)
                0x40013e70                srand
                0x40013e88                rand
 *fill*         0x40013ed2        0x2 
 .text          0x40013ed4       0x1c c:/nburn/gcc-m68k/bin/../m68k-unknown-elf/sysroot/lib/m54455\libc.a(lib_a-realloc.o)
                0x40013ed4                realloc
 .text          0x40013ef0      0x456 c:/nburn/gcc-m68k/bin/../m68k-unknown-elf/sysroot/lib/m54455\libc.a(lib_a-reallocr.o)
                0x40013ef0                _realloc_r
 *fill*         0x40014346        0x2 
 .text          0x40014348      0x146 c:/nburn/gcc-m68k/bin/../m68k-unknown-elf/sysroot/lib/m54455\libc.a(lib_a-setvbuf.o)
                0x40014348                setvbuf
 *fill*         0x4001448e        0x2 
 .text          0x40014490      0x1ce c:/nburn/gcc-m68k/bin/../m68k-unknown-elf/sysroot/lib/m54455\libc.a(lib_a-signal.o)
                0x40014490                _init_signal_r
                0x400144d8                _signal_r
                0x40014524                _raise_r
                0x40014598                __sigtramp_r
                0x40014606                raise
                0x4001461c                signal
                0x40014636                _init_signal
                0x40014648                __sigtramp
 *fill*         0x4001465e        0x2 
 .text          0x40014660       0x3e c:/nburn/gcc-m68k/bin/../m68k-unknown-elf/sysroot/lib/m54455\libc.a(lib_a-signalr.o)
                0x40014660                _kill_r
                0x40014692                _getpid_r
 *fill*         0x4001469e        0x2 
 .text          0x400146a0       0x18 c:/nburn/gcc-m68k/bin/../m68k-unknown-elf/sysroot/lib/m54455\libc.a(lib_a-stpcpy.o)
                0x400146a0                stpcpy
 .text          0x400146b8       0x2e c:/nburn/gcc-m68k/bin/../m68k-unknown-elf/sysroot/lib/m54455\libc.a(lib_a-strcat.o)
                0x400146b8                strcat
 *fill*         0x400146e6        0x2 
 .text          0x400146e8       0x2e c:/nburn/gcc-m68k/bin/../m68k-unknown-elf/sysroot/lib/m54455\libc.a(lib_a-strcmp.o)
                0x400146e8                strcmp
 *fill*         0x40014716        0x2 
 .text          0x40014718       0x1c c:/nburn/gcc-m68k/bin/../m68k-unknown-elf/sysroot/lib/m54455\libc.a(lib_a-strcpy.o)
                0x40014718                strcpy
 .text          0x40014734       0x1a c:/nburn/gcc-m68k/bin/../m68k-unknown-elf/sysroot/lib/m54455\libc.a(lib_a-strlen.o)
                0x40014734                strlen
 *fill*         0x4001474e        0x2 
 .text          0x40014750       0x4e c:/nburn/gcc-m68k/bin/../m68k-unknown-elf/sysroot/lib/m54455\libc.a(lib_a-strncmp.o)
                0x40014750                strncmp
 *fill*         0x4001479e        0x2 
 .text          0x400147a0       0x30 c:/nburn/gcc-m68k/bin/../m68k-unknown-elf/sysroot/lib/m54455\libc.a(lib_a-strncpy.o)
                0x400147a0                strncpy
 .text          0x400147d0       0x4a c:/nburn/gcc-m68k/bin/../m68k-unknown-elf/sysroot/lib/m54455\libc.a(lib_a-strstr.o)
                0x400147d0                strstr
 *fill*         0x4001481a        0x2 
 .text          0x4001481c      0x16e c:/nburn/gcc-m68k/bin/../m68k-unknown-elf/sysroot/lib/m54455\libc.a(lib_a-strtol.o)
                0x4001481c                _strtol_r
                0x4001496c                strtol
 *fill*         0x4001498a        0x2 
 .text          0x4001498c       0x2a c:/nburn/gcc-m68k/bin/../m68k-unknown-elf/sysroot/lib/m54455\libc.a(lib_a-tolower.o)
                0x4001498c                tolower
 *fill*         0x400149b6        0x2 
 .text          0x400149b8       0x2a c:/nburn/gcc-m68k/bin/../m68k-unknown-elf/sysroot/lib/m54455\libc.a(lib_a-toupper.o)
                0x400149b8                toupper
 *fill*         0x400149e2        0x2 
 .text          0x400149e4       0xf4 c:/nburn/gcc-m68k/bin/../m68k-unknown-elf/sysroot/lib/m54455\libc.a(lib_a-wbuf.o)
                0x400149e4                __swbuf_r
                0x40014abe                __swbuf
 .text          0x40014ad8      0x116 c:/nburn/gcc-m68k/bin/../m68k-unknown-elf/sysroot/lib/m54455\libc.a(lib_a-wsetup.o)
                0x40014ad8                __swsetup_r
 *fill*         0x40014bee        0x2 
 .text          0x40014bf0       0xa0 c:/nburn/gcc-m68k/bin/../m68k-unknown-elf/sysroot/lib/m54455\libc.a(lib_a-__atexit.o)
                0x40014bf0                __register_exitproc
 .text          0x40014c90      0x204 c:/nburn/gcc-m68k/bin/../m68k-unknown-elf/sysroot/lib/m54455\libc.a(lib_a-fflush.o)
                0x40014c90                __sflush_r
                0x40014e18                _fflush_r
                0x40014e66                fflush
 .text          0x40014e94      0x28c c:/nburn/gcc-m68k/bin/../m68k-unknown-elf/sysroot/lib/m54455\libc.a(lib_a-findfp.o)
                0x40014e9e                _cleanup_r
                0x40014f3a                __sfmoreglue
                0x40014f96                _cleanup
                0x40014faa                __sinit
                0x4001501a                __sfp
                0x400150cc                __sfp_lock_acquire
                0x400150d4                __sfp_lock_release
                0x400150dc                __sinit_lock_acquire
                0x400150e4                __sinit_lock_release
                0x400150ec                __fp_lock_all
                0x40015106                __fp_unlock_all
 .text          0x40015120      0x2ec c:/nburn/gcc-m68k/bin/../m68k-unknown-elf/sysroot/lib/m54455\libc.a(lib_a-freer.o)
                0x40015120                _malloc_trim_r
                0x400151f4                _free_r
 .text          0x4001540c       0xb4 c:/nburn/gcc-m68k/bin/../m68k-unknown-elf/sysroot/lib/m54455\libc.a(lib_a-fwalk.o)
                0x4001540c                _fwalk
                0x40015464                _fwalk_reent
 .text          0x400154c0      0x152 c:/nburn/gcc-m68k/bin/../m68k-unknown-elf/sysroot/lib/m54455\libc.a(lib_a-makebuf.o)
                0x400154c0                __smakebuf_r
 *fill*         0x40015612        0x2 
 .text          0x40015614      0x126 c:/nburn/gcc-m68k/bin/../m68k-unknown-elf/sysroot/lib/m54455\libc.a(lib_a-stdio.o)
                0x40015614                __sread
                0x40015658                __seofread
                0x40015662                __swrite
                0x400156ce                __sseek
                0x40015722                __sclose
 *fill*         0x4001573a        0x2 
 .text          0x4001573c       0x38 c:/nburn/gcc-m68k/bin/../m68k-unknown-elf/sysroot/lib/m54455\libc.a(lib_a-writer.o)
                0x4001573c                _write_r
 .text          0x40015774       0x2e c:/nburn/gcc-m68k/bin/../m68k-unknown-elf/sysroot/lib/m54455\libc.a(lib_a-closer.o)
                0x40015774                _close_r
 *fill*         0x400157a2        0x2 
 .text          0x400157a4       0xe2 c:/nburn/gcc-m68k/bin/../m68k-unknown-elf/sysroot/lib/m54455\libc.a(lib_a-fclose.o)
                0x400157a4                _fclose_r
                0x40015870                fclose
 *fill*         0x40015886        0x2 
 .text          0x40015888       0x32 c:/nburn/gcc-m68k/bin/../m68k-unknown-elf/sysroot/lib/m54455\libc.a(lib_a-fstatr.o)
                0x40015888                _fstat_r
 *fill*         0x400158ba        0x2 
 .text          0x400158bc       0x2e c:/nburn/gcc-m68k/bin/../m68k-unknown-elf/sysroot/lib/m54455\libc.a(lib_a-isattyr.o)
                0x400158bc                _isatty_r
 *fill*         0x400158ea        0x2 
 .text          0x400158ec       0x38 c:/nburn/gcc-m68k/bin/../m68k-unknown-elf/sysroot/lib/m54455\libc.a(lib_a-lseekr.o)
                0x400158ec                _lseek_r
 .text          0x40015924       0x38 c:/nburn/gcc-m68k/bin/../m68k-unknown-elf/sysroot/lib/m54455\libc.a(lib_a-readr.o)
                0x40015924                _read_r
 .text          0x4001595c       0x32 c:/nburn/gcc-m68k/bin/../lib/gcc/m68k-unknown-elf/5.2.0/m54455/crtend.o
                0x40015990                . = ALIGN (0x10)
 *fill*         0x4001598e        0x2 
 *(.text.*)
 .text._Z9LCDUpdatePv
                0x40015990      0x1ba main.o
                0x40015990                _Z9LCDUpdatePv
 *fill*         0x40015b4a        0x2 
 .text._Z5DrivePv
                0x40015b4c      0x1d8 main.o
                0x40015b4c                _Z5DrivePv
 .text._Z15CheckNVSettingsv
                0x40015d24      0x1bc main.o
                0x40015d24                _Z15CheckNVSettingsv
 .text._Z13getGlobalTimev
                0x40015ee0       0xc4 main.o
                0x40015ee0                _Z13getGlobalTimev
 .text._Z4initv
                0x40015fa4      0x20e main.o
                0x40015fa4                _Z4initv
 *fill*         0x400161b2        0x2 
 .text.UserMain
                0x400161b4      0x100 main.o
                0x400161b4                UserMain
 .text.startup._GLOBAL__sub_I_MainTaskSem
                0x400162b4       0xdc main.o
 .text._ZN7Utility4modeEv
                0x40016390       0x32 Utility.o
                0x40016390                _ZN7Utility4modeEv
 *fill*         0x400163c2        0x2 
 .text._ZN7Utility7odoToMMEm
                0x400163c4       0x12 Utility.o
                0x400163c4                _ZN7Utility7odoToMMEm
 *fill*         0x400163d6        0x2 
 .text._ZN7Utility10degreeWrapEf
                0x400163d8       0x90 Utility.o
                0x400163d8                _ZN7Utility10degreeWrapEf
 .text._ZN7Utility9switchValEi
                0x40016468       0x26 Utility.o
                0x40016468                _ZN7Utility9switchValEi
 *fill*         0x4001648e        0x2 
 .text._ZN7Utility10Zto360WrapEi
                0x40016490       0x26 Utility.o
                0x40016490                _ZN7Utility10Zto360WrapEi
 *fill*         0x400164b6        0x2 
 .text._ZN8Profiler3ticEi
                0x400164b8       0x5e Profiler.o
                0x400164b8                _ZN8Profiler3ticEi
 *fill*         0x40016516        0x2 
 .text._ZN8Profiler3tocEi
                0x40016518       0xfc Profiler.o
                0x40016518                _ZN8Profiler3tocEi
 .text._ZN3NavD2Ev
                0x40016614        0x8 Nav.o
                0x40016614                _ZN3NavD1Ev
                0x40016614                _ZN3NavD2Ev
 .text._ZN3NavD0Ev
                0x4001661c       0x1c Nav.o
                0x4001661c                _ZN3NavD0Ev
 .text._ZN3NavC2Ev
                0x40016638       0x50 Nav.o
                0x40016638                _ZN3NavC2Ev
                0x40016638                _ZN3NavC1Ev
 .text._ZN3Nav4getXEv
                0x40016688       0x10 Nav.o
                0x40016688                _ZN3Nav4getXEv
 .text._ZN3Nav4getYEv
                0x40016698       0x10 Nav.o
                0x40016698                _ZN3Nav4getYEv
 .text._ZN3Nav10getHeadDesEv
                0x400166a8       0x10 Nav.o
                0x400166a8                _ZN3Nav10getHeadDesEv
 .text._ZN3Nav4getVEv
                0x400166b8       0x10 Nav.o
                0x400166b8                _ZN3Nav4getVEv
 .text._ZN3Nav10isFinishedEv
                0x400166c8       0x10 Nav.o
                0x400166c8                _ZN3Nav10isFinishedEv
 .text._ZN3Nav12headingSteerEv
                0x400166d8       0xca Nav.o
                0x400166d8                _ZN3Nav12headingSteerEv
 *fill*         0x400167a2        0x2 
 .text._ZN3Nav8getSteerEv
                0x400167a4       0x10 Nav.o
                0x400167a4                _ZN3Nav8getSteerEv
 .text._ZN3Nav10wallUpdateEv
                0x400167b4       0xc8 Nav.o
                0x400167b4                _ZN3Nav10wallUpdateEv
 .text._ZN3Nav12brakeAndZeroEfff
                0x4001687c       0xfa Nav.o
                0x4001687c                _ZN3Nav12brakeAndZeroEfff
 *fill*         0x40016976        0x2 
 .text._ZN3Nav17moveUntilFinishedEf
                0x40016978      0x22a Nav.o
                0x40016978                _ZN3Nav17moveUntilFinishedEf
 *fill*         0x40016ba2        0x2 
 .text._ZN3Nav11getThrottleEv
                0x40016ba4       0x1c Nav.o
                0x40016ba4                _ZN3Nav11getThrottleEv
 .text._ZN3Nav17closestFreeSectorEiii
                0x40016bc0      0x108 Nav.o
                0x40016bc0                _ZN3Nav17closestFreeSectorEiii
 .text._ZN3Nav16updateConcernLvlEv
                0x40016cc8      0x108 Nav.o
                0x40016cc8                _ZN3Nav16updateConcernLvlEv
 .text._ZN3Nav13cocHDesAdjustEv
                0x40016dd0      0x178 Nav.o
                0x40016dd0                _ZN3Nav13cocHDesAdjustEv
 .text._ZN3Nav9navUpdateEv
                0x40016f48      0xb84 Nav.o
                0x40016f48                _ZN3Nav9navUpdateEv
 .text._ZN3Map14OccGridEditObj9GetExtentERPmS2_
                0x40017acc       0x24 Map.o
                0x40017acc                _ZN3Map14OccGridEditObj9GetExtentERPmS2_
 .text._ZN3Map14OccGridInitObj9GetExtentERPmS2_
                0x40017af0       0x24 Map.o
                0x40017af0                _ZN3Map14OccGridInitObj9GetExtentERPmS2_
 .text._ZN3MapD2Ev
                0x40017b14        0x8 Map.o
                0x40017b14                _ZN3MapD2Ev
                0x40017b14                _ZN3MapD1Ev
 .text._ZN3MapD0Ev
                0x40017b1c       0x1c Map.o
                0x40017b1c                _ZN3MapD0Ev
 .text._ZN3Map14OccGridEditObj8BuildOneEv
                0x40017b38       0xf6 Map.o
                0x40017b38                _ZN3Map14OccGridEditObj8BuildOneEv
 *fill*         0x40017c2e        0x2 
 .text._ZN3Map14OccGridInitObj8BuildOneEv
                0x40017c30      0x114 Map.o
                0x40017c30                _ZN3Map14OccGridInitObj8BuildOneEv
 .text._ZN3MapC2Ev
                0x40017d44      0x29e Map.o
                0x40017d44                _ZN3MapC2Ev
                0x40017d44                _ZN3MapC1Ev
 *fill*         0x40017fe2        0x2 
 .text._ZN13MainLogObject9GetExtentERPmS1_
                0x40017fe4       0x24 Logger.o
                0x40017fe4                _ZN13MainLogObject9GetExtentERPmS1_
 .text._ZN13SpLidarLogObj9GetExtentERPmS1_
                0x40018008       0x24 Logger.o
                0x40018008                _ZN13SpLidarLogObj9GetExtentERPmS1_
 .text._ZN12CircleLogObj9GetExtentERPmS1_
                0x4001802c       0x24 Logger.o
                0x4001802c                _ZN12CircleLogObj9GetExtentERPmS1_
 .text._ZN9SegLogObj9GetExtentERPmS1_
                0x40018050       0x24 Logger.o
                0x40018050                _ZN9SegLogObj9GetExtentERPmS1_
 .text._ZN6Logger7logLoopEPv
                0x40018074      0x154 Logger.o
                0x40018074                _ZN6Logger7logLoopEPv
 .text._ZN13SpLidarLogObj8BuildOneEv
                0x400181c8       0xa0 Logger.o
                0x400181c8                _ZN13SpLidarLogObj8BuildOneEv
 .text._ZN12CircleLogObj8BuildOneEv
                0x40018268       0xfe Logger.o
                0x40018268                _ZN12CircleLogObj8BuildOneEv
 *fill*         0x40018366        0x2 
 .text._ZN9SegLogObj8BuildOneEv
                0x40018368      0x12a Logger.o
                0x40018368                _ZN9SegLogObj8BuildOneEv
 *fill*         0x40018492        0x2 
 .text._ZN13MainLogObject8BuildOneEv
                0x40018494      0x198 Logger.o
                0x40018494                _ZN13MainLogObject8BuildOneEv
 .text._ZN13MainLogObjectC2Ev
                0x4001862c      0x20e Logger.o
                0x4001862c                _ZN13MainLogObjectC2Ev
                0x4001862c                _ZN13MainLogObjectC1Ev
 *fill*         0x4001883a        0x2 
 .text._ZN13SpLidarLogObjC2Ev
                0x4001883c       0xc4 Logger.o
                0x4001883c                _ZN13SpLidarLogObjC2Ev
                0x4001883c                _ZN13SpLidarLogObjC1Ev
 .text._ZN12CircleLogObjC2Ev
                0x40018900      0x150 Logger.o
                0x40018900                _ZN12CircleLogObjC2Ev
                0x40018900                _ZN12CircleLogObjC1Ev
 .text._ZN9SegLogObjC2Ev
                0x40018a50      0x192 Logger.o
                0x40018a50                _ZN9SegLogObjC1Ev
                0x40018a50                _ZN9SegLogObjC2Ev
 *fill*         0x40018be2        0x2 
 .text._ZN6Logger8logBeginEv
                0x40018be4       0x3a Logger.o
                0x40018be4                _ZN6Logger8logBeginEv
 *fill*         0x40018c1e        0x2 
 .text.startup._GLOBAL__sub_I_mainLog
                0x40018c20       0x40 Logger.o
 .text._Z13setupFastMathv
                0x40018c60       0xdc FastMath.o
                0x40018c60                _Z13setupFastMathv
 .text._Z7fastsinf
                0x40018d3c       0xc2 FastMath.o
                0x40018d3c                _Z7fastsinf
 *fill*         0x40018dfe        0x2 
 .text._Z7fastcosf
                0x40018e00       0xce FastMath.o
                0x40018e00                _Z7fastcosf
 *fill*         0x40018ece        0x2 
 .text._Z11CoreRcTimeri
                0x40018ed0       0xfa Drivers\servodrive.o
                0x40018ed0                _Z11CoreRcTimeri
 *fill*         0x40018fca        0x2 
 .text._Z12fake_Ch0_ISRv
                0x40018fcc       0x54 Drivers\servodrive.o
                0x40018fcc                _Z12fake_Ch0_ISRv
                0x40018fd0                Ch0_ISR
 .text.real_Ch0_ISR
                0x40019020       0x16 Drivers\servodrive.o
                0x40019020                real_Ch0_ISR
 *fill*         0x40019036        0x2 
 .text._Z12fake_Ch1_ISRv
                0x40019038       0x54 Drivers\servodrive.o
                0x40019038                _Z12fake_Ch1_ISRv
                0x4001903c                Ch1_ISR
 .text.real_Ch1_ISR
                0x4001908c       0x18 Drivers\servodrive.o
                0x4001908c                real_Ch1_ISR
 .text._Z14ServoDriveInitv
                0x400190a4      0x16e Drivers\servodrive.o
                0x400190a4                _Z14ServoDriveInitv
 *fill*         0x40019212        0x2 
 .text._Z11SetServoPosid
                0x40019214      0x134 Drivers\servodrive.o
                0x40019214                _Z11SetServoPosid
 .text._Z11SetServoRawii
                0x40019348       0xc2 Drivers\servodrive.o
                0x40019348                _Z11SetServoRawii
 *fill*         0x4001940a        0x2 
 .text._Z11getServoPosi
                0x4001940c       0x1c Drivers\servodrive.o
                0x4001940c                _Z11getServoPosi
 .text._Z14PinFunctionPWMi
                0x40019428      0x11a Drivers\pwm.o
                0x40019428                _Z14PinFunctionPWMi
 *fill*         0x40019542        0x2 
 .text._Z18CheckLoadOkayClearv
                0x40019544       0x7c Drivers\pwm.o
                0x40019544                _Z18CheckLoadOkayClearv
 .text._Z19RegisterDefinitionsih
                0x400195c0       0x9a Drivers\pwm.o
                0x400195c0                _Z19RegisterDefinitionsih
 *fill*         0x4001965a        0x2 
 .text._Z14EdgeAlignedPWMiii
                0x4001965c      0x408 Drivers\pwm.o
                0x4001965c                _Z14EdgeAlignedPWMiii
 .text._Z6PinPWMiid
                0x40019a64       0x86 Drivers\pwm.o
                0x40019a64                _Z6PinPWMiid
 *fill*         0x40019aea        0x2 
 .text._Z22BuildOrFindDescriptionPKc
                0x40019aec       0xa2 Drivers\introspec.o
                0x40019aec                _Z22BuildOrFindDescriptionPKc
 *fill*         0x40019b8e        0x2 
 .text._ZN15IntrospecObjectC2EPKc
                0x40019b90       0x1c Drivers\introspec.o
                0x40019b90                _ZN15IntrospecObjectC1EPKc
                0x40019b90                _ZN15IntrospecObjectC2EPKc
 .text._Z14LogEscapedByteh
                0x40019bac       0x72 Drivers\introspec.o
                0x40019bac                _Z14LogEscapedByteh
 *fill*         0x40019c1e        0x2 
 .text._Z10LogRawByteh
                0x40019c20       0x58 Drivers\introspec.o
                0x40019c20                _Z10LogRawByteh
 .text._Z8LogRaw32m
                0x40019c78      0x130 Drivers\introspec.o
                0x40019c78                _Z8LogRaw32m
 .text._ZN15IntrospecObject7ElementEPvmPKcc
                0x40019da8       0x94 Drivers\introspec.o
                0x40019da8                _ZN15IntrospecObject7ElementEPvmPKcc
 .text._ZN15IntrospecObject12LogStructureEv
                0x40019e3c       0x98 Drivers\introspec.o
                0x40019e3c                _ZN15IntrospecObject12LogStructureEv
 .text._ZN15IntrospecObject3LogEb
                0x40019ed4      0x136 Drivers\introspec.o
                0x40019ed4                _ZN15IntrospecObject3LogEb
 *fill*         0x4001a00a        0x2 
 .text._Z10LogMessagePKcb
                0x4001a00c       0x84 Drivers\introspec.o
                0x4001a00c                _Z10LogMessagePKcb
 .text._Z12WriteLogToFdi
                0x4001a090       0xf0 Drivers\introspec.o
                0x4001a090                _Z12WriteLogToFdi
 .text._Z10GetLogSizev
                0x4001a180       0x80 Drivers\introspec.o
                0x4001a180                _Z10GetLogSizev
 .text._Z10InitLogFtpi
                0x4001a200       0x20 Drivers\introspec.o
                0x4001a200                _Z10InitLogFtpi
 .text._Z22FTPD_GetFileFromClientPKcS0_Pvi
                0x4001a220        0xa Drivers\introspec.o
                0x4001a220                _Z22FTPD_GetFileFromClientPKcS0_Pvi
 *fill*         0x4001a22a        0x2 
 .text._Z21FTPD_AbleToCreateFilePKcS0_Pv
                0x4001a22c        0xa Drivers\introspec.o
                0x4001a22c                _Z21FTPD_AbleToCreateFilePKcS0_Pv
 *fill*         0x4001a236        0x2 
 .text._Z16FTPDSessionStartPKcS0_7IPADDR4
                0x4001a238        0xa Drivers\introspec.o
                0x4001a238                _Z16FTPDSessionStartPKcS0_7IPADDR4
 *fill*         0x4001a242        0x2 
 .text._Z14FTPDSessionEndPv
                0x4001a244        0x8 Drivers\introspec.o
                0x4001a244                _Z14FTPDSessionEndPv
 .text._Z23FTPD_ListSubDirectoriesPKcPvPFviS0_Ei
                0x4001a24c        0xa Drivers\introspec.o
                0x4001a24c                _Z23FTPD_ListSubDirectoriesPKcPvPFviS0_Ei
 *fill*         0x4001a256        0x2 
 .text._Z20FTPD_DirectoryExistsPKcPv
                0x4001a258        0xa Drivers\introspec.o
                0x4001a258                _Z20FTPD_DirectoryExistsPKcPv
 *fill*         0x4001a262        0x2 
 .text._Z23FTPD_CreateSubDirectoryPKcS0_Pv
                0x4001a264        0xa Drivers\introspec.o
                0x4001a264                _Z23FTPD_CreateSubDirectoryPKcS0_Pv
 *fill*         0x4001a26e        0x2 
 .text._Z23FTPD_DeleteSubDirectoryPKcS0_Pv
                0x4001a270        0xa Drivers\introspec.o
                0x4001a270                _Z23FTPD_DeleteSubDirectoryPKcS0_Pv
 *fill*         0x4001a27a        0x2 
 .text._Z15FTPD_DeleteFilePKcS0_Pv
                0x4001a27c       0x60 Drivers\introspec.o
                0x4001a27c                _Z15FTPD_DeleteFilePKcS0_Pv
 .text._Z11FTPD_RenamePKcS0_S0_Pv
                0x4001a2dc        0xa Drivers\introspec.o
                0x4001a2dc                _Z11FTPD_RenamePKcS0_S0_Pv
 *fill*         0x4001a2e6        0x2 
 .text._Z16FTPD_GetFileSizePKcS0_
                0x4001a2e8        0xa Drivers\introspec.o
                0x4001a2e8                _Z16FTPD_GetFileSizePKcS0_
 *fill*         0x4001a2f2        0x2 
 .text._Z12getdirstringPKclPc
                0x4001a2f4       0xac Drivers\introspec.o
                0x4001a2f4                _Z12getdirstringPKclPc
 .text._Z13FTPD_ListFilePKcPvPFviS0_Ei
                0x4001a3a0       0x5e Drivers\introspec.o
                0x4001a3a0                _Z13FTPD_ListFilePKcPvPFviS0_Ei
 *fill*         0x4001a3fe        0x2 
 .text._Z21FTPD_SendFileToClientPKcS0_Pvi
                0x4001a400       0x78 Drivers\introspec.o
                0x4001a400                _Z21FTPD_SendFileToClientPKcS0_Pvi
 .text._Z15FTPD_FileExistsPKcS0_Pv
                0x4001a478        0xa Drivers\introspec.o
                0x4001a478                _Z15FTPD_FileExistsPKcS0_Pv
 *fill*         0x4001a482        0x2 
 .text._ZN7FileLogC2EPKc
                0x4001a484       0x20 Drivers\introspec.o
                0x4001a484                _ZN7FileLogC2EPKc
                0x4001a484                _ZN7FileLogC1EPKc
 .text._Z15LogFileVersionsv
                0x4001a4a4       0x5e Drivers\introspec.o
                0x4001a4a4                _Z15LogFileVersionsv
 *fill*         0x4001a502        0x2 
 .text.startup._GLOBAL__sub_I__ZN15IntrospecObject7bShowMeE
                0x4001a504       0x44 Drivers\introspec.o
 .text._Z15RC_ProcessCharsih
                0x4001a548       0xe6 Drivers\dsm2.o
                0x4001a548                _Z15RC_ProcessCharsih
 *fill*         0x4001a62e        0x2 
 .text._Z10InitDSM2Rxi
                0x4001a630       0x52 Drivers\dsm2.o
                0x4001a630                _Z10InitDSM2Rxi
 *fill*         0x4001a682        0x2 
 .text._ZN13SpinningLidar17SpinningLidarInitEv
                0x4001a684       0x34 Drivers\SpinningLidar.o
                0x4001a684                _ZN13SpinningLidar17SpinningLidarInitEv
 .text._ZN13SpinningLidar11checkHealthEi
                0x4001a6b8       0xe6 Drivers\SpinningLidar.o
                0x4001a6b8                _ZN13SpinningLidar11checkHealthEi
 *fill*         0x4001a79e        0x2 
 .text._ZN13SpinningLidar9hardResetEi
                0x4001a7a0       0x46 Drivers\SpinningLidar.o
                0x4001a7a0                _ZN13SpinningLidar9hardResetEi
 *fill*         0x4001a7e6        0x2 
 .text._ZN13SpinningLidar9startScanEi
                0x4001a7e8       0x78 Drivers\SpinningLidar.o
                0x4001a7e8                _ZN13SpinningLidar9startScanEi
 .text._ZN13SpinningLidar11processCharEih
                0x4001a860      0x132 Drivers\SpinningLidar.o
                0x4001a860                _ZN13SpinningLidar11processCharEih
 *fill*         0x4001a992        0x2 
 .text._ZN13SpinningLidar9LidarTaskEPv
                0x4001a994      0x286 Drivers\SpinningLidar.o
                0x4001a994                _ZN13SpinningLidar9LidarTaskEPv
 *fill*         0x4001ac1a        0x2 
 .text._ZN8OdometerD2Ev
                0x4001ac1c        0x8 Drivers\Odometer.o
                0x4001ac1c                _ZN8OdometerD2Ev
                0x4001ac1c                _ZN8OdometerD1Ev
 .text._ZN8Odometer6OdoIrqEv
                0x4001ac24       0x16 Drivers\Odometer.o
                0x4001ac24                _ZN8Odometer6OdoIrqEv
 *fill*         0x4001ac3a        0x2 
 .text._ZN8OdometerD0Ev
                0x4001ac3c       0x1c Drivers\Odometer.o
                0x4001ac3c                _ZN8OdometerD0Ev
 .text._ZN8OdometerC2Ev
                0x4001ac58       0x12 Drivers\Odometer.o
                0x4001ac58                _ZN8OdometerC1Ev
                0x4001ac58                _ZN8OdometerC2Ev
 *fill*         0x4001ac6a        0x2 
 .text._ZN8OdometerC2Ei
                0x4001ac6c       0x52 Drivers\Odometer.o
                0x4001ac6c                _ZN8OdometerC1Ei
                0x4001ac6c                _ZN8OdometerC2Ei
 *fill*         0x4001acbe        0x2 
 .text._ZN8Odometer8getCountEv
                0x4001acc0        0xe Drivers\Odometer.o
                0x4001acc0                _ZN8Odometer8getCountEv
 .text._ZN5Madge24MadgwickQuaternionUpdateEfffffffff
                0x4001acce      0xde8 Drivers\MadgwickFilter.o
                0x4001acce                _ZN5Madge24MadgwickQuaternionUpdateEfffffffff
 *fill*         0x4001bab6        0x2 
 .text._ZN7MPU9250C2Eh
                0x4001bab8       0x62 Drivers\MPU9250.o
                0x4001bab8                _ZN7MPU9250C1Eh
                0x4001bab8                _ZN7MPU9250C2Eh
 *fill*         0x4001bb1a        0x2 
 .text._ZN7MPU92507getMresEh
                0x4001bb1c       0x4e Drivers\MPU9250.o
                0x4001bb1c                _ZN7MPU92507getMresEh
 *fill*         0x4001bb6a        0x2 
 .text._ZN7MPU92507getGresEh
                0x4001bb6c       0x7e Drivers\MPU9250.o
                0x4001bb6c                _ZN7MPU92507getGresEh
 *fill*         0x4001bbea        0x2 
 .text._ZN7MPU92507getAresEh
                0x4001bbec       0x7e Drivers\MPU9250.o
                0x4001bbec                _ZN7MPU92507getAresEh
 *fill*         0x4001bc6a        0x2 
 .text._ZN7MPU925018I2CWriteReadBufferEhhPhi
                0x4001bc6c       0xb0 Drivers\MPU9250.o
                0x4001bc6c                _ZN7MPU925018I2CWriteReadBufferEhhPhi
 .text._ZN7MPU925011initMPU9250Ehh
                0x4001bd1c      0x1f8 Drivers\MPU9250.o
                0x4001bd1c                _ZN7MPU925011initMPU9250Ehh
 .text._ZN7MPU925015readMPU9250DataEPs
                0x4001bf14       0xfa Drivers\MPU9250.o
                0x4001bf14                _ZN7MPU925015readMPU9250DataEPs
 *fill*         0x4001c00e        0x2 
 .text._ZN7MPU925011readMagDataEPs
                0x4001c010       0x72 Drivers\MPU9250.o
                0x4001c010                _ZN7MPU925011readMagDataEPs
 *fill*         0x4001c082        0x2 
 .text._ZN7MPU925013magcalMPU9250EPfS0_
                0x4001c084      0x332 Drivers\MPU9250.o
                0x4001c084                _ZN7MPU925013magcalMPU9250EPfS0_
 *fill*         0x4001c3b6        0x2 
 .text._ZN7MPU925010initAK8963EhhPf
                0x4001c3b8      0x1ea Drivers\MPU9250.o
                0x4001c3b8                _ZN7MPU925010initAK8963EhhPf
 *fill*         0x4001c5a2        0x2 
 .text._ZN7MPU925016calibrateMPU9250EPfS0_
                0x4001c5a4      0x81e Drivers\MPU9250.o
                0x4001c5a4                _ZN7MPU925016calibrateMPU9250EPfS0_
 *fill*         0x4001cdc2        0x2 
 .text._ZN7MPU92508SelfTestEPf
                0x4001cdc4      0x8cc Drivers\MPU9250.o
                0x4001cdc4                _ZN7MPU92508SelfTestEPf
 .text._ZN7MPU92508readByteEhh
                0x4001d690       0x2e Drivers\MPU9250.o
                0x4001d690                _ZN7MPU92508readByteEhh
 *fill*         0x4001d6be        0x2 
 .text._ZN7MPU9250C2Ev
                0x4001d6c0        0x8 Drivers\MPU9250.o
                0x4001d6c0                _ZN7MPU9250C2Ev
                0x4001d6c0                _ZN7MPU9250C1Ev
 .text._Z22getGlobalTimerOverflowv
                0x4001d6c8        0xe Drivers\LidarPWM.o
                0x4001d6c8                _Z22getGlobalTimerOverflowv
 *fill*         0x4001d6d6        0x2 
 .text._Z19fake_LIDAR_ISR_LEFTv
                0x4001d6d8       0x54 Drivers\LidarPWM.o
                0x4001d6d8                _Z19fake_LIDAR_ISR_LEFTv
                0x4001d6dc                LIDAR_ISR_LEFT
 .text.real_LIDAR_ISR_LEFT
                0x4001d72c       0x90 Drivers\LidarPWM.o
                0x4001d72c                real_LIDAR_ISR_LEFT
 .text._Z20fake_LIDAR_ISR_RIGHTv
                0x4001d7bc       0x54 Drivers\LidarPWM.o
                0x4001d7bc                _Z20fake_LIDAR_ISR_RIGHTv
                0x4001d7c0                LIDAR_ISR_RIGHT
 .text.real_LIDAR_ISR_RIGHT
                0x4001d810       0xc4 Drivers\LidarPWM.o
                0x4001d810                real_LIDAR_ISR_RIGHT
 .text._Z15GlobalTimerIniti
                0x4001d8d4       0x80 Drivers\LidarPWM.o
                0x4001d8d4                _Z15GlobalTimerIniti
 .text._Z12LidarPWMInitv
                0x4001d954       0x6a Drivers\LidarPWM.o
                0x4001d954                _Z12LidarPWMInitv
 *fill*         0x4001d9be        0x2 
 .text._Z12getLeftLidarv
                0x4001d9c0       0x46 Drivers\LidarPWM.o
                0x4001d9c0                _Z12getLeftLidarv
 *fill*         0x4001da06        0x2 
 .text._Z13getRightLidarv
                0x4001da08       0x46 Drivers\LidarPWM.o
                0x4001da08                _Z13getRightLidarv
 *fill*         0x4001da4e        0x2 
 .text._ZN3LCDD2Ev
                0x4001da50        0x8 Drivers\LCD.o
                0x4001da50                _ZN3LCDD2Ev
                0x4001da50                _ZN3LCDD1Ev
 .text._ZN3LCDD0Ev
                0x4001da58       0x1c Drivers\LCD.o
                0x4001da58                _ZN3LCDD0Ev
 .text._ZN3LCDC2Ev
                0x4001da74       0x16 Drivers\LCD.o
                0x4001da74                _ZN3LCDC1Ev
                0x4001da74                _ZN3LCDC2Ev
 *fill*         0x4001da8a        0x2 
 .text._ZN3LCDC2Eii
                0x4001da8c       0x3c Drivers\LCD.o
                0x4001da8c                _ZN3LCDC1Eii
                0x4001da8c                _ZN3LCDC2Eii
 .text._ZN3LCD5clearEv
                0x4001dac8       0x7c Drivers\LCD.o
                0x4001dac8                _ZN3LCD5clearEv
 .text._ZN3LCD5printEPKc
                0x4001db44       0x1a Drivers\LCD.o
                0x4001db44                _ZN3LCD5printEPKc
 *fill*         0x4001db5e        0x2 
 .text._ZN3LCD5printEPKci
                0x4001db60       0x1a Drivers\LCD.o
                0x4001db60                _ZN3LCD5printEPKci
 *fill*         0x4001db7a        0x2 
 .text._Z13IMUSampleLoopPv
                0x4001db7c      0xaae Drivers\IMUSetupAndSample.o
                0x4001db7c                _Z13IMUSampleLoopPv
 *fill*         0x4001e62a        0x2 
 .text._Z15CalibAccAndGyrov
                0x4001e62c      0x216 Drivers\IMUSetupAndSample.o
                0x4001e62c                _Z15CalibAccAndGyrov
 *fill*         0x4001e842        0x2 
 .text._Z9unclodI2Cv
                0x4001e844       0xf0 Drivers\IMUSetupAndSample.o
                0x4001e844                _Z9unclodI2Cv
 .text._Z11whoAmICheckv
                0x4001e934       0x80 Drivers\IMUSetupAndSample.o
                0x4001e934                _Z11whoAmICheckv
 .text._Z8IMUSetupv
                0x4001e9b4      0x3aa Drivers\IMUSetupAndSample.o
                0x4001e9b4                _Z8IMUSetupv
 *fill*         0x4001ed5e        0x2 
 .text._Z6IMURunv
                0x4001ed60       0x34 Drivers\IMUSetupAndSample.o
                0x4001ed60                _Z6IMURunv
 .text._Z10getHeadingv
                0x4001ed94       0x28 Drivers\IMUSetupAndSample.o
                0x4001ed94                _Z10getHeadingv
 .text._Z11zeroHeadingv
                0x4001edbc       0x14 Drivers\IMUSetupAndSample.o
                0x4001edbc                _Z11zeroHeadingv
 .text.startup._GLOBAL__sub_I_globalTimer
                0x4001edd0       0x92 Drivers\IMUSetupAndSample.o
 *fill*         0x4001ee62        0x2 
 .text._Z14DoHtmlFunctioniPKct
                0x4001ee64        0xa htmldata.o
                0x4001ee64                _Z14DoHtmlFunctioniPKct
 *fill*         0x4001ee6e        0x2 
 .text._Z14DoHtmlVariableit
                0x4001ee70        0xa htmldata.o
                0x4001ee70                _Z14DoHtmlVariableit
 *fill*         0x4001ee7a        0x2 
 .text.__tcf_0  0x4001ee7c       0x38 C:\Nburn/lib/NANO54415.a(serial.o)
 .text._Z11BaseGetChari
                0x4001eeb4       0xac C:\Nburn/lib/NANO54415.a(serial.o)
                0x4001eeb4                _Z11BaseGetChari
 .text._Z14InitializeMapsv.part.1
                0x4001ef60       0x76 C:\Nburn/lib/NANO54415.a(serial.o)
 *fill*         0x4001efd6        0x2 
 .text._Z6WakeTxi
                0x4001efd8       0x8c C:\Nburn/lib/NANO54415.a(serial.o)
                0x4001efd8                _Z6WakeTxi
 .text._Z11BasePutCharih
                0x4001f064       0xf0 C:\Nburn/lib/NANO54415.a(serial.o)
                0x4001f064                _Z11BasePutCharih
 .text._Z8serwriteiPKci
                0x4001f154      0x156 C:\Nburn/lib/NANO54415.a(serial.o)
                0x4001f154                _Z8serwriteiPKci
 *fill*         0x4001f2aa        0x2 
 .text._Z8DoSerIsri
                0x4001f2ac      0x302 C:\Nburn/lib/NANO54415.a(serial.o)
                0x4001f2ac                _Z8DoSerIsri
 *fill*         0x4001f5ae        0x2 
 .text._Z14fake_SER_0_ISRv
                0x4001f5b0       0x54 C:\Nburn/lib/NANO54415.a(serial.o)
                0x4001f5b0                _Z14fake_SER_0_ISRv
                0x4001f5b4                SER_0_ISR
 .text.real_SER_0_ISR
                0x4001f604       0x12 C:\Nburn/lib/NANO54415.a(serial.o)
                0x4001f604                real_SER_0_ISR
 *fill*         0x4001f616        0x2 
 .text._Z14fake_SER_1_ISRv
                0x4001f618       0x54 C:\Nburn/lib/NANO54415.a(serial.o)
                0x4001f618                _Z14fake_SER_1_ISRv
                0x4001f61c                SER_1_ISR
 .text.real_SER_1_ISR
                0x4001f66c       0x14 C:\Nburn/lib/NANO54415.a(serial.o)
                0x4001f66c                real_SER_1_ISR
 .text._Z14fake_SER_2_ISRv
                0x4001f680       0x54 C:\Nburn/lib/NANO54415.a(serial.o)
                0x4001f680                _Z14fake_SER_2_ISRv
                0x4001f684                SER_2_ISR
 .text.real_SER_2_ISR
                0x4001f6d4       0x14 C:\Nburn/lib/NANO54415.a(serial.o)
                0x4001f6d4                real_SER_2_ISR
 .text._Z14fake_SER_3_ISRv
                0x4001f6e8       0x54 C:\Nburn/lib/NANO54415.a(serial.o)
                0x4001f6e8                _Z14fake_SER_3_ISRv
                0x4001f6ec                SER_3_ISR
 .text.real_SER_3_ISR
                0x4001f73c       0x14 C:\Nburn/lib/NANO54415.a(serial.o)
                0x4001f73c                real_SER_3_ISR
 .text._Z14fake_SER_4_ISRv
                0x4001f750       0x54 C:\Nburn/lib/NANO54415.a(serial.o)
                0x4001f750                _Z14fake_SER_4_ISRv
                0x4001f754                SER_4_ISR
 .text.real_SER_4_ISR
                0x4001f7a4       0x14 C:\Nburn/lib/NANO54415.a(serial.o)
                0x4001f7a4                real_SER_4_ISR
 .text._Z14fake_SER_5_ISRv
                0x4001f7b8       0x54 C:\Nburn/lib/NANO54415.a(serial.o)
                0x4001f7b8                _Z14fake_SER_5_ISRv
                0x4001f7bc                SER_5_ISR
 .text.real_SER_5_ISR
                0x4001f80c       0x14 C:\Nburn/lib/NANO54415.a(serial.o)
                0x4001f80c                real_SER_5_ISR
 .text._Z14fake_SER_6_ISRv
                0x4001f820       0x54 C:\Nburn/lib/NANO54415.a(serial.o)
                0x4001f820                _Z14fake_SER_6_ISRv
                0x4001f824                SER_6_ISR
 .text.real_SER_6_ISR
                0x4001f874       0x14 C:\Nburn/lib/NANO54415.a(serial.o)
                0x4001f874                real_SER_6_ISR
 .text._Z14fake_SER_7_ISRv
                0x4001f888       0x54 C:\Nburn/lib/NANO54415.a(serial.o)
                0x4001f888                _Z14fake_SER_7_ISRv
                0x4001f88c                SER_7_ISR
 .text.real_SER_7_ISR
                0x4001f8dc       0x14 C:\Nburn/lib/NANO54415.a(serial.o)
                0x4001f8dc                real_SER_7_ISR
 .text._Z14fake_SER_8_ISRv
                0x4001f8f0       0x54 C:\Nburn/lib/NANO54415.a(serial.o)
                0x4001f8f0                _Z14fake_SER_8_ISRv
                0x4001f8f4                SER_8_ISR
 .text.real_SER_8_ISR
                0x4001f944       0x14 C:\Nburn/lib/NANO54415.a(serial.o)
                0x4001f944                real_SER_8_ISR
 .text._Z14fake_SER_9_ISRv
                0x4001f958       0x54 C:\Nburn/lib/NANO54415.a(serial.o)
                0x4001f958                _Z14fake_SER_9_ISRv
                0x4001f95c                SER_9_ISR
 .text.real_SER_9_ISR
                0x4001f9ac       0x14 C:\Nburn/lib/NANO54415.a(serial.o)
                0x4001f9ac                real_SER_9_ISR
 .text._Z10serreadwtoiPcii
                0x4001f9c0      0x21a C:\Nburn/lib/NANO54415.a(serial.o)
                0x4001f9c0                _Z10serreadwtoiPcii
 *fill*         0x4001fbda        0x2 
 .text._Z7serreadiPci
                0x4001fbdc       0x1c C:\Nburn/lib/NANO54415.a(serial.o)
                0x4001fbdc                _Z7serreadiPci
 .text._Z10OpenSerialijii11parity_mode
                0x4001fbf8      0x6f0 C:\Nburn/lib/NANO54415.a(serial.o)
                0x4001fbf8                _Z10OpenSerialijii11parity_mode
 .text._Z11SerialClosei
                0x400202e8       0xda C:\Nburn/lib/NANO54415.a(serial.o)
                0x400202e8                _Z11SerialClosei
 *fill*         0x400203c2        0x2 
 .text._Z16serexternalclosei
                0x400203c4       0x34 C:\Nburn/lib/NANO54415.a(serial.o)
                0x400203c4                _Z16serexternalclosei
 .text.startup._GLOBAL__sub_I_Uarts
                0x400203f8       0x5e C:\Nburn/lib/NANO54415.a(serial.o)
 *fill*         0x40020456        0x2 
 .text._ZN5PinIO3setEh
                0x40020458      0xa84 C:\Nburn/lib/NANO54415.a(pins.o)
                0x40020458                _ZN5PinIO3setEh
 .text._ZN5PinIO4readEv
                0x40020edc      0x5d8 C:\Nburn/lib/NANO54415.a(pins.o)
                0x40020edc                _ZN5PinIO4readEv
 .text._ZN5PinIO8functionEi
                0x400214b4      0x524 C:\Nburn/lib/NANO54415.a(pins.o)
                0x400214b4                _ZN5PinIO8functionEi
 .text._Z15InitSingleEndADv
                0x400219d8       0xec C:\Nburn/lib/NANO54415.a(SimpleAD.o)
                0x400219d8                _Z15InitSingleEndADv
 .text._Z7StartADv
                0x40021ac4       0x26 C:\Nburn/lib/NANO54415.a(SimpleAD.o)
                0x40021ac4                _Z7StartADv
 *fill*         0x40021aea        0x2 
 .text._Z6ADDonev
                0x40021aec       0x20 C:\Nburn/lib/NANO54415.a(SimpleAD.o)
                0x40021aec                _Z6ADDonev
 .text._Z11GetADResulti
                0x40021b0c       0x1c C:\Nburn/lib/NANO54415.a(SimpleAD.o)
                0x40021b0c                _Z11GetADResulti
 .text._Z15GetSpiFlashCritv
                0x40021b28       0x46 C:\Nburn/lib/NANO54415.a(FlashOps.o)
                0x40021b28                _Z15GetSpiFlashCritv
 *fill*         0x40021b6e        0x2 
 .text._Z10FlashErasePvi
                0x40021b70       0xac C:\Nburn/lib/NANO54415.a(FlashOps.o)
                0x40021b70                _Z10FlashErasePvi
 .text._Z12FlashProgramPvS_i
                0x40021c1c      0x160 C:\Nburn/lib/NANO54415.a(FlashOps.o)
                0x40021c1c                _Z12FlashProgramPvS_i
 .text.CopySPIFlashImageOnBoot
                0x40021d7c       0x66 C:\Nburn/lib/NANO54415.a(FlashOps.o)
                0x40021d7c                CopySPIFlashImageOnBoot
 *fill*         0x40021de2        0x2 
 .text.startup._GLOBAL__sub_I_SPI_Main
                0x40021de4       0x4a C:\Nburn/lib/NANO54415.a(FlashOps.o)
 *fill*         0x40021e2e        0x2 
 .text.__tcf_0  0x40021e30        0x8 C:\Nburn/lib/NANO54415.a(HiResTimer.o)
 .text._Z21fake_Timer0_Interruptv
                0x40021e38       0x54 C:\Nburn/lib/NANO54415.a(HiResTimer.o)
                0x40021e38                _Z21fake_Timer0_Interruptv
                0x40021e3c                Timer0_Interrupt
 .text.real_Timer0_Interrupt
                0x40021e8c       0x6c C:\Nburn/lib/NANO54415.a(HiResTimer.o)
                0x40021e8c                real_Timer0_Interrupt
 .text._Z21fake_Timer1_Interruptv
                0x40021ef8       0x54 C:\Nburn/lib/NANO54415.a(HiResTimer.o)
                0x40021ef8                _Z21fake_Timer1_Interruptv
                0x40021efc                Timer1_Interrupt
 .text.real_Timer1_Interrupt
                0x40021f4c       0x6c C:\Nburn/lib/NANO54415.a(HiResTimer.o)
                0x40021f4c                real_Timer1_Interrupt
 .text._Z21fake_Timer2_Interruptv
                0x40021fb8       0x54 C:\Nburn/lib/NANO54415.a(HiResTimer.o)
                0x40021fb8                _Z21fake_Timer2_Interruptv
                0x40021fbc                Timer2_Interrupt
 .text.real_Timer2_Interrupt
                0x4002200c       0x6c C:\Nburn/lib/NANO54415.a(HiResTimer.o)
                0x4002200c                real_Timer2_Interrupt
 .text._Z21fake_Timer3_Interruptv
                0x40022078       0x54 C:\Nburn/lib/NANO54415.a(HiResTimer.o)
                0x40022078                _Z21fake_Timer3_Interruptv
                0x4002207c                Timer3_Interrupt
 .text.real_Timer3_Interrupt
                0x400220cc       0x6c C:\Nburn/lib/NANO54415.a(HiResTimer.o)
                0x400220cc                real_Timer3_Interrupt
 .text._ZN10HiResTimer10init_ticksEmi
                0x40022138       0xf2 C:\Nburn/lib/NANO54415.a(HiResTimer.o)
                0x40022138                _ZN10HiResTimer10init_ticksEmi
 *fill*         0x4002222a        0x2 
 .text._ZN10HiResTimer4initEd
                0x4002222c      0x122 C:\Nburn/lib/NANO54415.a(HiResTimer.o)
                0x4002222c                _ZN10HiResTimer4initEd
 *fill*         0x4002234e        0x2 
 .text._ZN10HiResTimer5delayEd
                0x40022350       0x70 C:\Nburn/lib/NANO54415.a(HiResTimer.o)
                0x40022350                _ZN10HiResTimer5delayEd
 .text._ZN10HiResTimerC2Ei
                0x400223c0       0x5e C:\Nburn/lib/NANO54415.a(HiResTimer.o)
                0x400223c0                _ZN10HiResTimerC2Ei
                0x400223c0                _ZN10HiResTimerC1Ei
 *fill*         0x4002241e        0x2 
 .text._ZN10HiResTimer13getHiResTimerEi
                0x40022420       0xf8 C:\Nburn/lib/NANO54415.a(HiResTimer.o)
                0x40022420                _ZN10HiResTimer13getHiResTimerEi
 .text.startup._GLOBAL__sub_I__ZN10HiResTimer6timersE
                0x40022518       0x58 C:\Nburn/lib/NANO54415.a(HiResTimer.o)
 .text._Z15fake_NbPit1_ISRv
                0x40022570       0x54 C:\Nburn/lib/NANO54415.a(pitr_sem.o)
                0x40022570                _Z15fake_NbPit1_ISRv
                0x40022574                NbPit1_ISR
 .text.real_NbPit1_ISR
                0x400225c4       0x56 C:\Nburn/lib/NANO54415.a(pitr_sem.o)
                0x400225c4                real_NbPit1_ISR
 *fill*         0x4002261a        0x2 
 .text._Z15fake_NbPit2_ISRv
                0x4002261c       0x54 C:\Nburn/lib/NANO54415.a(pitr_sem.o)
                0x4002261c                _Z15fake_NbPit2_ISRv
                0x40022620                NbPit2_ISR
 .text.real_NbPit2_ISR
                0x40022670       0x58 C:\Nburn/lib/NANO54415.a(pitr_sem.o)
                0x40022670                real_NbPit2_ISR
 .text._Z17ConfigurePitTimerii
                0x400226c8       0xf4 C:\Nburn/lib/NANO54415.a(pitr_sem.o)
                0x400226c8                _Z17ConfigurePitTimerii
 .text._Z12InitPitOSSemiP6OS_SEMi
                0x400227bc       0x42 C:\Nburn/lib/NANO54415.a(pitr_sem.o)
                0x400227bc                _Z12InitPitOSSemiP6OS_SEMi
 *fill*         0x400227fe        0x2 
 .text._Z18fake_firq2_pin_isrv
                0x40022800       0x54 C:\Nburn/lib/NANO54415.a(pin_irq.o)
                0x40022800                _Z18fake_firq2_pin_isrv
                0x40022804                firq2_pin_isr
 .text.real_firq2_pin_isr
                0x40022854       0x28 C:\Nburn/lib/NANO54415.a(pin_irq.o)
                0x40022854                real_firq2_pin_isr
 .text._Z18fake_firq3_pin_isrv
                0x4002287c       0x54 C:\Nburn/lib/NANO54415.a(pin_irq.o)
                0x4002287c                _Z18fake_firq3_pin_isrv
                0x40022880                firq3_pin_isr
 .text.real_firq3_pin_isr
                0x400228d0       0x28 C:\Nburn/lib/NANO54415.a(pin_irq.o)
                0x400228d0                real_firq3_pin_isr
 .text._Z9SetPinIrqiiPFvvE
                0x400228f8      0x266 C:\Nburn/lib/NANO54415.a(pin_irq.o)
                0x400228f8                _Z9SetPinIrqiiPFvvE
 *fill*         0x40022b5e        0x2 
 .text._Z5xTickv
                0x40022b60       0x1c C:\Nburn/lib/NANO54415.a(bsp.o)
                0x40022b60                _Z5xTickv
                0x40022b64                Tick5441X
 .text._Z7SetIntcilii
                0x40022b7c       0xc0 C:\Nburn/lib/NANO54415.a(bsp.o)
                0x40022b7c                _Z7SetIntcilii
 .text._Z11ForceRebootb
                0x40022c3c       0x26 C:\Nburn/lib/NANO54415.a(bsp.o)
                0x40022c3c                _Z11ForceRebootb
 *fill*         0x40022c62        0x2 
 .text._Z12DisableCachev
                0x40022c64       0x56 C:\Nburn/lib/NANO54415.a(bsp.o)
                0x40022c64                _Z12DisableCachev
 *fill*         0x40022cba        0x2 
 .text._Z11EnableCachev
                0x40022cbc       0x42 C:\Nburn/lib/NANO54415.a(bsp.o)
                0x40022cbc                _Z11EnableCachev
 *fill*         0x40022cfe        0x2 
 .text._Z13HardwareSetupl
                0x40022d00      0x1e0 C:\Nburn/lib/NANO54415.a(bsp.o)
                0x40022d00                _Z13HardwareSetupl
 .text._sbrk_r  0x40022ee0       0x48 C:\Nburn/lib/NANO54415.a(bsp.o)
                0x40022ee0                _sbrk_r
 .text._Z18BspGetTickFractionv
                0x40022f28       0x18 C:\Nburn/lib/NANO54415.a(bsp.o)
                0x40022f28                _Z18BspGetTickFractionv
 .text._Z13GetUartRecordi
                0x40022f40       0x3a C:\Nburn/lib/NANO54415.a(localio.o)
                0x40022f40                _Z13GetUartRecordi
 *fill*         0x40022f7a        0x2 
 .text._Z11LocalInBytev
                0x40022f7c       0x5e C:\Nburn/lib/NANO54415.a(localio.o)
                0x40022f7c                _Z11LocalInBytev
 *fill*         0x40022fda        0x2 
 .text._Z12LocalOutBytec
                0x40022fdc       0x66 C:\Nburn/lib/NANO54415.a(localio.o)
                0x40022fdc                _Z12LocalOutBytec
 *fill*         0x40023042        0x2 
 .text._Z14LocalCharAvailv
                0x40023044       0x58 C:\Nburn/lib/NANO54415.a(localio.o)
                0x40023044                _Z14LocalCharAvailv
 .text._Z18SaveUserParametersPvi
                0x4002309c       0x78 C:\Nburn/lib/NANO54415.a(userparam.o)
                0x4002309c                _Z18SaveUserParametersPvi
 .text._Z17GetUserParametersv
                0x40023114        0xe C:\Nburn/lib/NANO54415.a(userparam.o)
                0x40023114                _Z17GetUserParametersv
 *fill*         0x40023122        0x2 
 .text.MultiChannel_I2CInit
                0x40023124      0x1e6 C:\Nburn/lib/NANO54415.a(multichanneli2c.o)
                0x40023124                MultiChannel_I2CInit
 *fill*         0x4002330a        0x2 
 .text.MultiChannel_I2CRestart
                0x4002330c       0x42 C:\Nburn/lib/NANO54415.a(multichanneli2c.o)
                0x4002330c                MultiChannel_I2CRestart
 *fill*         0x4002334e        0x2 
 .text.MultiChannel_I2CSendBuf
                0x40023350      0x1ac C:\Nburn/lib/NANO54415.a(multichanneli2c.o)
                0x40023350                MultiChannel_I2CSendBuf
 .text.MultiChannel_I2CReadBuf
                0x400234fc      0x25e C:\Nburn/lib/NANO54415.a(multichanneli2c.o)
                0x400234fc                MultiChannel_I2CReadBuf
 *fill*         0x4002375a        0x2 
 .text.I2CMultiChannelResetPeripheral
                0x4002375c       0x24 C:\Nburn/lib/NANO54415.a(multichanneli2c.o)
                0x4002375c                I2CMultiChannelResetPeripheral
 .text.startup._GLOBAL__sub_I_I2C_SlaveTX_Callback
                0x40023780       0x26 C:\Nburn/lib/NANO54415.a(multichanneli2c.o)
 *fill*         0x400237a6        0x2 
 .text._Z14SetDefPinUsagev
                0x400237a8      0x1aa C:\Nburn/lib/NANO54415.a(defpins.o)
                0x400237a8                _Z14SetDefPinUsagev
 *fill*         0x40023952        0x2 
 .text._ZN8SPIFlashC2Ei
                0x40023954       0x66 C:\Nburn/lib/NANO54415.a(SPIFlash.o)
                0x40023954                _ZN8SPIFlashC1Ei
                0x40023954                _ZN8SPIFlashC2Ei
 *fill*         0x400239ba        0x2 
 .text._ZN8SPIFlashD2Ev
                0x400239bc        0x8 C:\Nburn/lib/NANO54415.a(SPIFlash.o)
                0x400239bc                _ZN8SPIFlashD1Ev
                0x400239bc                _ZN8SPIFlashD2Ev
 .text._ZN8SPIFlash9SpiAscCmdEPKc
                0x400239c4      0x1ce C:\Nburn/lib/NANO54415.a(SPIFlash.o)
                0x400239c4                _ZN8SPIFlash9SpiAscCmdEPKc
 *fill*         0x40023b92        0x2 
 .text._ZN8SPIFlash9WriteDataEPhii
                0x40023b94      0x490 C:\Nburn/lib/NANO54415.a(SPIFlash.o)
                0x40023b94                _ZN8SPIFlash9WriteDataEPhii
 .text._ZN8SPIFlash11EraseSectorEi
                0x40024024      0x2d6 C:\Nburn/lib/NANO54415.a(SPIFlash.o)
                0x40024024                _ZN8SPIFlash11EraseSectorEi
 *fill*         0x400242fa        0x2 
 .text._ZN8SPIFlash15WriteDataWEraseEPhii
                0x400242fc       0x7a C:\Nburn/lib/NANO54415.a(SPIFlash.o)
                0x400242fc                _ZN8SPIFlash15WriteDataWEraseEPhii
 *fill*         0x40024376        0x2 
 .text._ZN8SPIFlash10EraseRangeEii
                0x40024378       0x64 C:\Nburn/lib/NANO54415.a(SPIFlash.o)
                0x40024378                _ZN8SPIFlash10EraseRangeEii
 .text._ZN8SPIFlash7ResetMeEv
                0x400243dc      0x164 C:\Nburn/lib/NANO54415.a(SPIFlash.o)
                0x400243dc                _ZN8SPIFlash7ResetMeEv
 .text._ZN8SPIFlash8ReadDataEPhii
                0x40024540      0x34e C:\Nburn/lib/NANO54415.a(SPIFlash.o)
                0x40024540                _ZN8SPIFlash8ReadDataEPhii
 *fill*         0x4002488e        0x2 
 .text._Z34fake_i2c0_multichannel_int_routinev
                0x40024890       0x54 C:\Nburn/lib/NANO54415.a(i2c_class.o)
                0x40024890                _Z34fake_i2c0_multichannel_int_routinev
                0x40024894                i2c0_multichannel_int_routine
 .text._Z34fake_i2c1_multichannel_int_routinev
                0x400248e4       0x54 C:\Nburn/lib/NANO54415.a(i2c_class.o)
                0x400248e4                _Z34fake_i2c1_multichannel_int_routinev
                0x400248e8                i2c1_multichannel_int_routine
 .text._Z34fake_i2c2_multichannel_int_routinev
                0x40024938       0x54 C:\Nburn/lib/NANO54415.a(i2c_class.o)
                0x40024938                _Z34fake_i2c2_multichannel_int_routinev
                0x4002493c                i2c2_multichannel_int_routine
 .text._Z34fake_i2c3_multichannel_int_routinev
                0x4002498c       0x54 C:\Nburn/lib/NANO54415.a(i2c_class.o)
                0x4002498c                _Z34fake_i2c3_multichannel_int_routinev
                0x40024990                i2c3_multichannel_int_routine
 .text._Z34fake_i2c4_multichannel_int_routinev
                0x400249e0       0x54 C:\Nburn/lib/NANO54415.a(i2c_class.o)
                0x400249e0                _Z34fake_i2c4_multichannel_int_routinev
                0x400249e4                i2c4_multichannel_int_routine
 .text._Z34fake_i2c5_multichannel_int_routinev
                0x40024a34       0x54 C:\Nburn/lib/NANO54415.a(i2c_class.o)
                0x40024a34                _Z34fake_i2c5_multichannel_int_routinev
                0x40024a38                i2c5_multichannel_int_routine
 .text._ZN10i2c_masterC2Ev
                0x40024a88       0x48 C:\Nburn/lib/NANO54415.a(i2c_class.o)
                0x40024a88                _ZN10i2c_masterC2Ev
                0x40024a88                _ZN10i2c_masterC1Ev
 .text._ZN10i2c_master4initEhh
                0x40024ad0      0x1b0 C:\Nburn/lib/NANO54415.a(i2c_class.o)
                0x40024ad0                _ZN10i2c_master4initEhh
 .text._ZN10i2c_master5resetEv
                0x40024c80       0x8e C:\Nburn/lib/NANO54415.a(i2c_class.o)
                0x40024c80                _ZN10i2c_master5resetEv
 *fill*         0x40024d0e        0x2 
 .text._ZN10i2c_master4stopEm
                0x40024d10       0x76 C:\Nburn/lib/NANO54415.a(i2c_class.o)
                0x40024d10                _ZN10i2c_master4stopEm
 *fill*         0x40024d86        0x2 
 .text._ZN10i2c_master6write8Ehm
                0x40024d88       0x96 C:\Nburn/lib/NANO54415.a(i2c_class.o)
                0x40024d88                _ZN10i2c_master6write8Ehm
 *fill*         0x40024e1e        0x2 
 .text._ZN10i2c_master5startEhbm
                0x40024e20       0xe4 C:\Nburn/lib/NANO54415.a(i2c_class.o)
                0x40024e20                _ZN10i2c_master5startEhbm
 .text._ZN10i2c_master7restartEhbm
                0x40024f04       0xaa C:\Nburn/lib/NANO54415.a(i2c_class.o)
                0x40024f04                _ZN10i2c_master7restartEhbm
 *fill*         0x40024fae        0x2 
 .text._ZN10i2c_master5read8EPhm
                0x40024fb0       0x86 C:\Nburn/lib/NANO54415.a(i2c_class.o)
                0x40024fb0                _ZN10i2c_master5read8EPhm
 *fill*         0x40025036        0x2 
 .text._ZN10i2c_master16SlaveRX_CallbackEh
                0x40025038       0x78 C:\Nburn/lib/NANO54415.a(i2c_class.o)
                0x40025038                _ZN10i2c_master16SlaveRX_CallbackEh
 .text._ZN10i2c_master3isrEv
                0x400250b0      0x35e C:\Nburn/lib/NANO54415.a(i2c_class.o)
                0x400250b0                _ZN10i2c_master3isrEv
 *fill*         0x4002540e        0x2 
 .text.real_i2c0_multichannel_int_routine
                0x40025410       0x16 C:\Nburn/lib/NANO54415.a(i2c_class.o)
                0x40025410                real_i2c0_multichannel_int_routine
 *fill*         0x40025426        0x2 
 .text.real_i2c1_multichannel_int_routine
                0x40025428       0x16 C:\Nburn/lib/NANO54415.a(i2c_class.o)
                0x40025428                real_i2c1_multichannel_int_routine
 *fill*         0x4002543e        0x2 
 .text.real_i2c2_multichannel_int_routine
                0x40025440       0x16 C:\Nburn/lib/NANO54415.a(i2c_class.o)
                0x40025440                real_i2c2_multichannel_int_routine
 *fill*         0x40025456        0x2 
 .text.real_i2c3_multichannel_int_routine
                0x40025458       0x16 C:\Nburn/lib/NANO54415.a(i2c_class.o)
                0x40025458                real_i2c3_multichannel_int_routine
 *fill*         0x4002546e        0x2 
 .text.real_i2c4_multichannel_int_routine
                0x40025470       0x16 C:\Nburn/lib/NANO54415.a(i2c_class.o)
                0x40025470                real_i2c4_multichannel_int_routine
 *fill*         0x40025486        0x2 
 .text.real_i2c5_multichannel_int_routine
                0x40025488       0x16 C:\Nburn/lib/NANO54415.a(i2c_class.o)
                0x40025488                real_i2c5_multichannel_int_routine
 *fill*         0x4002549e        0x2 
 .text.startup._GLOBAL__sub_I_I2C
                0x400254a0       0x34 C:\Nburn/lib/NANO54415.a(i2c_class.o)
 .text.startup  0x400254d4        0xc C:\Nburn/lib/NetBurner.a(main.o)
                0x400254d4                main
 .text._Z22TopOfStackKillfunctionv
                0x400254e0        0xc C:\Nburn/lib/NetBurner.a(ucosmcfc.o)
                0x400254e0                _Z22TopOfStackKillfunctionv
                0x400254e4                KillFunctionLink
 .text._Z9OSTCBInithPvS_PlPKc
                0x400254ec       0xd6 C:\Nburn/lib/NetBurner.a(ucosmcfc.o)
                0x400254ec                _Z9OSTCBInithPvS_PlPKc
 *fill*         0x400255c2        0x2 
 .text._Z17OSTaskCreatewNamePFvPvES_S_S_hPKc.part.0
                0x400255c4      0x1d2 C:\Nburn/lib/NetBurner.a(ucosmcfc.o)
 *fill*         0x40025796        0x2 
 .text._Z17OSTaskCreatewNamePFvPvES_S_S_hPKc
                0x40025798       0x44 C:\Nburn/lib/NetBurner.a(ucosmcfc.o)
                0x40025798                _Z17OSTaskCreatewNamePFvPvES_S_S_hPKc
 .text._ZL10OSTaskIdlePv
                0x400257dc       0x2a C:\Nburn/lib/NetBurner.a(ucos.o)
 *fill*         0x40025806        0x2 
 .text._Z6OSInitPvS_h
                0x40025808      0x174 C:\Nburn/lib/NetBurner.a(ucos.o)
                0x40025808                _Z6OSInitPvS_h
 .text._Z7OSStartv
                0x4002597c       0x7c C:\Nburn/lib/NetBurner.a(ucos.o)
                0x4002597c                _Z7OSStartv
 .text.OSSched  0x400259f8       0x92 C:\Nburn/lib/NetBurner.a(ucos.o)
                0x400259f8                OSSched
                0x40025a7c                UCOSWAITS_HERE
 *fill*         0x40025a8a        0x2 
 .text.OSIntExit
                0x40025a8c       0x94 C:\Nburn/lib/NetBurner.a(ucos.o)
                0x40025a8c                OSIntExit
 .text._Z9OSTimeDlyt
                0x40025b20       0xb4 C:\Nburn/lib/NetBurner.a(ucos.o)
                0x40025b20                _Z9OSTimeDlyt
 .text.OSTimeTick
                0x40025bd4      0x104 C:\Nburn/lib/NetBurner.a(ucos.o)
                0x40025bd4                OSTimeTick
 .text._Z12OSTCBGetFreev
                0x40025cd8       0x2c C:\Nburn/lib/NetBurner.a(ucos.o)
                0x40025cd8                _Z12OSTCBGetFreev
 .text._Z6OSLockv
                0x40025d04       0x26 C:\Nburn/lib/NetBurner.a(ucos.o)
                0x40025d04                _Z6OSLockv
 *fill*         0x40025d2a        0x2 
 .text._Z8OSUnlockv
                0x40025d2c       0x3e C:\Nburn/lib/NetBurner.a(ucos.o)
                0x40025d2c                _Z8OSUnlockv
 *fill*         0x40025d6a        0x2 
 .text._Z12OSChangePrioh
                0x40025d6c      0x100 C:\Nburn/lib/NetBurner.a(ucos.o)
                0x40025d6c                _Z12OSChangePrioh
 .text._Z12OSTaskDeletev
                0x40025e6c      0x112 C:\Nburn/lib/NetBurner.a(ucos.o)
                0x40025e6c                _Z12OSTaskDeletev
 *fill*         0x40025f7e        0x2 
 .text._ZN15OS_TASK_DLY_OBJC2Ev
                0x40025f80       0x30 C:\Nburn/lib/NetBurner.a(ucos.o)
                0x40025f80                _ZN15OS_TASK_DLY_OBJC2Ev
                0x40025f80                _ZN15OS_TASK_DLY_OBJC1Ev
 .text._ZN6OS_SEM5ClaimEv
                0x40025fb0       0x52 C:\Nburn/lib/NetBurner.a(ucos.o)
                0x40025fb0                _ZN6OS_SEM5ClaimEv
 *fill*         0x40026002        0x2 
 .text._ZN6OS_SEM4InitEl
                0x40026004       0x88 C:\Nburn/lib/NetBurner.a(ucos.o)
                0x40026004                _ZN6OS_SEM4InitEl
 .text._ZN6OS_SEM4PendEm
                0x4002608c      0x1d6 C:\Nburn/lib/NetBurner.a(ucos.o)
                0x4002608c                _ZN6OS_SEM4PendEm
 *fill*         0x40026262        0x2 
 .text._ZN6OS_SEM10PendNoWaitEv
                0x40026264       0x3a C:\Nburn/lib/NetBurner.a(ucos.o)
                0x40026264                _ZN6OS_SEM10PendNoWaitEv
 *fill*         0x4002629e        0x2 
 .text._ZN6OS_SEM4PostEv
                0x400262a0      0x178 C:\Nburn/lib/NetBurner.a(ucos.o)
                0x400262a0                _ZN6OS_SEM4PostEv
 .text._ZN7OS_FIFO4InitEv
                0x40026418       0x48 C:\Nburn/lib/NetBurner.a(ucos.o)
                0x40026418                _ZN7OS_FIFO4InitEv
 .text._ZN7OS_FIFO4PendEPPV10os_fifo_elm
                0x40026460      0x1d6 C:\Nburn/lib/NetBurner.a(ucos.o)