Archive member included to satisfy reference by file (symbol)

C:\Nburn/lib/NANO54415.a(hardware_init.o)
                              c:/nburn/gcc-m68k/bin/../lib/gcc/m68k-unknown-elf/5.2.0/m54455\nb-crt0.o (hardware_init_hook)
C:\Nburn/lib/NANO54415.a(serial.o)
                              Drivers\dsm2.o (UartData)
C:\Nburn/lib/NANO54415.a(pins.o)
                              Drivers\IMUSetupAndSample.o (_ZN5PinIO3setEh)
C:\Nburn/lib/NANO54415.a(SimpleAD.o)
                              main.o (_Z15InitSingleEndADv)
C:\Nburn/lib/NANO54415.a(FlashOps.o)
                              C:\Nburn/lib/NANO54415.a(hardware_init.o) (CopySPIFlashImageOnBoot)
C:\Nburn/lib/NANO54415.a(HiResTimer.o)
                              Drivers\MPU9250.o (_ZN10HiResTimer4initEd)
C:\Nburn/lib/NANO54415.a(pin_irq.o)
                              Drivers\Odometer.o (_Z9SetPinIrqiiPFvvE)
C:\Nburn/lib/NANO54415.a(bsp.o)
                              Drivers\servodrive.o (_Z7SetIntcilii)
C:\Nburn/lib/NANO54415.a(localio.o)
                              C:\Nburn/lib/NANO54415.a(serial.o) (_Z13GetUartRecordi)
C:\Nburn/lib/NANO54415.a(userparam.o)
                              main.o (_Z18SaveUserParametersPvi)
C:\Nburn/lib/NANO54415.a(multichanneli2c.o)
                              main.o (MultiChannel_I2CInit)
C:\Nburn/lib/NANO54415.a(bspa.o)
                              C:\Nburn/lib/NANO54415.a(bsp.o) (CatchNullWrites)
C:\Nburn/lib/NANO54415.a(defpins.o)
                              C:\Nburn/lib/NANO54415.a(bsp.o) (_Z14SetDefPinUsagev)
C:\Nburn/lib/NANO54415.a(SPIFlash.o)
                              C:\Nburn/lib/NANO54415.a(FlashOps.o) (_ZN8SPIFlashC1Ei)
C:\Nburn/lib/NANO54415.a(i2c_class.o)
                              C:\Nburn/lib/NANO54415.a(multichanneli2c.o) (_ZN10i2c_master4initEhh)
C:\Nburn/lib/NetBurner.a(ucosmcfa.o)
                              C:\Nburn/lib/NANO54415.a(bsp.o) (OSCtxSw)
C:\Nburn/lib/NetBurner.a(software_init.o)
                              c:/nburn/gcc-m68k/bin/../lib/gcc/m68k-unknown-elf/5.2.0/m54455\nb-crt0.o (software_init_hook)
C:\Nburn/lib/NetBurner.a(main.o)
                              c:/nburn/gcc-m68k/bin/../lib/gcc/m68k-unknown-elf/5.2.0/m54455\nb-crt0.o (main)
C:\Nburn/lib/NetBurner.a(ucosmcfc.o)
                              main.o (_Z17OSTaskCreatewNamePFvPvES_S_S_hPKc)
C:\Nburn/lib/NetBurner.a(ucos.o)
                              C:\Nburn/lib/NetBurner.a(ucosmcfc.o) (OSRdyTbl)
C:\Nburn/lib/NetBurner.a(cppmain.o)
                              C:\Nburn/lib/NetBurner.a(main.o) (cppmain)
C:\Nburn/lib/NetBurner.a(debugtrap.o)
                              C:\Nburn/lib/NANO54415.a(bsp.o) (_Z23SetAddressReadRangeTrapmm)
C:\Nburn/lib/NetBurner.a(ucosmain.o)
                              C:\Nburn/lib/NetBurner.a(software_init.o) (UCosSetup)
C:\Nburn/lib/NetBurner.a(fileio.o)
                              C:\Nburn/lib/NetBurner.a(ucosmain.o) (ioctl)
C:\Nburn/lib/NetBurner.a(system.o)
                              C:\Nburn/lib/NANO54415.a(serial.o) (rnd_collect)
C:\Nburn/lib/NetBurner.a(utils.o)
                              C:\Nburn/lib/NetBurner.a(system.o) (_Z7ShowIP47IPADDR4)
C:\Nburn/lib/NetBurner.a(ip.o)
                              main.o (_Z15InitializeStack7IPADDR4S_S_S_)
C:\Nburn/lib/NetBurner.a(buffers.o)
                              C:\Nburn/lib/NetBurner.a(utils.o) (_Z12GetFreeCountv)
C:\Nburn/lib/NetBurner.a(arp.o)
                              C:\Nburn/lib/NetBurner.a(ip.o) (_Z25GetInterfaceForMyAddress47IPADDR4)
C:\Nburn/lib/NetBurner.a(udp.o)
                              C:\Nburn/lib/NetBurner.a(ip.o) (_Z12process_udp4P11pool_bufferP5IPPKTt)
C:\Nburn/lib/NetBurner.a(ftpd.o)
                              Drivers\introspec.o (_Z9FTPDStartth)
C:\Nburn/lib/NetBurner.a(tcp.o)
                              C:\Nburn/lib/NetBurner.a(ip.o) (_Z7InitTCPv)
C:\Nburn/lib/NetBurner.a(extraio.o)
                              Drivers\introspec.o (_Z10GetExtraFDPvP14IoExpandStruct)
C:\Nburn/lib/NetBurner.a(http.o)
                              main.o (_Z9StartHTTPt)
C:\Nburn/lib/NetBurner.a(httpinternal.o)
                              C:\Nburn/lib/NetBurner.a(http.o) (_ZN12HTTP_Request11ProcessLineEPc)
C:\Nburn/lib/NetBurner.a(httpstricmp.o)
                              C:\Nburn/lib/NetBurner.a(httpinternal.o) (_Z11httpstricmpPKcS0_)
C:\Nburn/lib/NetBurner.a(htmldecomp.o)
                              C:\Nburn/lib/NetBurner.a(httpinternal.o) (_Z16SendFullResponsePKci)
C:\Nburn/lib/NetBurner.a(iosys.o)
                              C:\Nburn/lib/NANO54415.a(serial.o) (_Z12SetDataAvaili)
C:\Nburn/lib/NetBurner.a(new_ops.o)
                              Drivers\introspec.o (_Znwm)
C:\Nburn/lib/NetBurner.a(autoip.o)
                              C:\Nburn/lib/NetBurner.a(arp.o) (_ZN12AutoIPClient16addressCollisionEv)
C:\Nburn/lib/NetBurner.a(dhcpc.o)
                              main.o (_Z25GetDHCPAddressIfNecessaryib)
C:\Nburn/lib/NetBurner.a(netinterface.o)
[...]
Memory Configuration

Name             Origin             Length             Attributes
ram              0x40000400         0x03fffcff         xrw
SRAM             0x80000400         0x0000fbf0         xrw
Cold_SRAM        0x8000fffe         0x00000002         xrw
*default*        0x00000000         0xffffffff

Linker script and memory map

LOAD c:/nburn/gcc-m68k/bin/../lib/gcc/m68k-unknown-elf/5.2.0/m54455\nb-crt0.o
LOAD c:/nburn/gcc-m68k/bin/../lib/gcc/m68k-unknown-elf/5.2.0/m54455/crtbegin.o
LOAD tests.o
LOAD main.o
LOAD Utility.o
LOAD Nav.o
LOAD Map.o
LOAD Logger.o
LOAD Drivers\servodrive.o
LOAD Drivers\pwm.o
LOAD Drivers\introspec.o
LOAD Drivers\dsm2.o
LOAD Drivers\SpinningLidar.o
LOAD Drivers\Odometer.o
LOAD Drivers\MadgwickFilter.o
LOAD Drivers\MPU9250.o
LOAD Drivers\LidarPWM.o
LOAD Drivers\LCD.o
LOAD Drivers\IMUSetupAndSample.o
LOAD htmldata.o
LOAD C:\Nburn/NANO54415/lib/sys.ld
                0x40000000                ovector_base = 0x40000000
                0x80000000                vector_base = 0x80000000
                0x80000400                SRAM_START_ADDR = 0x80000400
                0x8000fffe                SRAM_END_ADDR = 0x8000fffe
                0x8c000000                sim_rgpio = 0x8c000000
                0xec008000                sim1 = 0xec008000
                0xfc004000                sim2 = 0xfc004000
                0x00004000                FlashAppBase = 0x4000
                0xfc0d4008                DBETHER_EMIR_REG = 0xfc0d4008
                0x8000d000                comm_loc = 0x8000d000
START GROUP
LOAD C:\Nburn/lib/NANO54415.a
LOAD C:\Nburn/lib/NetBurner.a
LOAD C:\Nburn/lib/FatFile.a
LOAD c:/nburn/gcc-m68k/bin/../m68k-unknown-elf/sysroot/lib/m54455\libstdc++.a
LOAD C:\Nburn\lib\cryptolib.a
LOAD C:\Nburn\lib\debugLibrary.a
LOAD C:\Nburn\lib\Lua_Full.a
LOAD C:\Nburn\lib\nb-libxively.a
LOAD C:\Nburn\lib\nbwifilib.a
LOAD C:\Nburn\lib\sshLibrary.a
LOAD C:\Nburn\lib\webclient.a
END GROUP
LOAD c:/nburn/gcc-m68k/bin/../m68k-unknown-elf/sysroot/lib/m54455\libstdc++.a
LOAD c:/nburn/gcc-m68k/bin/../m68k-unknown-elf/sysroot/lib/m54455\libm.a
LOAD c:/nburn/gcc-m68k/bin/../lib/gcc/m68k-unknown-elf/5.2.0/m54455\libgcc.a
LOAD c:/nburn/gcc-m68k/bin/../m68k-unknown-elf/sysroot/lib/m54455\libc.a
LOAD c:/nburn/gcc-m68k/bin/../lib/gcc/m68k-unknown-elf/5.2.0/m54455\libgcc.a
LOAD c:/nburn/gcc-m68k/bin/../lib/gcc/m68k-unknown-elf/5.2.0/m54455/crtend.o
START GROUP
LOAD c:/nburn/gcc-m68k/bin/../m68k-unknown-elf/sysroot/lib/m54455\libc.a
LOAD c:/nburn/gcc-m68k/bin/../lib/gcc/m68k-unknown-elf/5.2.0/m54455\libgcc.a
LOAD c:/nburn/gcc-m68k/bin/../m68k-unknown-elf/sysroot/lib/m54455\libm.a
END GROUP
                0x00000000                __DYNAMIC = 0x0
                0x44000000                PROVIDE (__stack, 0x44000000)
                [!provide]                PROVIDE (hardware_init_hook, 0x0)
                [!provide]                PROVIDE (_hardware_init_hook, 0x0)
                [!provide]                PROVIDE (software_init_hook, 0x0)
                [!provide]                PROVIDE (_software_init_hook, 0x0)

.gcc_except_table._ZN10__cxxabiv111__terminateEPFvvE
                0x40000400       0x1d
 .gcc_except_table._ZN10__cxxabiv111__terminateEPFvvE
                0x40000400       0x1d c:/nburn/gcc-m68k/bin/../m68k-unknown-elf/sysroot/lib/m54455\libstdc++.a(eh_terminate.o)

.gcc_except_table.__gxx_personality_v0
                0x40000420       0x1c
 .gcc_except_table.__gxx_personality_v0
                0x40000420       0x1c c:/nburn/gcc-m68k/bin/../m68k-unknown-elf/sysroot/lib/m54455\libstdc++.a(eh_personality.o)

.gcc_except_table.__cxa_call_unexpected
                0x4000043c       0x1c
 .gcc_except_table.__cxa_call_unexpected
                0x4000043c       0x1c c:/nburn/gcc-m68k/bin/../m68k-unknown-elf/sysroot/lib/m54455\libstdc++.a(eh_personality.o)

.gcc_except_table._ZN9__gnu_cxx27__verbose_terminate_handlerEv
                0x40000458       0x2c
 .gcc_except_table._ZN9__gnu_cxx27__verbose_terminate_handlerEv
                0x40000458       0x2c c:/nburn/gcc-m68k/bin/../m68k-unknown-elf/sysroot/lib/m54455\libstdc++.a(vterminate.o)

.SRAM_SECT      0x80000400     0xac60
                0x80000400                SRAM_START = .
 *(SYS_VAR_SECT)
 SYS_VAR_SECT   0x80000400        0x4 C:\Nburn/lib/NANO54415.a(bsp.o)
                0x80000400                cacrMirror
 SYS_VAR_SECT   0x80000404      0x238 C:\Nburn/lib/NetBurner.a(ucos.o)
                0x80000404                OSRunning
                0x80000406                OSISRLevel
                0x80000408                OSRdyGrp
                0x8000040c                OSLockNesting
                0x80000410                OSIntNesting
                0x80000414                OSTCBFreeList
                0x80000418                OSTCBList
                0x8000041c                OSTCBHighRdy
                0x80000420                OSTCBCur
                0x80000424                OSRdyTbl
                0x8000042c                OSTCBPrioTbl
                0x8000052c                OSUnMapTbl
                0x8000062c                OSMapTbl
                0x80000634                Secs
                0x80000638                TimeTick
 SYS_VAR_SECT   0x8000063c      0x272 C:\Nburn/lib/NetBurner.a(ucosmain.o)
                0x8000064e                critical_count
                0x80000652                OSTcbStructSize
                0x80000656                OSTCBTbl
 SYS_VAR_SECT   0x800008ae       0x1c C:\Nburn/lib/NetBurner.a(fileio.o)
                0x800008ae                fd_map
                0x800008c6                pExtraFdFunc
 SYS_VAR_SECT   0x800008ca       0x20 C:\Nburn/lib/NetBurner.a(iosys.o)
                0x800008d2                error_file_sets
                0x800008da                write_file_sets
                0x800008e2                read_file_sets
                0x800008ea                SYS_VAR_SECT_END = .
                0x800008f0                . = ALIGN (0x10)
 *fill*         0x800008ea        0x6 
 *(IDLE_STK_SECT)
                0x800008f0                IDLE_STK_SECT_END = .
                0x800008f0                . = ALIGN (0x10)
 *(MAIN_STK_SECT)
 MAIN_STK_SECT  0x800008f0     0x3000 C:\Nburn/lib/NetBurner.a(cppmain.o)
                0x800008f0                MainStk
                0x800038f0                MAIN_STK_SECT_END = .
                0x800038f0                . = ALIGN (0x4)
 *(ETHER_VAR_SECT)
 ETHER_VAR_SECT
                0x800038f0      0x280 C:\Nburn/lib/NANO54415.a(ethernet.o)
                0x800038f0                FecFifo
                0x80003910                enet1
                0x80003a40                enet0
                0x80003b70                ETHER_VAR_SECT_END = .
                0x80003b70                . = ALIGN (0x10)
 *(ETHER_STK_SECT)
 ETHER_STK_SECT
                0x80003b70     0x2000 C:\Nburn/lib/NANO54415.a(ethernet.o)
                0x80003b70                EtherSendStk
                0x80005b70                ETHER_STK_SECT_END = .
                0x80005b70                . = ALIGN (0x4)
 *(IP_VAR_SECT)
 IP_VAR_SECT    0x80005b70      0x32a C:\Nburn/lib/NetBurner.a(ip.o)
                0x80005b70                delay
                0x80005b74                next_arp_time
                0x80005b78                multi_if_block
                0x80005e34                multi_home_if_record
                0x80005e5c                nAdditional_Homes
                0x80005e60                pFragFunc
                0x80005e64                pMultiCastFunc
                0x80005e68                pPromisciousPacketFunc
                0x80005e6c                pIpv6Tick
                0x80005e70                pAutoIPTick
                0x80005e74                pMultiTick
                0x80005e78                pDHCPServerTick
                0x80005e7c                pDHCPTick
                0x80005e80                IcmpFifo
                0x80005e84                ipRxFifo
                0x80005e96                bTTL_Default
                0x80005e98                wGlobalPktId
 IP_VAR_SECT    0x80005e9a       0xa4 C:\Nburn/lib/NetBurner.a(udp.o)
                0x80005e9a                UdpNetbiosNameServicePtr
                0x80005e9e                pTaskPacketFunc
                0x80005ea2                pDHCPv6ClientProcessFunction
                0x80005ea6                pDHCPServerProcessFunction
                0x80005eaa                pDHCPProcessFunction
                0x80005eae                UDP_fifos_used
                0x80005eb2                udp_fifos
                0x80005f3e                IP_VAR_SECT_END = .
                0x80005f40                . = ALIGN (0x10)
 *fill*         0x80005f3e        0x2 
 *(IP_STK_SECT)
 IP_STK_SECT    0x80005f40     0x2000 C:\Nburn/lib/NetBurner.a(ip.o)
                0x80005f40                IPStk
                0x80007f40                IP_STK_SECT_END = .
                0x80007f40                . = ALIGN (0x4)
 *(TCP_VAR_SECT)
 TCP_VAR_SECT   0x80007f40       0x20 C:\Nburn/lib/NetBurner.a(tcp.o)
                0x80007f40                TCP_TimerSemaphore
                0x80007f52                TCP_critical_section
                0x80007f60                TCP_VAR_SECT_END = .
                0x80007f60                . = ALIGN (0x10)
 *(TCP_STK_SECT)
 TCP_STK_SECT   0x80007f60     0x3000 C:\Nburn/lib/NetBurner.a(tcp.o)
                0x80007f60                TCPStk
                0x8000af60                TCP_STK_SECT_END = .
                0x8000af60                . = ALIGN (0x10)
 *(HTTP_STK_SECT)
                0x8000af60                HTTP_STK_SECT_END = .
                0x8000af60                . = ALIGN (0x10)
 *(FTP_STK_SECT)
                0x8000af60                FTP_STK_SECT_END = .
                0x8000af60                . = ALIGN (0x10)
 *(WIFI_STK_SECT)
                0x8000af60                WIFI_STK_SECT_END = .
                0x8000af60                . = ALIGN (0x10)
 *(PPP_STK_SECT)
                0x8000af60                PPP_STK_SECT_END = .
                0x8000af60                . = ALIGN (0x10)
 *(COMMAND_STK_SECT)
                0x8000af60                COMMAND_STK_SECT_END = .
                0x8000af60                . = ALIGN (0x4)
 *(USER_VAR_SECT)
 USER_VAR_SECT  0x8000af60       0x16 Drivers\introspec.o
                0x8000af60                LogCrit
                0x8000af6e                LogPut
                0x8000af72                LogGet
 USER_VAR_SECT  0x8000af76       0xbc C:\Nburn/lib/NANO54415.a(HiResTimer.o)
                0x8000af76                _ZN10HiResTimer12timerCreatedE
                0x8000af7a                _ZN10HiResTimer6timersE
                0x8000b032                USER_VAR_SECT_END = .
                0x8000b040                . = ALIGN (0x10)
 *fill*         0x8000b032        0xe 
 *(USER_STK_SECT)
                0x8000b040                USER_STK_SECT_END = .
                0x8000b040                . = ALIGN (0x4)
 *(TLS_VAR_SECT)
                0x8000b040                TLS_VAR_SECT_END = .
                0x8000b040                BUFFERS_SECT_START = .
                0x8000b040                . = ALIGN (0x10)
 *(BUFFERS_VAR_SECT)
 BUFFERS_VAR_SECT
                0x8000b040       0x1c C:\Nburn/lib/NetBurner.a(buffers.o)
                0x8000b040                free_list_is_initialized
                0x8000b044                free_fast_list
                0x8000b04e                free_list
                0x8000b058                FAST_BUFFER_POOL_SIZE
                0x8000b060                . = ALIGN (0x10)
 *fill*         0x8000b05c        0x4 
                0x8000b060                BUFFERS_VAR_SECT_END = .
                0x8000b060                . = ALIGN (0x10)
                0x8000b060                SRAM_END = .

.COLD_SRAM_SECT
                0x8000fffe        0x2
 *(COLD_SRAM_VAR)
 COLD_SRAM_VAR  0x8000fffe        0x2 C:\Nburn/lib/NetBurner.a(ip.o)

.text           0x40000490    0x4fcc0
 nb-crt0.o()
 .text          0x40000490       0xaa c:/nburn/gcc-m68k/bin/../lib/gcc/m68k-unknown-elf/5.2.0/m54455\nb-crt0.o
                0x40000490                start
 *fill*         0x4000053a        0x2 
 .data          0x4000053c        0x4 c:/nburn/gcc-m68k/bin/../lib/gcc/m68k-unknown-elf/5.2.0/m54455\nb-crt0.o
 .bss           0x40000540        0x0 c:/nburn/gcc-m68k/bin/../lib/gcc/m68k-unknown-elf/5.2.0/m54455\nb-crt0.o
                0x40000540                gConfigRec = .
                0x40002540                . = (. + 0x2000)
 *fill*         0x40000540     0x2000 
                0x40002540                UserParamBase = .
                0x40004540                . = (. + 0x2000)
 *fill*         0x40002540     0x2000 
 *(.text)
 .text          0x40004540      0x12c c:/nburn/gcc-m68k/bin/../lib/gcc/m68k-unknown-elf/5.2.0/m54455/crtbegin.o
 .text          0x4000466c        0x8 C:\Nburn/lib/NANO54415.a(hardware_init.o)
                0x4000466c                hardware_init_hook
 *fill*         0x40004674        0xc 
 .text          0x40004680      0x19c C:\Nburn/lib/NANO54415.a(bspa.o)
                0x40004680                CatchNullWrites
                0x40004690                _cache_inval
                0x400046b0                _cache_push
                0x400046d0                _cache_flush
                0x40004710                PushCacheLines
                0x40004760                InvalidateCacheLines
                0x400047b0                FlushCacheLines
 *fill*         0x4000481c        0x4 
 .text          0x40004820      0x41a C:\Nburn/lib/NetBurner.a(ucosmcfa.o)
                0x40004820                OSStartHighRdy
                0x40004840                OSCtxSw
                0x40004870                OSIntCtxSw
                0x400048a0                OSTickISR
                0x400048e0                OSSetupVBR
                0x40004900                OSDebugTraceHalt
                0x40004910                memcpy
                0x40004910                fmemcpy
                0x400049e0                memcpysum
                0x40004b70                memset
                0x40004b70                fmemset
                0x40004c10                GetSR_IntLevel
                0x40004c20                SetSR_IntLevel
 *fill*         0x40004c3a        0x2 
 .text          0x40004c3c        0x8 C:\Nburn/lib/NetBurner.a(software_init.o)
                0x40004c3c                software_init_hook
 .text          0x40004c44       0x2e C:\Nburn/lib/NetBurner.a(ucosmain.o)
                0x40004c44                OSStackProtectCtxSw
 *fill*         0x40004c72        0x2 
 .text          0x40004c74      0x1c0 C:\Nburn/lib/NetBurner.a(ip.o)
                0x40004c74                GetSum
                0x40004d30                GetSum20
                0x40004d68                GetSumHdr
 .text          0x40004e34     0x440e c:/nburn/gcc-m68k/bin/../m68k-unknown-elf/sysroot/lib/m54455\libstdc++.a(cp-demangle.o)
                0x4000912c                __cxa_demangle
                0x4000920c                __gcclibcxx_demangle_callback
 *fill*         0x40009242        0x2 
 .text          0x40009244       0xea c:/nburn/gcc-m68k/bin/../m68k-unknown-elf/sysroot/lib/m54455\libm.a(lib_a-s_cos.o)
                0x40009244                cos
 *fill*         0x4000932e        0x2 
 .text          0x40009330       0x6c c:/nburn/gcc-m68k/bin/../m68k-unknown-elf/sysroot/lib/m54455\libm.a(lib_a-s_fpclassify.o)
                0x40009330                __fpclassifyd
 .text          0x4000939c       0xda c:/nburn/gcc-m68k/bin/../m68k-unknown-elf/sysroot/lib/m54455\libm.a(lib_a-s_modf.o)
                0x4000939c                modf
 *fill*         0x40009476        0x2 
 .text          0x40009478       0xc6 c:/nburn/gcc-m68k/bin/../m68k-unknown-elf/sysroot/lib/m54455\libm.a(lib_a-s_round.o)
                0x40009478                round
 *fill*         0x4000953e        0x2 
 .text          0x40009540       0xea c:/nburn/gcc-m68k/bin/../m68k-unknown-elf/sysroot/lib/m54455\libm.a(lib_a-s_sin.o)
                0x40009540                sin
 *fill*         0x4000962a        0x2 
 .text          0x4000962c      0x436 c:/nburn/gcc-m68k/bin/../m68k-unknown-elf/sysroot/lib/m54455\libm.a(lib_a-w_pow.o)
                0x4000962c                pow
 *fill*         0x40009a62        0x2 
 .text          0x40009a64       0xec c:/nburn/gcc-m68k/bin/../m68k-unknown-elf/sysroot/lib/m54455\libm.a(lib_a-wf_asin.o)
                0x40009a64                asinf
 .text          0x40009b50        0xc c:/nburn/gcc-m68k/bin/../m68k-unknown-elf/sysroot/lib/m54455\libm.a(lib_a-wf_atan2.o)
                0x40009b50                atan2f
 .text          0x40009b5c       0xfe c:/nburn/gcc-m68k/bin/../m68k-unknown-elf/sysroot/lib/m54455\libm.a(lib_a-wf_sqrt.o)
                0x40009b5c                sqrtf
 *fill*         0x40009c5a        0x2 
 .text          0x40009c5c      0xdfe c:/nburn/gcc-m68k/bin/../m68k-unknown-elf/sysroot/lib/m54455\libm.a(lib_a-e_pow.o)
                0x40009c5c                __ieee754_pow
 *fill*         0x4000aa5a        0x2 
 .text          0x4000aa5c      0x5f2 c:/nburn/gcc-m68k/bin/../m68k-unknown-elf/sysroot/lib/m54455\libm.a(lib_a-e_rem_pio2.o)
                0x4000aa5c                __ieee754_rem_pio2
 *fill*         0x4000b04e        0x2 
 .text          0x4000b050      0x1d0 c:/nburn/gcc-m68k/bin/../m68k-unknown-elf/sysroot/lib/m54455\libm.a(lib_a-e_sqrt.o)
                0x4000b050                __ieee754_sqrt
 .text          0x4000b220      0x39a c:/nburn/gcc-m68k/bin/../m68k-unknown-elf/sysroot/lib/m54455\libm.a(lib_a-ef_asin.o)
                0x4000b220                __ieee754_asinf
 *fill*         0x4000b5ba        0x2 
 .text          0x4000b5bc      0x1c6 c:/nburn/gcc-m68k/bin/../m68k-unknown-elf/sysroot/lib/m54455\libm.a(lib_a-ef_atan2.o)
                0x4000b5bc                __ieee754_atan2f
 *fill*         0x4000b782        0x2 
 .text          0x4000b784       0xe4 c:/nburn/gcc-m68k/bin/../m68k-unknown-elf/sysroot/lib/m54455\libm.a(lib_a-ef_sqrt.o)
                0x4000b784                __ieee754_sqrtf
 .text          0x4000b868      0x260 c:/nburn/gcc-m68k/bin/../m68k-unknown-elf/sysroot/lib/m54455\libm.a(lib_a-k_cos.o)
                0x4000b868                __kernel_cos
 .text          0x4000bac8      0x8dc c:/nburn/gcc-m68k/bin/../m68k-unknown-elf/sysroot/lib/m54455\libm.a(lib_a-k_rem_pio2.o)
                0x4000bac8                __kernel_rem_pio2
 .text          0x4000c3a4      0x1fa c:/nburn/gcc-m68k/bin/../m68k-unknown-elf/sysroot/lib/m54455\libm.a(lib_a-k_sin.o)
                0x4000c3a4                __kernel_sin
 *fill*         0x4000c59e        0x2 
 .text          0x4000c5a0       0x1c c:/nburn/gcc-m68k/bin/../m68k-unknown-elf/sysroot/lib/m54455\libm.a(lib_a-s_fabs.o)
                0x4000c5a0                fabs
 .text          0x4000c5bc       0x1c c:/nburn/gcc-m68k/bin/../m68k-unknown-elf/sysroot/lib/m54455\libm.a(lib_a-s_finite.o)
                0x4000c5bc                finite
 .text          0x4000c5d8      0x17c c:/nburn/gcc-m68k/bin/../m68k-unknown-elf/sysroot/lib/m54455\libm.a(lib_a-s_floor.o)
                0x4000c5d8                floor
 .text          0x4000c754        0xa c:/nburn/gcc-m68k/bin/../m68k-unknown-elf/sysroot/lib/m54455\libm.a(lib_a-s_matherr.o)
                0x4000c754                matherr
 *fill*         0x4000c75e        0x2 
 .text          0x4000c760       0x10 c:/nburn/gcc-m68k/bin/../m68k-unknown-elf/sysroot/lib/m54455\libm.a(lib_a-s_nan.o)
                0x4000c760                nan
 .text          0x4000c770      0x19e c:/nburn/gcc-m68k/bin/../m68k-unknown-elf/sysroot/lib/m54455\libm.a(lib_a-s_rint.o)
                0x4000c770                rint
 *fill*         0x4000c90e        0x2 
 .text          0x4000c910      0x188 c:/nburn/gcc-m68k/bin/../m68k-unknown-elf/sysroot/lib/m54455\libm.a(lib_a-s_scalbn.o)
                0x4000c910                scalbn
 .text          0x4000ca98      0x2c0 c:/nburn/gcc-m68k/bin/../m68k-unknown-elf/sysroot/lib/m54455\libm.a(lib_a-sf_atan.o)
                0x4000ca98                atanf
 .text          0x4000cd58       0x10 c:/nburn/gcc-m68k/bin/../m68k-unknown-elf/sysroot/lib/m54455\libm.a(lib_a-sf_fabs.o)
                0x4000cd58                fabsf
 .text          0x4000cd68       0x4a c:/nburn/gcc-m68k/bin/../m68k-unknown-elf/sysroot/lib/m54455\libm.a(lib_a-sf_fpclassify.o)
                0x4000cd68                __fpclassifyf
 *fill*         0x4000cdb2        0x2 
 .text          0x4000cdb4       0x2a c:/nburn/gcc-m68k/bin/../m68k-unknown-elf/sysroot/lib/m54455\libm.a(lib_a-s_copysign.o)
                0x4000cdb4                copysign
 *fill*         0x4000cdde        0x2 
 .text          0x4000cde0      0xba0 c:/nburn/gcc-m68k/bin/../lib/gcc/m68k-unknown-elf/5.2.0/m54455\libgcc.a(_double.o)
                0x4000ce3a                __subdf3
                0x4000ce40                __adddf3
                0x4000d2dc                __muldf3
                0x4000d4b8                __divdf3
                0x4000d7a8                __negdf2
                0x4000d806                __cmpdf2_internal
                0x4000d8de                __cmpdf2
 .text          0x4000d980      0x7ca c:/nburn/gcc-m68k/bin/../lib/gcc/m68k-unknown-elf/5.2.0/m54455\libgcc.a(_float.o)
                0x4000d9c8                __subsf3
                0x4000d9ce                __addsf3
                0x4000dcb0                __mulsf3
                0x4000ddf2                __divsf3
                0x4000dfe6                __negsf2
                0x4000e038                __cmpsf2_internal
                0x4000e0d8                __cmpsf2
 *fill*         0x4000e14a        0x2 
 .text          0x4000e14c       0x74 c:/nburn/gcc-m68k/bin/../lib/gcc/m68k-unknown-elf/5.2.0/m54455\libgcc.a(_floatex.o)
                0x4000e14c                __clear_sticky_bit
                0x4000e158                $_exception_handler
 .text          0x4000e1c0       0x22 c:/nburn/gcc-m68k/bin/../lib/gcc/m68k-unknown-elf/5.2.0/m54455\libgcc.a(_eqdf2.o)
                0x4000e1c0                __eqdf2
 *fill*         0x4000e1e2        0x2 
 .text          0x4000e1e4       0x22 c:/nburn/gcc-m68k/bin/../lib/gcc/m68k-unknown-elf/5.2.0/m54455\libgcc.a(_nedf2.o)
                0x4000e1e4                __nedf2
 *fill*         0x4000e206        0x2 
 .text          0x4000e208       0x22 c:/nburn/gcc-m68k/bin/../lib/gcc/m68k-unknown-elf/5.2.0/m54455\libgcc.a(_gtdf2.o)
                0x4000e208                __gtdf2
 *fill*         0x4000e22a        0x2 
 .text          0x4000e22c       0x22 c:/nburn/gcc-m68k/bin/../lib/gcc/m68k-unknown-elf/5.2.0/m54455\libgcc.a(_gedf2.o)
                0x4000e22c                __gedf2
 *fill*         0x4000e24e        0x2 
 .text          0x4000e250       0x22 c:/nburn/gcc-m68k/bin/../lib/gcc/m68k-unknown-elf/5.2.0/m54455\libgcc.a(_ltdf2.o)
                0x4000e250                __ltdf2
 *fill*         0x4000e272        0x2 
 .text          0x4000e274       0x22 c:/nburn/gcc-m68k/bin/../lib/gcc/m68k-unknown-elf/5.2.0/m54455\libgcc.a(_ledf2.o)
                0x4000e274                __ledf2
 *fill*         0x4000e296        0x2 
 .text          0x4000e298       0x1a c:/nburn/gcc-m68k/bin/../lib/gcc/m68k-unknown-elf/5.2.0/m54455\libgcc.a(_eqsf2.o)
                0x4000e298                __eqsf2
 *fill*         0x4000e2b2        0x2 
 .text          0x4000e2b4       0x1a c:/nburn/gcc-m68k/bin/../lib/gcc/m68k-unknown-elf/5.2.0/m54455\libgcc.a(_gtsf2.o)
                0x4000e2b4                __gtsf2
 *fill*         0x4000e2ce        0x2 
 .text          0x4000e2d0       0x1a c:/nburn/gcc-m68k/bin/../lib/gcc/m68k-unknown-elf/5.2.0/m54455\libgcc.a(_ltsf2.o)
                0x4000e2d0                __ltsf2
 *fill*         0x4000e2ea        0x2 
 .text          0x4000e2ec       0x66 c:/nburn/gcc-m68k/bin/../lib/gcc/m68k-unknown-elf/5.2.0/m54455\libgcc.a(_muldi3.o)
                0x4000e2ec                __muldi3
 *fill*         0x4000e352        0x2 
 .text          0x4000e354       0x76 c:/nburn/gcc-m68k/bin/../lib/gcc/m68k-unknown-elf/5.2.0/m54455\libgcc.a(_fixunsdfsi.o)
                0x4000e354                __fixunsdfsi
 *fill*         0x4000e3ca        0x2 
 .text          0x4000e3cc       0x7a c:/nburn/gcc-m68k/bin/../lib/gcc/m68k-unknown-elf/5.2.0/m54455\libgcc.a(_fixunsdfdi.o)
                0x4000e3cc                __fixunsdfdi
 *fill*         0x4000e446        0x2 
 .text          0x4000e448      0x3fe c:/nburn/gcc-m68k/bin/../lib/gcc/m68k-unknown-elf/5.2.0/m54455\libgcc.a(_udivdi3.o)
                0x4000e448                __udivdi3
 *fill*         0x4000e846        0x2 
 .text          0x4000e848      0x372 c:/nburn/gcc-m68k/bin/../lib/gcc/m68k-unknown-elf/5.2.0/m54455\libgcc.a(_umoddi3.o)
                0x4000e848                __umoddi3
 *fill*         0x4000ebba        0x2 
 .text          0x4000ebbc      0x442 c:/nburn/gcc-m68k/bin/../lib/gcc/m68k-unknown-elf/5.2.0/m54455\libgcc.a(fpgnulib.o)
                0x4000ebbc                __unordsf2
                0x4000ec14                __unorddf2
                0x4000ec7e                __floatunsidf
                0x4000ece2                __floatsidf
                0x4000ed8e                __floatunsisf
                0x4000eda8                __floatsisf
                0x4000edc2                __extendsfdf2
                0x4000ee2e                __truncdfsf2
                0x4000ef58                __fixdfsi
                0x4000efe4                __fixsfsi
 *fill*         0x4000effe        0x2 
 .text          0x4000f000     0x21b4 c:/nburn/gcc-m68k/bin/../lib/gcc/m68k-unknown-elf/5.2.0/m54455\libgcc.a(unwind-dw2.o)
                0x40010bda                _Unwind_GetGR
                0x40010c40                _Unwind_GetCFA
                0x40010c50                _Unwind_SetGR
                0x40010cba                _Unwind_GetIP
                0x40010cca                _Unwind_GetIPInfo
                0x40010cea                _Unwind_SetIP
                0x40010cfc                _Unwind_GetLanguageSpecificData
                0x40010d0c                _Unwind_GetRegionStart
                0x40010d1c                _Unwind_FindEnclosingFunction
                0x40010d46                _Unwind_GetDataRelBase
                0x40010d56                _Unwind_GetTextRelBase
                0x40010d66                __frame_state_for
                0x40010e32                _Unwind_RaiseException
                0x40010f4c                _Unwind_ForcedUnwind
                0x40010fe0                _Unwind_Resume
                0x40011076                _Unwind_Resume_or_Rethrow
                0x40011110                _Unwind_DeleteException
                0x4001112e                _Unwind_Backtrace
 .text          0x400111b4     0x126e c:/nburn/gcc-m68k/bin/../lib/gcc/m68k-unknown-elf/5.2.0/m54455\libgcc.a(unwind-dw2-fde.o)
                0x40012008                __register_frame_info_bases
                0x40012050                __register_frame_info
                0x40012098                __register_frame
                0x400120f0                __register_frame_info_table_bases
                0x4001213a                __register_frame_info_table
                0x40012180                __register_frame_table
                0x400121d0                __deregister_frame_info_bases
                0x400122a6                __deregister_frame_info
                0x400122b0                __deregister_frame
                0x400122d4                _Unwind_Find_FDE
 *fill*         0x40012422        0x2 
 .text          0x40012424       0x18 c:/nburn/gcc-m68k/bin/../m68k-unknown-elf/sysroot/lib/m54455\libc.a(lib_a-abort.o)
                0x40012424                abort
 .text          0x4001243c       0x18 c:/nburn/gcc-m68k/bin/../m68k-unknown-elf/sysroot/lib/m54455\libc.a(lib_a-atexit.o)
                0x4001243c                atexit
 .text          0x40012454       0x34 c:/nburn/gcc-m68k/bin/../m68k-unknown-elf/sysroot/lib/m54455\libc.a(lib_a-atoi.o)
                0x40012454                atoi
                0x4001246c                _atoi_r
 .text          0x40012488       0x5c c:/nburn/gcc-m68k/bin/../m68k-unknown-elf/sysroot/lib/m54455\libc.a(lib_a-bsearch.o)
                0x40012488                bsearch
 .text          0x400124e4       0x1e c:/nburn/gcc-m68k/bin/../m68k-unknown-elf/sysroot/lib/m54455\libc.a(lib_a-cxa_atexit.o)
                0x400124e4                __cxa_atexit
 *fill*         0x40012502        0x2 
 .text          0x40012504        0xe c:/nburn/gcc-m68k/bin/../m68k-unknown-elf/sysroot/lib/m54455\libc.a(lib_a-errno.o)
                0x40012504                __errno
 *fill*         0x40012512        0x2 
 .text          0x40012514       0x5c c:/nburn/gcc-m68k/bin/../m68k-unknown-elf/sysroot/lib/m54455\libc.a(lib_a-fputc.o)
                0x40012514                _fputc_r
                0x40012556                fputc
 .text          0x40012570       0xa4 c:/nburn/gcc-m68k/bin/../m68k-unknown-elf/sysroot/lib/m54455\libc.a(lib_a-fputs.o)
                0x40012570                _fputs_r
                0x400125fa                fputs
 .text          0x40012614      0x366 c:/nburn/gcc-m68k/bin/../m68k-unknown-elf/sysroot/lib/m54455\libc.a(lib_a-fvwrite.o)
                0x40012614                __sfvwrite_r
 *fill*         0x4001297a        0x2 
 .text          0x4001297c       0x1a c:/nburn/gcc-m68k/bin/../m68k-unknown-elf/sysroot/lib/m54455\libc.a(lib_a-isspace.o)
                0x4001297c                isspace
 *fill*         0x40012996        0x2 
 .text          0x40012998       0x32 c:/nburn/gcc-m68k/bin/../m68k-unknown-elf/sysroot/lib/m54455\libc.a(lib_a-malloc.o)
                0x40012998                malloc
                0x400129b0                free
 *fill*         0x400129ca        0x2 
 .text          0x400129cc      0x584 c:/nburn/gcc-m68k/bin/../m68k-unknown-elf/sysroot/lib/m54455\libc.a(lib_a-mallocr.o)
                0x400129cc                _malloc_r
 .text          0x40012f50       0x32 c:/nburn/gcc-m68k/bin/../m68k-unknown-elf/sysroot/lib/m54455\libc.a(lib_a-memchr.o)
                0x40012f50                memchr
 *fill*         0x40012f82        0x2 
 .text          0x40012f84       0x32 c:/nburn/gcc-m68k/bin/../m68k-unknown-elf/sysroot/lib/m54455\libc.a(lib_a-memcmp.o)
                0x40012f84                memcmp
 *fill*         0x40012fb6        0x2 
 .text          0x40012fb8       0x54 c:/nburn/gcc-m68k/bin/../m68k-unknown-elf/sysroot/lib/m54455\libc.a(lib_a-memmove.o)
                0x40012fb8                memmove
 .text          0x4001300c       0xa0 c:/nburn/gcc-m68k/bin/../m68k-unknown-elf/sysroot/lib/m54455\libc.a(lib_a-putc.o)
                0x4001300c                _putc_r
                0x40013092                putc
 .text          0x400130ac       0xac c:/nburn/gcc-m68k/bin/../m68k-unknown-elf/sysroot/lib/m54455\libc.a(lib_a-puts.o)
                0x400130ac                _puts_r
                0x40013142                puts
 .text          0x40013158       0x62 c:/nburn/gcc-m68k/bin/../m68k-unknown-elf/sysroot/lib/m54455\libc.a(lib_a-rand.o)
                0x40013158                srand
                0x40013170                rand
 *fill*         0x400131ba        0x2 
 .text          0x400131bc       0x1c c:/nburn/gcc-m68k/bin/../m68k-unknown-elf/sysroot/lib/m54455\libc.a(lib_a-realloc.o)
                0x400131bc                realloc
 .text          0x400131d8      0x456 c:/nburn/gcc-m68k/bin/../m68k-unknown-elf/sysroot/lib/m54455\libc.a(lib_a-reallocr.o)
                0x400131d8                _realloc_r
 *fill*         0x4001362e        0x2 
 .text          0x40013630      0x146 c:/nburn/gcc-m68k/bin/../m68k-unknown-elf/sysroot/lib/m54455\libc.a(lib_a-setvbuf.o)
                0x40013630                setvbuf
 *fill*         0x40013776        0x2 
 .text          0x40013778      0x1ce c:/nburn/gcc-m68k/bin/../m68k-unknown-elf/sysroot/lib/m54455\libc.a(lib_a-signal.o)
                0x40013778                _init_signal_r
                0x400137c0                _signal_r
                0x4001380c                _raise_r
                0x40013880                __sigtramp_r
                0x400138ee                raise
                0x40013904                signal
                0x4001391e                _init_signal
                0x40013930                __sigtramp
 *fill*         0x40013946        0x2 
 .text          0x40013948       0x3e c:/nburn/gcc-m68k/bin/../m68k-unknown-elf/sysroot/lib/m54455\libc.a(lib_a-signalr.o)
                0x40013948                _kill_r
                0x4001397a                _getpid_r
 *fill*         0x40013986        0x2 
 .text          0x40013988       0x18 c:/nburn/gcc-m68k/bin/../m68k-unknown-elf/sysroot/lib/m54455\libc.a(lib_a-stpcpy.o)
                0x40013988                stpcpy
 .text          0x400139a0       0x2e c:/nburn/gcc-m68k/bin/../m68k-unknown-elf/sysroot/lib/m54455\libc.a(lib_a-strcat.o)
                0x400139a0                strcat
 *fill*         0x400139ce        0x2 
 .text          0x400139d0       0x2e c:/nburn/gcc-m68k/bin/../m68k-unknown-elf/sysroot/lib/m54455\libc.a(lib_a-strcmp.o)
                0x400139d0                strcmp
 *fill*         0x400139fe        0x2 
 .text          0x40013a00       0x1c c:/nburn/gcc-m68k/bin/../m68k-unknown-elf/sysroot/lib/m54455\libc.a(lib_a-strcpy.o)
                0x40013a00                strcpy
 .text          0x40013a1c       0x1a c:/nburn/gcc-m68k/bin/../m68k-unknown-elf/sysroot/lib/m54455\libc.a(lib_a-strlen.o)
                0x40013a1c                strlen
 *fill*         0x40013a36        0x2 
 .text          0x40013a38       0x4e c:/nburn/gcc-m68k/bin/../m68k-unknown-elf/sysroot/lib/m54455\libc.a(lib_a-strncmp.o)
                0x40013a38                strncmp
 *fill*         0x40013a86        0x2 
 .text          0x40013a88       0x30 c:/nburn/gcc-m68k/bin/../m68k-unknown-elf/sysroot/lib/m54455\libc.a(lib_a-strncpy.o)
                0x40013a88                strncpy
 .text          0x40013ab8       0x4a c:/nburn/gcc-m68k/bin/../m68k-unknown-elf/sysroot/lib/m54455\libc.a(lib_a-strstr.o)
                0x40013ab8                strstr
 *fill*         0x40013b02        0x2 
 .text          0x40013b04      0x16e c:/nburn/gcc-m68k/bin/../m68k-unknown-elf/sysroot/lib/m54455\libc.a(lib_a-strtol.o)
                0x40013b04                _strtol_r
                0x40013c54                strtol
 *fill*         0x40013c72        0x2 
 .text          0x40013c74       0x2a c:/nburn/gcc-m68k/bin/../m68k-unknown-elf/sysroot/lib/m54455\libc.a(lib_a-tolower.o)
                0x40013c74                tolower
 *fill*         0x40013c9e        0x2 
 .text          0x40013ca0       0x2a c:/nburn/gcc-m68k/bin/../m68k-unknown-elf/sysroot/lib/m54455\libc.a(lib_a-toupper.o)
                0x40013ca0                toupper
 *fill*         0x40013cca        0x2 
 .text          0x40013ccc       0xf4 c:/nburn/gcc-m68k/bin/../m68k-unknown-elf/sysroot/lib/m54455\libc.a(lib_a-wbuf.o)
                0x40013ccc                __swbuf_r
                0x40013da6                __swbuf
 .text          0x40013dc0      0x116 c:/nburn/gcc-m68k/bin/../m68k-unknown-elf/sysroot/lib/m54455\libc.a(lib_a-wsetup.o)
                0x40013dc0                __swsetup_r
 *fill*         0x40013ed6        0x2 
 .text          0x40013ed8       0xa0 c:/nburn/gcc-m68k/bin/../m68k-unknown-elf/sysroot/lib/m54455\libc.a(lib_a-__atexit.o)
                0x40013ed8                __register_exitproc
 .text          0x40013f78      0x204 c:/nburn/gcc-m68k/bin/../m68k-unknown-elf/sysroot/lib/m54455\libc.a(lib_a-fflush.o)
                0x40013f78                __sflush_r
                0x40014100                _fflush_r
                0x4001414e                fflush
 .text          0x4001417c      0x28c c:/nburn/gcc-m68k/bin/../m68k-unknown-elf/sysroot/lib/m54455\libc.a(lib_a-findfp.o)
                0x40014186                _cleanup_r
                0x40014222                __sfmoreglue
                0x4001427e                _cleanup
                0x40014292                __sinit
                0x40014302                __sfp
                0x400143b4                __sfp_lock_acquire
                0x400143bc                __sfp_lock_release
                0x400143c4                __sinit_lock_acquire
                0x400143cc                __sinit_lock_release
                0x400143d4                __fp_lock_all
                0x400143ee                __fp_unlock_all
 .text          0x40014408      0x2ec c:/nburn/gcc-m68k/bin/../m68k-unknown-elf/sysroot/lib/m54455\libc.a(lib_a-freer.o)
                0x40014408                _malloc_trim_r
                0x400144dc                _free_r
 .text          0x400146f4       0xb4 c:/nburn/gcc-m68k/bin/../m68k-unknown-elf/sysroot/lib/m54455\libc.a(lib_a-fwalk.o)
                0x400146f4                _fwalk
                0x4001474c                _fwalk_reent
 .text          0x400147a8      0x152 c:/nburn/gcc-m68k/bin/../m68k-unknown-elf/sysroot/lib/m54455\libc.a(lib_a-makebuf.o)
                0x400147a8                __smakebuf_r
 *fill*         0x400148fa        0x2 
 .text          0x400148fc      0x126 c:/nburn/gcc-m68k/bin/../m68k-unknown-elf/sysroot/lib/m54455\libc.a(lib_a-stdio.o)
                0x400148fc                __sread
                0x40014940                __seofread
                0x4001494a                __swrite
                0x400149b6                __sseek
                0x40014a0a                __sclose
 *fill*         0x40014a22        0x2 
 .text          0x40014a24       0x38 c:/nburn/gcc-m68k/bin/../m68k-unknown-elf/sysroot/lib/m54455\libc.a(lib_a-writer.o)
                0x40014a24                _write_r
 .text          0x40014a5c       0x2e c:/nburn/gcc-m68k/bin/../m68k-unknown-elf/sysroot/lib/m54455\libc.a(lib_a-closer.o)
                0x40014a5c                _close_r
 *fill*         0x40014a8a        0x2 
 .text          0x40014a8c       0xe2 c:/nburn/gcc-m68k/bin/../m68k-unknown-elf/sysroot/lib/m54455\libc.a(lib_a-fclose.o)
                0x40014a8c                _fclose_r
                0x40014b58                fclose
 *fill*         0x40014b6e        0x2 
 .text          0x40014b70       0x32 c:/nburn/gcc-m68k/bin/../m68k-unknown-elf/sysroot/lib/m54455\libc.a(lib_a-fstatr.o)
                0x40014b70                _fstat_r
 *fill*         0x40014ba2        0x2 
 .text          0x40014ba4       0x2e c:/nburn/gcc-m68k/bin/../m68k-unknown-elf/sysroot/lib/m54455\libc.a(lib_a-isattyr.o)
                0x40014ba4                _isatty_r
 *fill*         0x40014bd2        0x2 
 .text          0x40014bd4       0x38 c:/nburn/gcc-m68k/bin/../m68k-unknown-elf/sysroot/lib/m54455\libc.a(lib_a-lseekr.o)
                0x40014bd4                _lseek_r
 .text          0x40014c0c       0x38 c:/nburn/gcc-m68k/bin/../m68k-unknown-elf/sysroot/lib/m54455\libc.a(lib_a-readr.o)
                0x40014c0c                _read_r
 .text          0x40014c44       0x32 c:/nburn/gcc-m68k/bin/../lib/gcc/m68k-unknown-elf/5.2.0/m54455/crtend.o
                0x40014c80                . = ALIGN (0x10)
 *fill*         0x40014c76        0xa 
 *(.text.*)
 .text._Z9LCDUpdatePv
                0x40014c80       0x3a main.o
                0x40014c80                _Z9LCDUpdatePv
 *fill*         0x40014cba        0x2 
 .text._Z5DrivePv
                0x40014cbc      0x126 main.o
                0x40014cbc                _Z5DrivePv
 *fill*         0x40014de2        0x2 
 .text._Z15CheckNVSettingsv
                0x40014de4      0x1bc main.o
                0x40014de4                _Z15CheckNVSettingsv
 .text._Z4initv
                0x40014fa0      0x226 main.o
                0x40014fa0                _Z4initv
 *fill*         0x400151c6        0x2 
 .text.UserMain
                0x400151c8      0x100 main.o
                0x400151c8                UserMain
 .text.startup._GLOBAL__sub_I_MainTaskSem
                0x400152c8       0xb8 main.o
 .text._ZN7Utility4modeEv
                0x40015380       0x32 Utility.o
                0x40015380                _ZN7Utility4modeEv
 *fill*         0x400153b2        0x2 
 .text._ZN7Utility9odoToFeetEm
                0x400153b4       0x46 Utility.o
                0x400153b4                _ZN7Utility9odoToFeetEm
 *fill*         0x400153fa        0x2 
 .text._ZN7Utility10degreeWrapEf
                0x400153fc       0x90 Utility.o
                0x400153fc                _ZN7Utility10degreeWrapEf
 .text._ZN7Utility9switchValEi
                0x4001548c       0x26 Utility.o
                0x4001548c                _ZN7Utility9switchValEi
 *fill*         0x400154b2        0x2 
 .text._ZN3NavD2Ev
                0x400154b4        0x8 Nav.o
                0x400154b4                _ZN3NavD1Ev
                0x400154b4                _ZN3NavD2Ev
 .text._ZN3NavD0Ev
                0x400154bc       0x1c Nav.o
                0x400154bc                _ZN3NavD0Ev
 .text._ZN3NavC2Ev
                0x400154d8       0x12 Nav.o
                0x400154d8                _ZN3NavC2Ev
                0x400154d8                _ZN3NavC1Ev
 *fill*         0x400154ea        0x2 
 .text._ZN3Nav4getXEv
                0x400154ec       0x14 Nav.o
                0x400154ec                _ZN3Nav4getXEv
 .text._ZN3Nav4getYEv
                0x40015500       0x14 Nav.o
                0x40015500                _ZN3Nav4getYEv
 .text._ZN3Nav9navUpdateEv
                0x40015514      0x232 Nav.o
                0x40015514                _ZN3Nav9navUpdateEv
 *fill*         0x40015746        0x2 
 .text._ZN3Nav8getSteerEv
                0x40015748        0xc Nav.o
                0x40015748                _ZN3Nav8getSteerEv
 .text._ZN3Nav11getThrottleEv
                0x40015754        0xc Nav.o
                0x40015754                _ZN3Nav11getThrottleEv
 .text._ZN13MainLogObject9GetExtentERPmS1_
                0x40015760       0x24 Logger.o
                0x40015760                _ZN13MainLogObject9GetExtentERPmS1_
 .text._ZN6Logger7logLoopEPv
                0x40015784      0x13c Logger.o
                0x40015784                _ZN6Logger7logLoopEPv
 .text._ZN13MainLogObject8BuildOneEv
                0x400158c0      0x204 Logger.o
                0x400158c0                _ZN13MainLogObject8BuildOneEv
 .text._ZN13MainLogObjectC2Ev
                0x40015ac4      0x2be Logger.o
                0x40015ac4                _ZN13MainLogObjectC2Ev
                0x40015ac4                _ZN13MainLogObjectC1Ev
 *fill*         0x40015d82        0x2 
 .text._ZN6Logger8logBeginEv
                0x40015d84       0x3a Logger.o
                0x40015d84                _ZN6Logger8logBeginEv
 *fill*         0x40015dbe        0x2 
 .text.startup._GLOBAL__sub_I_mainLog
                0x40015dc0       0x1a Logger.o
 *fill*         0x40015dda        0x2 
 .text._Z11CoreRcTimeri
                0x40015ddc       0xfa Drivers\servodrive.o
                0x40015ddc                _Z11CoreRcTimeri
 *fill*         0x40015ed6        0x2 
 .text._Z12fake_Ch0_ISRv
                0x40015ed8       0x54 Drivers\servodrive.o
                0x40015ed8                _Z12fake_Ch0_ISRv
                0x40015edc                Ch0_ISR
 .text.real_Ch0_ISR
                0x40015f2c       0x16 Drivers\servodrive.o
                0x40015f2c                real_Ch0_ISR
 *fill*         0x40015f42        0x2 
 .text._Z12fake_Ch1_ISRv
                0x40015f44       0x54 Drivers\servodrive.o
                0x40015f44                _Z12fake_Ch1_ISRv
                0x40015f48                Ch1_ISR
 .text.real_Ch1_ISR
                0x40015f98       0x18 Drivers\servodrive.o
                0x40015f98                real_Ch1_ISR
 .text._Z14ServoDriveInitv
                0x40015fb0      0x16e Drivers\servodrive.o
                0x40015fb0                _Z14ServoDriveInitv
 *fill*         0x4001611e        0x2 
 .text._Z11SetServoPosid
                0x40016120      0x134 Drivers\servodrive.o
                0x40016120                _Z11SetServoPosid
 .text._Z11SetServoRawii
                0x40016254       0xc2 Drivers\servodrive.o
                0x40016254                _Z11SetServoRawii
 *fill*         0x40016316        0x2 
 .text._Z11getServoPosi
                0x40016318       0x1c Drivers\servodrive.o
                0x40016318                _Z11getServoPosi
 .text._Z14PinFunctionPWMi
                0x40016334      0x11a Drivers\pwm.o
                0x40016334                _Z14PinFunctionPWMi
 *fill*         0x4001644e        0x2 
 .text._Z18CheckLoadOkayClearv
                0x40016450       0x7c Drivers\pwm.o
                0x40016450                _Z18CheckLoadOkayClearv
 .text._Z19RegisterDefinitionsih
                0x400164cc       0x9a Drivers\pwm.o
                0x400164cc                _Z19RegisterDefinitionsih
 *fill*         0x40016566        0x2 
 .text._Z14EdgeAlignedPWMiii
                0x40016568      0x408 Drivers\pwm.o
                0x40016568                _Z14EdgeAlignedPWMiii
 .text._Z6PinPWMiid
                0x40016970       0x86 Drivers\pwm.o
                0x40016970                _Z6PinPWMiid
 *fill*         0x400169f6        0x2 
 .text._Z22BuildOrFindDescriptionPKc
                0x400169f8       0xa2 Drivers\introspec.o
                0x400169f8                _Z22BuildOrFindDescriptionPKc
 *fill*         0x40016a9a        0x2 
 .text._ZN15IntrospecObjectC2EPKc
                0x40016a9c       0x1c Drivers\introspec.o
                0x40016a9c                _ZN15IntrospecObjectC1EPKc
                0x40016a9c                _ZN15IntrospecObjectC2EPKc
 .text._Z14LogEscapedByteh
                0x40016ab8       0x72 Drivers\introspec.o
                0x40016ab8                _Z14LogEscapedByteh
 *fill*         0x40016b2a        0x2 
 .text._Z10LogRawByteh
                0x40016b2c       0x58 Drivers\introspec.o
                0x40016b2c                _Z10LogRawByteh
 .text._Z8LogRaw32m
                0x40016b84      0x130 Drivers\introspec.o
                0x40016b84                _Z8LogRaw32m
 .text._ZN15IntrospecObject7ElementEPvmPKcc
                0x40016cb4       0x94 Drivers\introspec.o
                0x40016cb4                _ZN15IntrospecObject7ElementEPvmPKcc
 .text._ZN15IntrospecObject12LogStructureEv
                0x40016d48       0x98 Drivers\introspec.o
                0x40016d48                _ZN15IntrospecObject12LogStructureEv
 .text._ZN15IntrospecObject3LogEb
                0x40016de0      0x136 Drivers\introspec.o
                0x40016de0                _ZN15IntrospecObject3LogEb
 *fill*         0x40016f16        0x2 
 .text._Z10LogMessagePKcb
                0x40016f18       0x84 Drivers\introspec.o
                0x40016f18                _Z10LogMessagePKcb
 .text._Z12WriteLogToFdi
                0x40016f9c       0xf0 Drivers\introspec.o
                0x40016f9c                _Z12WriteLogToFdi
 .text._Z10GetLogSizev
                0x4001708c       0x80 Drivers\introspec.o
                0x4001708c                _Z10GetLogSizev
 .text._Z10InitLogFtpi
                0x4001710c       0x20 Drivers\introspec.o
                0x4001710c                _Z10InitLogFtpi
 .text._Z22FTPD_GetFileFromClientPKcS0_Pvi
                0x4001712c        0xa Drivers\introspec.o
                0x4001712c                _Z22FTPD_GetFileFromClientPKcS0_Pvi
 *fill*         0x40017136        0x2 
 .text._Z21FTPD_AbleToCreateFilePKcS0_Pv
                0x40017138        0xa Drivers\introspec.o
                0x40017138                _Z21FTPD_AbleToCreateFilePKcS0_Pv
 *fill*         0x40017142        0x2 
 .text._Z16FTPDSessionStartPKcS0_7IPADDR4
                0x40017144        0xa Drivers\introspec.o
                0x40017144                _Z16FTPDSessionStartPKcS0_7IPADDR4
 *fill*         0x4001714e        0x2 
 .text._Z14FTPDSessionEndPv
                0x40017150        0x8 Drivers\introspec.o
                0x40017150                _Z14FTPDSessionEndPv
 .text._Z23FTPD_ListSubDirectoriesPKcPvPFviS0_Ei
                0x40017158        0xa Drivers\introspec.o
                0x40017158                _Z23FTPD_ListSubDirectoriesPKcPvPFviS0_Ei
 *fill*         0x40017162        0x2 
 .text._Z20FTPD_DirectoryExistsPKcPv
                0x40017164        0xa Drivers\introspec.o
                0x40017164                _Z20FTPD_DirectoryExistsPKcPv
 *fill*         0x4001716e        0x2 
 .text._Z23FTPD_CreateSubDirectoryPKcS0_Pv
                0x40017170        0xa Drivers\introspec.o
                0x40017170                _Z23FTPD_CreateSubDirectoryPKcS0_Pv
 *fill*         0x4001717a        0x2 
 .text._Z23FTPD_DeleteSubDirectoryPKcS0_Pv
                0x4001717c        0xa Drivers\introspec.o
                0x4001717c                _Z23FTPD_DeleteSubDirectoryPKcS0_Pv
 *fill*         0x40017186        0x2 
 .text._Z15FTPD_DeleteFilePKcS0_Pv
                0x40017188       0x60 Drivers\introspec.o
                0x40017188                _Z15FTPD_DeleteFilePKcS0_Pv
 .text._Z11FTPD_RenamePKcS0_S0_Pv
                0x400171e8        0xa Drivers\introspec.o
                0x400171e8                _Z11FTPD_RenamePKcS0_S0_Pv
 *fill*         0x400171f2        0x2 
 .text._Z16FTPD_GetFileSizePKcS0_
                0x400171f4        0xa Drivers\introspec.o
                0x400171f4                _Z16FTPD_GetFileSizePKcS0_
 *fill*         0x400171fe        0x2 
 .text._Z12getdirstringPKclPc
                0x40017200       0xac Drivers\introspec.o
                0x40017200                _Z12getdirstringPKclPc
 .text._Z13FTPD_ListFilePKcPvPFviS0_Ei
                0x400172ac       0x5e Drivers\introspec.o
                0x400172ac                _Z13FTPD_ListFilePKcPvPFviS0_Ei
 *fill*         0x4001730a        0x2 
 .text._Z21FTPD_SendFileToClientPKcS0_Pvi
                0x4001730c       0x78 Drivers\introspec.o
                0x4001730c                _Z21FTPD_SendFileToClientPKcS0_Pvi
 .text._Z15FTPD_FileExistsPKcS0_Pv
                0x40017384        0xa Drivers\introspec.o
                0x40017384                _Z15FTPD_FileExistsPKcS0_Pv
 *fill*         0x4001738e        0x2 
 .text._ZN7FileLogC2EPKc
                0x40017390       0x20 Drivers\introspec.o
                0x40017390                _ZN7FileLogC2EPKc
                0x40017390                _ZN7FileLogC1EPKc
 .text._Z15LogFileVersionsv
                0x400173b0       0x5e Drivers\introspec.o
                0x400173b0                _Z15LogFileVersionsv
 *fill*         0x4001740e        0x2 
 .text.startup._GLOBAL__sub_I__ZN15IntrospecObject7bShowMeE
                0x40017410       0x44 Drivers\introspec.o
 .text._Z15RC_ProcessCharsih
                0x40017454       0xe6 Drivers\dsm2.o
                0x40017454                _Z15RC_ProcessCharsih
 *fill*         0x4001753a        0x2 
 .text._Z10InitDSM2Rxi
                0x4001753c       0x52 Drivers\dsm2.o
                0x4001753c                _Z10InitDSM2Rxi
 *fill*         0x4001758e        0x2 
 .text._ZN13SpinningLidar17SpinningLidarInitEv
                0x40017590       0x34 Drivers\SpinningLidar.o
                0x40017590                _ZN13SpinningLidar17SpinningLidarInitEv
 .text._ZN13SpinningLidar11checkHealthEi
                0x400175c4       0xe6 Drivers\SpinningLidar.o
                0x400175c4                _ZN13SpinningLidar11checkHealthEi
 *fill*         0x400176aa        0x2 
 .text._ZN13SpinningLidar9hardResetEi
                0x400176ac       0x46 Drivers\SpinningLidar.o
                0x400176ac                _ZN13SpinningLidar9hardResetEi
 *fill*         0x400176f2        0x2 
 .text._ZN13SpinningLidar9startScanEi
                0x400176f4       0x78 Drivers\SpinningLidar.o
                0x400176f4                _ZN13SpinningLidar9startScanEi
 .text._ZN13SpinningLidar11processCharEih
                0x4001776c      0x154 Drivers\SpinningLidar.o
                0x4001776c                _ZN13SpinningLidar11processCharEih
 .text._ZN13SpinningLidar9LidarTaskEPv
                0x400178c0      0x14a Drivers\SpinningLidar.o
                0x400178c0                _ZN13SpinningLidar9LidarTaskEPv
 *fill*         0x40017a0a        0x2 
 .text._ZN8OdometerD2Ev
                0x40017a0c        0x8 Drivers\Odometer.o
                0x40017a0c                _ZN8OdometerD2Ev
                0x40017a0c                _ZN8OdometerD1Ev
 .text._ZN8OdometerD0Ev
                0x40017a14       0x1c Drivers\Odometer.o
                0x40017a14                _ZN8OdometerD0Ev
 .text._ZN8Odometer6OdoIrqEv
                0x40017a30       0x46 Drivers\Odometer.o
                0x40017a30                _ZN8Odometer6OdoIrqEv
 *fill*         0x40017a76        0x2 
 .text._ZN8OdometerC2Ev
                0x40017a78       0x12 Drivers\Odometer.o
                0x40017a78                _ZN8OdometerC1Ev
                0x40017a78                _ZN8OdometerC2Ev
 *fill*         0x40017a8a        0x2 
 .text._ZN8OdometerC2Ei
                0x40017a8c       0x52 Drivers\Odometer.o
                0x40017a8c                _ZN8OdometerC1Ei
                0x40017a8c                _ZN8OdometerC2Ei
 *fill*         0x40017ade        0x2 
 .text._ZN8Odometer8getCountEv
                0x40017ae0        0xe Drivers\Odometer.o
                0x40017ae0                _ZN8Odometer8getCountEv
 .text._ZN5Madge24MadgwickQuaternionUpdateEfffffffff
                0x40017aee      0xde8 Drivers\MadgwickFilter.o
                0x40017aee                _ZN5Madge24MadgwickQuaternionUpdateEfffffffff
 *fill*         0x400188d6        0x2 
 .text._ZN7MPU9250C2Eh
                0x400188d8       0x66 Drivers\MPU9250.o
                0x400188d8                _ZN7MPU9250C1Eh
                0x400188d8                _ZN7MPU9250C2Eh
 *fill*         0x4001893e        0x2 
 .text._ZN7MPU92507getMresEh
                0x40018940       0x4e Drivers\MPU9250.o
                0x40018940                _ZN7MPU92507getMresEh
 *fill*         0x4001898e        0x2 
 .text._ZN7MPU92507getGresEh
                0x40018990       0x7e Drivers\MPU9250.o
                0x40018990                _ZN7MPU92507getGresEh
 *fill*         0x40018a0e        0x2 
 .text._ZN7MPU92507getAresEh
                0x40018a10       0x7e Drivers\MPU9250.o
                0x40018a10                _ZN7MPU92507getAresEh
 *fill*         0x40018a8e        0x2 
 .text._ZN7MPU925018I2CWriteReadBufferEhhPhi
                0x40018a90       0xb0 Drivers\MPU9250.o
                0x40018a90                _ZN7MPU925018I2CWriteReadBufferEhhPhi
 .text._ZN7MPU925011initMPU9250Ehh
                0x40018b40      0x1f8 Drivers\MPU9250.o
                0x40018b40                _ZN7MPU925011initMPU9250Ehh
 .text._ZN7MPU925015readMPU9250DataEPs
                0x40018d38       0xfa Drivers\MPU9250.o
                0x40018d38                _ZN7MPU925015readMPU9250DataEPs
 *fill*         0x40018e32        0x2 
 .text._ZN7MPU925011readMagDataEPs
                0x40018e34       0x72 Drivers\MPU9250.o
                0x40018e34                _ZN7MPU925011readMagDataEPs
 *fill*         0x40018ea6        0x2 
 .text._ZN7MPU925013magcalMPU9250EPfS0_
                0x40018ea8      0x332 Drivers\MPU9250.o
                0x40018ea8                _ZN7MPU925013magcalMPU9250EPfS0_
 *fill*         0x400191da        0x2 
 .text._ZN7MPU925010initAK8963EhhPf
                0x400191dc      0x1ea Drivers\MPU9250.o
                0x400191dc                _ZN7MPU925010initAK8963EhhPf
 *fill*         0x400193c6        0x2 
 .text._ZN7MPU925016calibrateMPU9250EPfS0_
                0x400193c8      0x81e Drivers\MPU9250.o
                0x400193c8                _ZN7MPU925016calibrateMPU9250EPfS0_
 *fill*         0x40019be6        0x2 
 .text._ZN7MPU92508SelfTestEPf
                0x40019be8      0x8cc Drivers\MPU9250.o
                0x40019be8                _ZN7MPU92508SelfTestEPf
 .text._ZN7MPU92508readByteEhh
                0x4001a4b4       0x2e Drivers\MPU9250.o
                0x4001a4b4                _ZN7MPU92508readByteEhh
 *fill*         0x4001a4e2        0x2 
 .text._ZN7MPU9250C2Ev
                0x4001a4e4        0x8 Drivers\MPU9250.o
                0x4001a4e4                _ZN7MPU9250C2Ev
                0x4001a4e4                _ZN7MPU9250C1Ev
 .text._Z20fake_LIDAR_ISR_RIGHTv
                0x4001a4ec       0x54 Drivers\LidarPWM.o
                0x4001a4ec                _Z20fake_LIDAR_ISR_RIGHTv
                0x4001a4f0                LIDAR_ISR_RIGHT
 .text.real_LIDAR_ISR_RIGHT
                0x4001a540       0x90 Drivers\LidarPWM.o
                0x4001a540                real_LIDAR_ISR_RIGHT
 .text._Z12LidarPWMInitv
                0x4001a5d0       0x7c Drivers\LidarPWM.o
                0x4001a5d0                _Z12LidarPWMInitv
 .text._ZN3LCDD2Ev
                0x4001a64c        0x8 Drivers\LCD.o
                0x4001a64c                _ZN3LCDD2Ev
                0x4001a64c                _ZN3LCDD1Ev
 .text._ZN3LCDD0Ev
                0x4001a654       0x1c Drivers\LCD.o
                0x4001a654                _ZN3LCDD0Ev
 .text._ZN3LCDC2Ev
                0x4001a670       0x16 Drivers\LCD.o
                0x4001a670                _ZN3LCDC1Ev
                0x4001a670                _ZN3LCDC2Ev
 *fill*         0x4001a686        0x2 
 .text._ZN3LCDC2Eii
                0x4001a688       0x3c Drivers\LCD.o
                0x4001a688                _ZN3LCDC1Eii
                0x4001a688                _ZN3LCDC2Eii
 .text._ZN3LCD5clearEv
                0x4001a6c4       0x7c Drivers\LCD.o
                0x4001a6c4                _ZN3LCD5clearEv
 .text._ZN3LCD5printEPKc
                0x4001a740       0x1a Drivers\LCD.o
                0x4001a740                _ZN3LCD5printEPKc
 *fill*         0x4001a75a        0x2 
 .text._Z4Pirqv
                0x4001a75c       0x28 Drivers\IMUSetupAndSample.o
                0x4001a75c                _Z4Pirqv
 .text._Z13IMUSampleLoopPv
                0x4001a784      0xaee Drivers\IMUSetupAndSample.o
                0x4001a784                _Z13IMUSampleLoopPv
 *fill*         0x4001b272        0x2 
 .text._Z15CalibAccAndGyrov
                0x4001b274      0x216 Drivers\IMUSetupAndSample.o
                0x4001b274                _Z15CalibAccAndGyrov
 *fill*         0x4001b48a        0x2 
 .text._Z9unclodI2Cv
                0x4001b48c       0xf0 Drivers\IMUSetupAndSample.o
                0x4001b48c                _Z9unclodI2Cv
 .text._Z11whoAmICheckv
                0x4001b57c       0x80 Drivers\IMUSetupAndSample.o
                0x4001b57c                _Z11whoAmICheckv
 .text._Z8IMUSetupv
                0x4001b5fc      0x354 Drivers\IMUSetupAndSample.o
                0x4001b5fc                _Z8IMUSetupv
 .text._Z6IMURunv
                0x4001b950       0x6a Drivers\IMUSetupAndSample.o
                0x4001b950                _Z6IMURunv
 *fill*         0x4001b9ba        0x2 
 .text._Z10getHeadingv
                0x4001b9bc        0xe Drivers\IMUSetupAndSample.o
                0x4001b9bc                _Z10getHeadingv
 *fill*         0x4001b9ca        0x2 
 .text._Z13getQuaternionv
                0x4001b9cc        0xe Drivers\IMUSetupAndSample.o
                0x4001b9cc                _Z13getQuaternionv
 *fill*         0x4001b9da        0x2 
 .text.startup._GLOBAL__sub_I_Gscale
                0x4001b9dc       0x9e Drivers\IMUSetupAndSample.o
 *fill*         0x4001ba7a        0x2 
 .text._Z14DoHtmlFunctioniPKct
                0x4001ba7c        0xa htmldata.o
                0x4001ba7c                _Z14DoHtmlFunctioniPKct
 *fill*         0x4001ba86        0x2 
 .text._Z14DoHtmlVariableit
                0x4001ba88        0xa htmldata.o
                0x4001ba88                _Z14DoHtmlVariableit
 *fill*         0x4001ba92        0x2 
 .text.__tcf_0  0x4001ba94       0x38 C:\Nburn/lib/NANO54415.a(serial.o)
 .text._Z11BaseGetChari
                0x4001bacc       0xac C:\Nburn/lib/NANO54415.a(serial.o)
                0x4001bacc                _Z11BaseGetChari
 .text._Z14InitializeMapsv.part.1
                0x4001bb78       0x76 C:\Nburn/lib/NANO54415.a(serial.o)
 *fill*         0x4001bbee        0x2 
 .text._Z6WakeTxi
                0x4001bbf0       0x8c C:\Nburn/lib/NANO54415.a(serial.o)
                0x4001bbf0                _Z6WakeTxi
 .text._Z11BasePutCharih
                0x4001bc7c       0xf0 C:\Nburn/lib/NANO54415.a(serial.o)
                0x4001bc7c                _Z11BasePutCharih
 .text._Z8serwriteiPKci
                0x4001bd6c      0x156 C:\Nburn/lib/NANO54415.a(serial.o)
                0x4001bd6c                _Z8serwriteiPKci
 *fill*         0x4001bec2        0x2 
 .text._Z8DoSerIsri
                0x4001bec4      0x302 C:\Nburn/lib/NANO54415.a(serial.o)
                0x4001bec4                _Z8DoSerIsri
 *fill*         0x4001c1c6        0x2 
 .text._Z14fake_SER_0_ISRv
                0x4001c1c8       0x54 C:\Nburn/lib/NANO54415.a(serial.o)
                0x4001c1c8                _Z14fake_SER_0_ISRv
                0x4001c1cc                SER_0_ISR
 .text.real_SER_0_ISR
                0x4001c21c       0x12 C:\Nburn/lib/NANO54415.a(serial.o)
                0x4001c21c                real_SER_0_ISR
 *fill*         0x4001c22e        0x2 
 .text._Z14fake_SER_1_ISRv
                0x4001c230       0x54 C:\Nburn/lib/NANO54415.a(serial.o)
                0x4001c230                _Z14fake_SER_1_ISRv
                0x4001c234                SER_1_ISR
 .text.real_SER_1_ISR
                0x4001c284       0x14 C:\Nburn/lib/NANO54415.a(serial.o)
                0x4001c284                real_SER_1_ISR
 .text._Z14fake_SER_2_ISRv
                0x4001c298       0x54 C:\Nburn/lib/NANO54415.a(serial.o)
                0x4001c298                _Z14fake_SER_2_ISRv
                0x4001c29c                SER_2_ISR
 .text.real_SER_2_ISR
                0x4001c2ec       0x14 C:\Nburn/lib/NANO54415.a(serial.o)
                0x4001c2ec                real_SER_2_ISR
 .text._Z14fake_SER_3_ISRv
                0x4001c300       0x54 C:\Nburn/lib/NANO54415.a(serial.o)
                0x4001c300                _Z14fake_SER_3_ISRv
                0x4001c304                SER_3_ISR
 .text.real_SER_3_ISR
                0x4001c354       0x14 C:\Nburn/lib/NANO54415.a(serial.o)
                0x4001c354                real_SER_3_ISR
 .text._Z14fake_SER_4_ISRv
                0x4001c368       0x54 C:\Nburn/lib/NANO54415.a(serial.o)
                0x4001c368                _Z14fake_SER_4_ISRv
                0x4001c36c                SER_4_ISR
 .text.real_SER_4_ISR
                0x4001c3bc       0x14 C:\Nburn/lib/NANO54415.a(serial.o)
                0x4001c3bc                real_SER_4_ISR
 .text._Z14fake_SER_5_ISRv
                0x4001c3d0       0x54 C:\Nburn/lib/NANO54415.a(serial.o)
                0x4001c3d0                _Z14fake_SER_5_ISRv
                0x4001c3d4                SER_5_ISR
 .text.real_SER_5_ISR
                0x4001c424       0x14 C:\Nburn/lib/NANO54415.a(serial.o)
                0x4001c424                real_SER_5_ISR
 .text._Z14fake_SER_6_ISRv
                0x4001c438       0x54 C:\Nburn/lib/NANO54415.a(serial.o)
                0x4001c438                _Z14fake_SER_6_ISRv
                0x4001c43c                SER_6_ISR
 .text.real_SER_6_ISR
                0x4001c48c       0x14 C:\Nburn/lib/NANO54415.a(serial.o)
                0x4001c48c                real_SER_6_ISR
 .text._Z14fake_SER_7_ISRv
                0x4001c4a0       0x54 C:\Nburn/lib/NANO54415.a(serial.o)
                0x4001c4a0                _Z14fake_SER_7_ISRv
                0x4001c4a4                SER_7_ISR
 .text.real_SER_7_ISR
                0x4001c4f4       0x14 C:\Nburn/lib/NANO54415.a(serial.o)
                0x4001c4f4                real_SER_7_ISR
 .text._Z14fake_SER_8_ISRv
                0x4001c508       0x54 C:\Nburn/lib/NANO54415.a(serial.o)
                0x4001c508                _Z14fake_SER_8_ISRv
                0x4001c50c                SER_8_ISR
 .text.real_SER_8_ISR
                0x4001c55c       0x14 C:\Nburn/lib/NANO54415.a(serial.o)
                0x4001c55c                real_SER_8_ISR
 .text._Z14fake_SER_9_ISRv
                0x4001c570       0x54 C:\Nburn/lib/NANO54415.a(serial.o)
                0x4001c570                _Z14fake_SER_9_ISRv
                0x4001c574                SER_9_ISR
 .text.real_SER_9_ISR
                0x4001c5c4       0x14 C:\Nburn/lib/NANO54415.a(serial.o)
                0x4001c5c4                real_SER_9_ISR
 .text._Z10serreadwtoiPcii
                0x4001c5d8      0x21a C:\Nburn/lib/NANO54415.a(serial.o)
                0x4001c5d8                _Z10serreadwtoiPcii
 *fill*         0x4001c7f2        0x2 
 .text._Z7serreadiPci
                0x4001c7f4       0x1c C:\Nburn/lib/NANO54415.a(serial.o)
                0x4001c7f4                _Z7serreadiPci
 .text._Z10OpenSerialijii11parity_mode
                0x4001c810      0x6f0 C:\Nburn/lib/NANO54415.a(serial.o)
                0x4001c810                _Z10OpenSerialijii11parity_mode
 .text._Z11SerialClosei
                0x4001cf00       0xda C:\Nburn/lib/NANO54415.a(serial.o)
                0x4001cf00                _Z11SerialClosei
 *fill*         0x4001cfda        0x2 
 .text._Z16serexternalclosei
                0x4001cfdc       0x34 C:\Nburn/lib/NANO54415.a(serial.o)
                0x4001cfdc                _Z16serexternalclosei
 .text.startup._GLOBAL__sub_I_Uarts
                0x4001d010       0x5e C:\Nburn/lib/NANO54415.a(serial.o)
 *fill*         0x4001d06e        0x2 
 .text._ZN5PinIO3setEh
                0x4001d070      0xa84 C:\Nburn/lib/NANO54415.a(pins.o)
                0x4001d070                _ZN5PinIO3setEh
 .text._ZN5PinIO4readEv
                0x4001daf4      0x5d8 C:\Nburn/lib/NANO54415.a(pins.o)
                0x4001daf4                _ZN5PinIO4readEv
 .text._ZN5PinIO8functionEi
                0x4001e0cc      0x524 C:\Nburn/lib/NANO54415.a(pins.o)
                0x4001e0cc                _ZN5PinIO8functionEi
 .text._Z15InitSingleEndADv
                0x4001e5f0       0xec C:\Nburn/lib/NANO54415.a(SimpleAD.o)
                0x4001e5f0                _Z15InitSingleEndADv
 .text._Z7StartADv
                0x4001e6dc       0x26 C:\Nburn/lib/NANO54415.a(SimpleAD.o)
                0x4001e6dc                _Z7StartADv
 *fill*         0x4001e702        0x2 
 .text._Z6ADDonev
                0x4001e704       0x20 C:\Nburn/lib/NANO54415.a(SimpleAD.o)
                0x4001e704                _Z6ADDonev
 .text._Z11GetADResulti
                0x4001e724       0x1c C:\Nburn/lib/NANO54415.a(SimpleAD.o)
                0x4001e724                _Z11GetADResulti
 .text._Z15GetSpiFlashCritv
                0x4001e740       0x46 C:\Nburn/lib/NANO54415.a(FlashOps.o)
                0x4001e740                _Z15GetSpiFlashCritv
 *fill*         0x4001e786        0x2 
 .text._Z10FlashErasePvi
                0x4001e788       0xac C:\Nburn/lib/NANO54415.a(FlashOps.o)
                0x4001e788                _Z10FlashErasePvi
 .text._Z12FlashProgramPvS_i
                0x4001e834      0x160 C:\Nburn/lib/NANO54415.a(FlashOps.o)
                0x4001e834                _Z12FlashProgramPvS_i
 .text.CopySPIFlashImageOnBoot
                0x4001e994       0x66 C:\Nburn/lib/NANO54415.a(FlashOps.o)
                0x4001e994                CopySPIFlashImageOnBoot
 *fill*         0x4001e9fa        0x2 
 .text.startup._GLOBAL__sub_I_SPI_Main
                0x4001e9fc       0x4a C:\Nburn/lib/NANO54415.a(FlashOps.o)
 *fill*         0x4001ea46        0x2 
 .text.__tcf_0  0x4001ea48        0x8 C:\Nburn/lib/NANO54415.a(HiResTimer.o)
 .text._Z21fake_Timer0_Interruptv
                0x4001ea50       0x54 C:\Nburn/lib/NANO54415.a(HiResTimer.o)
                0x4001ea50                _Z21fake_Timer0_Interruptv
                0x4001ea54                Timer0_Interrupt
 .text.real_Timer0_Interrupt
                0x4001eaa4       0x6c C:\Nburn/lib/NANO54415.a(HiResTimer.o)
                0x4001eaa4                real_Timer0_Interrupt
 .text._Z21fake_Timer1_Interruptv
                0x4001eb10       0x54 C:\Nburn/lib/NANO54415.a(HiResTimer.o)
                0x4001eb10                _Z21fake_Timer1_Interruptv
                0x4001eb14                Timer1_Interrupt
 .text.real_Timer1_Interrupt
                0x4001eb64       0x6c C:\Nburn/lib/NANO54415.a(HiResTimer.o)
                0x4001eb64                real_Timer1_Interrupt
 .text._Z21fake_Timer2_Interruptv
                0x4001ebd0       0x54 C:\Nburn/lib/NANO54415.a(HiResTimer.o)
                0x4001ebd0                _Z21fake_Timer2_Interruptv
                0x4001ebd4                Timer2_Interrupt
 .text.real_Timer2_Interrupt
                0x4001ec24       0x6c C:\Nburn/lib/NANO54415.a(HiResTimer.o)
                0x4001ec24                real_Timer2_Interrupt
 .text._Z21fake_Timer3_Interruptv
                0x4001ec90       0x54 C:\Nburn/lib/NANO54415.a(HiResTimer.o)
                0x4001ec90                _Z21fake_Timer3_Interruptv
                0x4001ec94                Timer3_Interrupt
 .text.real_Timer3_Interrupt
                0x4001ece4       0x6c C:\Nburn/lib/NANO54415.a(HiResTimer.o)
                0x4001ece4                real_Timer3_Interrupt
 .text._ZN10HiResTimer10init_ticksEmi
                0x4001ed50       0xf2 C:\Nburn/lib/NANO54415.a(HiResTimer.o)
                0x4001ed50                _ZN10HiResTimer10init_ticksEmi
 *fill*         0x4001ee42        0x2 
 .text._ZN10HiResTimer4initEd
                0x4001ee44      0x122 C:\Nburn/lib/NANO54415.a(HiResTimer.o)
                0x4001ee44                _ZN10HiResTimer4initEd
 *fill*         0x4001ef66        0x2 
 .text._ZN10HiResTimer8readTimeEv
                0x4001ef68       0xfe C:\Nburn/lib/NANO54415.a(HiResTimer.o)
                0x4001ef68                _ZN10HiResTimer8readTimeEv
 *fill*         0x4001f066        0x2 
 .text._ZN10HiResTimer5delayEd
                0x4001f068       0x70 C:\Nburn/lib/NANO54415.a(HiResTimer.o)
                0x4001f068                _ZN10HiResTimer5delayEd
 .text._ZN10HiResTimerC2Ei
                0x4001f0d8       0x5e C:\Nburn/lib/NANO54415.a(HiResTimer.o)
                0x4001f0d8                _ZN10HiResTimerC2Ei
                0x4001f0d8                _ZN10HiResTimerC1Ei
 *fill*         0x4001f136        0x2 
 .text._ZN10HiResTimer13getHiResTimerEi
                0x4001f138       0xf8 C:\Nburn/lib/NANO54415.a(HiResTimer.o)
                0x4001f138                _ZN10HiResTimer13getHiResTimerEi
 .text.startup._GLOBAL__sub_I__ZN10HiResTimer6timersE
                0x4001f230       0x58 C:\Nburn/lib/NANO54415.a(HiResTimer.o)
 .text._Z18fake_firq2_pin_isrv
                0x4001f288       0x54 C:\Nburn/lib/NANO54415.a(pin_irq.o)
                0x4001f288                _Z18fake_firq2_pin_isrv
                0x4001f28c                firq2_pin_isr
 .text.real_firq2_pin_isr
                0x4001f2dc       0x28 C:\Nburn/lib/NANO54415.a(pin_irq.o)
                0x4001f2dc                real_firq2_pin_isr
 .text._Z18fake_firq3_pin_isrv
                0x4001f304       0x54 C:\Nburn/lib/NANO54415.a(pin_irq.o)
                0x4001f304                _Z18fake_firq3_pin_isrv
                0x4001f308                firq3_pin_isr
 .text.real_firq3_pin_isr
                0x4001f358       0x28 C:\Nburn/lib/NANO54415.a(pin_irq.o)
                0x4001f358                real_firq3_pin_isr
 .text._Z9SetPinIrqiiPFvvE
                0x4001f380      0x266 C:\Nburn/lib/NANO54415.a(pin_irq.o)
                0x4001f380                _Z9SetPinIrqiiPFvvE
 *fill*         0x4001f5e6        0x2 
 .text._Z5xTickv
                0x4001f5e8       0x1c C:\Nburn/lib/NANO54415.a(bsp.o)
                0x4001f5e8                _Z5xTickv
                0x4001f5ec                Tick5441X
 .text._Z7SetIntcilii
                0x4001f604       0xc0 C:\Nburn/lib/NANO54415.a(bsp.o)
                0x4001f604                _Z7SetIntcilii
 .text._Z11ForceRebootb
                0x4001f6c4       0x26 C:\Nburn/lib/NANO54415.a(bsp.o)
                0x4001f6c4                _Z11ForceRebootb
 *fill*         0x4001f6ea        0x2 
 .text._Z12DisableCachev
                0x4001f6ec       0x56 C:\Nburn/lib/NANO54415.a(bsp.o)
                0x4001f6ec                _Z12DisableCachev
 *fill*         0x4001f742        0x2 
 .text._Z11EnableCachev
                0x4001f744       0x42 C:\Nburn/lib/NANO54415.a(bsp.o)
                0x4001f744                _Z11EnableCachev
 *fill*         0x4001f786        0x2 
 .text._Z13HardwareSetupl
                0x4001f788      0x1e0 C:\Nburn/lib/NANO54415.a(bsp.o)
                0x4001f788                _Z13HardwareSetupl
 .text._sbrk_r  0x4001f968       0x48 C:\Nburn/lib/NANO54415.a(bsp.o)
                0x4001f968                _sbrk_r
 .text._Z18BspGetTickFractionv
                0x4001f9b0       0x18 C:\Nburn/lib/NANO54415.a(bsp.o)
                0x4001f9b0                _Z18BspGetTickFractionv
 .text._Z13GetUartRecordi
                0x4001f9c8       0x3a C:\Nburn/lib/NANO54415.a(localio.o)
                0x4001f9c8                _Z13GetUartRecordi
 *fill*         0x4001fa02        0x2 
 .text._Z11LocalInBytev
                0x4001fa04       0x5e C:\Nburn/lib/NANO54415.a(localio.o)
                0x4001fa04                _Z11LocalInBytev
 *fill*         0x4001fa62        0x2 
 .text._Z12LocalOutBytec
                0x4001fa64       0x66 C:\Nburn/lib/NANO54415.a(localio.o)
                0x4001fa64                _Z12LocalOutBytec
 *fill*         0x4001faca        0x2 
 .text._Z14LocalCharAvailv
                0x4001facc       0x58 C:\Nburn/lib/NANO54415.a(localio.o)
                0x4001facc                _Z14LocalCharAvailv
 .text._Z18SaveUserParametersPvi
                0x4001fb24       0x78 C:\Nburn/lib/NANO54415.a(userparam.o)
                0x4001fb24                _Z18SaveUserParametersPvi
 .text._Z17GetUserParametersv
                0x4001fb9c        0xe C:\Nburn/lib/NANO54415.a(userparam.o)
                0x4001fb9c                _Z17GetUserParametersv
 *fill*         0x4001fbaa        0x2 
 .text.MultiChannel_I2CInit
                0x4001fbac      0x1e6 C:\Nburn/lib/NANO54415.a(multichanneli2c.o)
                0x4001fbac                MultiChannel_I2CInit
 *fill*         0x4001fd92        0x2 
 .text.MultiChannel_I2CRestart
                0x4001fd94       0x42 C:\Nburn/lib/NANO54415.a(multichanneli2c.o)
                0x4001fd94                MultiChannel_I2CRestart
 *fill*         0x4001fdd6        0x2 
 .text.MultiChannel_I2CSendBuf
                0x4001fdd8      0x1ac C:\Nburn/lib/NANO54415.a(multichanneli2c.o)
                0x4001fdd8                MultiChannel_I2CSendBuf
 .text.MultiChannel_I2CReadBuf
                0x4001ff84      0x25e C:\Nburn/lib/NANO54415.a(multichanneli2c.o)
                0x4001ff84                MultiChannel_I2CReadBuf
 *fill*         0x400201e2        0x2 
 .text.I2CMultiChannelResetPeripheral
                0x400201e4       0x24 C:\Nburn/lib/NANO54415.a(multichanneli2c.o)
                0x400201e4                I2CMultiChannelResetPeripheral
 .text.startup._GLOBAL__sub_I_I2C_SlaveTX_Callback
                0x40020208       0x26 C:\Nburn/lib/NANO54415.a(multichanneli2c.o)
 *fill*         0x4002022e        0x2 
 .text._Z14SetDefPinUsagev
                0x40020230      0x1aa C:\Nburn/lib/NANO54415.a(defpins.o)
                0x40020230                _Z14SetDefPinUsagev
 *fill*         0x400203da        0x2 
 .text._ZN8SPIFlashC2Ei
                0x400203dc       0x66 C:\Nburn/lib/NANO54415.a(SPIFlash.o)
                0x400203dc                _ZN8SPIFlashC1Ei
                0x400203dc                _ZN8SPIFlashC2Ei
 *fill*         0x40020442        0x2 
 .text._ZN8SPIFlashD2Ev
                0x40020444        0x8 C:\Nburn/lib/NANO54415.a(SPIFlash.o)
                0x40020444                _ZN8SPIFlashD1Ev
                0x40020444                _ZN8SPIFlashD2Ev
 .text._ZN8SPIFlash9SpiAscCmdEPKc
                0x4002044c      0x1ce C:\Nburn/lib/NANO54415.a(SPIFlash.o)
                0x4002044c                _ZN8SPIFlash9SpiAscCmdEPKc
 *fill*         0x4002061a        0x2 
 .text._ZN8SPIFlash9WriteDataEPhii
                0x4002061c      0x490 C:\Nburn/lib/NANO54415.a(SPIFlash.o)
                0x4002061c                _ZN8SPIFlash9WriteDataEPhii
 .text._ZN8SPIFlash11EraseSectorEi
                0x40020aac      0x2d6 C:\Nburn/lib/NANO54415.a(SPIFlash.o)
                0x40020aac                _ZN8SPIFlash11EraseSectorEi
 *fill*         0x40020d82        0x2 
 .text._ZN8SPIFlash15WriteDataWEraseEPhii
                0x40020d84       0x7a C:\Nburn/lib/NANO54415.a(SPIFlash.o)
                0x40020d84                _ZN8SPIFlash15WriteDataWEraseEPhii
 *fill*         0x40020dfe        0x2 
 .text._ZN8SPIFlash10EraseRangeEii
                0x40020e00       0x64 C:\Nburn/lib/NANO54415.a(SPIFlash.o)
                0x40020e00                _ZN8SPIFlash10EraseRangeEii
 .text._ZN8SPIFlash7ResetMeEv
                0x40020e64      0x164 C:\Nburn/lib/NANO54415.a(SPIFlash.o)
                0x40020e64                _ZN8SPIFlash7ResetMeEv
 .text._ZN8SPIFlash8ReadDataEPhii
                0x40020fc8      0x34e C:\Nburn/lib/NANO54415.a(SPIFlash.o)
                0x40020fc8                _ZN8SPIFlash8ReadDataEPhii
 *fill*         0x40021316        0x2 
 .text._Z34fake_i2c0_multichannel_int_routinev
                0x40021318       0x54 C:\Nburn/lib/NANO54415.a(i2c_class.o)
                0x40021318                _Z34fake_i2c0_multichannel_int_routinev
                0x4002131c                i2c0_multichannel_int_routine
 .text._Z34fake_i2c1_multichannel_int_routinev
                0x4002136c       0x54 C:\Nburn/lib/NANO54415.a(i2c_class.o)
                0x4002136c                _Z34fake_i2c1_multichannel_int_routinev
                0x40021370                i2c1_multichannel_int_routine
 .text._Z34fake_i2c2_multichannel_int_routinev
                0x400213c0       0x54 C:\Nburn/lib/NANO54415.a(i2c_class.o)
                0x400213c0                _Z34fake_i2c2_multichannel_int_routinev
                0x400213c4                i2c2_multichannel_int_routine
 .text._Z34fake_i2c3_multichannel_int_routinev
                0x40021414       0x54 C:\Nburn/lib/NANO54415.a(i2c_class.o)
                0x40021414                _Z34fake_i2c3_multichannel_int_routinev
                0x40021418                i2c3_multichannel_int_routine
 .text._Z34fake_i2c4_multichannel_int_routinev
                0x40021468       0x54 C:\Nburn/lib/NANO54415.a(i2c_class.o)
                0x40021468                _Z34fake_i2c4_multichannel_int_routinev
                0x4002146c                i2c4_multichannel_int_routine
 .text._Z34fake_i2c5_multichannel_int_routinev
                0x400214bc       0x54 C:\Nburn/lib/NANO54415.a(i2c_class.o)
                0x400214bc                _Z34fake_i2c5_multichannel_int_routinev
                0x400214c0                i2c5_multichannel_int_routine
 .text._ZN10i2c_masterC2Ev
                0x40021510       0x48 C:\Nburn/lib/NANO54415.a(i2c_class.o)
                0x40021510                _ZN10i2c_masterC2Ev
                0x40021510                _ZN10i2c_masterC1Ev
 .text._ZN10i2c_master4initEhh
                0x40021558      0x1b0 C:\Nburn/lib/NANO54415.a(i2c_class.o)
                0x40021558                _ZN10i2c_master4initEhh
 .text._ZN10i2c_master5resetEv
                0x40021708       0x8e C:\Nburn/lib/NANO54415.a(i2c_class.o)
                0x40021708                _ZN10i2c_master5resetEv
 *fill*         0x40021796        0x2 
 .text._ZN10i2c_master4stopEm
                0x40021798       0x76 C:\Nburn/lib/NANO54415.a(i2c_class.o)
                0x40021798                _ZN10i2c_master4stopEm
 *fill*         0x4002180e        0x2 
 .text._ZN10i2c_master6write8Ehm
                0x40021810       0x96 C:\Nburn/lib/NANO54415.a(i2c_class.o)
                0x40021810                _ZN10i2c_master6write8Ehm
 *fill*         0x400218a6        0x2 
 .text._ZN10i2c_master5startEhbm
                0x400218a8       0xe4 C:\Nburn/lib/NANO54415.a(i2c_class.o)
                0x400218a8                _ZN10i2c_master5startEhbm
 .text._ZN10i2c_master7restartEhbm
                0x4002198c       0xaa C:\Nburn/lib/NANO54415.a(i2c_class.o)
                0x4002198c                _ZN10i2c_master7restartEhbm
 *fill*         0x40021a36        0x2 
 .text._ZN10i2c_master5read8EPhm
                0x40021a38       0x86 C:\Nburn/lib/NANO54415.a(i2c_class.o)
                0x40021a38                _ZN10i2c_master5read8EPhm
 *fill*         0x40021abe        0x2 
 .text._ZN10i2c_master16SlaveRX_CallbackEh
                0x40021ac0       0x78 C:\Nburn/lib/NANO54415.a(i2c_class.o)
                0x40021ac0                _ZN10i2c_master16SlaveRX_CallbackEh
 .text._ZN10i2c_master3isrEv
                0x40021b38      0x35e C:\Nburn/lib/NANO54415.a(i2c_class.o)
                0x40021b38                _ZN10i2c_master3isrEv
 *fill*         0x40021e96        0x2 
 .text.real_i2c0_multichannel_int_routine
                0x40021e98       0x16 C:\Nburn/lib/NANO54415.a(i2c_class.o)
                0x40021e98                real_i2c0_multichannel_int_routine
 *fill*         0x40021eae        0x2 
 .text.real_i2c1_multichannel_int_routine
                0x40021eb0       0x16 C:\Nburn/lib/NANO54415.a(i2c_class.o)
                0x40021eb0                real_i2c1_multichannel_int_routine
 *fill*         0x40021ec6        0x2 
 .text.real_i2c2_multichannel_int_routine
                0x40021ec8       0x16 C:\Nburn/lib/NANO54415.a(i2c_class.o)
                0x40021ec8                real_i2c2_multichannel_int_routine
 *fill*         0x40021ede        0x2 
 .text.real_i2c3_multichannel_int_routine
                0x40021ee0       0x16 C:\Nburn/lib/NANO54415.a(i2c_class.o)
                0x40021ee0                real_i2c3_multichannel_int_routine
 *fill*         0x40021ef6        0x2 
 .text.real_i2c4_multichannel_int_routine
                0x40021ef8       0x16 C:\Nburn/lib/NANO54415.a(i2c_class.o)
                0x40021ef8                real_i2c4_multichannel_int_routine
 *fill*         0x40021f0e        0x2 
 .text.real_i2c5_multichannel_int_routine
                0x40021f10       0x16 C:\Nburn/lib/NANO54415.a(i2c_class.o)
                0x40021f10                real_i2c5_multichannel_int_routine
 *fill*         0x40021f26        0x2 
 .text.startup._GLOBAL__sub_I_I2C
                0x40021f28       0x34 C:\Nburn/lib/NANO54415.a(i2c_class.o)
 .text.startup  0x40021f5c        0xc C:\Nburn/lib/NetBurner.a(main.o)
                0x40021f5c                main
 .text._Z22TopOfStackKillfunctionv
                0x40021f68        0xc C:\Nburn/lib/NetBurner.a(ucosmcfc.o)
                0x40021f68                _Z22TopOfStackKillfunctionv
                0x40021f6c                KillFunctionLink
 .text._Z9OSTCBInithPvS_PlPKc
                0x40021f74       0xd6 C:\Nburn/lib/NetBurner.a(ucosmcfc.o)
                0x40021f74                _Z9OSTCBInithPvS_PlPKc
 *fill*         0x4002204a        0x2 
 .text._Z17OSTaskCreatewNamePFvPvES_S_S_hPKc.part.0
                0x4002204c      0x1d2 C:\Nburn/lib/NetBurner.a(ucosmcfc.o)
 *fill*         0x4002221e        0x2 
 .text._Z17OSTaskCreatewNamePFvPvES_S_S_hPKc
                0x40022220       0x44 C:\Nburn/lib/NetBurner.a(ucosmcfc.o)
                0x40022220                _Z17OSTaskCreatewNamePFvPvES_S_S_hPKc
 .text._ZL10OSTaskIdlePv
                0x40022264       0x2a C:\Nburn/lib/NetBurner.a(ucos.o)
 *fill*         0x4002228e        0x2 
 .text._Z6OSInitPvS_h
                0x40022290      0x174 C:\Nburn/lib/NetBurner.a(ucos.o)
                0x40022290                _Z6OSInitPvS_h
 .text._Z7OSStartv
                0x40022404       0x7c C:\Nburn/lib/NetBurner.a(ucos.o)
                0x40022404                _Z7OSStartv
 .text.OSSched  0x40022480       0x92 C:\Nburn/lib/NetBurner.a(ucos.o)
                0x40022480                OSSched
                0x40022504                UCOSWAITS_HERE
 *fill*         0x40022512        0x2 
 .text.OSIntExit
                0x40022514       0x94 C:\Nburn/lib/NetBurner.a(ucos.o)
                0x40022514                OSIntExit
 .text._Z9OSTimeDlyt
                0x400225a8       0xb4 C:\Nburn/lib/NetBurner.a(ucos.o)
                0x400225a8                _Z9OSTimeDlyt
 .text.OSTimeTick
                0x4002265c      0x104 C:\Nburn/lib/NetBurner.a(ucos.o)
                0x4002265c                OSTimeTick
 .text._Z12OSTCBGetFreev
                0x40022760       0x2c C:\Nburn/lib/NetBurner.a(ucos.o)
                0x40022760                _Z12OSTCBGetFreev
 .text._Z6OSLockv
                0x4002278c       0x26 C:\Nburn/lib/NetBurner.a(ucos.o)
                0x4002278c                _Z6OSLockv
 *fill*         0x400227b2        0x2 
 .text._Z8OSUnlockv
                0x400227b4       0x3e C:\Nburn/lib/NetBurner.a(ucos.o)
                0x400227b4                _Z8OSUnlockv
 *fill*         0x400227f2        0x2 
 .text._Z12OSChangePrioh
                0x400227f4      0x100 C:\Nburn/lib/NetBurner.a(ucos.o)
                0x400227f4                _Z12OSChangePrioh
 .text._Z12OSTaskDeletev
                0x400228f4      0x112 C:\Nburn/lib/NetBurner.a(ucos.o)
                0x400228f4                _Z12OSTaskDeletev
 *fill*         0x40022a06        0x2 
 .text._ZN15OS_TASK_DLY_OBJC2Ev
                0x40022a08       0x30 C:\Nburn/lib/NetBurner.a(ucos.o)
                0x40022a08                _ZN15OS_TASK_DLY_OBJC2Ev
                0x40022a08                _ZN15OS_TASK_DLY_OBJC1Ev
 .text._ZN6OS_SEM5ClaimEv
                0x40022a38       0x52 C:\Nburn/lib/NetBurner.a(ucos.o)
                0x40022a38                _ZN6OS_SEM5ClaimEv
 *fill*         0x40022a8a        0x2 
 .text._ZN6OS_SEM4InitEl
                0x40022a8c       0x88 C:\Nburn/lib/NetBurner.a(ucos.o)
                0x40022a8c                _ZN6OS_SEM4InitEl
 .text._ZN6OS_SEM4PendEm
                0x40022b14      0x1d6 C:\Nburn/lib/NetBurner.a(ucos.o)
                0x40022b14                _ZN6OS_SEM4PendEm
 *fill*         0x40022cea        0x2 
 .text._ZN6OS_SEM10PendNoWaitEv
                0x40022cec       0x3a C:\Nburn/lib/NetBurner.a(ucos.o)
                0x40022cec                _ZN6OS_SEM10PendNoWaitEv
 *fill*         0x40022d26        0x2 
 .text._ZN6OS_SEM4PostEv
                0x40022d28      0x178 C:\Nburn/lib/NetBurner.a(ucos.o)
                0x40022d28                _ZN6OS_SEM4PostEv
 .text._ZN7OS_FIFO4InitEv
                0x40022ea0       0x48 C:\Nburn/lib/NetBurner.a(ucos.o)
                0x40022ea0                _ZN7OS_FIFO4InitEv
 .text._ZN7OS_FIFO4PendEPPV10os_fifo_elm
                0x40022ee8      0x1d6 C:\Nburn/lib/NetBurner.a(ucos.o)
                0x40022ee8                _ZN7OS_FIFO4PendEPPV10os_fifo_elm
 *fill*         0x400230be        0x2 
 .text._ZN7OS_FIFO4PostEP10os_fifo_el
                0x400230c0      0x160 C:\Nburn/lib/NetBurner.a(ucos.o)
                0x400230c0                _ZN7OS_FIFO4PostEP10os_fifo_el
 .text.getpid   0x40023220       0x18 C:\Nburn/lib/NetBurner.a(ucos.o)
                0x40023220                getpid
 .text._ZN7OS_CRIT4InitEv
                0x40023238       0x4c C:\Nburn/lib/NetBurner.a(ucos.o)
                0x40023238                _ZN7OS_CRIT4InitEv
 .text._ZN7OS_CRIT5EnterEm
                0x40023284      0x208 C:\Nburn/lib/NetBurner.a(ucos.o)
                0x40023284                _ZN7OS_CRIT5EnterEm
 .text._ZN7OS_CRIT11EnterNoWaitEv
                0x4002348c       0x70 C:\Nburn/lib/NetBurner.a(ucos.o)
                0x4002348c                _ZN7OS_CRIT11EnterNoWaitEv
 .text._ZN7OS_CRIT5LeaveEv
                0x400234fc      0x19e C:\Nburn/lib/NetBurner.a(ucos.o)
                0x400234fc                _ZN7OS_CRIT5LeaveEv
 *fill*         0x4002369a        0x2 
 .text.cppmain  0x4002369c       0x40 C:\Nburn/lib/NetBurner.a(cppmain.o)
                0x4002369c                cppmain
 .text._Z24SetAddressWriteRangeTrapmm
                0x400236dc       0xec C:\Nburn/lib/NetBurner.a(debugtrap.o)
                0x400236dc                _Z24SetAddressWriteRangeTrapmm
 .text._Z23SetAddressReadRangeTrapmm
                0x400237c8       0xec C:\Nburn/lib/NetBurner.a(debugtrap.o)
                0x400237c8                _Z23SetAddressReadRangeTrapmm
 .text.UCosSetup
                0x400238b4       0x80 C:\Nburn/lib/NetBurner.a(ucosmain.o)
                0x400238b4                UCosSetup
 .text.__malloc_lock
                0x40023934       0x1c C:\Nburn/lib/NetBurner.a(ucosmain.o)
                0x40023934                __malloc_lock
 .text.__malloc_unlock
                0x40023950       0x1c C:\Nburn/lib/NetBurner.a(ucosmain.o)
                0x40023950                __malloc_unlock
 .text._Z9UCosBeginv
                0x4002396c       0xba C:\Nburn/lib/NetBurner.a(ucosmain.o)
                0x4002396c                _Z9UCosBeginv
 *fill*         0x40023a26        0x2 
 .text._Z22EnableOSStackProtectorv
                0x40023a28       0x14 C:\Nburn/lib/NetBurner.a(ucosmain.o)
                0x40023a28                _Z22EnableOSStackProtectorv
 .text.OSStackProtector
                0x40023a3c       0x24 C:\Nburn/lib/NetBurner.a(ucosmain.o)
                0x40023a3c                OSStackProtector
 .text.startup._GLOBAL__sub_I_OSIdleTaskStk
                0x40023a60       0x22 C:\Nburn/lib/NetBurner.a(ucosmain.o)
 *fill*         0x40023a82        0x2 
 .text.ioctl    0x40023a84       0x76 C:\Nburn/lib/NetBurner.a(fileio.o)
                0x40023a84                ioctl
 *fill*         0x40023afa        0x2 
 .text.close    0x40023afc       0x4c C:\Nburn/lib/NetBurner.a(fileio.o)
                0x40023afc                close
 .text.write    0x40023b48      0x150 C:\Nburn/lib/NetBurner.a(fileio.o)
                0x40023b48                write
 .text._Z8rawwriteiPKci
                0x40023c98       0x82 C:\Nburn/lib/NetBurner.a(fileio.o)
                0x40023c98                _Z8rawwriteiPKci
 *fill*         0x40023d1a        0x2 
 .text.isatty   0x40023d1c       0x14 C:\Nburn/lib/NetBurner.a(fileio.o)
                0x40023d1c                isatty
 .text.lseek    0x40023d30       0x16 C:\Nburn/lib/NetBurner.a(fileio.o)
                0x40023d30                lseek
 *fill*         0x40023d46        0x2 
 .text.fstat    0x40023d48       0x1c C:\Nburn/lib/NetBurner.a(fileio.o)
                0x40023d48                fstat
 .text._Z11stdioinbytei
                0x40023d64       0x76 C:\Nburn/lib/NetBurner.a(fileio.o)
                0x40023d64                _Z11stdioinbytei
 *fill*         0x40023dda        0x2 
 .text.read     0x40023ddc      0x1aa C:\Nburn/lib/NetBurner.a(fileio.o)
                0x40023ddc                read
 *fill*         0x40023f86        0x2 
 .text.charavail
                0x40023f88       0x2e C:\Nburn/lib/NetBurner.a(fileio.o)
                0x40023f88                charavail
 *fill*         0x40023fb6        0x2 
 .text.ReplaceStdio
                0x40023fb8       0xa0 C:\Nburn/lib/NetBurner.a(fileio.o)
                0x40023fb8                ReplaceStdio
 .text.CurrentStdioFD
                0x40024058       0x22 C:\Nburn/lib/NetBurner.a(fileio.o)
                0x40024058                CurrentStdioFD
 *fill*         0x4002407a        0x2 
 .text._Z9isvalidcrP12ConfigRecord
                0x4002407c       0x46 C:\Nburn/lib/NetBurner.a(system.o)
                0x4002407c                _Z9isvalidcrP12ConfigRecord
 *fill*         0x400240c2        0x2 
 .text._Z12RawGetConfigi
                0x400240c4       0x24 C:\Nburn/lib/NetBurner.a(system.o)
                0x400240c4                _Z12RawGetConfigi
 .text._Z22UpdateConfigRecord_NumP12ConfigRecordi
                0x400240e8      0x184 C:\Nburn/lib/NetBurner.a(system.o)
                0x400240e8                _Z22UpdateConfigRecord_NumP12ConfigRecordi
 .text._Z18UpdateConfigRecordP12ConfigRecord
                0x4002426c       0x16 C:\Nburn/lib/NetBurner.a(system.o)
                0x4002426c                _Z18UpdateConfigRecordP12ConfigRecord
 *fill*         0x40024282        0x2 
 .text.kill     0x40024284        0x8 C:\Nburn/lib/NetBurner.a(utils.o)
                0x40024284                kill
 .text._exit    0x4002428c        0x6 C:\Nburn/lib/NetBurner.a(utils.o)
                0x4002428c                _exit
 *fill*         0x40024292        0x2 
 .text._Z7ShowMacP6MACADR
                0x40024294       0x42 C:\Nburn/lib/NetBurner.a(utils.o)
                0x40024294                _Z7ShowMacP6MACADR
 *fill*         0x400242d6        0x2 
 .text._Z7ShowIP47IPADDR4
                0x400242d8       0x36 C:\Nburn/lib/NetBurner.a(utils.o)
                0x400242d8                _Z7ShowIP47IPADDR4
 *fill*         0x4002430e        0x2 
 .text._Z9snShowIP4Pcm7IPADDR4
                0x40024310       0x3a C:\Nburn/lib/NetBurner.a(utils.o)
                0x40024310                _Z9snShowIP4Pcm7IPADDR4
 *fill*         0x4002434a        0x2 
 .text._Z8ShowDataPKht
                0x4002434c      0x556 C:\Nburn/lib/NetBurner.a(utils.o)
                0x4002434c                _Z8ShowDataPKht
 *fill*         0x400248a2        0x2 
 .text._Z11IsBroadCast7IPADDR4i.part.1
                0x400248a4       0x48 C:\Nburn/lib/NetBurner.a(ip.o)
 .text._Z12AddInterface7IPADDR4S_S_i
                0x400248ec      0x156 C:\Nburn/lib/NetBurner.a(ip.o)
                0x400248ec                _Z12AddInterface7IPADDR4S_S_i
 *fill*         0x40024a42        0x2 
 .text._Z22GetMultiHomeInterface47IPADDR4i
                0x40024a44       0x6e C:\Nburn/lib/NetBurner.a(ip.o)
                0x40024a44                _Z22GetMultiHomeInterface47IPADDR4i
 *fill*         0x40024ab2        0x2 
 .text._Z10DoIPPacketP11pool_bufferP6EFRAMEt
                0x40024ab4      0x1ae C:\Nburn/lib/NetBurner.a(ip.o)