Archive member included to satisfy reference by file (symbol)

C:\Nburn/lib/NANO54415.a(hardware_init.o)
                              c:/nburn/gcc-m68k/bin/../lib/gcc/m68k-unknown-elf/5.2.0/m54455\nb-crt0.o (hardware_init_hook)
C:\Nburn/lib/NANO54415.a(serial.o)
                              Drivers\dsm2.o (UartData)
C:\Nburn/lib/NANO54415.a(pins.o)
                              Drivers\IMUSetupAndSample.o (_ZN5PinIO3setEh)
C:\Nburn/lib/NANO54415.a(FlashOps.o)
                              C:\Nburn/lib/NANO54415.a(hardware_init.o) (CopySPIFlashImageOnBoot)
C:\Nburn/lib/NANO54415.a(HiResTimer.o)
                              Drivers\MPU9250.o (_ZN10HiResTimer4initEd)
C:\Nburn/lib/NANO54415.a(pin_irq.o)
                              Drivers\Odometer.o (_Z9SetPinIrqiiPFvvE)
C:\Nburn/lib/NANO54415.a(bsp.o)
                              Drivers\servodrive.o (_Z7SetIntcilii)
C:\Nburn/lib/NANO54415.a(localio.o)
                              C:\Nburn/lib/NANO54415.a(serial.o) (_Z13GetUartRecordi)
C:\Nburn/lib/NANO54415.a(multichanneli2c.o)
                              main.o (MultiChannel_I2CInit)
C:\Nburn/lib/NANO54415.a(bspa.o)
                              C:\Nburn/lib/NANO54415.a(bsp.o) (CatchNullWrites)
C:\Nburn/lib/NANO54415.a(defpins.o)
                              C:\Nburn/lib/NANO54415.a(bsp.o) (_Z14SetDefPinUsagev)
C:\Nburn/lib/NANO54415.a(SPIFlash.o)
                              C:\Nburn/lib/NANO54415.a(FlashOps.o) (_ZN8SPIFlashC1Ei)
C:\Nburn/lib/NANO54415.a(i2c_class.o)
                              C:\Nburn/lib/NANO54415.a(multichanneli2c.o) (_ZN10i2c_master4initEhh)
C:\Nburn/lib/NetBurner.a(ucosmcfa.o)
                              C:\Nburn/lib/NANO54415.a(bsp.o) (OSCtxSw)
C:\Nburn/lib/NetBurner.a(software_init.o)
                              c:/nburn/gcc-m68k/bin/../lib/gcc/m68k-unknown-elf/5.2.0/m54455\nb-crt0.o (software_init_hook)
C:\Nburn/lib/NetBurner.a(main.o)
                              c:/nburn/gcc-m68k/bin/../lib/gcc/m68k-unknown-elf/5.2.0/m54455\nb-crt0.o (main)
C:\Nburn/lib/NetBurner.a(ucosmcfc.o)
                              Drivers\IMUSetupAndSample.o (_Z17OSTaskCreatewNamePFvPvES_S_S_hPKc)
C:\Nburn/lib/NetBurner.a(ucos.o)
                              C:\Nburn/lib/NetBurner.a(ucosmcfc.o) (OSRdyTbl)
C:\Nburn/lib/NetBurner.a(cppmain.o)
                              C:\Nburn/lib/NetBurner.a(main.o) (cppmain)
C:\Nburn/lib/NetBurner.a(debugtrap.o)
                              C:\Nburn/lib/NANO54415.a(bsp.o) (_Z23SetAddressReadRangeTrapmm)
C:\Nburn/lib/NetBurner.a(ucosmain.o)
                              C:\Nburn/lib/NetBurner.a(software_init.o) (UCosSetup)
C:\Nburn/lib/NetBurner.a(fileio.o)
                              C:\Nburn/lib/NetBurner.a(ucosmain.o) (ioctl)
C:\Nburn/lib/NetBurner.a(system.o)
                              C:\Nburn/lib/NANO54415.a(serial.o) (rnd_collect)
C:\Nburn/lib/NetBurner.a(utils.o)
                              C:\Nburn/lib/NetBurner.a(system.o) (_Z7ShowIP47IPADDR4)
C:\Nburn/lib/NetBurner.a(ip.o)
                              main.o (_Z15InitializeStack7IPADDR4S_S_S_)
C:\Nburn/lib/NetBurner.a(buffers.o)
                              C:\Nburn/lib/NetBurner.a(utils.o) (_Z12GetFreeCountv)
C:\Nburn/lib/NetBurner.a(arp.o)
                              C:\Nburn/lib/NetBurner.a(ip.o) (_Z25GetInterfaceForMyAddress47IPADDR4)
C:\Nburn/lib/NetBurner.a(udp.o)
                              C:\Nburn/lib/NetBurner.a(ip.o) (_Z12process_udp4P11pool_bufferP5IPPKTt)
C:\Nburn/lib/NetBurner.a(tcp.o)
                              C:\Nburn/lib/NetBurner.a(ip.o) (_Z7InitTCPv)
C:\Nburn/lib/NetBurner.a(extraio.o)
                              C:\Nburn/lib/NANO54415.a(serial.o) (_Z10GetExtraFDPvP14IoExpandStruct)
C:\Nburn/lib/NetBurner.a(http.o)
                              main.o (_Z9StartHTTPt)
C:\Nburn/lib/NetBurner.a(httpinternal.o)
                              C:\Nburn/lib/NetBurner.a(http.o) (_ZN12HTTP_Request11ProcessLineEPc)
C:\Nburn/lib/NetBurner.a(httpstricmp.o)
                              C:\Nburn/lib/NetBurner.a(httpinternal.o) (_Z11httpstricmpPKcS0_)
C:\Nburn/lib/NetBurner.a(htmldecomp.o)
                              C:\Nburn/lib/NetBurner.a(httpinternal.o) (_Z16SendFullResponsePKci)
C:\Nburn/lib/NetBurner.a(iosys.o)
                              C:\Nburn/lib/NANO54415.a(serial.o) (_Z12SetDataAvaili)
C:\Nburn/lib/NetBurner.a(autoip.o)
                              C:\Nburn/lib/NetBurner.a(arp.o) (_ZN12AutoIPClient16addressCollisionEv)
C:\Nburn/lib/NetBurner.a(dhcpc.o)
                              main.o (_Z25GetDHCPAddressIfNecessaryib)
C:\Nburn/lib/NetBurner.a(netinterface.o)
                              C:\Nburn/lib/NetBurner.a(arp.o) (_Z14TransmitBufferP11pool_bufferi)
C:\Nburn/lib/NetBurner.a(taskmon.o)
                              main.o (_Z17EnableTaskMonitorv)
C:\Nburn/lib/NetBurner.a(smarttrap.o)
                              C:\Nburn/lib/NANO54415.a(bsp.o) (smart_trap_asm)
C:\Nburn/lib/NetBurner.a(autoupdate.o)
[...]
Memory Configuration

Name             Origin             Length             Attributes
ram              0x40000400         0x03fffcff         xrw
SRAM             0x80000400         0x0000fbf0         xrw
Cold_SRAM        0x8000fffe         0x00000002         xrw
*default*        0x00000000         0xffffffff

Linker script and memory map

LOAD c:/nburn/gcc-m68k/bin/../lib/gcc/m68k-unknown-elf/5.2.0/m54455\nb-crt0.o
LOAD c:/nburn/gcc-m68k/bin/../lib/gcc/m68k-unknown-elf/5.2.0/m54455/crtbegin.o
LOAD tests.o
LOAD main.o
LOAD Utility.o
LOAD Map.o
LOAD Drivers\servodrive.o
LOAD Drivers\dsm2.o
LOAD Drivers\SinLookUp.o
LOAD Drivers\Odometer.o
LOAD Drivers\MadgwickFilter.o
LOAD Drivers\MPU9250.o
LOAD Drivers\LCD.o
LOAD Drivers\IMUSetupAndSample.o
LOAD htmldata.o
LOAD C:\Nburn/NANO54415/lib/sys.ld
                0x40000000                ovector_base = 0x40000000
                0x80000000                vector_base = 0x80000000
                0x80000400                SRAM_START_ADDR = 0x80000400
                0x8000fffe                SRAM_END_ADDR = 0x8000fffe
                0x8c000000                sim_rgpio = 0x8c000000
                0xec008000                sim1 = 0xec008000
                0xfc004000                sim2 = 0xfc004000
                0x00004000                FlashAppBase = 0x4000
                0xfc0d4008                DBETHER_EMIR_REG = 0xfc0d4008
                0x8000d000                comm_loc = 0x8000d000
START GROUP
LOAD C:\Nburn/lib/NANO54415.a
LOAD C:\Nburn/lib/NetBurner.a
LOAD C:\Nburn/lib/FatFile.a
LOAD c:/nburn/gcc-m68k/bin/../m68k-unknown-elf/sysroot/lib/m54455\libstdc++.a
LOAD C:\Nburn\lib\cryptolib.a
LOAD C:\Nburn\lib\debugLibrary.a
LOAD C:\Nburn\lib\Lua_Full.a
LOAD C:\Nburn\lib\nb-libxively.a
LOAD C:\Nburn\lib\nbwifilib.a
LOAD C:\Nburn\lib\sshLibrary.a
LOAD C:\Nburn\lib\webclient.a
END GROUP
LOAD c:/nburn/gcc-m68k/bin/../m68k-unknown-elf/sysroot/lib/m54455\libstdc++.a
LOAD c:/nburn/gcc-m68k/bin/../m68k-unknown-elf/sysroot/lib/m54455\libm.a
LOAD c:/nburn/gcc-m68k/bin/../lib/gcc/m68k-unknown-elf/5.2.0/m54455\libgcc.a
LOAD c:/nburn/gcc-m68k/bin/../m68k-unknown-elf/sysroot/lib/m54455\libc.a
LOAD c:/nburn/gcc-m68k/bin/../lib/gcc/m68k-unknown-elf/5.2.0/m54455\libgcc.a
LOAD c:/nburn/gcc-m68k/bin/../lib/gcc/m68k-unknown-elf/5.2.0/m54455/crtend.o
START GROUP
LOAD c:/nburn/gcc-m68k/bin/../m68k-unknown-elf/sysroot/lib/m54455\libc.a
LOAD c:/nburn/gcc-m68k/bin/../lib/gcc/m68k-unknown-elf/5.2.0/m54455\libgcc.a
LOAD c:/nburn/gcc-m68k/bin/../m68k-unknown-elf/sysroot/lib/m54455\libm.a
END GROUP
                0x00000000                __DYNAMIC = 0x0
                0x44000000                PROVIDE (__stack, 0x44000000)
                [!provide]                PROVIDE (hardware_init_hook, 0x0)
                [!provide]                PROVIDE (_hardware_init_hook, 0x0)
                [!provide]                PROVIDE (software_init_hook, 0x0)
                [!provide]                PROVIDE (_software_init_hook, 0x0)

.SRAM_SECT      0x80000400     0xac40
                0x80000400                SRAM_START = .
 *(SYS_VAR_SECT)
 SYS_VAR_SECT   0x80000400        0x4 C:\Nburn/lib/NANO54415.a(bsp.o)
                0x80000400                cacrMirror
 SYS_VAR_SECT   0x80000404      0x238 C:\Nburn/lib/NetBurner.a(ucos.o)
                0x80000404                OSRunning
                0x80000406                OSISRLevel
                0x80000408                OSRdyGrp
                0x8000040c                OSLockNesting
                0x80000410                OSIntNesting
                0x80000414                OSTCBFreeList
                0x80000418                OSTCBList
                0x8000041c                OSTCBHighRdy
                0x80000420                OSTCBCur
                0x80000424                OSRdyTbl
                0x8000042c                OSTCBPrioTbl
                0x8000052c                OSUnMapTbl
                0x8000062c                OSMapTbl
                0x80000634                Secs
                0x80000638                TimeTick
 SYS_VAR_SECT   0x8000063c      0x272 C:\Nburn/lib/NetBurner.a(ucosmain.o)
                0x8000064e                critical_count
                0x80000652                OSTcbStructSize
                0x80000656                OSTCBTbl
 SYS_VAR_SECT   0x800008ae       0x1c C:\Nburn/lib/NetBurner.a(fileio.o)
                0x800008ae                fd_map
                0x800008c6                pExtraFdFunc
 SYS_VAR_SECT   0x800008ca       0x20 C:\Nburn/lib/NetBurner.a(iosys.o)
                0x800008d2                error_file_sets
                0x800008da                write_file_sets
                0x800008e2                read_file_sets
                0x800008ea                SYS_VAR_SECT_END = .
                0x800008f0                . = ALIGN (0x10)
 *fill*         0x800008ea        0x6 
 *(IDLE_STK_SECT)
                0x800008f0                IDLE_STK_SECT_END = .
                0x800008f0                . = ALIGN (0x10)
 *(MAIN_STK_SECT)
 MAIN_STK_SECT  0x800008f0     0x3000 C:\Nburn/lib/NetBurner.a(cppmain.o)
                0x800008f0                MainStk
                0x800038f0                MAIN_STK_SECT_END = .
                0x800038f0                . = ALIGN (0x4)
 *(ETHER_VAR_SECT)
 ETHER_VAR_SECT
                0x800038f0      0x280 C:\Nburn/lib/NANO54415.a(ethernet.o)
                0x800038f0                FecFifo
                0x80003910                enet1
                0x80003a40                enet0
                0x80003b70                ETHER_VAR_SECT_END = .
                0x80003b70                . = ALIGN (0x10)
 *(ETHER_STK_SECT)
 ETHER_STK_SECT
                0x80003b70     0x2000 C:\Nburn/lib/NANO54415.a(ethernet.o)
                0x80003b70                EtherSendStk
                0x80005b70                ETHER_STK_SECT_END = .
                0x80005b70                . = ALIGN (0x4)
 *(IP_VAR_SECT)
 IP_VAR_SECT    0x80005b70      0x32a C:\Nburn/lib/NetBurner.a(ip.o)
                0x80005b70                delay
                0x80005b74                next_arp_time
                0x80005b78                multi_if_block
                0x80005e34                multi_home_if_record
                0x80005e5c                nAdditional_Homes
                0x80005e60                pFragFunc
                0x80005e64                pMultiCastFunc
                0x80005e68                pPromisciousPacketFunc
                0x80005e6c                pIpv6Tick
                0x80005e70                pAutoIPTick
                0x80005e74                pMultiTick
                0x80005e78                pDHCPServerTick
                0x80005e7c                pDHCPTick
                0x80005e80                IcmpFifo
                0x80005e84                ipRxFifo
                0x80005e96                bTTL_Default
                0x80005e98                wGlobalPktId
 IP_VAR_SECT    0x80005e9a       0xa4 C:\Nburn/lib/NetBurner.a(udp.o)
                0x80005e9a                UdpNetbiosNameServicePtr
                0x80005e9e                pTaskPacketFunc
                0x80005ea2                pDHCPv6ClientProcessFunction
                0x80005ea6                pDHCPServerProcessFunction
                0x80005eaa                pDHCPProcessFunction
                0x80005eae                UDP_fifos_used
                0x80005eb2                udp_fifos
                0x80005f3e                IP_VAR_SECT_END = .
                0x80005f40                . = ALIGN (0x10)
 *fill*         0x80005f3e        0x2 
 *(IP_STK_SECT)
 IP_STK_SECT    0x80005f40     0x2000 C:\Nburn/lib/NetBurner.a(ip.o)
                0x80005f40                IPStk
                0x80007f40                IP_STK_SECT_END = .
                0x80007f40                . = ALIGN (0x4)
 *(TCP_VAR_SECT)
 TCP_VAR_SECT   0x80007f40       0x20 C:\Nburn/lib/NetBurner.a(tcp.o)
                0x80007f40                TCP_TimerSemaphore
                0x80007f52                TCP_critical_section
                0x80007f60                TCP_VAR_SECT_END = .
                0x80007f60                . = ALIGN (0x10)
 *(TCP_STK_SECT)
 TCP_STK_SECT   0x80007f60     0x3000 C:\Nburn/lib/NetBurner.a(tcp.o)
                0x80007f60                TCPStk
                0x8000af60                TCP_STK_SECT_END = .
                0x8000af60                . = ALIGN (0x10)
 *(HTTP_STK_SECT)
                0x8000af60                HTTP_STK_SECT_END = .
                0x8000af60                . = ALIGN (0x10)
 *(FTP_STK_SECT)
                0x8000af60                FTP_STK_SECT_END = .
                0x8000af60                . = ALIGN (0x10)
 *(WIFI_STK_SECT)
                0x8000af60                WIFI_STK_SECT_END = .
                0x8000af60                . = ALIGN (0x10)
 *(PPP_STK_SECT)
                0x8000af60                PPP_STK_SECT_END = .
                0x8000af60                . = ALIGN (0x10)
 *(COMMAND_STK_SECT)
                0x8000af60                COMMAND_STK_SECT_END = .
                0x8000af60                . = ALIGN (0x4)
 *(USER_VAR_SECT)
 USER_VAR_SECT  0x8000af60       0xbc C:\Nburn/lib/NANO54415.a(HiResTimer.o)
                0x8000af60                _ZN10HiResTimer12timerCreatedE
                0x8000af64                _ZN10HiResTimer6timersE
                0x8000b01c                USER_VAR_SECT_END = .
                0x8000b020                . = ALIGN (0x10)
 *fill*         0x8000b01c        0x4 
 *(USER_STK_SECT)
                0x8000b020                USER_STK_SECT_END = .
                0x8000b020                . = ALIGN (0x4)
 *(TLS_VAR_SECT)
                0x8000b020                TLS_VAR_SECT_END = .
                0x8000b020                BUFFERS_SECT_START = .
                0x8000b020                . = ALIGN (0x10)
 *(BUFFERS_VAR_SECT)
 BUFFERS_VAR_SECT
                0x8000b020       0x1c C:\Nburn/lib/NetBurner.a(buffers.o)
                0x8000b020                free_list_is_initialized
                0x8000b024                free_fast_list
                0x8000b02e                free_list
                0x8000b038                FAST_BUFFER_POOL_SIZE
                0x8000b040                . = ALIGN (0x10)
 *fill*         0x8000b03c        0x4 
                0x8000b040                BUFFERS_VAR_SECT_END = .
                0x8000b040                . = ALIGN (0x10)
                0x8000b040                SRAM_END = .

.COLD_SRAM_SECT
 *(COLD_SRAM_VAR)

.text           0x40000400    0x3db20
 nb-crt0.o()
 .text          0x40000400       0xaa c:/nburn/gcc-m68k/bin/../lib/gcc/m68k-unknown-elf/5.2.0/m54455\nb-crt0.o
                0x40000400                start
 *fill*         0x400004aa        0x2 
 .data          0x400004ac        0x4 c:/nburn/gcc-m68k/bin/../lib/gcc/m68k-unknown-elf/5.2.0/m54455\nb-crt0.o
 .bss           0x400004b0        0x0 c:/nburn/gcc-m68k/bin/../lib/gcc/m68k-unknown-elf/5.2.0/m54455\nb-crt0.o
                0x400004b0                gConfigRec = .
                0x400024b0                . = (. + 0x2000)
 *fill*         0x400004b0     0x2000 
                0x400024b0                UserParamBase = .
                0x400044b0                . = (. + 0x2000)
 *fill*         0x400024b0     0x2000 
 *(.text)
 .text          0x400044b0      0x12c c:/nburn/gcc-m68k/bin/../lib/gcc/m68k-unknown-elf/5.2.0/m54455/crtbegin.o
 .text          0x400045dc        0x8 C:\Nburn/lib/NANO54415.a(hardware_init.o)
                0x400045dc                hardware_init_hook
 *fill*         0x400045e4        0xc 
 .text          0x400045f0      0x19c C:\Nburn/lib/NANO54415.a(bspa.o)
                0x400045f0                CatchNullWrites
                0x40004600                _cache_inval
                0x40004620                _cache_push
                0x40004640                _cache_flush
                0x40004680                PushCacheLines
                0x400046d0                InvalidateCacheLines
                0x40004720                FlushCacheLines
 *fill*         0x4000478c        0x4 
 .text          0x40004790      0x41a C:\Nburn/lib/NetBurner.a(ucosmcfa.o)
                0x40004790                OSStartHighRdy
                0x400047b0                OSCtxSw
                0x400047e0                OSIntCtxSw
                0x40004810                OSTickISR
                0x40004850                OSSetupVBR
                0x40004870                OSDebugTraceHalt
                0x40004880                memcpy
                0x40004880                fmemcpy
                0x40004950                memcpysum
                0x40004ae0                memset
                0x40004ae0                fmemset
                0x40004b80                GetSR_IntLevel
                0x40004b90                SetSR_IntLevel
 *fill*         0x40004baa        0x2 
 .text          0x40004bac        0x8 C:\Nburn/lib/NetBurner.a(software_init.o)
                0x40004bac                software_init_hook
 .text          0x40004bb4       0x2e C:\Nburn/lib/NetBurner.a(ucosmain.o)
                0x40004bb4                OSStackProtectCtxSw
 *fill*         0x40004be2        0x2 
 .text          0x40004be4      0x1c0 C:\Nburn/lib/NetBurner.a(ip.o)
                0x40004be4                GetSum
                0x40004ca0                GetSum20
                0x40004cd8                GetSumHdr
 .text          0x40004da4       0x6c c:/nburn/gcc-m68k/bin/../m68k-unknown-elf/sysroot/lib/m54455\libm.a(lib_a-s_fpclassify.o)
                0x40004da4                __fpclassifyd
 .text          0x40004e10       0xda c:/nburn/gcc-m68k/bin/../m68k-unknown-elf/sysroot/lib/m54455\libm.a(lib_a-s_modf.o)
                0x40004e10                modf
 *fill*         0x40004eea        0x2 
 .text          0x40004eec      0x436 c:/nburn/gcc-m68k/bin/../m68k-unknown-elf/sysroot/lib/m54455\libm.a(lib_a-w_pow.o)
                0x40004eec                pow
 *fill*         0x40005322        0x2 
 .text          0x40005324       0xec c:/nburn/gcc-m68k/bin/../m68k-unknown-elf/sysroot/lib/m54455\libm.a(lib_a-wf_asin.o)
                0x40005324                asinf
 .text          0x40005410        0xc c:/nburn/gcc-m68k/bin/../m68k-unknown-elf/sysroot/lib/m54455\libm.a(lib_a-wf_atan2.o)
                0x40005410                atan2f
 .text          0x4000541c       0xfe c:/nburn/gcc-m68k/bin/../m68k-unknown-elf/sysroot/lib/m54455\libm.a(lib_a-wf_sqrt.o)
                0x4000541c                sqrtf
 *fill*         0x4000551a        0x2 
 .text          0x4000551c      0xdfe c:/nburn/gcc-m68k/bin/../m68k-unknown-elf/sysroot/lib/m54455\libm.a(lib_a-e_pow.o)
                0x4000551c                __ieee754_pow
 *fill*         0x4000631a        0x2 
 .text          0x4000631c      0x1d0 c:/nburn/gcc-m68k/bin/../m68k-unknown-elf/sysroot/lib/m54455\libm.a(lib_a-e_sqrt.o)
                0x4000631c                __ieee754_sqrt
 .text          0x400064ec      0x39a c:/nburn/gcc-m68k/bin/../m68k-unknown-elf/sysroot/lib/m54455\libm.a(lib_a-ef_asin.o)
                0x400064ec                __ieee754_asinf
 *fill*         0x40006886        0x2 
 .text          0x40006888      0x1c6 c:/nburn/gcc-m68k/bin/../m68k-unknown-elf/sysroot/lib/m54455\libm.a(lib_a-ef_atan2.o)
                0x40006888                __ieee754_atan2f
 *fill*         0x40006a4e        0x2 
 .text          0x40006a50       0xe4 c:/nburn/gcc-m68k/bin/../m68k-unknown-elf/sysroot/lib/m54455\libm.a(lib_a-ef_sqrt.o)
                0x40006a50                __ieee754_sqrtf
 .text          0x40006b34       0x1c c:/nburn/gcc-m68k/bin/../m68k-unknown-elf/sysroot/lib/m54455\libm.a(lib_a-s_fabs.o)
                0x40006b34                fabs
 .text          0x40006b50       0x1c c:/nburn/gcc-m68k/bin/../m68k-unknown-elf/sysroot/lib/m54455\libm.a(lib_a-s_finite.o)
                0x40006b50                finite
 .text          0x40006b6c        0xa c:/nburn/gcc-m68k/bin/../m68k-unknown-elf/sysroot/lib/m54455\libm.a(lib_a-s_matherr.o)
                0x40006b6c                matherr
 *fill*         0x40006b76        0x2 
 .text          0x40006b78       0x10 c:/nburn/gcc-m68k/bin/../m68k-unknown-elf/sysroot/lib/m54455\libm.a(lib_a-s_nan.o)
                0x40006b78                nan
 .text          0x40006b88      0x19e c:/nburn/gcc-m68k/bin/../m68k-unknown-elf/sysroot/lib/m54455\libm.a(lib_a-s_rint.o)
                0x40006b88                rint
 *fill*         0x40006d26        0x2 
 .text          0x40006d28      0x188 c:/nburn/gcc-m68k/bin/../m68k-unknown-elf/sysroot/lib/m54455\libm.a(lib_a-s_scalbn.o)
                0x40006d28                scalbn
 .text          0x40006eb0      0x2c0 c:/nburn/gcc-m68k/bin/../m68k-unknown-elf/sysroot/lib/m54455\libm.a(lib_a-sf_atan.o)
                0x40006eb0                atanf
 .text          0x40007170       0x10 c:/nburn/gcc-m68k/bin/../m68k-unknown-elf/sysroot/lib/m54455\libm.a(lib_a-sf_fabs.o)
                0x40007170                fabsf
 .text          0x40007180       0x4a c:/nburn/gcc-m68k/bin/../m68k-unknown-elf/sysroot/lib/m54455\libm.a(lib_a-sf_fpclassify.o)
                0x40007180                __fpclassifyf
 *fill*         0x400071ca        0x2 
 .text          0x400071cc       0x2a c:/nburn/gcc-m68k/bin/../m68k-unknown-elf/sysroot/lib/m54455\libm.a(lib_a-s_copysign.o)
                0x400071cc                copysign
 *fill*         0x400071f6        0x2 
 .text          0x400071f8      0xba0 c:/nburn/gcc-m68k/bin/../lib/gcc/m68k-unknown-elf/5.2.0/m54455\libgcc.a(_double.o)
                0x40007252                __subdf3
                0x40007258                __adddf3
                0x400076f4                __muldf3
                0x400078d0                __divdf3
                0x40007bc0                __negdf2
                0x40007c1e                __cmpdf2_internal
                0x40007cf6                __cmpdf2
 .text          0x40007d98      0x7ca c:/nburn/gcc-m68k/bin/../lib/gcc/m68k-unknown-elf/5.2.0/m54455\libgcc.a(_float.o)
                0x40007de0                __subsf3
                0x40007de6                __addsf3
                0x400080c8                __mulsf3
                0x4000820a                __divsf3
                0x400083fe                __negsf2
                0x40008450                __cmpsf2_internal
                0x400084f0                __cmpsf2
 *fill*         0x40008562        0x2 
 .text          0x40008564       0x74 c:/nburn/gcc-m68k/bin/../lib/gcc/m68k-unknown-elf/5.2.0/m54455\libgcc.a(_floatex.o)
                0x40008564                __clear_sticky_bit
                0x40008570                $_exception_handler
 .text          0x400085d8       0x22 c:/nburn/gcc-m68k/bin/../lib/gcc/m68k-unknown-elf/5.2.0/m54455\libgcc.a(_eqdf2.o)
                0x400085d8                __eqdf2
 *fill*         0x400085fa        0x2 
 .text          0x400085fc       0x22 c:/nburn/gcc-m68k/bin/../lib/gcc/m68k-unknown-elf/5.2.0/m54455\libgcc.a(_nedf2.o)
                0x400085fc                __nedf2
 *fill*         0x4000861e        0x2 
 .text          0x40008620       0x22 c:/nburn/gcc-m68k/bin/../lib/gcc/m68k-unknown-elf/5.2.0/m54455\libgcc.a(_gtdf2.o)
                0x40008620                __gtdf2
 *fill*         0x40008642        0x2 
 .text          0x40008644       0x22 c:/nburn/gcc-m68k/bin/../lib/gcc/m68k-unknown-elf/5.2.0/m54455\libgcc.a(_gedf2.o)
                0x40008644                __gedf2
 *fill*         0x40008666        0x2 
 .text          0x40008668       0x22 c:/nburn/gcc-m68k/bin/../lib/gcc/m68k-unknown-elf/5.2.0/m54455\libgcc.a(_ltdf2.o)
                0x40008668                __ltdf2
 *fill*         0x4000868a        0x2 
 .text          0x4000868c       0x22 c:/nburn/gcc-m68k/bin/../lib/gcc/m68k-unknown-elf/5.2.0/m54455\libgcc.a(_ledf2.o)
                0x4000868c                __ledf2
 *fill*         0x400086ae        0x2 
 .text          0x400086b0       0x1a c:/nburn/gcc-m68k/bin/../lib/gcc/m68k-unknown-elf/5.2.0/m54455\libgcc.a(_eqsf2.o)
                0x400086b0                __eqsf2
 *fill*         0x400086ca        0x2 
 .text          0x400086cc       0x1a c:/nburn/gcc-m68k/bin/../lib/gcc/m68k-unknown-elf/5.2.0/m54455\libgcc.a(_gtsf2.o)
                0x400086cc                __gtsf2
 *fill*         0x400086e6        0x2 
 .text          0x400086e8       0x1a c:/nburn/gcc-m68k/bin/../lib/gcc/m68k-unknown-elf/5.2.0/m54455\libgcc.a(_ltsf2.o)
                0x400086e8                __ltsf2
 *fill*         0x40008702        0x2 
 .text          0x40008704       0x66 c:/nburn/gcc-m68k/bin/../lib/gcc/m68k-unknown-elf/5.2.0/m54455\libgcc.a(_muldi3.o)
                0x40008704                __muldi3
 *fill*         0x4000876a        0x2 
 .text          0x4000876c       0x76 c:/nburn/gcc-m68k/bin/../lib/gcc/m68k-unknown-elf/5.2.0/m54455\libgcc.a(_fixunsdfsi.o)
                0x4000876c                __fixunsdfsi
 *fill*         0x400087e2        0x2 
 .text          0x400087e4       0x7a c:/nburn/gcc-m68k/bin/../lib/gcc/m68k-unknown-elf/5.2.0/m54455\libgcc.a(_fixunsdfdi.o)
                0x400087e4                __fixunsdfdi
 *fill*         0x4000885e        0x2 
 .text          0x40008860      0x3fe c:/nburn/gcc-m68k/bin/../lib/gcc/m68k-unknown-elf/5.2.0/m54455\libgcc.a(_udivdi3.o)
                0x40008860                __udivdi3
 *fill*         0x40008c5e        0x2 
 .text          0x40008c60      0x372 c:/nburn/gcc-m68k/bin/../lib/gcc/m68k-unknown-elf/5.2.0/m54455\libgcc.a(_umoddi3.o)
                0x40008c60                __umoddi3
 *fill*         0x40008fd2        0x2 
 .text          0x40008fd4      0x442 c:/nburn/gcc-m68k/bin/../lib/gcc/m68k-unknown-elf/5.2.0/m54455\libgcc.a(fpgnulib.o)
                0x40008fd4                __unordsf2
                0x4000902c                __unorddf2
                0x40009096                __floatunsidf
                0x400090fa                __floatsidf
                0x400091a6                __floatunsisf
                0x400091c0                __floatsisf
                0x400091da                __extendsfdf2
                0x40009246                __truncdfsf2
                0x40009370                __fixdfsi
                0x400093fc                __fixsfsi
 *fill*         0x40009416        0x2 
 .text          0x40009418       0x18 c:/nburn/gcc-m68k/bin/../m68k-unknown-elf/sysroot/lib/m54455\libc.a(lib_a-atexit.o)
                0x40009418                atexit
 .text          0x40009430       0x34 c:/nburn/gcc-m68k/bin/../m68k-unknown-elf/sysroot/lib/m54455\libc.a(lib_a-atoi.o)
                0x40009430                atoi
                0x40009448                _atoi_r
 .text          0x40009464       0x5c c:/nburn/gcc-m68k/bin/../m68k-unknown-elf/sysroot/lib/m54455\libc.a(lib_a-bsearch.o)
                0x40009464                bsearch
 .text          0x400094c0       0x1e c:/nburn/gcc-m68k/bin/../m68k-unknown-elf/sysroot/lib/m54455\libc.a(lib_a-cxa_atexit.o)
                0x400094c0                __cxa_atexit
 *fill*         0x400094de        0x2 
 .text          0x400094e0        0xe c:/nburn/gcc-m68k/bin/../m68k-unknown-elf/sysroot/lib/m54455\libc.a(lib_a-errno.o)
                0x400094e0                __errno
 *fill*         0x400094ee        0x2 
 .text          0x400094f0       0x1a c:/nburn/gcc-m68k/bin/../m68k-unknown-elf/sysroot/lib/m54455\libc.a(lib_a-isspace.o)
                0x400094f0                isspace
 *fill*         0x4000950a        0x2 
 .text          0x4000950c       0x32 c:/nburn/gcc-m68k/bin/../m68k-unknown-elf/sysroot/lib/m54455\libc.a(lib_a-malloc.o)
                0x4000950c                malloc
                0x40009524                free
 *fill*         0x4000953e        0x2 
 .text          0x40009540      0x584 c:/nburn/gcc-m68k/bin/../m68k-unknown-elf/sysroot/lib/m54455\libc.a(lib_a-mallocr.o)
                0x40009540                _malloc_r
 .text          0x40009ac4       0x32 c:/nburn/gcc-m68k/bin/../m68k-unknown-elf/sysroot/lib/m54455\libc.a(lib_a-memcmp.o)
                0x40009ac4                memcmp
 *fill*         0x40009af6        0x2 
 .text          0x40009af8       0xac c:/nburn/gcc-m68k/bin/../m68k-unknown-elf/sysroot/lib/m54455\libc.a(lib_a-puts.o)
                0x40009af8                _puts_r
                0x40009b8e                puts
 .text          0x40009ba4       0x62 c:/nburn/gcc-m68k/bin/../m68k-unknown-elf/sysroot/lib/m54455\libc.a(lib_a-rand.o)
                0x40009ba4                srand
                0x40009bbc                rand
 *fill*         0x40009c06        0x2 
 .text          0x40009c08      0x146 c:/nburn/gcc-m68k/bin/../m68k-unknown-elf/sysroot/lib/m54455\libc.a(lib_a-setvbuf.o)
                0x40009c08                setvbuf
 *fill*         0x40009d4e        0x2 
 .text          0x40009d50       0x1c c:/nburn/gcc-m68k/bin/../m68k-unknown-elf/sysroot/lib/m54455\libc.a(lib_a-strcpy.o)
                0x40009d50                strcpy
 .text          0x40009d6c       0x1a c:/nburn/gcc-m68k/bin/../m68k-unknown-elf/sysroot/lib/m54455\libc.a(lib_a-strlen.o)
                0x40009d6c                strlen
 *fill*         0x40009d86        0x2 
 .text          0x40009d88       0x30 c:/nburn/gcc-m68k/bin/../m68k-unknown-elf/sysroot/lib/m54455\libc.a(lib_a-strncpy.o)
                0x40009d88                strncpy
 .text          0x40009db8       0x4a c:/nburn/gcc-m68k/bin/../m68k-unknown-elf/sysroot/lib/m54455\libc.a(lib_a-strstr.o)
                0x40009db8                strstr
 *fill*         0x40009e02        0x2 
 .text          0x40009e04      0x16e c:/nburn/gcc-m68k/bin/../m68k-unknown-elf/sysroot/lib/m54455\libc.a(lib_a-strtol.o)
                0x40009e04                _strtol_r
                0x40009f54                strtol
 *fill*         0x40009f72        0x2 
 .text          0x40009f74       0x2a c:/nburn/gcc-m68k/bin/../m68k-unknown-elf/sysroot/lib/m54455\libc.a(lib_a-tolower.o)
                0x40009f74                tolower
 *fill*         0x40009f9e        0x2 
 .text          0x40009fa0       0x2a c:/nburn/gcc-m68k/bin/../m68k-unknown-elf/sysroot/lib/m54455\libc.a(lib_a-toupper.o)
                0x40009fa0                toupper
 *fill*         0x40009fca        0x2 
 .text          0x40009fcc       0xf4 c:/nburn/gcc-m68k/bin/../m68k-unknown-elf/sysroot/lib/m54455\libc.a(lib_a-wbuf.o)
                0x40009fcc                __swbuf_r
                0x4000a0a6                __swbuf
 .text          0x4000a0c0      0x116 c:/nburn/gcc-m68k/bin/../m68k-unknown-elf/sysroot/lib/m54455\libc.a(lib_a-wsetup.o)
                0x4000a0c0                __swsetup_r
 *fill*         0x4000a1d6        0x2 
 .text          0x4000a1d8       0xa0 c:/nburn/gcc-m68k/bin/../m68k-unknown-elf/sysroot/lib/m54455\libc.a(lib_a-__atexit.o)
                0x4000a1d8                __register_exitproc
 .text          0x4000a278      0x204 c:/nburn/gcc-m68k/bin/../m68k-unknown-elf/sysroot/lib/m54455\libc.a(lib_a-fflush.o)
                0x4000a278                __sflush_r
                0x4000a400                _fflush_r
                0x4000a44e                fflush
 .text          0x4000a47c      0x28c c:/nburn/gcc-m68k/bin/../m68k-unknown-elf/sysroot/lib/m54455\libc.a(lib_a-findfp.o)
                0x4000a486                _cleanup_r
                0x4000a522                __sfmoreglue
                0x4000a57e                _cleanup
                0x4000a592                __sinit
                0x4000a602                __sfp
                0x4000a6b4                __sfp_lock_acquire
                0x4000a6bc                __sfp_lock_release
                0x4000a6c4                __sinit_lock_acquire
                0x4000a6cc                __sinit_lock_release
                0x4000a6d4                __fp_lock_all
                0x4000a6ee                __fp_unlock_all
 .text          0x4000a708      0x2ec c:/nburn/gcc-m68k/bin/../m68k-unknown-elf/sysroot/lib/m54455\libc.a(lib_a-freer.o)
                0x4000a708                _malloc_trim_r
                0x4000a7dc                _free_r
 .text          0x4000a9f4      0x366 c:/nburn/gcc-m68k/bin/../m68k-unknown-elf/sysroot/lib/m54455\libc.a(lib_a-fvwrite.o)
                0x4000a9f4                __sfvwrite_r
 *fill*         0x4000ad5a        0x2 
 .text          0x4000ad5c       0xb4 c:/nburn/gcc-m68k/bin/../m68k-unknown-elf/sysroot/lib/m54455\libc.a(lib_a-fwalk.o)
                0x4000ad5c                _fwalk
                0x4000adb4                _fwalk_reent
 .text          0x4000ae10      0x152 c:/nburn/gcc-m68k/bin/../m68k-unknown-elf/sysroot/lib/m54455\libc.a(lib_a-makebuf.o)
                0x4000ae10                __smakebuf_r
 *fill*         0x4000af62        0x2 
 .text          0x4000af64       0x32 c:/nburn/gcc-m68k/bin/../m68k-unknown-elf/sysroot/lib/m54455\libc.a(lib_a-memchr.o)
                0x4000af64                memchr
 *fill*         0x4000af96        0x2 
 .text          0x4000af98       0x54 c:/nburn/gcc-m68k/bin/../m68k-unknown-elf/sysroot/lib/m54455\libc.a(lib_a-memmove.o)
                0x4000af98                memmove
 .text          0x4000afec      0x456 c:/nburn/gcc-m68k/bin/../m68k-unknown-elf/sysroot/lib/m54455\libc.a(lib_a-reallocr.o)
                0x4000afec                _realloc_r
 *fill*         0x4000b442        0x2 
 .text          0x4000b444      0x126 c:/nburn/gcc-m68k/bin/../m68k-unknown-elf/sysroot/lib/m54455\libc.a(lib_a-stdio.o)
                0x4000b444                __sread
                0x4000b488                __seofread
                0x4000b492                __swrite
                0x4000b4fe                __sseek
                0x4000b552                __sclose
 *fill*         0x4000b56a        0x2 
 .text          0x4000b56c       0x38 c:/nburn/gcc-m68k/bin/../m68k-unknown-elf/sysroot/lib/m54455\libc.a(lib_a-writer.o)
                0x4000b56c                _write_r
 .text          0x4000b5a4       0x2e c:/nburn/gcc-m68k/bin/../m68k-unknown-elf/sysroot/lib/m54455\libc.a(lib_a-closer.o)
                0x4000b5a4                _close_r
 *fill*         0x4000b5d2        0x2 
 .text          0x4000b5d4       0xe2 c:/nburn/gcc-m68k/bin/../m68k-unknown-elf/sysroot/lib/m54455\libc.a(lib_a-fclose.o)
                0x4000b5d4                _fclose_r
                0x4000b6a0                fclose
 *fill*         0x4000b6b6        0x2 
 .text          0x4000b6b8       0x32 c:/nburn/gcc-m68k/bin/../m68k-unknown-elf/sysroot/lib/m54455\libc.a(lib_a-fstatr.o)
                0x4000b6b8                _fstat_r
 *fill*         0x4000b6ea        0x2 
 .text          0x4000b6ec       0x2e c:/nburn/gcc-m68k/bin/../m68k-unknown-elf/sysroot/lib/m54455\libc.a(lib_a-isattyr.o)
                0x4000b6ec                _isatty_r
 *fill*         0x4000b71a        0x2 
 .text          0x4000b71c       0x38 c:/nburn/gcc-m68k/bin/../m68k-unknown-elf/sysroot/lib/m54455\libc.a(lib_a-lseekr.o)
                0x4000b71c                _lseek_r
 .text          0x4000b754       0x38 c:/nburn/gcc-m68k/bin/../m68k-unknown-elf/sysroot/lib/m54455\libc.a(lib_a-readr.o)
                0x4000b754                _read_r
 .text          0x4000b78c       0x32 c:/nburn/gcc-m68k/bin/../lib/gcc/m68k-unknown-elf/5.2.0/m54455/crtend.o
                0x4000b7c0                . = ALIGN (0x10)
 *fill*         0x4000b7be        0x2 
 *(.text.*)
 .text._Z4initv
                0x4000b7c0      0x1c0 main.o
                0x4000b7c0                _Z4initv
 .text.UserMain
                0x4000b980       0xb4 main.o
                0x4000b980                UserMain
 .text.startup._GLOBAL__sub_I_MainTaskSem
                0x4000ba34       0x86 main.o
 *fill*         0x4000baba        0x2 
 .text._ZN7Utility10degreeWrapEf
                0x4000babc       0x90 Utility.o
                0x4000babc                _ZN7Utility10degreeWrapEf
 .text._Z11CoreRcTimeri
                0x4000bb4c       0xfa Drivers\servodrive.o
                0x4000bb4c                _Z11CoreRcTimeri
 *fill*         0x4000bc46        0x2 
 .text._Z12fake_Ch0_ISRv
                0x4000bc48       0x54 Drivers\servodrive.o
                0x4000bc48                _Z12fake_Ch0_ISRv
                0x4000bc4c                Ch0_ISR
 .text.real_Ch0_ISR
                0x4000bc9c       0x16 Drivers\servodrive.o
                0x4000bc9c                real_Ch0_ISR
 *fill*         0x4000bcb2        0x2 
 .text._Z12fake_Ch1_ISRv
                0x4000bcb4       0x54 Drivers\servodrive.o
                0x4000bcb4                _Z12fake_Ch1_ISRv
                0x4000bcb8                Ch1_ISR
 .text.real_Ch1_ISR
                0x4000bd08       0x18 Drivers\servodrive.o
                0x4000bd08                real_Ch1_ISR
 .text._Z12fake_Ch2_ISRv
                0x4000bd20       0x54 Drivers\servodrive.o
                0x4000bd20                _Z12fake_Ch2_ISRv
                0x4000bd24                Ch2_ISR
 .text.real_Ch2_ISR
                0x4000bd74       0x18 Drivers\servodrive.o
                0x4000bd74                real_Ch2_ISR
 .text._Z14ServoDriveInitv
                0x4000bd8c      0x1f4 Drivers\servodrive.o
                0x4000bd8c                _Z14ServoDriveInitv
 .text._Z11SetServoPosid
                0x4000bf80      0x122 Drivers\servodrive.o
                0x4000bf80                _Z11SetServoPosid
 *fill*         0x4000c0a2        0x2 
 .text._Z15RC_ProcessCharsih
                0x4000c0a4       0xe6 Drivers\dsm2.o
                0x4000c0a4                _Z15RC_ProcessCharsih
 *fill*         0x4000c18a        0x2 
 .text._Z10InitDSM2Rxi
                0x4000c18c       0x52 Drivers\dsm2.o
                0x4000c18c                _Z10InitDSM2Rxi
 *fill*         0x4000c1de        0x2 
 .text._ZN8OdometerD2Ev
                0x4000c1e0        0x8 Drivers\Odometer.o
                0x4000c1e0                _ZN8OdometerD2Ev
                0x4000c1e0                _ZN8OdometerD1Ev
 .text._ZN8OdometerD0Ev
                0x4000c1e8       0x1c Drivers\Odometer.o
                0x4000c1e8                _ZN8OdometerD0Ev
 .text._ZN8Odometer6OdoIrqEv
                0x4000c204       0x46 Drivers\Odometer.o
                0x4000c204                _ZN8Odometer6OdoIrqEv
 *fill*         0x4000c24a        0x2 
 .text._ZN8OdometerC2Ev
                0x4000c24c       0x12 Drivers\Odometer.o
                0x4000c24c                _ZN8OdometerC1Ev
                0x4000c24c                _ZN8OdometerC2Ev
 *fill*         0x4000c25e        0x2 
 .text._ZN8OdometerC2Ei
                0x4000c260       0x52 Drivers\Odometer.o
                0x4000c260                _ZN8OdometerC1Ei
                0x4000c260                _ZN8OdometerC2Ei
 .text._ZN5Madge24MadgwickQuaternionUpdateEfffffffff
                0x4000c2b2      0xde8 Drivers\MadgwickFilter.o
                0x4000c2b2                _ZN5Madge24MadgwickQuaternionUpdateEfffffffff
 *fill*         0x4000d09a        0x2 
 .text._ZN7MPU9250C2Eh
                0x4000d09c       0x66 Drivers\MPU9250.o
                0x4000d09c                _ZN7MPU9250C1Eh
                0x4000d09c                _ZN7MPU9250C2Eh
 *fill*         0x4000d102        0x2 
 .text._ZN7MPU92507getMresEh
                0x4000d104       0x4e Drivers\MPU9250.o
                0x4000d104                _ZN7MPU92507getMresEh
 *fill*         0x4000d152        0x2 
 .text._ZN7MPU92507getGresEh
                0x4000d154       0x7e Drivers\MPU9250.o
                0x4000d154                _ZN7MPU92507getGresEh
 *fill*         0x4000d1d2        0x2 
 .text._ZN7MPU92507getAresEh
                0x4000d1d4       0x7e Drivers\MPU9250.o
                0x4000d1d4                _ZN7MPU92507getAresEh
 *fill*         0x4000d252        0x2 
 .text._ZN7MPU925018I2CWriteReadBufferEhhPhi
                0x4000d254       0xb0 Drivers\MPU9250.o
                0x4000d254                _ZN7MPU925018I2CWriteReadBufferEhhPhi
 .text._ZN7MPU925011initMPU9250Ehh
                0x4000d304      0x1f8 Drivers\MPU9250.o
                0x4000d304                _ZN7MPU925011initMPU9250Ehh
 .text._ZN7MPU925015readMPU9250DataEPs
                0x4000d4fc       0xfa Drivers\MPU9250.o
                0x4000d4fc                _ZN7MPU925015readMPU9250DataEPs
 *fill*         0x4000d5f6        0x2 
 .text._ZN7MPU925011readMagDataEPs
                0x4000d5f8       0x72 Drivers\MPU9250.o
                0x4000d5f8                _ZN7MPU925011readMagDataEPs
 *fill*         0x4000d66a        0x2 
 .text._ZN7MPU925013magcalMPU9250EPfS0_
                0x4000d66c      0x332 Drivers\MPU9250.o
                0x4000d66c                _ZN7MPU925013magcalMPU9250EPfS0_
 *fill*         0x4000d99e        0x2 
 .text._ZN7MPU925010initAK8963EhhPf
                0x4000d9a0      0x1ea Drivers\MPU9250.o
                0x4000d9a0                _ZN7MPU925010initAK8963EhhPf
 *fill*         0x4000db8a        0x2 
 .text._ZN7MPU925016calibrateMPU9250EPfS0_
                0x4000db8c      0x81e Drivers\MPU9250.o
                0x4000db8c                _ZN7MPU925016calibrateMPU9250EPfS0_
 *fill*         0x4000e3aa        0x2 
 .text._ZN7MPU92508SelfTestEPf
                0x4000e3ac      0x8cc Drivers\MPU9250.o
                0x4000e3ac                _ZN7MPU92508SelfTestEPf
 .text._ZN7MPU92508readByteEhh
                0x4000ec78       0x2e Drivers\MPU9250.o
                0x4000ec78                _ZN7MPU92508readByteEhh
 *fill*         0x4000eca6        0x2 
 .text._ZN7MPU9250C2Ev
                0x4000eca8        0x8 Drivers\MPU9250.o
                0x4000eca8                _ZN7MPU9250C2Ev
                0x4000eca8                _ZN7MPU9250C1Ev
 .text._ZN3LCDD2Ev
                0x4000ecb0        0x8 Drivers\LCD.o
                0x4000ecb0                _ZN3LCDD2Ev
                0x4000ecb0                _ZN3LCDD1Ev
 .text._ZN3LCDD0Ev
                0x4000ecb8       0x1c Drivers\LCD.o
                0x4000ecb8                _ZN3LCDD0Ev
 .text._ZN3LCDC2Ev
                0x4000ecd4       0x16 Drivers\LCD.o
                0x4000ecd4                _ZN3LCDC1Ev
                0x4000ecd4                _ZN3LCDC2Ev
 *fill*         0x4000ecea        0x2 
 .text._ZN3LCDC2Eii
                0x4000ecec       0x3c Drivers\LCD.o
                0x4000ecec                _ZN3LCDC1Eii
                0x4000ecec                _ZN3LCDC2Eii
 .text._ZN3LCD5clearEv
                0x4000ed28       0x7c Drivers\LCD.o
                0x4000ed28                _ZN3LCD5clearEv
 .text._Z4Pirqv
                0x4000eda4       0x28 Drivers\IMUSetupAndSample.o
                0x4000eda4                _Z4Pirqv
 .text._Z13IMUSampleLoopPv
                0x4000edcc      0xeb6 Drivers\IMUSetupAndSample.o
                0x4000edcc                _Z13IMUSampleLoopPv
 *fill*         0x4000fc82        0x2 
 .text._Z15CalibAccAndGyrov
                0x4000fc84      0x21e Drivers\IMUSetupAndSample.o
                0x4000fc84                _Z15CalibAccAndGyrov
 *fill*         0x4000fea2        0x2 
 .text._Z9unclodI2Cv
                0x4000fea4       0xf0 Drivers\IMUSetupAndSample.o
                0x4000fea4                _Z9unclodI2Cv
 .text._Z11whoAmICheckv
                0x4000ff94       0x80 Drivers\IMUSetupAndSample.o
                0x4000ff94                _Z11whoAmICheckv
 .text._Z8IMUSetupv
                0x40010014      0x27a Drivers\IMUSetupAndSample.o
                0x40010014                _Z8IMUSetupv
 *fill*         0x4001028e        0x2 
 .text._Z6IMURunv
                0x40010290       0x6a Drivers\IMUSetupAndSample.o
                0x40010290                _Z6IMURunv
 *fill*         0x400102fa        0x2 
 .text.startup._GLOBAL__sub_I_Gscale
                0x400102fc       0xbc Drivers\IMUSetupAndSample.o
 .text._Z14DoHtmlFunctioniPKct
                0x400103b8        0xa htmldata.o
                0x400103b8                _Z14DoHtmlFunctioniPKct
 *fill*         0x400103c2        0x2 
 .text._Z14DoHtmlVariableit
                0x400103c4        0xa htmldata.o
                0x400103c4                _Z14DoHtmlVariableit
 *fill*         0x400103ce        0x2 
 .text.__tcf_0  0x400103d0       0x38 C:\Nburn/lib/NANO54415.a(serial.o)
 .text._Z11BaseGetChari
                0x40010408       0xac C:\Nburn/lib/NANO54415.a(serial.o)
                0x40010408                _Z11BaseGetChari
 .text._Z14InitializeMapsv.part.1
                0x400104b4       0x76 C:\Nburn/lib/NANO54415.a(serial.o)
 *fill*         0x4001052a        0x2 
 .text._Z6WakeTxi
                0x4001052c       0x8c C:\Nburn/lib/NANO54415.a(serial.o)
                0x4001052c                _Z6WakeTxi
 .text._Z11BasePutCharih
                0x400105b8       0xf0 C:\Nburn/lib/NANO54415.a(serial.o)
                0x400105b8                _Z11BasePutCharih
 .text._Z8serwriteiPKci
                0x400106a8      0x156 C:\Nburn/lib/NANO54415.a(serial.o)
                0x400106a8                _Z8serwriteiPKci
 *fill*         0x400107fe        0x2 
 .text._Z8DoSerIsri
                0x40010800      0x302 C:\Nburn/lib/NANO54415.a(serial.o)
                0x40010800                _Z8DoSerIsri
 *fill*         0x40010b02        0x2 
 .text._Z14fake_SER_0_ISRv
                0x40010b04       0x54 C:\Nburn/lib/NANO54415.a(serial.o)
                0x40010b04                _Z14fake_SER_0_ISRv
                0x40010b08                SER_0_ISR
 .text.real_SER_0_ISR
                0x40010b58       0x12 C:\Nburn/lib/NANO54415.a(serial.o)
                0x40010b58                real_SER_0_ISR
 *fill*         0x40010b6a        0x2 
 .text._Z14fake_SER_1_ISRv
                0x40010b6c       0x54 C:\Nburn/lib/NANO54415.a(serial.o)
                0x40010b6c                _Z14fake_SER_1_ISRv
                0x40010b70                SER_1_ISR
 .text.real_SER_1_ISR
                0x40010bc0       0x14 C:\Nburn/lib/NANO54415.a(serial.o)
                0x40010bc0                real_SER_1_ISR
 .text._Z14fake_SER_2_ISRv
                0x40010bd4       0x54 C:\Nburn/lib/NANO54415.a(serial.o)
                0x40010bd4                _Z14fake_SER_2_ISRv
                0x40010bd8                SER_2_ISR
 .text.real_SER_2_ISR
                0x40010c28       0x14 C:\Nburn/lib/NANO54415.a(serial.o)
                0x40010c28                real_SER_2_ISR
 .text._Z14fake_SER_3_ISRv
                0x40010c3c       0x54 C:\Nburn/lib/NANO54415.a(serial.o)
                0x40010c3c                _Z14fake_SER_3_ISRv
                0x40010c40                SER_3_ISR
 .text.real_SER_3_ISR
                0x40010c90       0x14 C:\Nburn/lib/NANO54415.a(serial.o)
                0x40010c90                real_SER_3_ISR
 .text._Z14fake_SER_4_ISRv
                0x40010ca4       0x54 C:\Nburn/lib/NANO54415.a(serial.o)
                0x40010ca4                _Z14fake_SER_4_ISRv
                0x40010ca8                SER_4_ISR
 .text.real_SER_4_ISR
                0x40010cf8       0x14 C:\Nburn/lib/NANO54415.a(serial.o)
                0x40010cf8                real_SER_4_ISR
 .text._Z14fake_SER_5_ISRv
                0x40010d0c       0x54 C:\Nburn/lib/NANO54415.a(serial.o)
                0x40010d0c                _Z14fake_SER_5_ISRv
                0x40010d10                SER_5_ISR
 .text.real_SER_5_ISR
                0x40010d60       0x14 C:\Nburn/lib/NANO54415.a(serial.o)
                0x40010d60                real_SER_5_ISR
 .text._Z14fake_SER_6_ISRv
                0x40010d74       0x54 C:\Nburn/lib/NANO54415.a(serial.o)
                0x40010d74                _Z14fake_SER_6_ISRv
                0x40010d78                SER_6_ISR
 .text.real_SER_6_ISR
                0x40010dc8       0x14 C:\Nburn/lib/NANO54415.a(serial.o)
                0x40010dc8                real_SER_6_ISR
 .text._Z14fake_SER_7_ISRv
                0x40010ddc       0x54 C:\Nburn/lib/NANO54415.a(serial.o)
                0x40010ddc                _Z14fake_SER_7_ISRv
                0x40010de0                SER_7_ISR
 .text.real_SER_7_ISR
                0x40010e30       0x14 C:\Nburn/lib/NANO54415.a(serial.o)
                0x40010e30                real_SER_7_ISR
 .text._Z14fake_SER_8_ISRv
                0x40010e44       0x54 C:\Nburn/lib/NANO54415.a(serial.o)
                0x40010e44                _Z14fake_SER_8_ISRv
                0x40010e48                SER_8_ISR
 .text.real_SER_8_ISR
                0x40010e98       0x14 C:\Nburn/lib/NANO54415.a(serial.o)
                0x40010e98                real_SER_8_ISR
 .text._Z14fake_SER_9_ISRv
                0x40010eac       0x54 C:\Nburn/lib/NANO54415.a(serial.o)
                0x40010eac                _Z14fake_SER_9_ISRv
                0x40010eb0                SER_9_ISR
 .text.real_SER_9_ISR
                0x40010f00       0x14 C:\Nburn/lib/NANO54415.a(serial.o)
                0x40010f00                real_SER_9_ISR
 .text._Z10serreadwtoiPcii
                0x40010f14      0x21a C:\Nburn/lib/NANO54415.a(serial.o)
                0x40010f14                _Z10serreadwtoiPcii
 *fill*         0x4001112e        0x2 
 .text._Z7serreadiPci
                0x40011130       0x1c C:\Nburn/lib/NANO54415.a(serial.o)
                0x40011130                _Z7serreadiPci
 .text._Z10OpenSerialijii11parity_mode
                0x4001114c      0x6f0 C:\Nburn/lib/NANO54415.a(serial.o)
                0x4001114c                _Z10OpenSerialijii11parity_mode
 .text._Z11SerialClosei
                0x4001183c       0xda C:\Nburn/lib/NANO54415.a(serial.o)
                0x4001183c                _Z11SerialClosei
 *fill*         0x40011916        0x2 
 .text._Z16serexternalclosei
                0x40011918       0x34 C:\Nburn/lib/NANO54415.a(serial.o)
                0x40011918                _Z16serexternalclosei
 .text.startup._GLOBAL__sub_I_Uarts
                0x4001194c       0x5e C:\Nburn/lib/NANO54415.a(serial.o)
 *fill*         0x400119aa        0x2 
 .text._ZN5PinIO3setEh
                0x400119ac      0xa84 C:\Nburn/lib/NANO54415.a(pins.o)
                0x400119ac                _ZN5PinIO3setEh
 .text._ZN5PinIO4readEv
                0x40012430      0x5d8 C:\Nburn/lib/NANO54415.a(pins.o)
                0x40012430                _ZN5PinIO4readEv
 .text._ZN5PinIO8functionEi
                0x40012a08      0x524 C:\Nburn/lib/NANO54415.a(pins.o)
                0x40012a08                _ZN5PinIO8functionEi
 .text._Z15GetSpiFlashCritv
                0x40012f2c       0x46 C:\Nburn/lib/NANO54415.a(FlashOps.o)
                0x40012f2c                _Z15GetSpiFlashCritv
 *fill*         0x40012f72        0x2 
 .text._Z10FlashErasePvi
                0x40012f74       0xac C:\Nburn/lib/NANO54415.a(FlashOps.o)
                0x40012f74                _Z10FlashErasePvi
 .text._Z12FlashProgramPvS_i
                0x40013020      0x160 C:\Nburn/lib/NANO54415.a(FlashOps.o)
                0x40013020                _Z12FlashProgramPvS_i
 .text.CopySPIFlashImageOnBoot
                0x40013180       0x66 C:\Nburn/lib/NANO54415.a(FlashOps.o)
                0x40013180                CopySPIFlashImageOnBoot
 *fill*         0x400131e6        0x2 
 .text.startup._GLOBAL__sub_I_SPI_Main
                0x400131e8       0x4a C:\Nburn/lib/NANO54415.a(FlashOps.o)
 *fill*         0x40013232        0x2 
 .text.__tcf_0  0x40013234        0x8 C:\Nburn/lib/NANO54415.a(HiResTimer.o)
 .text._Z21fake_Timer0_Interruptv
                0x4001323c       0x54 C:\Nburn/lib/NANO54415.a(HiResTimer.o)
                0x4001323c                _Z21fake_Timer0_Interruptv
                0x40013240                Timer0_Interrupt
 .text.real_Timer0_Interrupt
                0x40013290       0x6c C:\Nburn/lib/NANO54415.a(HiResTimer.o)
                0x40013290                real_Timer0_Interrupt
 .text._Z21fake_Timer1_Interruptv
                0x400132fc       0x54 C:\Nburn/lib/NANO54415.a(HiResTimer.o)
                0x400132fc                _Z21fake_Timer1_Interruptv
                0x40013300                Timer1_Interrupt
 .text.real_Timer1_Interrupt
                0x40013350       0x6c C:\Nburn/lib/NANO54415.a(HiResTimer.o)
                0x40013350                real_Timer1_Interrupt
 .text._Z21fake_Timer2_Interruptv
                0x400133bc       0x54 C:\Nburn/lib/NANO54415.a(HiResTimer.o)
                0x400133bc                _Z21fake_Timer2_Interruptv
                0x400133c0                Timer2_Interrupt
 .text.real_Timer2_Interrupt
                0x40013410       0x6c C:\Nburn/lib/NANO54415.a(HiResTimer.o)
                0x40013410                real_Timer2_Interrupt
 .text._Z21fake_Timer3_Interruptv
                0x4001347c       0x54 C:\Nburn/lib/NANO54415.a(HiResTimer.o)
                0x4001347c                _Z21fake_Timer3_Interruptv
                0x40013480                Timer3_Interrupt
 .text.real_Timer3_Interrupt
                0x400134d0       0x6c C:\Nburn/lib/NANO54415.a(HiResTimer.o)
                0x400134d0                real_Timer3_Interrupt
 .text._ZN10HiResTimer10init_ticksEmi
                0x4001353c       0xf2 C:\Nburn/lib/NANO54415.a(HiResTimer.o)
                0x4001353c                _ZN10HiResTimer10init_ticksEmi
 *fill*         0x4001362e        0x2 
 .text._ZN10HiResTimer4initEd
                0x40013630      0x122 C:\Nburn/lib/NANO54415.a(HiResTimer.o)
                0x40013630                _ZN10HiResTimer4initEd
 *fill*         0x40013752        0x2 
 .text._ZN10HiResTimer8readTimeEv
                0x40013754       0xfe C:\Nburn/lib/NANO54415.a(HiResTimer.o)
                0x40013754                _ZN10HiResTimer8readTimeEv
 *fill*         0x40013852        0x2 
 .text._ZN10HiResTimer5delayEd
                0x40013854       0x70 C:\Nburn/lib/NANO54415.a(HiResTimer.o)
                0x40013854                _ZN10HiResTimer5delayEd
 .text._ZN10HiResTimerC2Ei
                0x400138c4       0x5e C:\Nburn/lib/NANO54415.a(HiResTimer.o)
                0x400138c4                _ZN10HiResTimerC2Ei
                0x400138c4                _ZN10HiResTimerC1Ei
 *fill*         0x40013922        0x2 
 .text._ZN10HiResTimer13getHiResTimerEi
                0x40013924       0xf8 C:\Nburn/lib/NANO54415.a(HiResTimer.o)
                0x40013924                _ZN10HiResTimer13getHiResTimerEi
 .text.startup._GLOBAL__sub_I__ZN10HiResTimer6timersE
                0x40013a1c       0x58 C:\Nburn/lib/NANO54415.a(HiResTimer.o)
 .text._Z18fake_firq2_pin_isrv
                0x40013a74       0x54 C:\Nburn/lib/NANO54415.a(pin_irq.o)
                0x40013a74                _Z18fake_firq2_pin_isrv
                0x40013a78                firq2_pin_isr
 .text.real_firq2_pin_isr
                0x40013ac8       0x28 C:\Nburn/lib/NANO54415.a(pin_irq.o)
                0x40013ac8                real_firq2_pin_isr
 .text._Z18fake_firq3_pin_isrv
                0x40013af0       0x54 C:\Nburn/lib/NANO54415.a(pin_irq.o)
                0x40013af0                _Z18fake_firq3_pin_isrv
                0x40013af4                firq3_pin_isr
 .text.real_firq3_pin_isr
                0x40013b44       0x28 C:\Nburn/lib/NANO54415.a(pin_irq.o)
                0x40013b44                real_firq3_pin_isr
 .text._Z9SetPinIrqiiPFvvE
                0x40013b6c      0x266 C:\Nburn/lib/NANO54415.a(pin_irq.o)
                0x40013b6c                _Z9SetPinIrqiiPFvvE
 *fill*         0x40013dd2        0x2 
 .text._Z5xTickv
                0x40013dd4       0x1c C:\Nburn/lib/NANO54415.a(bsp.o)
                0x40013dd4                _Z5xTickv
                0x40013dd8                Tick5441X
 .text._Z7SetIntcilii
                0x40013df0       0xc0 C:\Nburn/lib/NANO54415.a(bsp.o)
                0x40013df0                _Z7SetIntcilii
 .text._Z11ForceRebootb
                0x40013eb0       0x26 C:\Nburn/lib/NANO54415.a(bsp.o)
                0x40013eb0                _Z11ForceRebootb
 *fill*         0x40013ed6        0x2 
 .text._Z12DisableCachev
                0x40013ed8       0x56 C:\Nburn/lib/NANO54415.a(bsp.o)
                0x40013ed8                _Z12DisableCachev
 *fill*         0x40013f2e        0x2 
 .text._Z11EnableCachev
                0x40013f30       0x42 C:\Nburn/lib/NANO54415.a(bsp.o)
                0x40013f30                _Z11EnableCachev
 *fill*         0x40013f72        0x2 
 .text._Z13HardwareSetupl
                0x40013f74      0x1e0 C:\Nburn/lib/NANO54415.a(bsp.o)
                0x40013f74                _Z13HardwareSetupl
 .text._sbrk_r  0x40014154       0x48 C:\Nburn/lib/NANO54415.a(bsp.o)
                0x40014154                _sbrk_r
 .text._Z13GetUartRecordi
                0x4001419c       0x3a C:\Nburn/lib/NANO54415.a(localio.o)
                0x4001419c                _Z13GetUartRecordi
 *fill*         0x400141d6        0x2 
 .text._Z11LocalInBytev
                0x400141d8       0x5e C:\Nburn/lib/NANO54415.a(localio.o)
                0x400141d8                _Z11LocalInBytev
 *fill*         0x40014236        0x2 
 .text._Z12LocalOutBytec
                0x40014238       0x66 C:\Nburn/lib/NANO54415.a(localio.o)
                0x40014238                _Z12LocalOutBytec
 *fill*         0x4001429e        0x2 
 .text.MultiChannel_I2CInit
                0x400142a0      0x1e6 C:\Nburn/lib/NANO54415.a(multichanneli2c.o)
                0x400142a0                MultiChannel_I2CInit
 *fill*         0x40014486        0x2 
 .text.MultiChannel_I2CRestart
                0x40014488       0x42 C:\Nburn/lib/NANO54415.a(multichanneli2c.o)
                0x40014488                MultiChannel_I2CRestart
 *fill*         0x400144ca        0x2 
 .text.MultiChannel_I2CSendBuf
                0x400144cc      0x1ac C:\Nburn/lib/NANO54415.a(multichanneli2c.o)
                0x400144cc                MultiChannel_I2CSendBuf
 .text.MultiChannel_I2CReadBuf
                0x40014678      0x25e C:\Nburn/lib/NANO54415.a(multichanneli2c.o)
                0x40014678                MultiChannel_I2CReadBuf
 *fill*         0x400148d6        0x2 
 .text.I2CMultiChannelResetPeripheral
                0x400148d8       0x24 C:\Nburn/lib/NANO54415.a(multichanneli2c.o)
                0x400148d8                I2CMultiChannelResetPeripheral
 .text.startup._GLOBAL__sub_I_I2C_SlaveTX_Callback
                0x400148fc       0x26 C:\Nburn/lib/NANO54415.a(multichanneli2c.o)
 *fill*         0x40014922        0x2 
 .text._Z14SetDefPinUsagev
                0x40014924      0x1aa C:\Nburn/lib/NANO54415.a(defpins.o)
                0x40014924                _Z14SetDefPinUsagev
 *fill*         0x40014ace        0x2 
 .text._ZN8SPIFlashC2Ei
                0x40014ad0       0x66 C:\Nburn/lib/NANO54415.a(SPIFlash.o)
                0x40014ad0                _ZN8SPIFlashC1Ei
                0x40014ad0                _ZN8SPIFlashC2Ei
 *fill*         0x40014b36        0x2 
 .text._ZN8SPIFlashD2Ev
                0x40014b38        0x8 C:\Nburn/lib/NANO54415.a(SPIFlash.o)
                0x40014b38                _ZN8SPIFlashD1Ev
                0x40014b38                _ZN8SPIFlashD2Ev
 .text._ZN8SPIFlash9SpiAscCmdEPKc
                0x40014b40      0x1ce C:\Nburn/lib/NANO54415.a(SPIFlash.o)
                0x40014b40                _ZN8SPIFlash9SpiAscCmdEPKc
 *fill*         0x40014d0e        0x2 
 .text._ZN8SPIFlash9WriteDataEPhii
                0x40014d10      0x490 C:\Nburn/lib/NANO54415.a(SPIFlash.o)
                0x40014d10                _ZN8SPIFlash9WriteDataEPhii
 .text._ZN8SPIFlash11EraseSectorEi
                0x400151a0      0x2d6 C:\Nburn/lib/NANO54415.a(SPIFlash.o)
                0x400151a0                _ZN8SPIFlash11EraseSectorEi
 *fill*         0x40015476        0x2 
 .text._ZN8SPIFlash15WriteDataWEraseEPhii
                0x40015478       0x7a C:\Nburn/lib/NANO54415.a(SPIFlash.o)
                0x40015478                _ZN8SPIFlash15WriteDataWEraseEPhii
 *fill*         0x400154f2        0x2 
 .text._ZN8SPIFlash10EraseRangeEii
                0x400154f4       0x64 C:\Nburn/lib/NANO54415.a(SPIFlash.o)
                0x400154f4                _ZN8SPIFlash10EraseRangeEii
 .text._ZN8SPIFlash7ResetMeEv
                0x40015558      0x164 C:\Nburn/lib/NANO54415.a(SPIFlash.o)
                0x40015558                _ZN8SPIFlash7ResetMeEv
 .text._ZN8SPIFlash8ReadDataEPhii
                0x400156bc      0x34e C:\Nburn/lib/NANO54415.a(SPIFlash.o)
                0x400156bc                _ZN8SPIFlash8ReadDataEPhii
 *fill*         0x40015a0a        0x2 
 .text._Z34fake_i2c0_multichannel_int_routinev
                0x40015a0c       0x54 C:\Nburn/lib/NANO54415.a(i2c_class.o)
                0x40015a0c                _Z34fake_i2c0_multichannel_int_routinev
                0x40015a10                i2c0_multichannel_int_routine
 .text._Z34fake_i2c1_multichannel_int_routinev
                0x40015a60       0x54 C:\Nburn/lib/NANO54415.a(i2c_class.o)
                0x40015a60                _Z34fake_i2c1_multichannel_int_routinev
                0x40015a64                i2c1_multichannel_int_routine
 .text._Z34fake_i2c2_multichannel_int_routinev
                0x40015ab4       0x54 C:\Nburn/lib/NANO54415.a(i2c_class.o)
                0x40015ab4                _Z34fake_i2c2_multichannel_int_routinev
                0x40015ab8                i2c2_multichannel_int_routine
 .text._Z34fake_i2c3_multichannel_int_routinev
                0x40015b08       0x54 C:\Nburn/lib/NANO54415.a(i2c_class.o)
                0x40015b08                _Z34fake_i2c3_multichannel_int_routinev
                0x40015b0c                i2c3_multichannel_int_routine
 .text._Z34fake_i2c4_multichannel_int_routinev
                0x40015b5c       0x54 C:\Nburn/lib/NANO54415.a(i2c_class.o)
                0x40015b5c                _Z34fake_i2c4_multichannel_int_routinev
                0x40015b60                i2c4_multichannel_int_routine
 .text._Z34fake_i2c5_multichannel_int_routinev
                0x40015bb0       0x54 C:\Nburn/lib/NANO54415.a(i2c_class.o)
                0x40015bb0                _Z34fake_i2c5_multichannel_int_routinev
                0x40015bb4                i2c5_multichannel_int_routine
 .text._ZN10i2c_masterC2Ev
                0x40015c04       0x48 C:\Nburn/lib/NANO54415.a(i2c_class.o)
                0x40015c04                _ZN10i2c_masterC2Ev
                0x40015c04                _ZN10i2c_masterC1Ev
 .text._ZN10i2c_master4initEhh
                0x40015c4c      0x1b0 C:\Nburn/lib/NANO54415.a(i2c_class.o)
                0x40015c4c                _ZN10i2c_master4initEhh
 .text._ZN10i2c_master5resetEv
                0x40015dfc       0x8e C:\Nburn/lib/NANO54415.a(i2c_class.o)
                0x40015dfc                _ZN10i2c_master5resetEv
 *fill*         0x40015e8a        0x2 
 .text._ZN10i2c_master4stopEm
                0x40015e8c       0x76 C:\Nburn/lib/NANO54415.a(i2c_class.o)
                0x40015e8c                _ZN10i2c_master4stopEm
 *fill*         0x40015f02        0x2 
 .text._ZN10i2c_master6write8Ehm
                0x40015f04       0x96 C:\Nburn/lib/NANO54415.a(i2c_class.o)
                0x40015f04                _ZN10i2c_master6write8Ehm
 *fill*         0x40015f9a        0x2 
 .text._ZN10i2c_master5startEhbm
                0x40015f9c       0xe4 C:\Nburn/lib/NANO54415.a(i2c_class.o)
                0x40015f9c                _ZN10i2c_master5startEhbm
 .text._ZN10i2c_master7restartEhbm
                0x40016080       0xaa C:\Nburn/lib/NANO54415.a(i2c_class.o)
                0x40016080                _ZN10i2c_master7restartEhbm
 *fill*         0x4001612a        0x2 
 .text._ZN10i2c_master5read8EPhm
                0x4001612c       0x86 C:\Nburn/lib/NANO54415.a(i2c_class.o)
                0x4001612c                _ZN10i2c_master5read8EPhm
 *fill*         0x400161b2        0x2 
 .text._ZN10i2c_master16SlaveRX_CallbackEh
                0x400161b4       0x78 C:\Nburn/lib/NANO54415.a(i2c_class.o)
                0x400161b4                _ZN10i2c_master16SlaveRX_CallbackEh
 .text._ZN10i2c_master3isrEv
                0x4001622c      0x35e C:\Nburn/lib/NANO54415.a(i2c_class.o)
                0x4001622c                _ZN10i2c_master3isrEv
 *fill*         0x4001658a        0x2 
 .text.real_i2c0_multichannel_int_routine
                0x4001658c       0x16 C:\Nburn/lib/NANO54415.a(i2c_class.o)
                0x4001658c                real_i2c0_multichannel_int_routine
 *fill*         0x400165a2        0x2 
 .text.real_i2c1_multichannel_int_routine
                0x400165a4       0x16 C:\Nburn/lib/NANO54415.a(i2c_class.o)
                0x400165a4                real_i2c1_multichannel_int_routine
 *fill*         0x400165ba        0x2 
 .text.real_i2c2_multichannel_int_routine
                0x400165bc       0x16 C:\Nburn/lib/NANO54415.a(i2c_class.o)
                0x400165bc                real_i2c2_multichannel_int_routine
 *fill*         0x400165d2        0x2 
 .text.real_i2c3_multichannel_int_routine
                0x400165d4       0x16 C:\Nburn/lib/NANO54415.a(i2c_class.o)
                0x400165d4                real_i2c3_multichannel_int_routine
 *fill*         0x400165ea        0x2 
 .text.real_i2c4_multichannel_int_routine
                0x400165ec       0x16 C:\Nburn/lib/NANO54415.a(i2c_class.o)
                0x400165ec                real_i2c4_multichannel_int_routine
 *fill*         0x40016602        0x2 
 .text.real_i2c5_multichannel_int_routine
                0x40016604       0x16 C:\Nburn/lib/NANO54415.a(i2c_class.o)
                0x40016604                real_i2c5_multichannel_int_routine
 *fill*         0x4001661a        0x2 
 .text.startup._GLOBAL__sub_I_I2C
                0x4001661c       0x34 C:\Nburn/lib/NANO54415.a(i2c_class.o)
 .text.startup  0x40016650        0xc C:\Nburn/lib/NetBurner.a(main.o)
                0x40016650                main
 .text._Z22TopOfStackKillfunctionv
                0x4001665c        0xc C:\Nburn/lib/NetBurner.a(ucosmcfc.o)
                0x4001665c                _Z22TopOfStackKillfunctionv
                0x40016660                KillFunctionLink
 .text._Z9OSTCBInithPvS_PlPKc
                0x40016668       0xd6 C:\Nburn/lib/NetBurner.a(ucosmcfc.o)
                0x40016668                _Z9OSTCBInithPvS_PlPKc
 *fill*         0x4001673e        0x2 
 .text._Z17OSTaskCreatewNamePFvPvES_S_S_hPKc.part.0
                0x40016740      0x1d2 C:\Nburn/lib/NetBurner.a(ucosmcfc.o)
 *fill*         0x40016912        0x2 
 .text._Z17OSTaskCreatewNamePFvPvES_S_S_hPKc
                0x40016914       0x44 C:\Nburn/lib/NetBurner.a(ucosmcfc.o)
                0x40016914                _Z17OSTaskCreatewNamePFvPvES_S_S_hPKc
 .text._ZL10OSTaskIdlePv
                0x40016958       0x2a C:\Nburn/lib/NetBurner.a(ucos.o)
 *fill*         0x40016982        0x2 
 .text._Z6OSInitPvS_h
                0x40016984      0x174 C:\Nburn/lib/NetBurner.a(ucos.o)
                0x40016984                _Z6OSInitPvS_h
 .text._Z7OSStartv
                0x40016af8       0x7c C:\Nburn/lib/NetBurner.a(ucos.o)
                0x40016af8                _Z7OSStartv
 .text.OSSched  0x40016b74       0x92 C:\Nburn/lib/NetBurner.a(ucos.o)
                0x40016b74                OSSched
                0x40016bf8                UCOSWAITS_HERE
 *fill*         0x40016c06        0x2 
 .text.OSIntExit
                0x40016c08       0x94 C:\Nburn/lib/NetBurner.a(ucos.o)
                0x40016c08                OSIntExit
 .text._Z9OSTimeDlyt
                0x40016c9c       0xb4 C:\Nburn/lib/NetBurner.a(ucos.o)
                0x40016c9c                _Z9OSTimeDlyt
 .text.OSTimeTick
                0x40016d50      0x104 C:\Nburn/lib/NetBurner.a(ucos.o)
                0x40016d50                OSTimeTick
 .text._Z12OSTCBGetFreev
                0x40016e54       0x2c C:\Nburn/lib/NetBurner.a(ucos.o)
                0x40016e54                _Z12OSTCBGetFreev
 .text._Z6OSLockv
                0x40016e80       0x26 C:\Nburn/lib/NetBurner.a(ucos.o)
                0x40016e80                _Z6OSLockv
 *fill*         0x40016ea6        0x2 
 .text._Z8OSUnlockv
                0x40016ea8       0x3e C:\Nburn/lib/NetBurner.a(ucos.o)
                0x40016ea8                _Z8OSUnlockv
 *fill*         0x40016ee6        0x2 
 .text._Z12OSChangePrioh
                0x40016ee8      0x100 C:\Nburn/lib/NetBurner.a(ucos.o)
                0x40016ee8                _Z12OSChangePrioh
 .text._Z12OSTaskDeletev
                0x40016fe8      0x112 C:\Nburn/lib/NetBurner.a(ucos.o)
                0x40016fe8                _Z12OSTaskDeletev
 *fill*         0x400170fa        0x2 
 .text._ZN15OS_TASK_DLY_OBJC2Ev
                0x400170fc       0x30 C:\Nburn/lib/NetBurner.a(ucos.o)
                0x400170fc                _ZN15OS_TASK_DLY_OBJC2Ev
                0x400170fc                _ZN15OS_TASK_DLY_OBJC1Ev
 .text._ZN6OS_SEM5ClaimEv
                0x4001712c       0x52 C:\Nburn/lib/NetBurner.a(ucos.o)
                0x4001712c                _ZN6OS_SEM5ClaimEv
 *fill*         0x4001717e        0x2 
 .text._ZN6OS_SEM4InitEl
                0x40017180       0x88 C:\Nburn/lib/NetBurner.a(ucos.o)
                0x40017180                _ZN6OS_SEM4InitEl
 .text._ZN6OS_SEM4PendEm
                0x40017208      0x1d6 C:\Nburn/lib/NetBurner.a(ucos.o)
                0x40017208                _ZN6OS_SEM4PendEm
 *fill*         0x400173de        0x2 
 .text._ZN6OS_SEM10PendNoWaitEv
                0x400173e0       0x3a C:\Nburn/lib/NetBurner.a(ucos.o)
                0x400173e0                _ZN6OS_SEM10PendNoWaitEv
 *fill*         0x4001741a        0x2 
 .text._ZN6OS_SEM4PostEv
                0x4001741c      0x178 C:\Nburn/lib/NetBurner.a(ucos.o)
                0x4001741c                _ZN6OS_SEM4PostEv
 .text._ZN7OS_FIFO4InitEv
                0x40017594       0x48 C:\Nburn/lib/NetBurner.a(ucos.o)
                0x40017594                _ZN7OS_FIFO4InitEv
 .text._ZN7OS_FIFO4PendEPPV10os_fifo_elm
                0x400175dc      0x1d6 C:\Nburn/lib/NetBurner.a(ucos.o)
                0x400175dc                _ZN7OS_FIFO4PendEPPV10os_fifo_elm
 *fill*         0x400177b2        0x2 
 .text._ZN7OS_FIFO4PostEP10os_fifo_el
                0x400177b4      0x160 C:\Nburn/lib/NetBurner.a(ucos.o)
                0x400177b4                _ZN7OS_FIFO4PostEP10os_fifo_el
 .text._ZN7OS_CRIT4InitEv
                0x40017914       0x4c C:\Nburn/lib/NetBurner.a(ucos.o)
                0x40017914                _ZN7OS_CRIT4InitEv
 .text._ZN7OS_CRIT5EnterEm
                0x40017960      0x208 C:\Nburn/lib/NetBurner.a(ucos.o)
                0x40017960                _ZN7OS_CRIT5EnterEm
 .text._ZN7OS_CRIT11EnterNoWaitEv
                0x40017b68       0x70 C:\Nburn/lib/NetBurner.a(ucos.o)
                0x40017b68                _ZN7OS_CRIT11EnterNoWaitEv
 .text._ZN7OS_CRIT5LeaveEv
                0x40017bd8      0x19e C:\Nburn/lib/NetBurner.a(ucos.o)
                0x40017bd8                _ZN7OS_CRIT5LeaveEv
 *fill*         0x40017d76        0x2 
 .text.cppmain  0x40017d78       0x40 C:\Nburn/lib/NetBurner.a(cppmain.o)
                0x40017d78                cppmain
 .text._Z24SetAddressWriteRangeTrapmm
                0x40017db8       0xec C:\Nburn/lib/NetBurner.a(debugtrap.o)
                0x40017db8                _Z24SetAddressWriteRangeTrapmm
 .text._Z23SetAddressReadRangeTrapmm
                0x40017ea4       0xec C:\Nburn/lib/NetBurner.a(debugtrap.o)
                0x40017ea4                _Z23SetAddressReadRangeTrapmm
 .text.UCosSetup
                0x40017f90       0x80 C:\Nburn/lib/NetBurner.a(ucosmain.o)
                0x40017f90                UCosSetup
 .text.__malloc_lock
                0x40018010       0x1c C:\Nburn/lib/NetBurner.a(ucosmain.o)
                0x40018010                __malloc_lock
 .text.__malloc_unlock
                0x4001802c       0x1c C:\Nburn/lib/NetBurner.a(ucosmain.o)
                0x4001802c                __malloc_unlock
 .text._Z9UCosBeginv
                0x40018048       0xba C:\Nburn/lib/NetBurner.a(ucosmain.o)
                0x40018048                _Z9UCosBeginv
 *fill*         0x40018102        0x2 
 .text._Z22EnableOSStackProtectorv
                0x40018104       0x14 C:\Nburn/lib/NetBurner.a(ucosmain.o)
                0x40018104                _Z22EnableOSStackProtectorv
 .text.OSStackProtector
                0x40018118       0x24 C:\Nburn/lib/NetBurner.a(ucosmain.o)
                0x40018118                OSStackProtector
 .text.startup._GLOBAL__sub_I_OSIdleTaskStk
                0x4001813c       0x22 C:\Nburn/lib/NetBurner.a(ucosmain.o)
 *fill*         0x4001815e        0x2 
 .text.ioctl    0x40018160       0x76 C:\Nburn/lib/NetBurner.a(fileio.o)
                0x40018160                ioctl
 *fill*         0x400181d6        0x2 
 .text.close    0x400181d8       0x4c C:\Nburn/lib/NetBurner.a(fileio.o)
                0x400181d8                close
 .text.write    0x40018224      0x150 C:\Nburn/lib/NetBurner.a(fileio.o)
                0x40018224                write
 .text._Z8rawwriteiPKci
                0x40018374       0x82 C:\Nburn/lib/NetBurner.a(fileio.o)
                0x40018374                _Z8rawwriteiPKci
 *fill*         0x400183f6        0x2 
 .text.isatty   0x400183f8       0x14 C:\Nburn/lib/NetBurner.a(fileio.o)
                0x400183f8                isatty
 .text.lseek    0x4001840c       0x16 C:\Nburn/lib/NetBurner.a(fileio.o)
                0x4001840c                lseek
 *fill*         0x40018422        0x2 
 .text.fstat    0x40018424       0x1c C:\Nburn/lib/NetBurner.a(fileio.o)
                0x40018424                fstat
 .text._Z11stdioinbytei
                0x40018440       0x76 C:\Nburn/lib/NetBurner.a(fileio.o)
                0x40018440                _Z11stdioinbytei
 *fill*         0x400184b6        0x2 
 .text.read     0x400184b8      0x1aa C:\Nburn/lib/NetBurner.a(fileio.o)
                0x400184b8                read
 *fill*         0x40018662        0x2 
 .text.ReplaceStdio
                0x40018664       0xa0 C:\Nburn/lib/NetBurner.a(fileio.o)
                0x40018664                ReplaceStdio
 .text.CurrentStdioFD
                0x40018704       0x22 C:\Nburn/lib/NetBurner.a(fileio.o)
                0x40018704                CurrentStdioFD
 *fill*         0x40018726        0x2 
 .text._Z9isvalidcrP12ConfigRecord
                0x40018728       0x46 C:\Nburn/lib/NetBurner.a(system.o)
                0x40018728                _Z9isvalidcrP12ConfigRecord
 *fill*         0x4001876e        0x2 
 .text._Z12RawGetConfigi
                0x40018770       0x24 C:\Nburn/lib/NetBurner.a(system.o)
                0x40018770                _Z12RawGetConfigi
 .text._Z22UpdateConfigRecord_NumP12ConfigRecordi
                0x40018794      0x184 C:\Nburn/lib/NetBurner.a(system.o)
                0x40018794                _Z22UpdateConfigRecord_NumP12ConfigRecordi
 .text._Z18UpdateConfigRecordP12ConfigRecord
                0x40018918       0x16 C:\Nburn/lib/NetBurner.a(system.o)
                0x40018918                _Z18UpdateConfigRecordP12ConfigRecord
 *fill*         0x4001892e        0x2 
 .text._Z7ShowMacP6MACADR
                0x40018930       0x42 C:\Nburn/lib/NetBurner.a(utils.o)
                0x40018930                _Z7ShowMacP6MACADR
 *fill*         0x40018972        0x2 
 .text._Z7ShowIP47IPADDR4
                0x40018974       0x36 C:\Nburn/lib/NetBurner.a(utils.o)
                0x40018974                _Z7ShowIP47IPADDR4
 *fill*         0x400189aa        0x2 
 .text._Z9snShowIP4Pcm7IPADDR4
                0x400189ac       0x3a C:\Nburn/lib/NetBurner.a(utils.o)
                0x400189ac                _Z9snShowIP4Pcm7IPADDR4
 *fill*         0x400189e6        0x2 
 .text._Z8ShowDataPKht
                0x400189e8      0x556 C:\Nburn/lib/NetBurner.a(utils.o)
                0x400189e8                _Z8ShowDataPKht
 *fill*         0x40018f3e        0x2 
 .text._Z11IsBroadCast7IPADDR4i.part.1
                0x40018f40       0x48 C:\Nburn/lib/NetBurner.a(ip.o)
 .text._Z12AddInterface7IPADDR4S_S_i
                0x40018f88      0x156 C:\Nburn/lib/NetBurner.a(ip.o)
                0x40018f88                _Z12AddInterface7IPADDR4S_S_i
 *fill*         0x400190de        0x2 
 .text._Z22GetMultiHomeInterface47IPADDR4i
                0x400190e0       0x6e C:\Nburn/lib/NetBurner.a(ip.o)
                0x400190e0                _Z22GetMultiHomeInterface47IPADDR4i
 *fill*         0x4001914e        0x2 
 .text._Z10DoIPPacketP11pool_bufferP6EFRAMEt
                0x40019150      0x1ae C:\Nburn/lib/NetBurner.a(ip.o)
                0x40019150                _Z10DoIPPacketP11pool_bufferP6EFRAMEt
 *fill*         0x400192fe        0x2 
 .text._Z8IsLocal47IPADDR4i
                0x40019300       0x44 C:\Nburn/lib/NetBurner.a(ip.o)
                0x40019300                _Z8IsLocal47IPADDR4i
 .text._Z11IsBroadCast7IPADDR4i
                0x40019344       0x1c C:\Nburn/lib/NetBurner.a(ip.o)
                0x40019344                _Z11IsBroadCast7IPADDR4i
 .text._Z7IsMyIp47IPADDR4
                0x40019360       0x20 C:\Nburn/lib/NetBurner.a(ip.o)
                0x40019360                _Z7IsMyIp47IPADDR4
 .text._Z16FixHeaderAndSendP11pool_bufferP5IPPKT
                0x40019380      0x210 C:\Nburn/lib/NetBurner.a(ip.o)
                0x40019380                _Z16FixHeaderAndSendP11pool_bufferP5IPPKT
 .text._Z28FixHeaderAndSendViaInterfaceP11pool_bufferP5IPPKTi
                0x40019590      0x192 C:\Nburn/lib/NetBurner.a(ip.o)
                0x40019590                _Z28FixHeaderAndSendViaInterfaceP11pool_bufferP5IPPKTi
 *fill*         0x40019722        0x2 
 .text._Z9SaveErrorP11pool_buffer
                0x40019724       0x42 C:\Nburn/lib/NetBurner.a(ip.o)
                0x40019724                _Z9SaveErrorP11pool_buffer
 *fill*         0x40019766        0x2 
 .text._Z13process_icmp4P11pool_bufferP5IPPKTt
                0x40019768      0x150 C:\Nburn/lib/NetBurner.a(ip.o)
                0x40019768                _Z13process_icmp4P11pool_bufferP5IPPKTt
 .text._Z6IPTaskPv
                0x400198b8      0x23a C:\Nburn/lib/NetBurner.a(ip.o)
                0x400198b8                _Z6IPTaskPv
 *fill*         0x40019af2        0x2 
 .text._Z15InitializeStack7IPADDR4S_S_S_
                0x40019af4      0x144 C:\Nburn/lib/NetBurner.a(ip.o)
                0x40019af4                _Z15InitializeStack7IPADDR4S_S_S_
 .text._Z9FixUpICMPP5IPPKThhPht
                0x40019c38       0x68 C:\Nburn/lib/NetBurner.a(ip.o)
                0x40019c38                _Z9FixUpICMPP5IPPKThhPht
 .text._Z13SendICMPErrorP11pool_bufferhh
                0x40019ca0       0xa8 C:\Nburn/lib/NetBurner.a(ip.o)
                0x40019ca0                _Z13SendICMPErrorP11pool_bufferhh
 .text.startup._GLOBAL__sub_I_wGlobalPktId
                0x40019d48       0x5c C:\Nburn/lib/NetBurner.a(ip.o)
 .text._Z13IncUsageCountP11pool_buffer
                0x40019da4       0x3e C:\Nburn/lib/NetBurner.a(buffers.o)
                0x40019da4                _Z13IncUsageCountP11pool_buffer
 *fill*         0x40019de2        0x2 
 .text._Z12GetFreeCountv
                0x40019de4       0x16 C:\Nburn/lib/NetBurner.a(buffers.o)
                0x40019de4                _Z12GetFreeCountv
 *fill*         0x40019dfa        0x2 
 .text._ZN11buffer_list10InsertHeadEP11pool_buffer
                0x40019dfc       0x6c C:\Nburn/lib/NetBurner.a(buffers.o)
                0x40019dfc                _ZN11buffer_list10InsertHeadEP11pool_buffer
 .text._Z10FreeBufferP11pool_buffer
                0x40019e68       0x8c C:\Nburn/lib/NetBurner.a(buffers.o)
                0x40019e68                _Z10FreeBufferP11pool_buffer
 .text._Z11InitBuffersv
                0x40019ef4       0xca C:\Nburn/lib/NetBurner.a(buffers.o)
                0x40019ef4                _Z11InitBuffersv
 *fill*         0x40019fbe        0x2 
 .text._ZN11buffer_list10InsertTailEP11pool_buffer
                0x40019fc0       0x5e C:\Nburn/lib/NetBurner.a(buffers.o)
                0x40019fc0                _ZN11buffer_list10InsertTailEP11pool_buffer
 *fill*         0x4001a01e        0x2 
 .text._ZN11buffer_list10RemoveHeadEv
                0x4001a020       0x62 C:\Nburn/lib/NetBurner.a(buffers.o)
                0x4001a020                _ZN11buffer_list10RemoveHeadEv
 *fill*         0x4001a082        0x2 
 .text._Z9GetBufferv
                0x4001a084       0x44 C:\Nburn/lib/NetBurner.a(buffers.o)
                0x4001a084                _Z9GetBufferv
 .text._ZN19fifo_buffer_storage14LongSpaceAvailEv
                0x4001a0c8       0xc4 C:\Nburn/lib/NetBurner.a(buffers.o)
                0x4001a0c8                _ZN19fifo_buffer_storage14LongSpaceAvailEv
 .text._ZN19fifo_buffer_storage10SpaceAvailEv
                0x4001a18c       0x1e C:\Nburn/lib/NetBurner.a(buffers.o)
                0x4001a18c                _ZN19fifo_buffer_storage10SpaceAvailEv
 *fill*         0x4001a1aa        0x2 
 .text._ZN19fifo_buffer_storage9SpaceUsedEv
                0x4001a1ac       0x10 C:\Nburn/lib/NetBurner.a(buffers.o)
                0x4001a1ac                _ZN19fifo_buffer_storage9SpaceUsedEv
 .text._ZN19fifo_buffer_storage8ReadDataEPhi
                0x4001a1bc      0x144 C:\Nburn/lib/NetBurner.a(buffers.o)
                0x4001a1bc                _ZN19fifo_buffer_storage8ReadDataEPhi
 .text._ZN19fifo_buffer_storage12ReadDatawSumEPhiRm
                0x4001a300      0x1aa C:\Nburn/lib/NetBurner.a(buffers.o)
                0x4001a300                _ZN19fifo_buffer_storage12ReadDatawSumEPhiRm
 *fill*         0x4001a4aa        0x2 
 .text._ZN19fifo_buffer_storage9WriteDataEPhi
                0x4001a4ac      0x274 C:\Nburn/lib/NetBurner.a(buffers.o)
                0x4001a4ac                _ZN19fifo_buffer_storage9WriteDataEPhi
 .text._ZN19fifo_buffer_storageC2Ehh
                0x4001a720       0x7c C:\Nburn/lib/NetBurner.a(buffers.o)
                0x4001a720                _ZN19fifo_buffer_storageC1Ehh
                0x4001a720                _ZN19fifo_buffer_storageC2Ehh
 .text._ZN19fifo_buffer_storage4InitEhh
                0x4001a79c       0x6c C:\Nburn/lib/NetBurner.a(buffers.o)
                0x4001a79c                _ZN19fifo_buffer_storage4InitEhh
 .text._ZN19fifo_buffer_storage5ResetEh
                0x4001a808       0xd4 C:\Nburn/lib/NetBurner.a(buffers.o)
                0x4001a808                _ZN19fifo_buffer_storage5ResetEh
 .text._ZN19fifo_buffer_storageD2Ev
                0x4001a8dc       0x16 C:\Nburn/lib/NetBurner.a(buffers.o)
                0x4001a8dc                _ZN19fifo_buffer_storageD1Ev
                0x4001a8dc                _ZN19fifo_buffer_storageD2Ev
 *fill*         0x4001a8f2        0x2 
 .text._ZN19fifo_buffer_storage5EmptyEv
                0x4001a8f4       0x14 C:\Nburn/lib/NetBurner.a(buffers.o)
                0x4001a8f4                _ZN19fifo_buffer_storage5EmptyEv
 .text._ZN19fifo_buffer_storage4FullEv
                0x4001a908       0x40 C:\Nburn/lib/NetBurner.a(buffers.o)
                0x4001a908                _ZN19fifo_buffer_storage4FullEv
 .text.startup._GLOBAL__sub_I_static_pool_buffers
                0x4001a948       0x2e C:\Nburn/lib/NetBurner.a(buffers.o)
 *fill*         0x4001a976        0x2 
 .text._Z6IsNullP9ArpRecord
                0x4001a978       0x24 C:\Nburn/lib/NetBurner.a(arp.o)
                0x4001a978                _Z6IsNullP9ArpRecord
 .text._Z25GetInterfaceForMyAddress47IPADDR4
                0x4001a99c       0x58 C:\Nburn/lib/NetBurner.a(arp.o)
                0x4001a99c                _Z25GetInterfaceForMyAddress47IPADDR4
 .text._Z13InitializeArpv
                0x4001a9f4       0x88 C:\Nburn/lib/NetBurner.a(arp.o)
                0x4001a9f4                _Z13InitializeArpv
 .text._Z7FindArp7IPADDR4
                0x4001aa7c      0x118 C:\Nburn/lib/NetBurner.a(arp.o)
                0x4001aa7c                _Z7FindArp7IPADDR4
 .text._Z9GetSrcIp47IPADDR4
                0x4001ab94       0xf8 C:\Nburn/lib/NetBurner.a(arp.o)
                0x4001ab94                _Z9GetSrcIp47IPADDR4
 .text._Z19GetProperInterface47IPADDR4
                0x4001ac8c       0xbc C:\Nburn/lib/NetBurner.a(arp.o)
                0x4001ac8c                _Z19GetProperInterface47IPADDR4
 .text._Z9DeleteArpP9ArpRecord
                0x4001ad48      0x1d2 C:\Nburn/lib/NetBurner.a(arp.o)
                0x4001ad48                _Z9DeleteArpP9ArpRecord
 *fill*         0x4001af1a        0x2 
 .text._Z11GetFirstArpv
                0x4001af1c       0x62 C:\Nburn/lib/NetBurner.a(arp.o)
                0x4001af1c                _Z11GetFirstArpv
 *fill*         0x4001af7e        0x2 
 .text._Z10GetNextArpP9ArpRecord
                0x4001af80       0x78 C:\Nburn/lib/NetBurner.a(arp.o)
                0x4001af80                _Z10GetNextArpP9ArpRecord
 .text._Z10RawSendArpP9ArpRecord7IPADDR4i
                0x4001aff8       0xea C:\Nburn/lib/NetBurner.a(arp.o)
                0x4001aff8                _Z10RawSendArpP9ArpRecord7IPADDR4i
 *fill*         0x4001b0e2        0x2 
 .text._Z17sendGratuitousArpi
                0x4001b0e4       0xc8 C:\Nburn/lib/NetBurner.a(arp.o)
                0x4001b0e4                _Z17sendGratuitousArpi
 .text._Z7SendArpP9ArpRecordi
                0x4001b1ac       0x70 C:\Nburn/lib/NetBurner.a(arp.o)
                0x4001b1ac                _Z7SendArpP9ArpRecordi
 .text._Z6AgeArpv
                0x4001b21c      0x10e C:\Nburn/lib/NetBurner.a(arp.o)
                0x4001b21c                _Z6AgeArpv
 *fill*         0x4001b32a        0x2 
 .text._Z10FreeOneArpv
                0x4001b32c       0xa6 C:\Nburn/lib/NetBurner.a(arp.o)
                0x4001b32c                _Z10FreeOneArpv
 *fill*         0x4001b3d2        0x2 
 .text._Z10FindAddArp7IPADDR4
                0x4001b3d4      0x210 C:\Nburn/lib/NetBurner.a(arp.o)
                0x4001b3d4                _Z10FindAddArp7IPADDR4
 .text._Z6SetMacP9ArpRecord6MACADRi
                0x4001b5e4       0x8c C:\Nburn/lib/NetBurner.a(arp.o)
                0x4001b5e4                _Z6SetMacP9ArpRecord6MACADRi
 .text._Z10AddPendingP6MACADR7IPADDR4i
                0x4001b670       0x5a C:\Nburn/lib/NetBurner.a(arp.o)
                0x4001b670                _Z10AddPendingP6MACADR7IPADDR4i
 *fill*         0x4001b6ca        0x2 
 .text._Z11AddCheckArpP6MACADR7IPADDR4i
                0x4001b6cc       0xa2 C:\Nburn/lib/NetBurner.a(arp.o)
                0x4001b6cc                _Z11AddCheckArpP6MACADR7IPADDR4i
 *fill*         0x4001b76e        0x2 
 .text._Z10processArpP11pool_bufferP6EFRAME
                0x4001b770      0x2d6 C:\Nburn/lib/NetBurner.a(arp.o)
                0x4001b770                _Z10processArpP11pool_bufferP6EFRAME
 *fill*         0x4001ba46        0x2 
 .text._Z8NeedsArpi
                0x4001ba48       0x32 C:\Nburn/lib/NetBurner.a(arp.o)
                0x4001ba48                _Z8NeedsArpi
 *fill*         0x4001ba7a        0x2 
 .text._Z8RouteOutP6EFRAME7IPADDR4P11pool_buffer
                0x4001ba7c      0x272 C:\Nburn/lib/NetBurner.a(arp.o)
                0x4001ba7c                _Z8RouteOutP6EFRAME7IPADDR4P11pool_buffer
 *fill*         0x4001bcee        0x2 
 .text._Z11RouteOutViaP6EFRAME7IPADDR4P11pool_bufferi
                0x4001bcf0      0x22c C:\Nburn/lib/NetBurner.a(arp.o)
                0x4001bcf0                _Z11RouteOutViaP6EFRAME7IPADDR4P11pool_bufferi
 .text._Z8MacEqual6MACADRS_
                0x4001bf1c       0x3e C:\Nburn/lib/NetBurner.a(arp.o)
                0x4001bf1c                _Z8MacEqual6MACADRS_
 *fill*         0x4001bf5a        0x2 
 .text.startup._GLOBAL__sub_I_ARP_critical_section
                0x4001bf5c       0x38 C:\Nburn/lib/NetBurner.a(arp.o)
 .text._Z13GetUdpFifoRecti
                0x4001bf94       0xcc C:\Nburn/lib/NetBurner.a(udp.o)
                0x4001bf94                _Z13GetUdpFifoRecti
 .text._ZN9UDPPacketC2EP11pool_buffer
                0x4001c060       0x28 C:\Nburn/lib/NetBurner.a(udp.o)
                0x4001c060                _ZN9UDPPacketC1EP11pool_buffer
                0x4001c060                _ZN9UDPPacketC2EP11pool_buffer
 .text._ZN9UDPPacketC2ERS_
                0x4001c088       0x28 C:\Nburn/lib/NetBurner.a(udp.o)
                0x4001c088                _ZN9UDPPacketC1ERS_
                0x4001c088                _ZN9UDPPacketC2ERS_
 .text._ZN9UDPPacketC2Eb
                0x4001c0b0       0x5a C:\Nburn/lib/NetBurner.a(udp.o)
                0x4001c0b0                _ZN9UDPPacketC2Eb
                0x4001c0b0                _ZN9UDPPacketC1Eb
 *fill*         0x4001c10a        0x2 
 .text._ZN9UDPPacketD2Ev
                0x4001c10c       0x1c C:\Nburn/lib/NetBurner.a(udp.o)
                0x4001c10c                _ZN9UDPPacketD1Ev
                0x4001c10c                _ZN9UDPPacketD2Ev
 .text._ZN9UDPPacket13SetSourcePortEt
                0x4001c128       0x1a C:\Nburn/lib/NetBurner.a(udp.o)
                0x4001c128                _ZN9UDPPacket13SetSourcePortEt
 *fill*         0x4001c142        0x2 
 .text._ZNK9UDPPacket13GetSourcePortEv
                0x4001c144       0x1c C:\Nburn/lib/NetBurner.a(udp.o)
                0x4001c144                _ZNK9UDPPacket13GetSourcePortEv
 .text._ZN9UDPPacket17GetSourceAddress4Ev
                0x4001c160       0x2c C:\Nburn/lib/NetBurner.a(udp.o)
                0x4001c160                _ZN9UDPPacket17GetSourceAddress4Ev
 .text._ZN9UDPPacket22GetDestinationAddress4Ev
                0x4001c18c       0x2c C:\Nburn/lib/NetBurner.a(udp.o)
                0x4001c18c                _ZN9UDPPacket22GetDestinationAddress4Ev
 .text._ZN9UDPPacket18SetDestinationPortEt
                0x4001c1b8       0x1c C:\Nburn/lib/NetBurner.a(udp.o)
                0x4001c1b8                _ZN9UDPPacket18SetDestinationPortEt
 .text._ZNK9UDPPacket18GetDestinationPortEv
                0x4001c1d4       0x1e C:\Nburn/lib/NetBurner.a(udp.o)
                0x4001c1d4                _ZNK9UDPPacket18GetDestinationPortEv
 *fill*         0x4001c1f2        0x2 
 .text._ZN9UDPPacket13GetDataBufferEb
                0x4001c1f4       0x62 C:\Nburn/lib/NetBurner.a(udp.o)
                0x4001c1f4                _ZN9UDPPacket13GetDataBufferEb
 *fill*         0x4001c256        0x2 
 .text._ZN9UDPPacket11SetDataSizeEt
                0x4001c258       0x1e C:\Nburn/lib/NetBurner.a(udp.o)
                0x4001c258                _ZN9UDPPacket11SetDataSizeEt
 *fill*         0x4001c276        0x2 
 .text._ZNK9UDPPacket11GetDataSizeEv
                0x4001c278       0x20 C:\Nburn/lib/NetBurner.a(udp.o)
                0x4001c278                _ZNK9UDPPacket11GetDataSizeEv
 .text._ZN9UDPPacket7AddDataEPKht
                0x4001c298       0x98 C:\Nburn/lib/NetBurner.a(udp.o)
                0x4001c298                _ZN9UDPPacket7AddDataEPKht
 .text._ZN9UDPPacket7AddDataEPKc
                0x4001c330       0x30 C:\Nburn/lib/NetBurner.a(udp.o)
                0x4001c330                _ZN9UDPPacket7AddDataEPKc
 .text._ZN9UDPPacket11AddDataByteEh
                0x4001c360       0x24 C:\Nburn/lib/NetBurner.a(udp.o)
                0x4001c360                _ZN9UDPPacket11AddDataByteEh
 .text._ZN9UDPPacket9ResetDataEv
                0x4001c384       0x1a C:\Nburn/lib/NetBurner.a(udp.o)
                0x4001c384                _ZN9UDPPacket9ResetDataEv
 *fill*         0x4001c39e        0x2 
 .text._ZN9UDPPacket5Send4E7IPADDR4h
                0x4001c3a0       0xfa C:\Nburn/lib/NetBurner.a(udp.o)
                0x4001c3a0                _ZN9UDPPacket5Send4E7IPADDR4h
 *fill*         0x4001c49a        0x2 
 .text._ZN9UDPPacket20SendViaInterfaceNum4E7IPADDR4ih
                0x4001c49c       0xfc C:\Nburn/lib/NetBurner.a(udp.o)
                0x4001c49c                _ZN9UDPPacket20SendViaInterfaceNum4E7IPADDR4ih
 .text._ZN9UDPPacket8ValidateEv
                0x4001c598       0x82 C:\Nburn/lib/NetBurner.a(udp.o)
                0x4001c598                _ZN9UDPPacket8ValidateEv
 *fill*         0x4001c61a        0x2 
 .text._Z15FixIDDataPacketR9UDPPacketP15_InterfaceBlock
                0x4001c61c       0xb4 C:\Nburn/lib/NetBurner.a(udp.o)
                0x4001c61c                _Z15FixIDDataPacketR9UDPPacketP15_InterfaceBlock
 .text._Z13FixWifiConfigR12ConfigRecord
                0x4001c6d0      0x156 C:\Nburn/lib/NetBurner.a(udp.o)
                0x4001c6d0                _Z13FixWifiConfigR12ConfigRecord
 *fill*         0x4001c826        0x2 
 .text._Z15ProcessIDPacketR9UDPPacketi
                0x4001c828      0x668 C:\Nburn/lib/NetBurner.a(udp.o)
                0x4001c828                _Z15ProcessIDPacketR9UDPPacketi
 .text._ZN9UDPPacket15process_all_udpEv
                0x4001ce90      0x27c C:\Nburn/lib/NetBurner.a(udp.o)
                0x4001ce90                _ZN9UDPPacket15process_all_udpEv
 .text._Z12process_udp4P11pool_bufferP5IPPKTt
                0x4001d10c       0x8a C:\Nburn/lib/NetBurner.a(udp.o)
                0x4001d10c                _Z12process_udp4P11pool_bufferP5IPPKTt
 *fill*         0x4001d196        0x2 
 .text.__tcf_0  0x4001d198       0x3a C:\Nburn/lib/NetBurner.a(tcp.o)
 *fill*         0x4001d1d2        0x2 
 .text._ZN16TcpCarrierPacket9GetDefMssERK7IPADDR6.part.25
                0x4001d1d4       0x3e C:\Nburn/lib/NetBurner.a(tcp.o)
 *fill*         0x4001d212        0x2 
 .text._Z12ValidateTCP4P5IPPKTt
                0x4001d214       0xc6 C:\Nburn/lib/NetBurner.a(tcp.o)
                0x4001d214                _Z12ValidateTCP4P5IPPKTt
 *fill*         0x4001d2da        0x2 
 .text._Z20FixHeaderAndSendTcp4P11pool_bufferP5IPPKTP13socket_struct
                0x4001d2dc      0x122 C:\Nburn/lib/NetBurner.a(tcp.o)
                0x4001d2dc                _Z20FixHeaderAndSendTcp4P11pool_bufferP5IPPKTP13socket_struct
 *fill*         0x4001d3fe        0x2 
 .text._Z12TcpSendwSum4P13socket_struct7IPADDR4R16TcpCarrierPackethm
                0x4001d400      0x24e C:\Nburn/lib/NetBurner.a(tcp.o)
                0x4001d400                _Z12TcpSendwSum4P13socket_struct7IPADDR4R16TcpCarrierPackethm
 *fill*         0x4001d64e        0x2 
 .text._Z11TcpSendwSumP13socket_structRK7IPADDR6R16TcpCarrierPackethm
                0x4001d650       0x70 C:\Nburn/lib/NetBurner.a(tcp.o)
                0x4001d650                _Z11TcpSendwSumP13socket_structRK7IPADDR6R16TcpCarrierPackethm
 .text._Z15TcpSendwSumFromRK7IPADDR6S1_R16TcpCarrierPackethm
                0x4001d6c0       0x6e C:\Nburn/lib/NetBurner.a(tcp.o)
                0x4001d6c0                _Z15TcpSendwSumFromRK7IPADDR6S1_R16TcpCarrierPackethm
 *fill*         0x4001d72e        0x2 
 .text._Z7TcpSendP13socket_structRK7IPADDR6R16TcpCarrierPacketh
                0x4001d730       0xd6 C:\Nburn/lib/NetBurner.a(tcp.o)
                0x4001d730                _Z7TcpSendP13socket_structRK7IPADDR6R16TcpCarrierPacketh
 *fill*         0x4001d806        0x2 
 .text._Z7InitTCPv
                0x4001d808      0x24e C:\Nburn/lib/NetBurner.a(tcp.o)
                0x4001d808                _Z7InitTCPv
 *fill*         0x4001da56        0x2 
 .text._Z10FREESOCKETP13socket_struct
                0x4001da58       0x96 C:\Nburn/lib/NetBurner.a(tcp.o)
                0x4001da58                _Z10FREESOCKETP13socket_struct
 *fill*         0x4001daee        0x2 
 .text._Z16FindListenSocketP13socket_struct
                0x4001daf0       0xaa C:\Nburn/lib/NetBurner.a(tcp.o)
                0x4001daf0                _Z16FindListenSocketP13socket_struct
 *fill*         0x4001db9a        0x2 
 .text._ZN13socket_struct18MyAdvertisedWindowEv
                0x4001db9c       0x76 C:\Nburn/lib/NetBurner.a(tcp.o)
                0x4001db9c                _ZN13socket_struct18MyAdvertisedWindowEv
 *fill*         0x4001dc12        0x2 
 .text._Z10fixoverlapmmRmS_
                0x4001dc14       0x76 C:\Nburn/lib/NetBurner.a(tcp.o)
                0x4001dc14                _Z10fixoverlapmmRmS_
 *fill*         0x4001dc8a        0x2 
 .text._ZN13socket_struct14processoptionsER16TcpCarrierPacket
                0x4001dc8c       0xf6 C:\Nburn/lib/NetBurner.a(tcp.o)
                0x4001dc8c                _ZN13socket_struct14processoptionsER16TcpCarrierPacket
 *fill*         0x4001dd82        0x2 
 .text._ZN13socket_struct8SetTimerEm
                0x4001dd84       0x7e C:\Nburn/lib/NetBurner.a(tcp.o)
                0x4001dd84                _ZN13socket_struct8SetTimerEm
 *fill*         0x4001de02        0x2 
 .text._ZN13socket_struct8SaveDataEPhth
                0x4001de04       0xcc C:\Nburn/lib/NetBurner.a(tcp.o)
                0x4001de04                _ZN13socket_struct8SaveDataEPhth
 .text._Z20GetSocketRemoteAddr6i
                0x4001ded0       0x56 C:\Nburn/lib/NetBurner.a(tcp.o)
                0x4001ded0                _Z20GetSocketRemoteAddr6i
 *fill*         0x4001df26        0x2 
 .text._Z19GetSocketLocalAddr6i
                0x4001df28       0x56 C:\Nburn/lib/NetBurner.a(tcp.o)
                0x4001df28                _Z19GetSocketLocalAddr6i
 *fill*         0x4001df7e        0x2 
 .text._ZN13socket_struct7CalcRTOEm
                0x4001df80       0xaa C:\Nburn/lib/NetBurner.a(tcp.o)
                0x4001df80                _ZN13socket_struct7CalcRTOEm
 *fill*         0x4001e02a        0x2 
 .text._ZN13socket_struct19SetUpNextRetransmitEv
                0x4001e02c      0x128 C:\Nburn/lib/NetBurner.a(tcp.o)
                0x4001e02c                _ZN13socket_struct19SetUpNextRetransmitEv
 .text._Z13setsockoptionii
                0x4001e154       0x38 C:\Nburn/lib/NetBurner.a(tcp.o)
                0x4001e154                _Z13setsockoptionii
 .text._ZN13socket_struct9DoCleanupEv
                0x4001e18c      0x1be C:\Nburn/lib/NetBurner.a(tcp.o)
                0x4001e18c                _ZN13socket_struct9DoCleanupEv
 *fill*         0x4001e34a        0x2 
 .text._Z23RemoveFromUserCloseListP13socket_struct.part.20
                0x4001e34c       0x96 C:\Nburn/lib/NetBurner.a(tcp.o)
 *fill*         0x4001e3e2        0x2 
 .text._ZN13socket_struct12ClearPendingEi
                0x4001e3e4       0x78 C:\Nburn/lib/NetBurner.a(tcp.o)
                0x4001e3e4                _ZN13socket_struct12ClearPendingEi
 .text._ZNK14HashSocketList9AddSocketEP13socket_struct
                0x4001e45c       0x82 C:\Nburn/lib/NetBurner.a(tcp.o)
                0x4001e45c                _ZNK14HashSocketList9AddSocketEP13socket_struct
 *fill*         0x4001e4de        0x2 
 .text._ZNK14HashSocketList12RemoveSocketEP13socket_struct