Archive member included to satisfy reference by file (symbol)

C:\Nburn/lib/NANO54415.a(hardware_init.o)
                              c:/nburn/gcc-m68k/bin/../lib/gcc/m68k-unknown-elf/5.2.0/m54455\nb-crt0.o (hardware_init_hook)
C:\Nburn/lib/NANO54415.a(serial.o)
                              Drivers\dsm2.o (UartData)
C:\Nburn/lib/NANO54415.a(pins.o)
                              Drivers\IMUSetupAndSample.o (_ZN5PinIO3setEh)
C:\Nburn/lib/NANO54415.a(SimpleAD.o)
                              main.o (_Z15InitSingleEndADv)
C:\Nburn/lib/NANO54415.a(FlashOps.o)
                              C:\Nburn/lib/NANO54415.a(hardware_init.o) (CopySPIFlashImageOnBoot)
C:\Nburn/lib/NANO54415.a(HiResTimer.o)
                              FastMath.o (_ZN10HiResTimer4initEd)
C:\Nburn/lib/NANO54415.a(pitr_sem.o)
                              Drivers\SpinningLidar.o (_Z12InitPitOSSemiP6OS_SEMi)
C:\Nburn/lib/NANO54415.a(pin_irq.o)
                              Drivers\Odometer.o (_Z9SetPinIrqiiPFvvE)
C:\Nburn/lib/NANO54415.a(bsp.o)
                              Drivers\servodrive.o (_Z7SetIntcilii)
C:\Nburn/lib/NANO54415.a(localio.o)
                              C:\Nburn/lib/NANO54415.a(serial.o) (_Z13GetUartRecordi)
C:\Nburn/lib/NANO54415.a(userparam.o)
                              main.o (_Z18SaveUserParametersPvi)
C:\Nburn/lib/NANO54415.a(multichanneli2c.o)
                              main.o (MultiChannel_I2CInit)
C:\Nburn/lib/NANO54415.a(bspa.o)
                              C:\Nburn/lib/NANO54415.a(bsp.o) (CatchNullWrites)
C:\Nburn/lib/NANO54415.a(defpins.o)
                              C:\Nburn/lib/NANO54415.a(bsp.o) (_Z14SetDefPinUsagev)
C:\Nburn/lib/NANO54415.a(SPIFlash.o)
                              C:\Nburn/lib/NANO54415.a(FlashOps.o) (_ZN8SPIFlashC1Ei)
C:\Nburn/lib/NANO54415.a(i2c_class.o)
                              C:\Nburn/lib/NANO54415.a(multichanneli2c.o) (_ZN10i2c_master4initEhh)
C:\Nburn/lib/NetBurner.a(ucosmcfa.o)
                              C:\Nburn/lib/NANO54415.a(bsp.o) (OSCtxSw)
C:\Nburn/lib/NetBurner.a(software_init.o)
                              c:/nburn/gcc-m68k/bin/../lib/gcc/m68k-unknown-elf/5.2.0/m54455\nb-crt0.o (software_init_hook)
C:\Nburn/lib/NetBurner.a(main.o)
                              c:/nburn/gcc-m68k/bin/../lib/gcc/m68k-unknown-elf/5.2.0/m54455\nb-crt0.o (main)
C:\Nburn/lib/NetBurner.a(ucosmcfc.o)
                              main.o (_Z17OSTaskCreatewNamePFvPvES_S_S_hPKc)
C:\Nburn/lib/NetBurner.a(ucos.o)
                              C:\Nburn/lib/NetBurner.a(ucosmcfc.o) (OSRdyTbl)
C:\Nburn/lib/NetBurner.a(cppmain.o)
                              C:\Nburn/lib/NetBurner.a(main.o) (cppmain)
C:\Nburn/lib/NetBurner.a(ucosflags.o)
                              C:\Nburn/lib/NANO54415.a(pitr_sem.o) (_Z9OSFlagSetP8os_flagsm)
C:\Nburn/lib/NetBurner.a(debugtrap.o)
                              C:\Nburn/lib/NANO54415.a(bsp.o) (_Z23SetAddressReadRangeTrapmm)
C:\Nburn/lib/NetBurner.a(ucosmain.o)
                              C:\Nburn/lib/NetBurner.a(software_init.o) (UCosSetup)
C:\Nburn/lib/NetBurner.a(fileio.o)
                              C:\Nburn/lib/NetBurner.a(ucosmain.o) (ioctl)
C:\Nburn/lib/NetBurner.a(system.o)
                              C:\Nburn/lib/NANO54415.a(serial.o) (rnd_collect)
C:\Nburn/lib/NetBurner.a(utils.o)
                              C:\Nburn/lib/NetBurner.a(system.o) (_Z7ShowIP47IPADDR4)
C:\Nburn/lib/NetBurner.a(ip.o)
                              main.o (_Z15InitializeStack7IPADDR4S_S_S_)
C:\Nburn/lib/NetBurner.a(buffers.o)
                              C:\Nburn/lib/NetBurner.a(utils.o) (_Z12GetFreeCountv)
C:\Nburn/lib/NetBurner.a(arp.o)
                              C:\Nburn/lib/NetBurner.a(ip.o) (_Z25GetInterfaceForMyAddress47IPADDR4)
C:\Nburn/lib/NetBurner.a(udp.o)
                              C:\Nburn/lib/NetBurner.a(ip.o) (_Z12process_udp4P11pool_bufferP5IPPKTt)
C:\Nburn/lib/NetBurner.a(ftpd.o)
                              Drivers\introspec.o (_Z9FTPDStartth)
C:\Nburn/lib/NetBurner.a(tcp.o)
                              C:\Nburn/lib/NetBurner.a(ip.o) (_Z7InitTCPv)
C:\Nburn/lib/NetBurner.a(extraio.o)
                              Drivers\introspec.o (_Z10GetExtraFDPvP14IoExpandStruct)
C:\Nburn/lib/NetBurner.a(http.o)
                              main.o (_Z9StartHTTPt)
C:\Nburn/lib/NetBurner.a(httpinternal.o)
                              C:\Nburn/lib/NetBurner.a(http.o) (_ZN12HTTP_Request11ProcessLineEPc)
C:\Nburn/lib/NetBurner.a(httpstricmp.o)
                              C:\Nburn/lib/NetBurner.a(httpinternal.o) (_Z11httpstricmpPKcS0_)
C:\Nburn/lib/NetBurner.a(htmldecomp.o)
                              C:\Nburn/lib/NetBurner.a(httpinternal.o) (_Z16SendFullResponsePKci)
C:\Nburn/lib/NetBurner.a(iosys.o)
                              C:\Nburn/lib/NANO54415.a(serial.o) (_Z12SetDataAvaili)
C:\Nburn/lib/NetBurner.a(new_ops.o)
                              Path.o (_Znwm)
C:\Nburn/lib/NetBurner.a(autoip.o)
[...]
Memory Configuration

Name             Origin             Length             Attributes
ram              0x40000400         0x03fffcff         xrw
SRAM             0x80000400         0x0000fbf0         xrw
Cold_SRAM        0x8000fffe         0x00000002         xrw
*default*        0x00000000         0xffffffff

Linker script and memory map

LOAD c:/nburn/gcc-m68k/bin/../lib/gcc/m68k-unknown-elf/5.2.0/m54455\nb-crt0.o
LOAD c:/nburn/gcc-m68k/bin/../lib/gcc/m68k-unknown-elf/5.2.0/m54455/crtbegin.o
LOAD tests.o
LOAD main.o
LOAD Utility.o
LOAD Profiler.o
LOAD Path.o
LOAD Nav.o
LOAD Map.o
LOAD Logger.o
LOAD FastMath.o
LOAD Drivers\servodrive.o
LOAD Drivers\pwm.o
LOAD Drivers\introspec.o
LOAD Drivers\dsm2.o
LOAD Drivers\SpinningLidar.o
LOAD Drivers\Odometer.o
LOAD Drivers\MadgwickFilter.o
LOAD Drivers\MPU9250.o
LOAD Drivers\LidarPWM.o
LOAD Drivers\LCD.o
LOAD Drivers\IMUSetupAndSample.o
LOAD htmldata.o
LOAD C:\Nburn/NANO54415/lib/sys.ld
                0x40000000                ovector_base = 0x40000000
                0x80000000                vector_base = 0x80000000
                0x80000400                SRAM_START_ADDR = 0x80000400
                0x8000fffe                SRAM_END_ADDR = 0x8000fffe
                0x8c000000                sim_rgpio = 0x8c000000
                0xec008000                sim1 = 0xec008000
                0xfc004000                sim2 = 0xfc004000
                0x00004000                FlashAppBase = 0x4000
                0xfc0d4008                DBETHER_EMIR_REG = 0xfc0d4008
                0x8000d000                comm_loc = 0x8000d000
START GROUP
LOAD C:\Nburn/lib/NANO54415.a
LOAD C:\Nburn/lib/NetBurner.a
LOAD C:\Nburn/lib/FatFile.a
LOAD c:/nburn/gcc-m68k/bin/../m68k-unknown-elf/sysroot/lib/m54455\libstdc++.a
LOAD C:\Nburn\lib\cryptolib.a
LOAD C:\Nburn\lib\debugLibrary.a
LOAD C:\Nburn\lib\Lua_Full.a
LOAD C:\Nburn\lib\nb-libxively.a
LOAD C:\Nburn\lib\nbwifilib.a
LOAD C:\Nburn\lib\sshLibrary.a
LOAD C:\Nburn\lib\webclient.a
END GROUP
LOAD c:/nburn/gcc-m68k/bin/../m68k-unknown-elf/sysroot/lib/m54455\libstdc++.a
LOAD c:/nburn/gcc-m68k/bin/../m68k-unknown-elf/sysroot/lib/m54455\libm.a
LOAD c:/nburn/gcc-m68k/bin/../lib/gcc/m68k-unknown-elf/5.2.0/m54455\libgcc.a
LOAD c:/nburn/gcc-m68k/bin/../m68k-unknown-elf/sysroot/lib/m54455\libc.a
LOAD c:/nburn/gcc-m68k/bin/../lib/gcc/m68k-unknown-elf/5.2.0/m54455\libgcc.a
LOAD c:/nburn/gcc-m68k/bin/../lib/gcc/m68k-unknown-elf/5.2.0/m54455/crtend.o
START GROUP
LOAD c:/nburn/gcc-m68k/bin/../m68k-unknown-elf/sysroot/lib/m54455\libc.a
LOAD c:/nburn/gcc-m68k/bin/../lib/gcc/m68k-unknown-elf/5.2.0/m54455\libgcc.a
LOAD c:/nburn/gcc-m68k/bin/../m68k-unknown-elf/sysroot/lib/m54455\libm.a
END GROUP
                0x00000000                __DYNAMIC = 0x0
                0x44000000                PROVIDE (__stack, 0x44000000)
                [!provide]                PROVIDE (hardware_init_hook, 0x0)
                [!provide]                PROVIDE (_hardware_init_hook, 0x0)
                [!provide]                PROVIDE (software_init_hook, 0x0)
                [!provide]                PROVIDE (_software_init_hook, 0x0)

.gcc_except_table._ZN10__cxxabiv111__terminateEPFvvE
                0x40000400       0x1d
 .gcc_except_table._ZN10__cxxabiv111__terminateEPFvvE
                0x40000400       0x1d c:/nburn/gcc-m68k/bin/../m68k-unknown-elf/sysroot/lib/m54455\libstdc++.a(eh_terminate.o)

.gcc_except_table.__gxx_personality_v0
                0x40000420       0x1c
 .gcc_except_table.__gxx_personality_v0
                0x40000420       0x1c c:/nburn/gcc-m68k/bin/../m68k-unknown-elf/sysroot/lib/m54455\libstdc++.a(eh_personality.o)

.gcc_except_table.__cxa_call_unexpected
                0x4000043c       0x1c
 .gcc_except_table.__cxa_call_unexpected
                0x4000043c       0x1c c:/nburn/gcc-m68k/bin/../m68k-unknown-elf/sysroot/lib/m54455\libstdc++.a(eh_personality.o)

.gcc_except_table._ZN9__gnu_cxx27__verbose_terminate_handlerEv
                0x40000458       0x2c
 .gcc_except_table._ZN9__gnu_cxx27__verbose_terminate_handlerEv
                0x40000458       0x2c c:/nburn/gcc-m68k/bin/../m68k-unknown-elf/sysroot/lib/m54455\libstdc++.a(vterminate.o)

.SRAM_SECT      0x80000400     0xf7e0
                0x80000400                SRAM_START = .
 *(SYS_VAR_SECT)
 SYS_VAR_SECT   0x80000400        0x4 C:\Nburn/lib/NANO54415.a(bsp.o)
                0x80000400                cacrMirror
 SYS_VAR_SECT   0x80000404      0x238 C:\Nburn/lib/NetBurner.a(ucos.o)
                0x80000404                OSRunning
                0x80000406                OSISRLevel
                0x80000408                OSRdyGrp
                0x8000040c                OSLockNesting
                0x80000410                OSIntNesting
                0x80000414                OSTCBFreeList
                0x80000418                OSTCBList
                0x8000041c                OSTCBHighRdy
                0x80000420                OSTCBCur
                0x80000424                OSRdyTbl
                0x8000042c                OSTCBPrioTbl
                0x8000052c                OSUnMapTbl
                0x8000062c                OSMapTbl
                0x80000634                Secs
                0x80000638                TimeTick
 SYS_VAR_SECT   0x8000063c      0x272 C:\Nburn/lib/NetBurner.a(ucosmain.o)
                0x8000064e                critical_count
                0x80000652                OSTcbStructSize
                0x80000656                OSTCBTbl
 SYS_VAR_SECT   0x800008ae       0x1c C:\Nburn/lib/NetBurner.a(fileio.o)
                0x800008ae                fd_map
                0x800008c6                pExtraFdFunc
 SYS_VAR_SECT   0x800008ca       0x20 C:\Nburn/lib/NetBurner.a(iosys.o)
                0x800008d2                error_file_sets
                0x800008da                write_file_sets
                0x800008e2                read_file_sets
                0x800008ea                SYS_VAR_SECT_END = .
                0x800008f0                . = ALIGN (0x10)
 *fill*         0x800008ea        0x6 
 *(IDLE_STK_SECT)
 IDLE_STK_SECT  0x800008f0     0x2000 C:\Nburn/lib/NetBurner.a(ucosmain.o)
                0x800008f0                OSIdleTaskStk
                0x800028f0                IDLE_STK_SECT_END = .
                0x800028f0                . = ALIGN (0x10)
 *(MAIN_STK_SECT)
 MAIN_STK_SECT  0x800028f0     0x3000 C:\Nburn/lib/NetBurner.a(cppmain.o)
                0x800028f0                MainStk
                0x800058f0                MAIN_STK_SECT_END = .
                0x800058f0                . = ALIGN (0x4)
 *(ETHER_VAR_SECT)
                0x800058f0                ETHER_VAR_SECT_END = .
                0x800058f0                . = ALIGN (0x10)
 *(ETHER_STK_SECT)
                0x800058f0                ETHER_STK_SECT_END = .
                0x800058f0                . = ALIGN (0x4)
 *(IP_VAR_SECT)
                0x800058f0                IP_VAR_SECT_END = .
                0x800058f0                . = ALIGN (0x10)
 *(IP_STK_SECT)
                0x800058f0                IP_STK_SECT_END = .
                0x800058f0                . = ALIGN (0x4)
 *(TCP_VAR_SECT)
                0x800058f0                TCP_VAR_SECT_END = .
                0x800058f0                . = ALIGN (0x10)
 *(TCP_STK_SECT)
                0x800058f0                TCP_STK_SECT_END = .
                0x800058f0                . = ALIGN (0x10)
 *(HTTP_STK_SECT)
                0x800058f0                HTTP_STK_SECT_END = .
                0x800058f0                . = ALIGN (0x10)
 *(FTP_STK_SECT)
                0x800058f0                FTP_STK_SECT_END = .
                0x800058f0                . = ALIGN (0x10)
 *(WIFI_STK_SECT)
                0x800058f0                WIFI_STK_SECT_END = .
                0x800058f0                . = ALIGN (0x10)
 *(PPP_STK_SECT)
                0x800058f0                PPP_STK_SECT_END = .
                0x800058f0                . = ALIGN (0x10)
 *(COMMAND_STK_SECT)
                0x800058f0                COMMAND_STK_SECT_END = .
                0x800058f0                . = ALIGN (0x4)
 *(USER_VAR_SECT)
 USER_VAR_SECT  0x800058f0       0x88 main.o
                0x800058f0                nav
 USER_VAR_SECT  0x80005978       0x16 Drivers\introspec.o
                0x80005978                LogCrit
                0x80005986                LogPut
                0x8000598a                LogGet
 USER_VAR_SECT  0x8000598e     0x1170 Drivers\SpinningLidar.o
                0x8000598e                _ZN13SpinningLidar6packetE
                0x80005994                _ZN13SpinningLidar9charCountE
                0x80005998                _ZN13SpinningLidar10LIDARResetE
                0x8000599a                _ZN13SpinningLidar2rvE
                0x8000599e                _ZN13SpinningLidar12lidar_bufferE
                0x80005a1e                _ZN13SpinningLidar13sampleQualityE
                0x80005fbe                _ZN13SpinningLidar4distE
 USER_VAR_SECT  0x80006afe        0x4 Drivers\LidarPWM.o
                0x80006afe                LIDAR_VALUE_RIGHT
 USER_VAR_SECT  0x80006b02       0xbc C:\Nburn/lib/NANO54415.a(HiResTimer.o)
                0x80006b02                _ZN10HiResTimer12timerCreatedE
                0x80006b06                _ZN10HiResTimer6timersE
                0x80006bbe                USER_VAR_SECT_END = .
                0x80006bc0                . = ALIGN (0x10)
 *fill*         0x80006bbe        0x2 
 *(USER_STK_SECT)
 USER_STK_SECT  0x80006bc0     0x3000 main.o
 USER_STK_SECT  0x80009bc0     0x3000 Drivers\SpinningLidar.o
 USER_STK_SECT  0x8000cbc0     0x3000 Drivers\IMUSetupAndSample.o
                0x8000fbc0                USER_STK_SECT_END = .
                0x8000fbc0                . = ALIGN (0x4)
 *(TLS_VAR_SECT)
                0x8000fbc0                TLS_VAR_SECT_END = .
                0x8000fbc0                BUFFERS_SECT_START = .
                0x8000fbc0                . = ALIGN (0x10)
 *(BUFFERS_VAR_SECT)
 BUFFERS_VAR_SECT
                0x8000fbc0       0x1c C:\Nburn/lib/NetBurner.a(buffers.o)
                0x8000fbc0                free_list_is_initialized
                0x8000fbc4                free_fast_list
                0x8000fbce                free_list
                0x8000fbd8                FAST_BUFFER_POOL_SIZE
                0x8000fbe0                . = ALIGN (0x10)
 *fill*         0x8000fbdc        0x4 
                0x8000fbe0                BUFFERS_VAR_SECT_END = .
                0x8000fbe0                . = ALIGN (0x10)
                0x8000fbe0                SRAM_END = .

.COLD_SRAM_SECT
                0x8000fffe        0x2
 *(COLD_SRAM_VAR)
 COLD_SRAM_VAR  0x8000fffe        0x2 C:\Nburn/lib/NetBurner.a(ip.o)

.text           0x40000490    0x53400
 nb-crt0.o()
 .text          0x40000490       0xaa c:/nburn/gcc-m68k/bin/../lib/gcc/m68k-unknown-elf/5.2.0/m54455\nb-crt0.o
                0x40000490                start
 *fill*         0x4000053a        0x2 
 .data          0x4000053c        0x4 c:/nburn/gcc-m68k/bin/../lib/gcc/m68k-unknown-elf/5.2.0/m54455\nb-crt0.o
 .bss           0x40000540        0x0 c:/nburn/gcc-m68k/bin/../lib/gcc/m68k-unknown-elf/5.2.0/m54455\nb-crt0.o
                0x40000540                gConfigRec = .
                0x40002540                . = (. + 0x2000)
 *fill*         0x40000540     0x2000 
                0x40002540                UserParamBase = .
                0x40004540                . = (. + 0x2000)
 *fill*         0x40002540     0x2000 
 *(.text)
 .text          0x40004540      0x12c c:/nburn/gcc-m68k/bin/../lib/gcc/m68k-unknown-elf/5.2.0/m54455/crtbegin.o
 .text          0x4000466c        0x8 C:\Nburn/lib/NANO54415.a(hardware_init.o)
                0x4000466c                hardware_init_hook
 *fill*         0x40004674        0xc 
 .text          0x40004680      0x19c C:\Nburn/lib/NANO54415.a(bspa.o)
                0x40004680                CatchNullWrites
                0x40004690                _cache_inval
                0x400046b0                _cache_push
                0x400046d0                _cache_flush
                0x40004710                PushCacheLines
                0x40004760                InvalidateCacheLines
                0x400047b0                FlushCacheLines
 *fill*         0x4000481c        0x4 
 .text          0x40004820      0x41a C:\Nburn/lib/NetBurner.a(ucosmcfa.o)
                0x40004820                OSStartHighRdy
                0x40004840                OSCtxSw
                0x40004870                OSIntCtxSw
                0x400048a0                OSTickISR
                0x400048e0                OSSetupVBR
                0x40004900                OSDebugTraceHalt
                0x40004910                memcpy
                0x40004910                fmemcpy
                0x400049e0                memcpysum
                0x40004b70                memset
                0x40004b70                fmemset
                0x40004c10                GetSR_IntLevel
                0x40004c20                SetSR_IntLevel
 *fill*         0x40004c3a        0x2 
 .text          0x40004c3c        0x8 C:\Nburn/lib/NetBurner.a(software_init.o)
                0x40004c3c                software_init_hook
 .text          0x40004c44       0x2e C:\Nburn/lib/NetBurner.a(ucosmain.o)
                0x40004c44                OSStackProtectCtxSw
 *fill*         0x40004c72        0x2 
 .text          0x40004c74      0x1c0 C:\Nburn/lib/NetBurner.a(ip.o)
                0x40004c74                GetSum
                0x40004d30                GetSum20
                0x40004d68                GetSumHdr
 .text          0x40004e34     0x440e c:/nburn/gcc-m68k/bin/../m68k-unknown-elf/sysroot/lib/m54455\libstdc++.a(cp-demangle.o)
                0x4000912c                __cxa_demangle
                0x4000920c                __gcclibcxx_demangle_callback
 *fill*         0x40009242        0x2 
 .text          0x40009244       0x6c c:/nburn/gcc-m68k/bin/../m68k-unknown-elf/sysroot/lib/m54455\libm.a(lib_a-s_fpclassify.o)
                0x40009244                __fpclassifyd
 .text          0x400092b0       0xda c:/nburn/gcc-m68k/bin/../m68k-unknown-elf/sysroot/lib/m54455\libm.a(lib_a-s_modf.o)
                0x400092b0                modf
 *fill*         0x4000938a        0x2 
 .text          0x4000938c       0xc6 c:/nburn/gcc-m68k/bin/../m68k-unknown-elf/sysroot/lib/m54455\libm.a(lib_a-s_round.o)
                0x4000938c                round
 *fill*         0x40009452        0x2 
 .text          0x40009454       0xea c:/nburn/gcc-m68k/bin/../m68k-unknown-elf/sysroot/lib/m54455\libm.a(lib_a-s_sin.o)
                0x40009454                sin
 *fill*         0x4000953e        0x2 
 .text          0x40009540       0xf0 c:/nburn/gcc-m68k/bin/../m68k-unknown-elf/sysroot/lib/m54455\libm.a(lib_a-w_asin.o)
                0x40009540                asin
 .text          0x40009630        0xc c:/nburn/gcc-m68k/bin/../m68k-unknown-elf/sysroot/lib/m54455\libm.a(lib_a-w_atan2.o)
                0x40009630                atan2
 .text          0x4000963c      0x436 c:/nburn/gcc-m68k/bin/../m68k-unknown-elf/sysroot/lib/m54455\libm.a(lib_a-w_pow.o)
                0x4000963c                pow
 *fill*         0x40009a72        0x2 
 .text          0x40009a74       0xec c:/nburn/gcc-m68k/bin/../m68k-unknown-elf/sysroot/lib/m54455\libm.a(lib_a-wf_asin.o)
                0x40009a74                asinf
 .text          0x40009b60        0xc c:/nburn/gcc-m68k/bin/../m68k-unknown-elf/sysroot/lib/m54455\libm.a(lib_a-wf_atan2.o)
                0x40009b60                atan2f
 .text          0x40009b6c       0xfe c:/nburn/gcc-m68k/bin/../m68k-unknown-elf/sysroot/lib/m54455\libm.a(lib_a-wf_sqrt.o)
                0x40009b6c                sqrtf
 *fill*         0x40009c6a        0x2 
 .text          0x40009c6c      0x606 c:/nburn/gcc-m68k/bin/../m68k-unknown-elf/sysroot/lib/m54455\libm.a(lib_a-e_asin.o)
                0x40009c6c                __ieee754_asin
 *fill*         0x4000a272        0x2 
 .text          0x4000a274      0x24c c:/nburn/gcc-m68k/bin/../m68k-unknown-elf/sysroot/lib/m54455\libm.a(lib_a-e_atan2.o)
                0x4000a274                __ieee754_atan2
 .text          0x4000a4c0      0xdfe c:/nburn/gcc-m68k/bin/../m68k-unknown-elf/sysroot/lib/m54455\libm.a(lib_a-e_pow.o)
                0x4000a4c0                __ieee754_pow
 *fill*         0x4000b2be        0x2 
 .text          0x4000b2c0      0x5f2 c:/nburn/gcc-m68k/bin/../m68k-unknown-elf/sysroot/lib/m54455\libm.a(lib_a-e_rem_pio2.o)
                0x4000b2c0                __ieee754_rem_pio2
 *fill*         0x4000b8b2        0x2 
 .text          0x4000b8b4      0x1d0 c:/nburn/gcc-m68k/bin/../m68k-unknown-elf/sysroot/lib/m54455\libm.a(lib_a-e_sqrt.o)
                0x4000b8b4                __ieee754_sqrt
 .text          0x4000ba84      0x39a c:/nburn/gcc-m68k/bin/../m68k-unknown-elf/sysroot/lib/m54455\libm.a(lib_a-ef_asin.o)
                0x4000ba84                __ieee754_asinf
 *fill*         0x4000be1e        0x2 
 .text          0x4000be20      0x1c6 c:/nburn/gcc-m68k/bin/../m68k-unknown-elf/sysroot/lib/m54455\libm.a(lib_a-ef_atan2.o)
                0x4000be20                __ieee754_atan2f
 *fill*         0x4000bfe6        0x2 
 .text          0x4000bfe8       0xe4 c:/nburn/gcc-m68k/bin/../m68k-unknown-elf/sysroot/lib/m54455\libm.a(lib_a-ef_sqrt.o)
                0x4000bfe8                __ieee754_sqrtf
 .text          0x4000c0cc      0x260 c:/nburn/gcc-m68k/bin/../m68k-unknown-elf/sysroot/lib/m54455\libm.a(lib_a-k_cos.o)
                0x4000c0cc                __kernel_cos
 .text          0x4000c32c      0x8dc c:/nburn/gcc-m68k/bin/../m68k-unknown-elf/sysroot/lib/m54455\libm.a(lib_a-k_rem_pio2.o)
                0x4000c32c                __kernel_rem_pio2
 .text          0x4000cc08      0x1fa c:/nburn/gcc-m68k/bin/../m68k-unknown-elf/sysroot/lib/m54455\libm.a(lib_a-k_sin.o)
                0x4000cc08                __kernel_sin
 *fill*         0x4000ce02        0x2 
 .text          0x4000ce04      0x440 c:/nburn/gcc-m68k/bin/../m68k-unknown-elf/sysroot/lib/m54455\libm.a(lib_a-s_atan.o)
                0x4000ce04                atan
 .text          0x4000d244       0x1c c:/nburn/gcc-m68k/bin/../m68k-unknown-elf/sysroot/lib/m54455\libm.a(lib_a-s_fabs.o)
                0x4000d244                fabs
 .text          0x4000d260       0x1c c:/nburn/gcc-m68k/bin/../m68k-unknown-elf/sysroot/lib/m54455\libm.a(lib_a-s_finite.o)
                0x4000d260                finite
 .text          0x4000d27c      0x17c c:/nburn/gcc-m68k/bin/../m68k-unknown-elf/sysroot/lib/m54455\libm.a(lib_a-s_floor.o)
                0x4000d27c                floor
 .text          0x4000d3f8        0xa c:/nburn/gcc-m68k/bin/../m68k-unknown-elf/sysroot/lib/m54455\libm.a(lib_a-s_matherr.o)
                0x4000d3f8                matherr
 *fill*         0x4000d402        0x2 
 .text          0x4000d404       0x10 c:/nburn/gcc-m68k/bin/../m68k-unknown-elf/sysroot/lib/m54455\libm.a(lib_a-s_nan.o)
                0x4000d404                nan
 .text          0x4000d414      0x19e c:/nburn/gcc-m68k/bin/../m68k-unknown-elf/sysroot/lib/m54455\libm.a(lib_a-s_rint.o)
                0x4000d414                rint
 *fill*         0x4000d5b2        0x2 
 .text          0x4000d5b4      0x188 c:/nburn/gcc-m68k/bin/../m68k-unknown-elf/sysroot/lib/m54455\libm.a(lib_a-s_scalbn.o)
                0x4000d5b4                scalbn
 .text          0x4000d73c      0x2c0 c:/nburn/gcc-m68k/bin/../m68k-unknown-elf/sysroot/lib/m54455\libm.a(lib_a-sf_atan.o)
                0x4000d73c                atanf
 .text          0x4000d9fc       0x10 c:/nburn/gcc-m68k/bin/../m68k-unknown-elf/sysroot/lib/m54455\libm.a(lib_a-sf_fabs.o)
                0x4000d9fc                fabsf
 .text          0x4000da0c       0x4a c:/nburn/gcc-m68k/bin/../m68k-unknown-elf/sysroot/lib/m54455\libm.a(lib_a-sf_fpclassify.o)
                0x4000da0c                __fpclassifyf
 *fill*         0x4000da56        0x2 
 .text          0x4000da58       0x2a c:/nburn/gcc-m68k/bin/../m68k-unknown-elf/sysroot/lib/m54455\libm.a(lib_a-s_copysign.o)
                0x4000da58                copysign
 *fill*         0x4000da82        0x2 
 .text          0x4000da84      0xba0 c:/nburn/gcc-m68k/bin/../lib/gcc/m68k-unknown-elf/5.2.0/m54455\libgcc.a(_double.o)
                0x4000dade                __subdf3
                0x4000dae4                __adddf3
                0x4000df80                __muldf3
                0x4000e15c                __divdf3
                0x4000e44c                __negdf2
                0x4000e4aa                __cmpdf2_internal
                0x4000e582                __cmpdf2
 .text          0x4000e624      0x7ca c:/nburn/gcc-m68k/bin/../lib/gcc/m68k-unknown-elf/5.2.0/m54455\libgcc.a(_float.o)
                0x4000e66c                __subsf3
                0x4000e672                __addsf3
                0x4000e954                __mulsf3
                0x4000ea96                __divsf3
                0x4000ec8a                __negsf2
                0x4000ecdc                __cmpsf2_internal
                0x4000ed7c                __cmpsf2
 *fill*         0x4000edee        0x2 
 .text          0x4000edf0       0x74 c:/nburn/gcc-m68k/bin/../lib/gcc/m68k-unknown-elf/5.2.0/m54455\libgcc.a(_floatex.o)
                0x4000edf0                __clear_sticky_bit
                0x4000edfc                $_exception_handler
 .text          0x4000ee64       0x22 c:/nburn/gcc-m68k/bin/../lib/gcc/m68k-unknown-elf/5.2.0/m54455\libgcc.a(_eqdf2.o)
                0x4000ee64                __eqdf2
 *fill*         0x4000ee86        0x2 
 .text          0x4000ee88       0x22 c:/nburn/gcc-m68k/bin/../lib/gcc/m68k-unknown-elf/5.2.0/m54455\libgcc.a(_nedf2.o)
                0x4000ee88                __nedf2
 *fill*         0x4000eeaa        0x2 
 .text          0x4000eeac       0x22 c:/nburn/gcc-m68k/bin/../lib/gcc/m68k-unknown-elf/5.2.0/m54455\libgcc.a(_gtdf2.o)
                0x4000eeac                __gtdf2
 *fill*         0x4000eece        0x2 
 .text          0x4000eed0       0x22 c:/nburn/gcc-m68k/bin/../lib/gcc/m68k-unknown-elf/5.2.0/m54455\libgcc.a(_gedf2.o)
                0x4000eed0                __gedf2
 *fill*         0x4000eef2        0x2 
 .text          0x4000eef4       0x22 c:/nburn/gcc-m68k/bin/../lib/gcc/m68k-unknown-elf/5.2.0/m54455\libgcc.a(_ltdf2.o)
                0x4000eef4                __ltdf2
 *fill*         0x4000ef16        0x2 
 .text          0x4000ef18       0x22 c:/nburn/gcc-m68k/bin/../lib/gcc/m68k-unknown-elf/5.2.0/m54455\libgcc.a(_ledf2.o)
                0x4000ef18                __ledf2
 *fill*         0x4000ef3a        0x2 
 .text          0x4000ef3c       0x1a c:/nburn/gcc-m68k/bin/../lib/gcc/m68k-unknown-elf/5.2.0/m54455\libgcc.a(_eqsf2.o)
                0x4000ef3c                __eqsf2
 *fill*         0x4000ef56        0x2 
 .text          0x4000ef58       0x1a c:/nburn/gcc-m68k/bin/../lib/gcc/m68k-unknown-elf/5.2.0/m54455\libgcc.a(_gtsf2.o)
                0x4000ef58                __gtsf2
 *fill*         0x4000ef72        0x2 
 .text          0x4000ef74       0x1a c:/nburn/gcc-m68k/bin/../lib/gcc/m68k-unknown-elf/5.2.0/m54455\libgcc.a(_ltsf2.o)
                0x4000ef74                __ltsf2
 *fill*         0x4000ef8e        0x2 
 .text          0x4000ef90       0x66 c:/nburn/gcc-m68k/bin/../lib/gcc/m68k-unknown-elf/5.2.0/m54455\libgcc.a(_muldi3.o)
                0x4000ef90                __muldi3
 *fill*         0x4000eff6        0x2 
 .text          0x4000eff8       0x76 c:/nburn/gcc-m68k/bin/../lib/gcc/m68k-unknown-elf/5.2.0/m54455\libgcc.a(_fixunsdfsi.o)
                0x4000eff8                __fixunsdfsi
 *fill*         0x4000f06e        0x2 
 .text          0x4000f070       0x7a c:/nburn/gcc-m68k/bin/../lib/gcc/m68k-unknown-elf/5.2.0/m54455\libgcc.a(_fixunsdfdi.o)
                0x4000f070                __fixunsdfdi
 *fill*         0x4000f0ea        0x2 
 .text          0x4000f0ec      0x3fe c:/nburn/gcc-m68k/bin/../lib/gcc/m68k-unknown-elf/5.2.0/m54455\libgcc.a(_udivdi3.o)
                0x4000f0ec                __udivdi3
 *fill*         0x4000f4ea        0x2 
 .text          0x4000f4ec      0x372 c:/nburn/gcc-m68k/bin/../lib/gcc/m68k-unknown-elf/5.2.0/m54455\libgcc.a(_umoddi3.o)
                0x4000f4ec                __umoddi3
 *fill*         0x4000f85e        0x2 
 .text          0x4000f860      0x442 c:/nburn/gcc-m68k/bin/../lib/gcc/m68k-unknown-elf/5.2.0/m54455\libgcc.a(fpgnulib.o)
                0x4000f860                __unordsf2
                0x4000f8b8                __unorddf2
                0x4000f922                __floatunsidf
                0x4000f986                __floatsidf
                0x4000fa32                __floatunsisf
                0x4000fa4c                __floatsisf
                0x4000fa66                __extendsfdf2
                0x4000fad2                __truncdfsf2
                0x4000fbfc                __fixdfsi
                0x4000fc88                __fixsfsi
 *fill*         0x4000fca2        0x2 
 .text          0x4000fca4     0x21b4 c:/nburn/gcc-m68k/bin/../lib/gcc/m68k-unknown-elf/5.2.0/m54455\libgcc.a(unwind-dw2.o)
                0x4001187e                _Unwind_GetGR
                0x400118e4                _Unwind_GetCFA
                0x400118f4                _Unwind_SetGR
                0x4001195e                _Unwind_GetIP
                0x4001196e                _Unwind_GetIPInfo
                0x4001198e                _Unwind_SetIP
                0x400119a0                _Unwind_GetLanguageSpecificData
                0x400119b0                _Unwind_GetRegionStart
                0x400119c0                _Unwind_FindEnclosingFunction
                0x400119ea                _Unwind_GetDataRelBase
                0x400119fa                _Unwind_GetTextRelBase
                0x40011a0a                __frame_state_for
                0x40011ad6                _Unwind_RaiseException
                0x40011bf0                _Unwind_ForcedUnwind
                0x40011c84                _Unwind_Resume
                0x40011d1a                _Unwind_Resume_or_Rethrow
                0x40011db4                _Unwind_DeleteException
                0x40011dd2                _Unwind_Backtrace
 .text          0x40011e58     0x126e c:/nburn/gcc-m68k/bin/../lib/gcc/m68k-unknown-elf/5.2.0/m54455\libgcc.a(unwind-dw2-fde.o)
                0x40012cac                __register_frame_info_bases
                0x40012cf4                __register_frame_info
                0x40012d3c                __register_frame
                0x40012d94                __register_frame_info_table_bases
                0x40012dde                __register_frame_info_table
                0x40012e24                __register_frame_table
                0x40012e74                __deregister_frame_info_bases
                0x40012f4a                __deregister_frame_info
                0x40012f54                __deregister_frame
                0x40012f78                _Unwind_Find_FDE
 *fill*         0x400130c6        0x2 
 .text          0x400130c8       0x18 c:/nburn/gcc-m68k/bin/../m68k-unknown-elf/sysroot/lib/m54455\libc.a(lib_a-abort.o)
                0x400130c8                abort
 .text          0x400130e0       0x18 c:/nburn/gcc-m68k/bin/../m68k-unknown-elf/sysroot/lib/m54455\libc.a(lib_a-atexit.o)
                0x400130e0                atexit
 .text          0x400130f8       0x34 c:/nburn/gcc-m68k/bin/../m68k-unknown-elf/sysroot/lib/m54455\libc.a(lib_a-atoi.o)
                0x400130f8                atoi
                0x40013110                _atoi_r
 .text          0x4001312c       0x5c c:/nburn/gcc-m68k/bin/../m68k-unknown-elf/sysroot/lib/m54455\libc.a(lib_a-bsearch.o)
                0x4001312c                bsearch
 .text          0x40013188       0x1e c:/nburn/gcc-m68k/bin/../m68k-unknown-elf/sysroot/lib/m54455\libc.a(lib_a-cxa_atexit.o)
                0x40013188                __cxa_atexit
 *fill*         0x400131a6        0x2 
 .text          0x400131a8        0xe c:/nburn/gcc-m68k/bin/../m68k-unknown-elf/sysroot/lib/m54455\libc.a(lib_a-errno.o)
                0x400131a8                __errno
 *fill*         0x400131b6        0x2 
 .text          0x400131b8       0x5c c:/nburn/gcc-m68k/bin/../m68k-unknown-elf/sysroot/lib/m54455\libc.a(lib_a-fputc.o)
                0x400131b8                _fputc_r
                0x400131fa                fputc
 .text          0x40013214       0xa4 c:/nburn/gcc-m68k/bin/../m68k-unknown-elf/sysroot/lib/m54455\libc.a(lib_a-fputs.o)
                0x40013214                _fputs_r
                0x4001329e                fputs
 .text          0x400132b8      0x366 c:/nburn/gcc-m68k/bin/../m68k-unknown-elf/sysroot/lib/m54455\libc.a(lib_a-fvwrite.o)
                0x400132b8                __sfvwrite_r
 *fill*         0x4001361e        0x2 
 .text          0x40013620       0x1a c:/nburn/gcc-m68k/bin/../m68k-unknown-elf/sysroot/lib/m54455\libc.a(lib_a-isspace.o)
                0x40013620                isspace
 *fill*         0x4001363a        0x2 
 .text          0x4001363c       0x32 c:/nburn/gcc-m68k/bin/../m68k-unknown-elf/sysroot/lib/m54455\libc.a(lib_a-malloc.o)
                0x4001363c                malloc
                0x40013654                free
 *fill*         0x4001366e        0x2 
 .text          0x40013670      0x584 c:/nburn/gcc-m68k/bin/../m68k-unknown-elf/sysroot/lib/m54455\libc.a(lib_a-mallocr.o)
                0x40013670                _malloc_r
 .text          0x40013bf4       0x32 c:/nburn/gcc-m68k/bin/../m68k-unknown-elf/sysroot/lib/m54455\libc.a(lib_a-memchr.o)
                0x40013bf4                memchr
 *fill*         0x40013c26        0x2 
 .text          0x40013c28       0x32 c:/nburn/gcc-m68k/bin/../m68k-unknown-elf/sysroot/lib/m54455\libc.a(lib_a-memcmp.o)
                0x40013c28                memcmp
 *fill*         0x40013c5a        0x2 
 .text          0x40013c5c       0x54 c:/nburn/gcc-m68k/bin/../m68k-unknown-elf/sysroot/lib/m54455\libc.a(lib_a-memmove.o)
                0x40013c5c                memmove
 .text          0x40013cb0       0xa0 c:/nburn/gcc-m68k/bin/../m68k-unknown-elf/sysroot/lib/m54455\libc.a(lib_a-putc.o)
                0x40013cb0                _putc_r
                0x40013d36                putc
 .text          0x40013d50       0xac c:/nburn/gcc-m68k/bin/../m68k-unknown-elf/sysroot/lib/m54455\libc.a(lib_a-puts.o)
                0x40013d50                _puts_r
                0x40013de6                puts
 .text          0x40013dfc       0x62 c:/nburn/gcc-m68k/bin/../m68k-unknown-elf/sysroot/lib/m54455\libc.a(lib_a-rand.o)
                0x40013dfc                srand
                0x40013e14                rand
 *fill*         0x40013e5e        0x2 
 .text          0x40013e60       0x1c c:/nburn/gcc-m68k/bin/../m68k-unknown-elf/sysroot/lib/m54455\libc.a(lib_a-realloc.o)
                0x40013e60                realloc
 .text          0x40013e7c      0x456 c:/nburn/gcc-m68k/bin/../m68k-unknown-elf/sysroot/lib/m54455\libc.a(lib_a-reallocr.o)
                0x40013e7c                _realloc_r
 *fill*         0x400142d2        0x2 
 .text          0x400142d4      0x146 c:/nburn/gcc-m68k/bin/../m68k-unknown-elf/sysroot/lib/m54455\libc.a(lib_a-setvbuf.o)
                0x400142d4                setvbuf
 *fill*         0x4001441a        0x2 
 .text          0x4001441c      0x1ce c:/nburn/gcc-m68k/bin/../m68k-unknown-elf/sysroot/lib/m54455\libc.a(lib_a-signal.o)
                0x4001441c                _init_signal_r
                0x40014464                _signal_r
                0x400144b0                _raise_r
                0x40014524                __sigtramp_r
                0x40014592                raise
                0x400145a8                signal
                0x400145c2                _init_signal
                0x400145d4                __sigtramp
 *fill*         0x400145ea        0x2 
 .text          0x400145ec       0x3e c:/nburn/gcc-m68k/bin/../m68k-unknown-elf/sysroot/lib/m54455\libc.a(lib_a-signalr.o)
                0x400145ec                _kill_r
                0x4001461e                _getpid_r
 *fill*         0x4001462a        0x2 
 .text          0x4001462c       0x18 c:/nburn/gcc-m68k/bin/../m68k-unknown-elf/sysroot/lib/m54455\libc.a(lib_a-stpcpy.o)
                0x4001462c                stpcpy
 .text          0x40014644       0x2e c:/nburn/gcc-m68k/bin/../m68k-unknown-elf/sysroot/lib/m54455\libc.a(lib_a-strcat.o)
                0x40014644                strcat
 *fill*         0x40014672        0x2 
 .text          0x40014674       0x2e c:/nburn/gcc-m68k/bin/../m68k-unknown-elf/sysroot/lib/m54455\libc.a(lib_a-strcmp.o)
                0x40014674                strcmp
 *fill*         0x400146a2        0x2 
 .text          0x400146a4       0x1c c:/nburn/gcc-m68k/bin/../m68k-unknown-elf/sysroot/lib/m54455\libc.a(lib_a-strcpy.o)
                0x400146a4                strcpy
 .text          0x400146c0       0x1a c:/nburn/gcc-m68k/bin/../m68k-unknown-elf/sysroot/lib/m54455\libc.a(lib_a-strlen.o)
                0x400146c0                strlen
 *fill*         0x400146da        0x2 
 .text          0x400146dc       0x4e c:/nburn/gcc-m68k/bin/../m68k-unknown-elf/sysroot/lib/m54455\libc.a(lib_a-strncmp.o)
                0x400146dc                strncmp
 *fill*         0x4001472a        0x2 
 .text          0x4001472c       0x30 c:/nburn/gcc-m68k/bin/../m68k-unknown-elf/sysroot/lib/m54455\libc.a(lib_a-strncpy.o)
                0x4001472c                strncpy
 .text          0x4001475c       0x4a c:/nburn/gcc-m68k/bin/../m68k-unknown-elf/sysroot/lib/m54455\libc.a(lib_a-strstr.o)
                0x4001475c                strstr
 *fill*         0x400147a6        0x2 
 .text          0x400147a8      0x16e c:/nburn/gcc-m68k/bin/../m68k-unknown-elf/sysroot/lib/m54455\libc.a(lib_a-strtol.o)
                0x400147a8                _strtol_r
                0x400148f8                strtol
 *fill*         0x40014916        0x2 
 .text          0x40014918       0x2a c:/nburn/gcc-m68k/bin/../m68k-unknown-elf/sysroot/lib/m54455\libc.a(lib_a-tolower.o)
                0x40014918                tolower
 *fill*         0x40014942        0x2 
 .text          0x40014944       0x2a c:/nburn/gcc-m68k/bin/../m68k-unknown-elf/sysroot/lib/m54455\libc.a(lib_a-toupper.o)
                0x40014944                toupper
 *fill*         0x4001496e        0x2 
 .text          0x40014970       0xf4 c:/nburn/gcc-m68k/bin/../m68k-unknown-elf/sysroot/lib/m54455\libc.a(lib_a-wbuf.o)
                0x40014970                __swbuf_r
                0x40014a4a                __swbuf
 .text          0x40014a64      0x116 c:/nburn/gcc-m68k/bin/../m68k-unknown-elf/sysroot/lib/m54455\libc.a(lib_a-wsetup.o)
                0x40014a64                __swsetup_r
 *fill*         0x40014b7a        0x2 
 .text          0x40014b7c       0xa0 c:/nburn/gcc-m68k/bin/../m68k-unknown-elf/sysroot/lib/m54455\libc.a(lib_a-__atexit.o)
                0x40014b7c                __register_exitproc
 .text          0x40014c1c      0x204 c:/nburn/gcc-m68k/bin/../m68k-unknown-elf/sysroot/lib/m54455\libc.a(lib_a-fflush.o)
                0x40014c1c                __sflush_r
                0x40014da4                _fflush_r
                0x40014df2                fflush
 .text          0x40014e20      0x28c c:/nburn/gcc-m68k/bin/../m68k-unknown-elf/sysroot/lib/m54455\libc.a(lib_a-findfp.o)
                0x40014e2a                _cleanup_r
                0x40014ec6                __sfmoreglue
                0x40014f22                _cleanup
                0x40014f36                __sinit
                0x40014fa6                __sfp
                0x40015058                __sfp_lock_acquire
                0x40015060                __sfp_lock_release
                0x40015068                __sinit_lock_acquire
                0x40015070                __sinit_lock_release
                0x40015078                __fp_lock_all
                0x40015092                __fp_unlock_all
 .text          0x400150ac      0x2ec c:/nburn/gcc-m68k/bin/../m68k-unknown-elf/sysroot/lib/m54455\libc.a(lib_a-freer.o)
                0x400150ac                _malloc_trim_r
                0x40015180                _free_r
 .text          0x40015398       0xb4 c:/nburn/gcc-m68k/bin/../m68k-unknown-elf/sysroot/lib/m54455\libc.a(lib_a-fwalk.o)
                0x40015398                _fwalk
                0x400153f0                _fwalk_reent
 .text          0x4001544c      0x152 c:/nburn/gcc-m68k/bin/../m68k-unknown-elf/sysroot/lib/m54455\libc.a(lib_a-makebuf.o)
                0x4001544c                __smakebuf_r
 *fill*         0x4001559e        0x2 
 .text          0x400155a0      0x126 c:/nburn/gcc-m68k/bin/../m68k-unknown-elf/sysroot/lib/m54455\libc.a(lib_a-stdio.o)
                0x400155a0                __sread
                0x400155e4                __seofread
                0x400155ee                __swrite
                0x4001565a                __sseek
                0x400156ae                __sclose
 *fill*         0x400156c6        0x2 
 .text          0x400156c8       0x38 c:/nburn/gcc-m68k/bin/../m68k-unknown-elf/sysroot/lib/m54455\libc.a(lib_a-writer.o)
                0x400156c8                _write_r
 .text          0x40015700       0x2e c:/nburn/gcc-m68k/bin/../m68k-unknown-elf/sysroot/lib/m54455\libc.a(lib_a-closer.o)
                0x40015700                _close_r
 *fill*         0x4001572e        0x2 
 .text          0x40015730       0xe2 c:/nburn/gcc-m68k/bin/../m68k-unknown-elf/sysroot/lib/m54455\libc.a(lib_a-fclose.o)
                0x40015730                _fclose_r
                0x400157fc                fclose
 *fill*         0x40015812        0x2 
 .text          0x40015814       0x32 c:/nburn/gcc-m68k/bin/../m68k-unknown-elf/sysroot/lib/m54455\libc.a(lib_a-fstatr.o)
                0x40015814                _fstat_r
 *fill*         0x40015846        0x2 
 .text          0x40015848       0x2e c:/nburn/gcc-m68k/bin/../m68k-unknown-elf/sysroot/lib/m54455\libc.a(lib_a-isattyr.o)
                0x40015848                _isatty_r
 *fill*         0x40015876        0x2 
 .text          0x40015878       0x38 c:/nburn/gcc-m68k/bin/../m68k-unknown-elf/sysroot/lib/m54455\libc.a(lib_a-lseekr.o)
                0x40015878                _lseek_r
 .text          0x400158b0       0x38 c:/nburn/gcc-m68k/bin/../m68k-unknown-elf/sysroot/lib/m54455\libc.a(lib_a-readr.o)
                0x400158b0                _read_r
 .text          0x400158e8       0x32 c:/nburn/gcc-m68k/bin/../lib/gcc/m68k-unknown-elf/5.2.0/m54455/crtend.o
                0x40015920                . = ALIGN (0x10)
 *fill*         0x4001591a        0x6 
 *(.text.*)
 .text._Z5DrivePv
                0x40015920      0x1a8 main.o
                0x40015920                _Z5DrivePv
 .text._Z15CheckNVSettingsv
                0x40015ac8      0x1bc main.o
                0x40015ac8                _Z15CheckNVSettingsv
 .text._Z13getGlobalTimev
                0x40015c84       0xc4 main.o
                0x40015c84                _Z13getGlobalTimev
 .text._Z9LCDUpdatePv
                0x40015d48      0x206 main.o
                0x40015d48                _Z9LCDUpdatePv
 *fill*         0x40015f4e        0x2 
 .text._Z4initv
                0x40015f50      0x21c main.o
                0x40015f50                _Z4initv
 .text.UserMain
                0x4001616c      0x100 main.o
                0x4001616c                UserMain
 .text.startup._GLOBAL__sub_I_MainTaskSem
                0x4001626c       0xdc main.o
 .text._ZN7Utility4modeEv
                0x40016348       0x32 Utility.o
                0x40016348                _ZN7Utility4modeEv
 *fill*         0x4001637a        0x2 
 .text._ZN7Utility9odoToFeetEm
                0x4001637c       0x46 Utility.o
                0x4001637c                _ZN7Utility9odoToFeetEm
 *fill*         0x400163c2        0x2 
 .text._ZN7Utility10degreeWrapEf
                0x400163c4       0x90 Utility.o
                0x400163c4                _ZN7Utility10degreeWrapEf
 .text._ZN7Utility9switchValEi
                0x40016454       0x26 Utility.o
                0x40016454                _ZN7Utility9switchValEi
 *fill*         0x4001647a        0x2 
 .text._ZN7Utility6cmToFtEf
                0x4001647c       0x3c Utility.o
                0x4001647c                _ZN7Utility6cmToFtEf
 .text._ZN8Profiler3ticEi
                0x400164b8       0x64 Profiler.o
                0x400164b8                _ZN8Profiler3ticEi
 .text._ZN8Profiler3tocEi
                0x4001651c       0xe8 Profiler.o
                0x4001651c                _ZN8Profiler3tocEi
 .text.startup._GLOBAL__sub_I__ZN8Profiler1tE
                0x40016604       0x28 Profiler.o
 .text._ZN4PathD2Ev
                0x4001662c       0x28 Path.o
                0x4001662c                _ZN4PathD2Ev
                0x4001662c                _ZN4PathD1Ev
 .text._ZN4PathD0Ev
                0x40016654       0x3a Path.o
                0x40016654                _ZN4PathD0Ev
 *fill*         0x4001668e        0x2 
 .text._ZN4PathC2Ev
                0x40016690       0x1e Path.o
                0x40016690                _ZN4PathC2Ev
                0x40016690                _ZN4PathC1Ev
 *fill*         0x400166ae        0x2 
 .text._ZN3NavC2Ev
                0x400166b0       0x56 Nav.o
                0x400166b0                _ZN3NavC2Ev
                0x400166b0                _ZN3NavC1Ev
 *fill*         0x40016706        0x2 
 .text._ZN3Nav4getXEv
                0x40016708       0x10 Nav.o
                0x40016708                _ZN3Nav4getXEv
 .text._ZN3Nav4getYEv
                0x40016718       0x10 Nav.o
                0x40016718                _ZN3Nav4getYEv
 .text._ZN3Nav10getHeadDesEv
                0x40016728       0x10 Nav.o
                0x40016728                _ZN3Nav10getHeadDesEv
 .text._ZN3Nav4getVEv
                0x40016738       0x10 Nav.o
                0x40016738                _ZN3Nav4getVEv
 .text._ZN3Nav10isFinishedEv
                0x40016748       0x10 Nav.o
                0x40016748                _ZN3Nav10isFinishedEv
 .text._ZN3Nav12headingSteerEv
                0x40016758      0x13c Nav.o
                0x40016758                _ZN3Nav12headingSteerEv
 .text._ZN3Nav8getSteerEv
                0x40016894       0xba Nav.o
                0x40016894                _ZN3Nav8getSteerEv
 *fill*         0x4001694e        0x2 
 .text._ZN3Nav10wallUpdateEv
                0x40016950      0x102 Nav.o
                0x40016950                _ZN3Nav10wallUpdateEv
 *fill*         0x40016a52        0x2 
 .text._ZN3Nav9navUpdateEv
                0x40016a54      0x410 Nav.o
                0x40016a54                _ZN3Nav9navUpdateEv
 .text._ZN3Nav19waypointFinishCheckEf
                0x40016e64       0xfe Nav.o
                0x40016e64                _ZN3Nav19waypointFinishCheckEf
 *fill*         0x40016f62        0x2 
 .text._ZN3Nav12brakeAndZeroEf
                0x40016f64       0x4e Nav.o
                0x40016f64                _ZN3Nav12brakeAndZeroEf
 *fill*         0x40016fb2        0x2 
 .text._ZN3Nav17moveUntilFinishedEff.part.0.constprop.1
                0x40016fb4       0xc0 Nav.o
 .text._ZN3Nav11getThrottleEv
                0x40017074       0x46 Nav.o
                0x40017074                _ZN3Nav11getThrottleEv
 *fill*         0x400170ba        0x2 
 .text._ZN3NavD2Ev
                0x400170bc       0x32 Nav.o
                0x400170bc                _ZN3NavD1Ev
                0x400170bc                _ZN3NavD2Ev
 *fill*         0x400170ee        0x2 
 .text._ZN3NavD0Ev
                0x400170f0       0x40 Nav.o
                0x400170f0                _ZN3NavD0Ev
 .text._ZN3MapD2Ev
                0x40017130       0x28 Map.o
                0x40017130                _ZN3MapD2Ev
                0x40017130                _ZN3MapD1Ev
 .text._ZN3MapD0Ev
                0x40017158       0x3a Map.o
                0x40017158                _ZN3MapD0Ev
 *fill*         0x40017192        0x2 
 .text._ZN3MapC2Ev
                0x40017194       0x1e Map.o
                0x40017194                _ZN3MapC2Ev
                0x40017194                _ZN3MapC1Ev
 *fill*         0x400171b2        0x2 
 .text._ZN13MainLogObject9GetExtentERPmS1_
                0x400171b4       0x24 Logger.o
                0x400171b4                _ZN13MainLogObject9GetExtentERPmS1_
 .text._ZN6Logger7logLoopEPv
                0x400171d8      0x4d2 Logger.o
                0x400171d8                _ZN6Logger7logLoopEPv
 *fill*         0x400176aa        0x2 
 .text._ZN13MainLogObject8BuildOneEv
                0x400176ac      0x7e8 Logger.o
                0x400176ac                _ZN13MainLogObject8BuildOneEv
 .text._ZN13MainLogObjectC2Ev
                0x40017e94      0xb50 Logger.o
                0x40017e94                _ZN13MainLogObjectC2Ev
                0x40017e94                _ZN13MainLogObjectC1Ev
 .text._ZN6Logger8logBeginEv
                0x400189e4       0x3a Logger.o
                0x400189e4                _ZN6Logger8logBeginEv
 *fill*         0x40018a1e        0x2 
 .text.startup._GLOBAL__sub_I_mainLog
                0x40018a20       0x1a Logger.o
 *fill*         0x40018a3a        0x2 
 .text._Z13setupFastMathv
                0x40018a3c       0xdc FastMath.o
                0x40018a3c                _Z13setupFastMathv
 .text._Z7fastsinf
                0x40018b18       0xc2 FastMath.o
                0x40018b18                _Z7fastsinf
 *fill*         0x40018bda        0x2 
 .text._Z7fastcosf
                0x40018bdc       0xce FastMath.o
                0x40018bdc                _Z7fastcosf
 *fill*         0x40018caa        0x2 
 .text._Z11CoreRcTimeri
                0x40018cac       0xfa Drivers\servodrive.o
                0x40018cac                _Z11CoreRcTimeri
 *fill*         0x40018da6        0x2 
 .text._Z12fake_Ch0_ISRv
                0x40018da8       0x54 Drivers\servodrive.o
                0x40018da8                _Z12fake_Ch0_ISRv
                0x40018dac                Ch0_ISR
 .text.real_Ch0_ISR
                0x40018dfc       0x16 Drivers\servodrive.o
                0x40018dfc                real_Ch0_ISR
 *fill*         0x40018e12        0x2 
 .text._Z12fake_Ch1_ISRv
                0x40018e14       0x54 Drivers\servodrive.o
                0x40018e14                _Z12fake_Ch1_ISRv
                0x40018e18                Ch1_ISR
 .text.real_Ch1_ISR
                0x40018e68       0x18 Drivers\servodrive.o
                0x40018e68                real_Ch1_ISR
 .text._Z14ServoDriveInitv
                0x40018e80      0x16e Drivers\servodrive.o
                0x40018e80                _Z14ServoDriveInitv
 *fill*         0x40018fee        0x2 
 .text._Z11SetServoPosid
                0x40018ff0      0x134 Drivers\servodrive.o
                0x40018ff0                _Z11SetServoPosid
 .text._Z11SetServoRawii
                0x40019124       0xc2 Drivers\servodrive.o
                0x40019124                _Z11SetServoRawii
 *fill*         0x400191e6        0x2 
 .text._Z11getServoPosi
                0x400191e8       0x1c Drivers\servodrive.o
                0x400191e8                _Z11getServoPosi
 .text._Z14PinFunctionPWMi
                0x40019204      0x11a Drivers\pwm.o
                0x40019204                _Z14PinFunctionPWMi
 *fill*         0x4001931e        0x2 
 .text._Z18CheckLoadOkayClearv
                0x40019320       0x7c Drivers\pwm.o
                0x40019320                _Z18CheckLoadOkayClearv
 .text._Z19RegisterDefinitionsih
                0x4001939c       0x9a Drivers\pwm.o
                0x4001939c                _Z19RegisterDefinitionsih
 *fill*         0x40019436        0x2 
 .text._Z14EdgeAlignedPWMiii
                0x40019438      0x408 Drivers\pwm.o
                0x40019438                _Z14EdgeAlignedPWMiii
 .text._Z6PinPWMiid
                0x40019840       0x86 Drivers\pwm.o
                0x40019840                _Z6PinPWMiid
 *fill*         0x400198c6        0x2 
 .text._Z22BuildOrFindDescriptionPKc
                0x400198c8       0xa2 Drivers\introspec.o
                0x400198c8                _Z22BuildOrFindDescriptionPKc
 *fill*         0x4001996a        0x2 
 .text._ZN15IntrospecObjectC2EPKc
                0x4001996c       0x1c Drivers\introspec.o
                0x4001996c                _ZN15IntrospecObjectC1EPKc
                0x4001996c                _ZN15IntrospecObjectC2EPKc
 .text._Z14LogEscapedByteh
                0x40019988       0x72 Drivers\introspec.o
                0x40019988                _Z14LogEscapedByteh
 *fill*         0x400199fa        0x2 
 .text._Z10LogRawByteh
                0x400199fc       0x58 Drivers\introspec.o
                0x400199fc                _Z10LogRawByteh
 .text._Z8LogRaw32m
                0x40019a54      0x130 Drivers\introspec.o
                0x40019a54                _Z8LogRaw32m
 .text._ZN15IntrospecObject7ElementEPvmPKcc
                0x40019b84       0x94 Drivers\introspec.o
                0x40019b84                _ZN15IntrospecObject7ElementEPvmPKcc
 .text._ZN15IntrospecObject12LogStructureEv
                0x40019c18       0x98 Drivers\introspec.o
                0x40019c18                _ZN15IntrospecObject12LogStructureEv
 .text._ZN15IntrospecObject3LogEb
                0x40019cb0      0x136 Drivers\introspec.o
                0x40019cb0                _ZN15IntrospecObject3LogEb
 *fill*         0x40019de6        0x2 
 .text._Z10LogMessagePKcb
                0x40019de8       0x84 Drivers\introspec.o
                0x40019de8                _Z10LogMessagePKcb
 .text._Z12WriteLogToFdi
                0x40019e6c       0xf0 Drivers\introspec.o
                0x40019e6c                _Z12WriteLogToFdi
 .text._Z10GetLogSizev
                0x40019f5c       0x80 Drivers\introspec.o
                0x40019f5c                _Z10GetLogSizev
 .text._Z10InitLogFtpi
                0x40019fdc       0x20 Drivers\introspec.o
                0x40019fdc                _Z10InitLogFtpi
 .text._Z22FTPD_GetFileFromClientPKcS0_Pvi
                0x40019ffc        0xa Drivers\introspec.o
                0x40019ffc                _Z22FTPD_GetFileFromClientPKcS0_Pvi
 *fill*         0x4001a006        0x2 
 .text._Z21FTPD_AbleToCreateFilePKcS0_Pv
                0x4001a008        0xa Drivers\introspec.o
                0x4001a008                _Z21FTPD_AbleToCreateFilePKcS0_Pv
 *fill*         0x4001a012        0x2 
 .text._Z16FTPDSessionStartPKcS0_7IPADDR4
                0x4001a014        0xa Drivers\introspec.o
                0x4001a014                _Z16FTPDSessionStartPKcS0_7IPADDR4
 *fill*         0x4001a01e        0x2 
 .text._Z14FTPDSessionEndPv
                0x4001a020        0x8 Drivers\introspec.o
                0x4001a020                _Z14FTPDSessionEndPv
 .text._Z23FTPD_ListSubDirectoriesPKcPvPFviS0_Ei
                0x4001a028        0xa Drivers\introspec.o
                0x4001a028                _Z23FTPD_ListSubDirectoriesPKcPvPFviS0_Ei
 *fill*         0x4001a032        0x2 
 .text._Z20FTPD_DirectoryExistsPKcPv
                0x4001a034        0xa Drivers\introspec.o
                0x4001a034                _Z20FTPD_DirectoryExistsPKcPv
 *fill*         0x4001a03e        0x2 
 .text._Z23FTPD_CreateSubDirectoryPKcS0_Pv
                0x4001a040        0xa Drivers\introspec.o
                0x4001a040                _Z23FTPD_CreateSubDirectoryPKcS0_Pv
 *fill*         0x4001a04a        0x2 
 .text._Z23FTPD_DeleteSubDirectoryPKcS0_Pv
                0x4001a04c        0xa Drivers\introspec.o
                0x4001a04c                _Z23FTPD_DeleteSubDirectoryPKcS0_Pv
 *fill*         0x4001a056        0x2 
 .text._Z15FTPD_DeleteFilePKcS0_Pv
                0x4001a058       0x60 Drivers\introspec.o
                0x4001a058                _Z15FTPD_DeleteFilePKcS0_Pv
 .text._Z11FTPD_RenamePKcS0_S0_Pv
                0x4001a0b8        0xa Drivers\introspec.o
                0x4001a0b8                _Z11FTPD_RenamePKcS0_S0_Pv
 *fill*         0x4001a0c2        0x2 
 .text._Z16FTPD_GetFileSizePKcS0_
                0x4001a0c4        0xa Drivers\introspec.o
                0x4001a0c4                _Z16FTPD_GetFileSizePKcS0_
 *fill*         0x4001a0ce        0x2 
 .text._Z12getdirstringPKclPc
                0x4001a0d0       0xac Drivers\introspec.o
                0x4001a0d0                _Z12getdirstringPKclPc
 .text._Z13FTPD_ListFilePKcPvPFviS0_Ei
                0x4001a17c       0x5e Drivers\introspec.o
                0x4001a17c                _Z13FTPD_ListFilePKcPvPFviS0_Ei
 *fill*         0x4001a1da        0x2 
 .text._Z21FTPD_SendFileToClientPKcS0_Pvi
                0x4001a1dc       0x78 Drivers\introspec.o
                0x4001a1dc                _Z21FTPD_SendFileToClientPKcS0_Pvi
 .text._Z15FTPD_FileExistsPKcS0_Pv
                0x4001a254        0xa Drivers\introspec.o
                0x4001a254                _Z15FTPD_FileExistsPKcS0_Pv
 *fill*         0x4001a25e        0x2 
 .text._ZN7FileLogC2EPKc
                0x4001a260       0x20 Drivers\introspec.o
                0x4001a260                _ZN7FileLogC2EPKc
                0x4001a260                _ZN7FileLogC1EPKc
 .text._Z15LogFileVersionsv
                0x4001a280       0x5e Drivers\introspec.o
                0x4001a280                _Z15LogFileVersionsv
 *fill*         0x4001a2de        0x2 
 .text.startup._GLOBAL__sub_I__ZN15IntrospecObject7bShowMeE
                0x4001a2e0       0x44 Drivers\introspec.o
 .text._Z15RC_ProcessCharsih
                0x4001a324       0xe6 Drivers\dsm2.o
                0x4001a324                _Z15RC_ProcessCharsih
 *fill*         0x4001a40a        0x2 
 .text._Z10InitDSM2Rxi
                0x4001a40c       0x52 Drivers\dsm2.o
                0x4001a40c                _Z10InitDSM2Rxi
 *fill*         0x4001a45e        0x2 
 .text._ZN13SpinningLidar17SpinningLidarInitEv
                0x4001a460       0x34 Drivers\SpinningLidar.o
                0x4001a460                _ZN13SpinningLidar17SpinningLidarInitEv
 .text._ZN13SpinningLidar11checkHealthEi
                0x4001a494       0xe6 Drivers\SpinningLidar.o
                0x4001a494                _ZN13SpinningLidar11checkHealthEi
 *fill*         0x4001a57a        0x2 
 .text._ZN13SpinningLidar9hardResetEi
                0x4001a57c       0x46 Drivers\SpinningLidar.o
                0x4001a57c                _ZN13SpinningLidar9hardResetEi
 *fill*         0x4001a5c2        0x2 
 .text._ZN13SpinningLidar9startScanEi
                0x4001a5c4       0x78 Drivers\SpinningLidar.o
                0x4001a5c4                _ZN13SpinningLidar9startScanEi
 .text._ZN13SpinningLidar11processCharEih
                0x4001a63c      0x154 Drivers\SpinningLidar.o
                0x4001a63c                _ZN13SpinningLidar11processCharEih
 .text._ZN13SpinningLidar9LidarTaskEPv
                0x4001a790      0x1ba Drivers\SpinningLidar.o
                0x4001a790                _ZN13SpinningLidar9LidarTaskEPv
 *fill*         0x4001a94a        0x2 
 .text._ZN8OdometerD2Ev
                0x4001a94c        0x8 Drivers\Odometer.o
                0x4001a94c                _ZN8OdometerD2Ev
                0x4001a94c                _ZN8OdometerD1Ev
 .text._ZN8Odometer6OdoIrqEv
                0x4001a954       0x16 Drivers\Odometer.o
                0x4001a954                _ZN8Odometer6OdoIrqEv
 *fill*         0x4001a96a        0x2 
 .text._ZN8OdometerD0Ev
                0x4001a96c       0x1c Drivers\Odometer.o
                0x4001a96c                _ZN8OdometerD0Ev
 .text._ZN8OdometerC2Ev
                0x4001a988       0x12 Drivers\Odometer.o
                0x4001a988                _ZN8OdometerC1Ev
                0x4001a988                _ZN8OdometerC2Ev
 *fill*         0x4001a99a        0x2 
 .text._ZN8OdometerC2Ei
                0x4001a99c       0x52 Drivers\Odometer.o
                0x4001a99c                _ZN8OdometerC1Ei
                0x4001a99c                _ZN8OdometerC2Ei
 *fill*         0x4001a9ee        0x2 
 .text._ZN8Odometer8getCountEv
                0x4001a9f0        0xe Drivers\Odometer.o
                0x4001a9f0                _ZN8Odometer8getCountEv
 .text._ZN5Madge24MadgwickQuaternionUpdateEfffffffff
                0x4001a9fe      0xde8 Drivers\MadgwickFilter.o
                0x4001a9fe                _ZN5Madge24MadgwickQuaternionUpdateEfffffffff
 *fill*         0x4001b7e6        0x2 
 .text._ZN7MPU9250C2Eh
                0x4001b7e8       0x62 Drivers\MPU9250.o
                0x4001b7e8                _ZN7MPU9250C1Eh
                0x4001b7e8                _ZN7MPU9250C2Eh
 *fill*         0x4001b84a        0x2 
 .text._ZN7MPU92507getMresEh
                0x4001b84c       0x4e Drivers\MPU9250.o
                0x4001b84c                _ZN7MPU92507getMresEh
 *fill*         0x4001b89a        0x2 
 .text._ZN7MPU92507getGresEh
                0x4001b89c       0x7e Drivers\MPU9250.o
                0x4001b89c                _ZN7MPU92507getGresEh
 *fill*         0x4001b91a        0x2 
 .text._ZN7MPU92507getAresEh
                0x4001b91c       0x7e Drivers\MPU9250.o
                0x4001b91c                _ZN7MPU92507getAresEh
 *fill*         0x4001b99a        0x2 
 .text._ZN7MPU925018I2CWriteReadBufferEhhPhi
                0x4001b99c       0xb0 Drivers\MPU9250.o
                0x4001b99c                _ZN7MPU925018I2CWriteReadBufferEhhPhi
 .text._ZN7MPU925011initMPU9250Ehh
                0x4001ba4c      0x1f8 Drivers\MPU9250.o
                0x4001ba4c                _ZN7MPU925011initMPU9250Ehh
 .text._ZN7MPU925015readMPU9250DataEPs
                0x4001bc44       0xfa Drivers\MPU9250.o
                0x4001bc44                _ZN7MPU925015readMPU9250DataEPs
 *fill*         0x4001bd3e        0x2 
 .text._ZN7MPU925011readMagDataEPs
                0x4001bd40       0x72 Drivers\MPU9250.o
                0x4001bd40                _ZN7MPU925011readMagDataEPs
 *fill*         0x4001bdb2        0x2 
 .text._ZN7MPU925013magcalMPU9250EPfS0_
                0x4001bdb4      0x332 Drivers\MPU9250.o
                0x4001bdb4                _ZN7MPU925013magcalMPU9250EPfS0_
 *fill*         0x4001c0e6        0x2 
 .text._ZN7MPU925010initAK8963EhhPf
                0x4001c0e8      0x1ea Drivers\MPU9250.o
                0x4001c0e8                _ZN7MPU925010initAK8963EhhPf
 *fill*         0x4001c2d2        0x2 
 .text._ZN7MPU925016calibrateMPU9250EPfS0_
                0x4001c2d4      0x81e Drivers\MPU9250.o
                0x4001c2d4                _ZN7MPU925016calibrateMPU9250EPfS0_
 *fill*         0x4001caf2        0x2 
 .text._ZN7MPU92508SelfTestEPf
                0x4001caf4      0x8cc Drivers\MPU9250.o
                0x4001caf4                _ZN7MPU92508SelfTestEPf
 .text._ZN7MPU92508readByteEhh
                0x4001d3c0       0x2e Drivers\MPU9250.o
                0x4001d3c0                _ZN7MPU92508readByteEhh
 *fill*         0x4001d3ee        0x2 
 .text._ZN7MPU9250C2Ev
                0x4001d3f0        0x8 Drivers\MPU9250.o
                0x4001d3f0                _ZN7MPU9250C2Ev
                0x4001d3f0                _ZN7MPU9250C1Ev
 .text._Z22getGlobalTimerOverflowv
                0x4001d3f8        0xe Drivers\LidarPWM.o
                0x4001d3f8                _Z22getGlobalTimerOverflowv
 *fill*         0x4001d406        0x2 
 .text._Z20fake_LIDAR_ISR_RIGHTv
                0x4001d408       0x54 Drivers\LidarPWM.o
                0x4001d408                _Z20fake_LIDAR_ISR_RIGHTv
                0x4001d40c                LIDAR_ISR_RIGHT
 .text.real_LIDAR_ISR_RIGHT
                0x4001d45c       0xc4 Drivers\LidarPWM.o
                0x4001d45c                real_LIDAR_ISR_RIGHT
 .text._Z15GlobalTimerIniti
                0x4001d520       0x80 Drivers\LidarPWM.o
                0x4001d520                _Z15GlobalTimerIniti
 .text._Z12LidarPWMInitv
                0x4001d5a0       0x38 Drivers\LidarPWM.o
                0x4001d5a0                _Z12LidarPWMInitv
 .text._Z13getRightLidarv
                0x4001d5d8       0x4e Drivers\LidarPWM.o
                0x4001d5d8                _Z13getRightLidarv
 *fill*         0x4001d626        0x2 
 .text._ZN3LCDD2Ev
                0x4001d628        0x8 Drivers\LCD.o
                0x4001d628                _ZN3LCDD2Ev
                0x4001d628                _ZN3LCDD1Ev
 .text._ZN3LCDD0Ev
                0x4001d630       0x1c Drivers\LCD.o
                0x4001d630                _ZN3LCDD0Ev
 .text._ZN3LCDC2Ev
                0x4001d64c       0x16 Drivers\LCD.o
                0x4001d64c                _ZN3LCDC1Ev
                0x4001d64c                _ZN3LCDC2Ev
 *fill*         0x4001d662        0x2 
 .text._ZN3LCDC2Eii
                0x4001d664       0x3c Drivers\LCD.o
                0x4001d664                _ZN3LCDC1Eii
                0x4001d664                _ZN3LCDC2Eii
 .text._ZN3LCD5clearEv
                0x4001d6a0       0x7c Drivers\LCD.o
                0x4001d6a0                _ZN3LCD5clearEv
 .text._ZN3LCD5printEPKc
                0x4001d71c       0x1a Drivers\LCD.o
                0x4001d71c                _ZN3LCD5printEPKc
 *fill*         0x4001d736        0x2 
 .text._ZN3LCD5printEPKci
                0x4001d738       0x1a Drivers\LCD.o
                0x4001d738                _ZN3LCD5printEPKci
 *fill*         0x4001d752        0x2 
 .text._Z13IMUSampleLoopPv
                0x4001d754      0xb78 Drivers\IMUSetupAndSample.o
                0x4001d754                _Z13IMUSampleLoopPv
 .text._Z15CalibAccAndGyrov
                0x4001e2cc      0x216 Drivers\IMUSetupAndSample.o
                0x4001e2cc                _Z15CalibAccAndGyrov
 *fill*         0x4001e4e2        0x2 
 .text._Z9unclodI2Cv
                0x4001e4e4       0xf0 Drivers\IMUSetupAndSample.o
                0x4001e4e4                _Z9unclodI2Cv
 .text._Z11whoAmICheckv
                0x4001e5d4       0x80 Drivers\IMUSetupAndSample.o
                0x4001e5d4                _Z11whoAmICheckv
 .text._Z8IMUSetupv
                0x4001e654      0x3be Drivers\IMUSetupAndSample.o
                0x4001e654                _Z8IMUSetupv
 *fill*         0x4001ea12        0x2 
 .text._Z6IMURunv
                0x4001ea14       0x34 Drivers\IMUSetupAndSample.o
                0x4001ea14                _Z6IMURunv
 .text._Z10getHeadingv
                0x4001ea48       0x28 Drivers\IMUSetupAndSample.o
                0x4001ea48                _Z10getHeadingv
 .text.startup._GLOBAL__sub_I_globalTimer
                0x4001ea70       0x92 Drivers\IMUSetupAndSample.o
 *fill*         0x4001eb02        0x2 
 .text._Z14DoHtmlFunctioniPKct
                0x4001eb04        0xa htmldata.o
                0x4001eb04                _Z14DoHtmlFunctioniPKct
 *fill*         0x4001eb0e        0x2 
 .text._Z14DoHtmlVariableit
                0x4001eb10        0xa htmldata.o
                0x4001eb10                _Z14DoHtmlVariableit
 *fill*         0x4001eb1a        0x2 
 .text.__tcf_0  0x4001eb1c       0x38 C:\Nburn/lib/NANO54415.a(serial.o)
 .text._Z11BaseGetChari
                0x4001eb54       0xac C:\Nburn/lib/NANO54415.a(serial.o)
                0x4001eb54                _Z11BaseGetChari
 .text._Z14InitializeMapsv.part.1
                0x4001ec00       0x76 C:\Nburn/lib/NANO54415.a(serial.o)
 *fill*         0x4001ec76        0x2 
 .text._Z6WakeTxi
                0x4001ec78       0x8c C:\Nburn/lib/NANO54415.a(serial.o)
                0x4001ec78                _Z6WakeTxi
 .text._Z11BasePutCharih
                0x4001ed04       0xf0 C:\Nburn/lib/NANO54415.a(serial.o)
                0x4001ed04                _Z11BasePutCharih
 .text._Z8serwriteiPKci
                0x4001edf4      0x156 C:\Nburn/lib/NANO54415.a(serial.o)
                0x4001edf4                _Z8serwriteiPKci
 *fill*         0x4001ef4a        0x2 
 .text._Z8DoSerIsri
                0x4001ef4c      0x302 C:\Nburn/lib/NANO54415.a(serial.o)
                0x4001ef4c                _Z8DoSerIsri
 *fill*         0x4001f24e        0x2 
 .text._Z14fake_SER_0_ISRv
                0x4001f250       0x54 C:\Nburn/lib/NANO54415.a(serial.o)
                0x4001f250                _Z14fake_SER_0_ISRv
                0x4001f254                SER_0_ISR
 .text.real_SER_0_ISR
                0x4001f2a4       0x12 C:\Nburn/lib/NANO54415.a(serial.o)
                0x4001f2a4                real_SER_0_ISR
 *fill*         0x4001f2b6        0x2 
 .text._Z14fake_SER_1_ISRv
                0x4001f2b8       0x54 C:\Nburn/lib/NANO54415.a(serial.o)
                0x4001f2b8                _Z14fake_SER_1_ISRv
                0x4001f2bc                SER_1_ISR
 .text.real_SER_1_ISR
                0x4001f30c       0x14 C:\Nburn/lib/NANO54415.a(serial.o)
                0x4001f30c                real_SER_1_ISR
 .text._Z14fake_SER_2_ISRv
                0x4001f320       0x54 C:\Nburn/lib/NANO54415.a(serial.o)
                0x4001f320                _Z14fake_SER_2_ISRv
                0x4001f324                SER_2_ISR
 .text.real_SER_2_ISR
                0x4001f374       0x14 C:\Nburn/lib/NANO54415.a(serial.o)
                0x4001f374                real_SER_2_ISR
 .text._Z14fake_SER_3_ISRv
                0x4001f388       0x54 C:\Nburn/lib/NANO54415.a(serial.o)
                0x4001f388                _Z14fake_SER_3_ISRv
                0x4001f38c                SER_3_ISR
 .text.real_SER_3_ISR
                0x4001f3dc       0x14 C:\Nburn/lib/NANO54415.a(serial.o)
                0x4001f3dc                real_SER_3_ISR
 .text._Z14fake_SER_4_ISRv
                0x4001f3f0       0x54 C:\Nburn/lib/NANO54415.a(serial.o)
                0x4001f3f0                _Z14fake_SER_4_ISRv
                0x4001f3f4                SER_4_ISR
 .text.real_SER_4_ISR
                0x4001f444       0x14 C:\Nburn/lib/NANO54415.a(serial.o)
                0x4001f444                real_SER_4_ISR
 .text._Z14fake_SER_5_ISRv
                0x4001f458       0x54 C:\Nburn/lib/NANO54415.a(serial.o)
                0x4001f458                _Z14fake_SER_5_ISRv
                0x4001f45c                SER_5_ISR
 .text.real_SER_5_ISR
                0x4001f4ac       0x14 C:\Nburn/lib/NANO54415.a(serial.o)
                0x4001f4ac                real_SER_5_ISR
 .text._Z14fake_SER_6_ISRv
                0x4001f4c0       0x54 C:\Nburn/lib/NANO54415.a(serial.o)
                0x4001f4c0                _Z14fake_SER_6_ISRv
                0x4001f4c4                SER_6_ISR
 .text.real_SER_6_ISR
                0x4001f514       0x14 C:\Nburn/lib/NANO54415.a(serial.o)
                0x4001f514                real_SER_6_ISR
 .text._Z14fake_SER_7_ISRv
                0x4001f528       0x54 C:\Nburn/lib/NANO54415.a(serial.o)
                0x4001f528                _Z14fake_SER_7_ISRv
                0x4001f52c                SER_7_ISR
 .text.real_SER_7_ISR
                0x4001f57c       0x14 C:\Nburn/lib/NANO54415.a(serial.o)
                0x4001f57c                real_SER_7_ISR
 .text._Z14fake_SER_8_ISRv
                0x4001f590       0x54 C:\Nburn/lib/NANO54415.a(serial.o)
                0x4001f590                _Z14fake_SER_8_ISRv
                0x4001f594                SER_8_ISR
 .text.real_SER_8_ISR
                0x4001f5e4       0x14 C:\Nburn/lib/NANO54415.a(serial.o)
                0x4001f5e4                real_SER_8_ISR
 .text._Z14fake_SER_9_ISRv
                0x4001f5f8       0x54 C:\Nburn/lib/NANO54415.a(serial.o)
                0x4001f5f8                _Z14fake_SER_9_ISRv
                0x4001f5fc                SER_9_ISR
 .text.real_SER_9_ISR
                0x4001f64c       0x14 C:\Nburn/lib/NANO54415.a(serial.o)
                0x4001f64c                real_SER_9_ISR
 .text._Z10serreadwtoiPcii
                0x4001f660      0x21a C:\Nburn/lib/NANO54415.a(serial.o)
                0x4001f660                _Z10serreadwtoiPcii
 *fill*         0x4001f87a        0x2 
 .text._Z7serreadiPci
                0x4001f87c       0x1c C:\Nburn/lib/NANO54415.a(serial.o)
                0x4001f87c                _Z7serreadiPci
 .text._Z10OpenSerialijii11parity_mode
                0x4001f898      0x6f0 C:\Nburn/lib/NANO54415.a(serial.o)
                0x4001f898                _Z10OpenSerialijii11parity_mode
 .text._Z11SerialClosei
                0x4001ff88       0xda C:\Nburn/lib/NANO54415.a(serial.o)
                0x4001ff88                _Z11SerialClosei
 *fill*         0x40020062        0x2 
 .text._Z16serexternalclosei
                0x40020064       0x34 C:\Nburn/lib/NANO54415.a(serial.o)
                0x40020064                _Z16serexternalclosei
 .text.startup._GLOBAL__sub_I_Uarts
                0x40020098       0x5e C:\Nburn/lib/NANO54415.a(serial.o)
 *fill*         0x400200f6        0x2 
 .text._ZN5PinIO3setEh
                0x400200f8      0xa84 C:\Nburn/lib/NANO54415.a(pins.o)
                0x400200f8                _ZN5PinIO3setEh
 .text._ZN5PinIO4readEv
                0x40020b7c      0x5d8 C:\Nburn/lib/NANO54415.a(pins.o)
                0x40020b7c                _ZN5PinIO4readEv
 .text._ZN5PinIO8functionEi
                0x40021154      0x524 C:\Nburn/lib/NANO54415.a(pins.o)
                0x40021154                _ZN5PinIO8functionEi
 .text._Z15InitSingleEndADv
                0x40021678       0xec C:\Nburn/lib/NANO54415.a(SimpleAD.o)
                0x40021678                _Z15InitSingleEndADv
 .text._Z7StartADv
                0x40021764       0x26 C:\Nburn/lib/NANO54415.a(SimpleAD.o)
                0x40021764                _Z7StartADv
 *fill*         0x4002178a        0x2 
 .text._Z6ADDonev
                0x4002178c       0x20 C:\Nburn/lib/NANO54415.a(SimpleAD.o)
                0x4002178c                _Z6ADDonev
 .text._Z11GetADResulti
                0x400217ac       0x1c C:\Nburn/lib/NANO54415.a(SimpleAD.o)
                0x400217ac                _Z11GetADResulti
 .text._Z15GetSpiFlashCritv
                0x400217c8       0x46 C:\Nburn/lib/NANO54415.a(FlashOps.o)
                0x400217c8                _Z15GetSpiFlashCritv
 *fill*         0x4002180e        0x2 
 .text._Z10FlashErasePvi
                0x40021810       0xac C:\Nburn/lib/NANO54415.a(FlashOps.o)
                0x40021810                _Z10FlashErasePvi
 .text._Z12FlashProgramPvS_i
                0x400218bc      0x160 C:\Nburn/lib/NANO54415.a(FlashOps.o)
                0x400218bc                _Z12FlashProgramPvS_i
 .text.CopySPIFlashImageOnBoot
                0x40021a1c       0x66 C:\Nburn/lib/NANO54415.a(FlashOps.o)
                0x40021a1c                CopySPIFlashImageOnBoot
 *fill*         0x40021a82        0x2 
 .text.startup._GLOBAL__sub_I_SPI_Main
                0x40021a84       0x4a C:\Nburn/lib/NANO54415.a(FlashOps.o)
 *fill*         0x40021ace        0x2 
 .text.__tcf_0  0x40021ad0        0x8 C:\Nburn/lib/NANO54415.a(HiResTimer.o)
 .text._Z21fake_Timer0_Interruptv
                0x40021ad8       0x54 C:\Nburn/lib/NANO54415.a(HiResTimer.o)
                0x40021ad8                _Z21fake_Timer0_Interruptv
                0x40021adc                Timer0_Interrupt
 .text.real_Timer0_Interrupt
                0x40021b2c       0x6c C:\Nburn/lib/NANO54415.a(HiResTimer.o)
                0x40021b2c                real_Timer0_Interrupt
 .text._Z21fake_Timer1_Interruptv
                0x40021b98       0x54 C:\Nburn/lib/NANO54415.a(HiResTimer.o)
                0x40021b98                _Z21fake_Timer1_Interruptv
                0x40021b9c                Timer1_Interrupt
 .text.real_Timer1_Interrupt
                0x40021bec       0x6c C:\Nburn/lib/NANO54415.a(HiResTimer.o)
                0x40021bec                real_Timer1_Interrupt
 .text._Z21fake_Timer2_Interruptv
                0x40021c58       0x54 C:\Nburn/lib/NANO54415.a(HiResTimer.o)
                0x40021c58                _Z21fake_Timer2_Interruptv
                0x40021c5c                Timer2_Interrupt
 .text.real_Timer2_Interrupt
                0x40021cac       0x6c C:\Nburn/lib/NANO54415.a(HiResTimer.o)
                0x40021cac                real_Timer2_Interrupt
 .text._Z21fake_Timer3_Interruptv
                0x40021d18       0x54 C:\Nburn/lib/NANO54415.a(HiResTimer.o)
                0x40021d18                _Z21fake_Timer3_Interruptv
                0x40021d1c                Timer3_Interrupt
 .text.real_Timer3_Interrupt
                0x40021d6c       0x6c C:\Nburn/lib/NANO54415.a(HiResTimer.o)
                0x40021d6c                real_Timer3_Interrupt
 .text._ZN10HiResTimer10init_ticksEmi
                0x40021dd8       0xf2 C:\Nburn/lib/NANO54415.a(HiResTimer.o)
                0x40021dd8                _ZN10HiResTimer10init_ticksEmi
 *fill*         0x40021eca        0x2 
 .text._ZN10HiResTimer4initEd
                0x40021ecc      0x122 C:\Nburn/lib/NANO54415.a(HiResTimer.o)
                0x40021ecc                _ZN10HiResTimer4initEd
 *fill*         0x40021fee        0x2 
 .text._ZN10HiResTimer8readTimeEv
                0x40021ff0       0xfe C:\Nburn/lib/NANO54415.a(HiResTimer.o)
                0x40021ff0                _ZN10HiResTimer8readTimeEv
 *fill*         0x400220ee        0x2 
 .text._ZN10HiResTimer5delayEd
                0x400220f0       0x70 C:\Nburn/lib/NANO54415.a(HiResTimer.o)
                0x400220f0                _ZN10HiResTimer5delayEd
 .text._ZN10HiResTimerC2Ei
                0x40022160       0x5e C:\Nburn/lib/NANO54415.a(HiResTimer.o)
                0x40022160                _ZN10HiResTimerC2Ei
                0x40022160                _ZN10HiResTimerC1Ei
 *fill*         0x400221be        0x2 
 .text._ZN10HiResTimer13getHiResTimerEi
                0x400221c0       0xf8 C:\Nburn/lib/NANO54415.a(HiResTimer.o)
                0x400221c0                _ZN10HiResTimer13getHiResTimerEi
 .text.startup._GLOBAL__sub_I__ZN10HiResTimer6timersE
                0x400222b8       0x58 C:\Nburn/lib/NANO54415.a(HiResTimer.o)
 .text._Z15fake_NbPit1_ISRv
                0x40022310       0x54 C:\Nburn/lib/NANO54415.a(pitr_sem.o)
                0x40022310                _Z15fake_NbPit1_ISRv
                0x40022314                NbPit1_ISR
 .text.real_NbPit1_ISR
                0x40022364       0x56 C:\Nburn/lib/NANO54415.a(pitr_sem.o)
                0x40022364                real_NbPit1_ISR
 *fill*         0x400223ba        0x2 
 .text._Z15fake_NbPit2_ISRv
                0x400223bc       0x54 C:\Nburn/lib/NANO54415.a(pitr_sem.o)
                0x400223bc                _Z15fake_NbPit2_ISRv
                0x400223c0                NbPit2_ISR
 .text.real_NbPit2_ISR
                0x40022410       0x58 C:\Nburn/lib/NANO54415.a(pitr_sem.o)
                0x40022410                real_NbPit2_ISR
 .text._Z17ConfigurePitTimerii
                0x40022468       0xf4 C:\Nburn/lib/NANO54415.a(pitr_sem.o)
                0x40022468                _Z17ConfigurePitTimerii
 .text._Z12InitPitOSSemiP6OS_SEMi
                0x4002255c       0x42 C:\Nburn/lib/NANO54415.a(pitr_sem.o)
                0x4002255c                _Z12InitPitOSSemiP6OS_SEMi
 *fill*         0x4002259e        0x2 
 .text._Z18fake_firq2_pin_isrv
                0x400225a0       0x54 C:\Nburn/lib/NANO54415.a(pin_irq.o)
                0x400225a0                _Z18fake_firq2_pin_isrv
                0x400225a4                firq2_pin_isr
 .text.real_firq2_pin_isr
                0x400225f4       0x28 C:\Nburn/lib/NANO54415.a(pin_irq.o)
                0x400225f4                real_firq2_pin_isr
 .text._Z18fake_firq3_pin_isrv
                0x4002261c       0x54 C:\Nburn/lib/NANO54415.a(pin_irq.o)
                0x4002261c                _Z18fake_firq3_pin_isrv
                0x40022620                firq3_pin_isr
 .text.real_firq3_pin_isr
                0x40022670       0x28 C:\Nburn/lib/NANO54415.a(pin_irq.o)
                0x40022670                real_firq3_pin_isr
 .text._Z9SetPinIrqiiPFvvE
                0x40022698      0x266 C:\Nburn/lib/NANO54415.a(pin_irq.o)
                0x40022698                _Z9SetPinIrqiiPFvvE
 *fill*         0x400228fe        0x2 
 .text._Z5xTickv
                0x40022900       0x1c C:\Nburn/lib/NANO54415.a(bsp.o)
                0x40022900                _Z5xTickv
                0x40022904                Tick5441X
 .text._Z7SetIntcilii
                0x4002291c       0xc0 C:\Nburn/lib/NANO54415.a(bsp.o)
                0x4002291c                _Z7SetIntcilii
 .text._Z11ForceRebootb
                0x400229dc       0x26 C:\Nburn/lib/NANO54415.a(bsp.o)
                0x400229dc                _Z11ForceRebootb
 *fill*         0x40022a02        0x2 
 .text._Z12DisableCachev
                0x40022a04       0x56 C:\Nburn/lib/NANO54415.a(bsp.o)
                0x40022a04                _Z12DisableCachev
 *fill*         0x40022a5a        0x2 
 .text._Z11EnableCachev
                0x40022a5c       0x42 C:\Nburn/lib/NANO54415.a(bsp.o)
                0x40022a5c                _Z11EnableCachev
 *fill*         0x40022a9e        0x2 
 .text._Z13HardwareSetupl
                0x40022aa0      0x1e0 C:\Nburn/lib/NANO54415.a(bsp.o)
                0x40022aa0                _Z13HardwareSetupl
 .text._sbrk_r  0x40022c80       0x48 C:\Nburn/lib/NANO54415.a(bsp.o)
                0x40022c80                _sbrk_r
 .text._Z18BspGetTickFractionv
                0x40022cc8       0x18 C:\Nburn/lib/NANO54415.a(bsp.o)
                0x40022cc8                _Z18BspGetTickFractionv
 .text._Z13GetUartRecordi
                0x40022ce0       0x3a C:\Nburn/lib/NANO54415.a(localio.o)
                0x40022ce0                _Z13GetUartRecordi
 *fill*         0x40022d1a        0x2 
 .text._Z11LocalInBytev
                0x40022d1c       0x5e C:\Nburn/lib/NANO54415.a(localio.o)
                0x40022d1c                _Z11LocalInBytev
 *fill*         0x40022d7a        0x2 
 .text._Z12LocalOutBytec
                0x40022d7c       0x66 C:\Nburn/lib/NANO54415.a(localio.o)
                0x40022d7c                _Z12LocalOutBytec
 *fill*         0x40022de2        0x2 
 .text._Z14LocalCharAvailv
                0x40022de4       0x58 C:\Nburn/lib/NANO54415.a(localio.o)
                0x40022de4                _Z14LocalCharAvailv
 .text._Z18SaveUserParametersPvi
                0x40022e3c       0x78 C:\Nburn/lib/NANO54415.a(userparam.o)
                0x40022e3c                _Z18SaveUserParametersPvi
 .text._Z17GetUserParametersv
                0x40022eb4        0xe C:\Nburn/lib/NANO54415.a(userparam.o)
                0x40022eb4                _Z17GetUserParametersv
 *fill*         0x40022ec2        0x2 
 .text.MultiChannel_I2CInit
                0x40022ec4      0x1e6 C:\Nburn/lib/NANO54415.a(multichanneli2c.o)
                0x40022ec4                MultiChannel_I2CInit
 *fill*         0x400230aa        0x2 
 .text.MultiChannel_I2CRestart
                0x400230ac       0x42 C:\Nburn/lib/NANO54415.a(multichanneli2c.o)
                0x400230ac                MultiChannel_I2CRestart
 *fill*         0x400230ee        0x2 
 .text.MultiChannel_I2CSendBuf
                0x400230f0      0x1ac C:\Nburn/lib/NANO54415.a(multichanneli2c.o)
                0x400230f0                MultiChannel_I2CSendBuf
 .text.MultiChannel_I2CReadBuf
                0x4002329c      0x25e C:\Nburn/lib/NANO54415.a(multichanneli2c.o)
                0x4002329c                MultiChannel_I2CReadBuf
 *fill*         0x400234fa        0x2 
 .text.I2CMultiChannelResetPeripheral
                0x400234fc       0x24 C:\Nburn/lib/NANO54415.a(multichanneli2c.o)
                0x400234fc                I2CMultiChannelResetPeripheral
 .text.startup._GLOBAL__sub_I_I2C_SlaveTX_Callback
                0x40023520       0x26 C:\Nburn/lib/NANO54415.a(multichanneli2c.o)
 *fill*         0x40023546        0x2 
 .text._Z14SetDefPinUsagev
                0x40023548      0x1aa C:\Nburn/lib/NANO54415.a(defpins.o)
                0x40023548                _Z14SetDefPinUsagev
 *fill*         0x400236f2        0x2 
 .text._ZN8SPIFlashC2Ei
                0x400236f4       0x66 C:\Nburn/lib/NANO54415.a(SPIFlash.o)
                0x400236f4                _ZN8SPIFlashC1Ei
                0x400236f4                _ZN8SPIFlashC2Ei
 *fill*         0x4002375a        0x2 
 .text._ZN8SPIFlashD2Ev
                0x4002375c        0x8 C:\Nburn/lib/NANO54415.a(SPIFlash.o)
                0x4002375c                _ZN8SPIFlashD1Ev
                0x4002375c                _ZN8SPIFlashD2Ev
 .text._ZN8SPIFlash9SpiAscCmdEPKc
                0x40023764      0x1ce C:\Nburn/lib/NANO54415.a(SPIFlash.o)
                0x40023764                _ZN8SPIFlash9SpiAscCmdEPKc
 *fill*         0x40023932        0x2 
 .text._ZN8SPIFlash9WriteDataEPhii
                0x40023934      0x490 C:\Nburn/lib/NANO54415.a(SPIFlash.o)
                0x40023934                _ZN8SPIFlash9WriteDataEPhii
 .text._ZN8SPIFlash11EraseSectorEi
                0x40023dc4      0x2d6 C:\Nburn/lib/NANO54415.a(SPIFlash.o)
                0x40023dc4                _ZN8SPIFlash11EraseSectorEi
 *fill*         0x4002409a        0x2 
 .text._ZN8SPIFlash15WriteDataWEraseEPhii
                0x4002409c       0x7a C:\Nburn/lib/NANO54415.a(SPIFlash.o)
                0x4002409c                _ZN8SPIFlash15WriteDataWEraseEPhii
 *fill*         0x40024116        0x2 
 .text._ZN8SPIFlash10EraseRangeEii
                0x40024118       0x64 C:\Nburn/lib/NANO54415.a(SPIFlash.o)
                0x40024118                _ZN8SPIFlash10EraseRangeEii
 .text._ZN8SPIFlash7ResetMeEv
                0x4002417c      0x164 C:\Nburn/lib/NANO54415.a(SPIFlash.o)
                0x4002417c                _ZN8SPIFlash7ResetMeEv
 .text._ZN8SPIFlash8ReadDataEPhii
                0x400242e0      0x34e C:\Nburn/lib/NANO54415.a(SPIFlash.o)
                0x400242e0                _ZN8SPIFlash8ReadDataEPhii
 *fill*         0x4002462e        0x2 
 .text._Z34fake_i2c0_multichannel_int_routinev
                0x40024630       0x54 C:\Nburn/lib/NANO54415.a(i2c_class.o)
                0x40024630                _Z34fake_i2c0_multichannel_int_routinev
                0x40024634                i2c0_multichannel_int_routine
 .text._Z34fake_i2c1_multichannel_int_routinev
                0x40024684       0x54 C:\Nburn/lib/NANO54415.a(i2c_class.o)
                0x40024684                _Z34fake_i2c1_multichannel_int_routinev
                0x40024688                i2c1_multichannel_int_routine
 .text._Z34fake_i2c2_multichannel_int_routinev
                0x400246d8       0x54 C:\Nburn/lib/NANO54415.a(i2c_class.o)
                0x400246d8                _Z34fake_i2c2_multichannel_int_routinev
                0x400246dc                i2c2_multichannel_int_routine
 .text._Z34fake_i2c3_multichannel_int_routinev
                0x4002472c       0x54 C:\Nburn/lib/NANO54415.a(i2c_class.o)
                0x4002472c                _Z34fake_i2c3_multichannel_int_routinev
                0x40024730                i2c3_multichannel_int_routine
 .text._Z34fake_i2c4_multichannel_int_routinev
                0x40024780       0x54 C:\Nburn/lib/NANO54415.a(i2c_class.o)
                0x40024780                _Z34fake_i2c4_multichannel_int_routinev
                0x40024784                i2c4_multichannel_int_routine
 .text._Z34fake_i2c5_multichannel_int_routinev
                0x400247d4       0x54 C:\Nburn/lib/NANO54415.a(i2c_class.o)
                0x400247d4                _Z34fake_i2c5_multichannel_int_routinev
                0x400247d8                i2c5_multichannel_int_routine
 .text._ZN10i2c_masterC2Ev
                0x40024828       0x48 C:\Nburn/lib/NANO54415.a(i2c_class.o)
                0x40024828                _ZN10i2c_masterC2Ev
                0x40024828                _ZN10i2c_masterC1Ev
 .text._ZN10i2c_master4initEhh
                0x40024870      0x1b0 C:\Nburn/lib/NANO54415.a(i2c_class.o)
                0x40024870                _ZN10i2c_master4initEhh
 .text._ZN10i2c_master5resetEv
                0x40024a20       0x8e C:\Nburn/lib/NANO54415.a(i2c_class.o)
                0x40024a20                _ZN10i2c_master5resetEv
 *fill*         0x40024aae        0x2 
 .text._ZN10i2c_master4stopEm
                0x40024ab0       0x76 C:\Nburn/lib/NANO54415.a(i2c_class.o)
                0x40024ab0                _ZN10i2c_master4stopEm
 *fill*         0x40024b26        0x2 
 .text._ZN10i2c_master6write8Ehm
                0x40024b28       0x96 C:\Nburn/lib/NANO54415.a(i2c_class.o)
                0x40024b28                _ZN10i2c_master6write8Ehm
 *fill*         0x40024bbe        0x2 
 .text._ZN10i2c_master5startEhbm
                0x40024bc0       0xe4 C:\Nburn/lib/NANO54415.a(i2c_class.o)
                0x40024bc0                _ZN10i2c_master5startEhbm
 .text._ZN10i2c_master7restartEhbm
                0x40024ca4       0xaa C:\Nburn/lib/NANO54415.a(i2c_class.o)
                0x40024ca4                _ZN10i2c_master7restartEhbm
 *fill*         0x40024d4e        0x2 
 .text._ZN10i2c_master5read8EPhm
                0x40024d50       0x86 C:\Nburn/lib/NANO54415.a(i2c_class.o)
                0x40024d50                _ZN10i2c_master5read8EPhm
 *fill*         0x40024dd6        0x2 
 .text._ZN10i2c_master16SlaveRX_CallbackEh
                0x40024dd8       0x78 C:\Nburn/lib/NANO54415.a(i2c_class.o)
                0x40024dd8                _ZN10i2c_master16SlaveRX_CallbackEh
 .text._ZN10i2c_master3isrEv
                0x40024e50      0x35e C:\Nburn/lib/NANO54415.a(i2c_class.o)
                0x40024e50                _ZN10i2c_master3isrEv
 *fill*         0x400251ae        0x2 
 .text.real_i2c0_multichannel_int_routine
                0x400251b0       0x16 C:\Nburn/lib/NANO54415.a(i2c_class.o)
                0x400251b0                real_i2c0_multichannel_int_routine
 *fill*         0x400251c6        0x2 
 .text.real_i2c1_multichannel_int_routine
                0x400251c8       0x16 C:\Nburn/lib/NANO54415.a(i2c_class.o)
                0x400251c8                real_i2c1_multichannel_int_routine
 *fill*         0x400251de        0x2 
 .text.real_i2c2_multichannel_int_routine
                0x400251e0       0x16 C:\Nburn/lib/NANO54415.a(i2c_class.o)
                0x400251e0                real_i2c2_multichannel_int_routine
 *fill*         0x400251f6        0x2 
 .text.real_i2c3_multichannel_int_routine
                0x400251f8       0x16 C:\Nburn/lib/NANO54415.a(i2c_class.o)
                0x400251f8                real_i2c3_multichannel_int_routine
 *fill*         0x4002520e        0x2 
 .text.real_i2c4_multichannel_int_routine
                0x40025210       0x16 C:\Nburn/lib/NANO54415.a(i2c_class.o)
                0x40025210                real_i2c4_multichannel_int_routine
 *fill*         0x40025226        0x2 
 .text.real_i2c5_multichannel_int_routine
                0x40025228       0x16 C:\Nburn/lib/NANO54415.a(i2c_class.o)
                0x40025228                real_i2c5_multichannel_int_routine
 *fill*         0x4002523e        0x2 
 .text.startup._GLOBAL__sub_I_I2C
                0x40025240       0x34 C:\Nburn/lib/NANO54415.a(i2c_class.o)
 .text.startup  0x40025274        0xc C:\Nburn/lib/NetBurner.a(main.o)
                0x40025274                main
 .text._Z22TopOfStackKillfunctionv
                0x40025280        0xc C:\Nburn/lib/NetBurner.a(ucosmcfc.o)
                0x40025280                _Z22TopOfStackKillfunctionv
                0x40025284                KillFunctionLink
 .text._Z9OSTCBInithPvS_PlPKc
                0x4002528c       0xd6 C:\Nburn/lib/NetBurner.a(ucosmcfc.o)
                0x4002528c                _Z9OSTCBInithPvS_PlPKc
 *fill*         0x40025362        0x2 
 .text._Z17OSTaskCreatewNamePFvPvES_S_S_hPKc.part.0
                0x40025364      0x1d2 C:\Nburn/lib/NetBurner.a(ucosmcfc.o)
 *fill*         0x40025536        0x2 
 .text._Z17OSTaskCreatewNamePFvPvES_S_S_hPKc
                0x40025538       0x44 C:\Nburn/lib/NetBurner.a(ucosmcfc.o)
                0x40025538                _Z17OSTaskCreatewNamePFvPvES_S_S_hPKc
 .text._ZL10OSTaskIdlePv
                0x4002557c       0x2a C:\Nburn/lib/NetBurner.a(ucos.o)
 *fill*         0x400255a6        0x2 
 .text._Z6OSInitPvS_h
                0x400255a8      0x174 C:\Nburn/lib/NetBurner.a(ucos.o)
                0x400255a8                _Z6OSInitPvS_h
 .text._Z7OSStartv
                0x4002571c       0x7c C:\Nburn/lib/NetBurner.a(ucos.o)
                0x4002571c                _Z7OSStartv
 .text.OSSched  0x40025798       0x92 C:\Nburn/lib/NetBurner.a(ucos.o)
                0x40025798                OSSched
                0x4002581c                UCOSWAITS_HERE
 *fill*         0x4002582a        0x2 
 .text.OSIntExit
                0x4002582c       0x94 C:\Nburn/lib/NetBurner.a(ucos.o)
                0x4002582c                OSIntExit
 .text._Z9OSTimeDlyt
                0x400258c0       0xb4 C:\Nburn/lib/NetBurner.a(ucos.o)
                0x400258c0                _Z9OSTimeDlyt
 .text.OSTimeTick
                0x40025974      0x104 C:\Nburn/lib/NetBurner.a(ucos.o)
                0x40025974                OSTimeTick
 .text._Z12OSTCBGetFreev
                0x40025a78       0x2c C:\Nburn/lib/NetBurner.a(ucos.o)
                0x40025a78                _Z12OSTCBGetFreev
 .text._Z6OSLockv
                0x40025aa4       0x26 C:\Nburn/lib/NetBurner.a(ucos.o)
                0x40025aa4                _Z6OSLockv
 *fill*         0x40025aca        0x2 
 .text._Z8OSUnlockv
                0x40025acc       0x3e C:\Nburn/lib/NetBurner.a(ucos.o)
                0x40025acc                _Z8OSUnlockv
 *fill*         0x40025b0a        0x2 
 .text._Z12OSChangePrioh
                0x40025b0c      0x100 C:\Nburn/lib/NetBurner.a(ucos.o)
                0x40025b0c                _Z12OSChangePrioh
 .text._Z12OSTaskDeletev
                0x40025c0c      0x112 C:\Nburn/lib/NetBurner.a(ucos.o)
                0x40025c0c                _Z12OSTaskDeletev
 *fill*         0x40025d1e        0x2 
 .text._ZN15OS_TASK_DLY_OBJC2Ev
                0x40025d20       0x30 C:\Nburn/lib/NetBurner.a(ucos.o)
                0x40025d20                _ZN15OS_TASK_DLY_OBJC2Ev
                0x40025d20                _ZN15OS_TASK_DLY_OBJC1Ev
 .text._ZN6OS_SEM5ClaimEv
                0x40025d50       0x52 C:\Nburn/lib/NetBurner.a(ucos.o)
                0x40025d50                _ZN6OS_SEM5ClaimEv
 *fill*         0x40025da2        0x2 
 .text._ZN6OS_SEM4InitEl
                0x40025da4       0x88 C:\Nburn/lib/NetBurner.a(ucos.o)
                0x40025da4                _ZN6OS_SEM4InitEl
 .text._ZN6OS_SEM4PendEm
                0x40025e2c      0x1d6 C:\Nburn/lib/NetBurner.a(ucos.o)
                0x40025e2c                _ZN6OS_SEM4PendEm
 *fill*         0x40026002        0x2 
 .text._ZN6OS_SEM10PendNoWaitEv
                0x40026004       0x3a C:\Nburn/lib/NetBurner.a(ucos.o)
                0x40026004                _ZN6OS_SEM10PendNoWaitEv
 *fill*         0x4002603e        0x2 
 .text._ZN6OS_SEM4PostEv
                0x40026040      0x178 C:\Nburn/lib/NetBurner.a(ucos.o)
                0x40026040                _ZN6OS_SEM4PostEv
 .text._ZN7OS_FIFO4InitEv
                0x400261b8       0x48 C:\Nburn/lib/NetBurner.a(ucos.o)
                0x400261b8                _ZN7OS_FIFO4InitEv
 .text._ZN7OS_FIFO4PendEPPV10os_fifo_elm
                0x40026200      0x1d6 C:\Nburn/lib/NetBurner.a(ucos.o)
                0x40026200                _ZN7OS_FIFO4PendEPPV10os_fifo_elm
 *fill*         0x400263d6        0x2 
 .text._ZN7OS_FIFO4PostEP10os_fifo_el
                0x400263d8      0x160 C:\Nburn/lib/NetBurner.a(ucos.o)
                0x400263d8                _ZN7OS_FIFO4PostEP10os_fifo_el
 .text.getpid   0x40026538       0x18 C:\Nburn/lib/NetBurner.a(ucos.o)
                0x40026538                getpid
 .text._ZN7OS_CRIT4InitEv
                0x40026550       0x4c C:\Nburn/lib/NetBurner.a(ucos.o)
                0x40026550                _ZN7OS_CRIT4InitEv
 .text._ZN7OS_CRIT5EnterEm
                0x4002659c      0x208 C:\Nburn/lib/NetBurner.a(ucos.o)
                0x4002659c                _ZN7OS_CRIT5EnterEm
 .text._ZN7OS_CRIT11EnterNoWaitEv
                0x400267a4       0x70 C:\Nburn/lib/NetBurner.a(ucos.o)
                0x400267a4                _ZN7OS_CRIT11EnterNoWaitEv
 .text._ZN7OS_CRIT5LeaveEv
                0x40026814      0x19e C:\Nburn/lib/NetBurner.a(ucos.o)
                0x40026814                _ZN7OS_CRIT5LeaveEv
 *fill*         0x400269b2        0x2 
 .text.cppmain  0x400269b4       0x40 C:\Nburn/lib/NetBurner.a(cppmain.o)
                0x400269b4                cppmain
 .text._ZL11OSTestFlagsP8os_flags
                0x400269f4       0x8e C:\Nburn/lib/NetBurner.a(ucosflags.o)
 *fill*         0x40026a82        0x2 
 .text._Z9OSFlagSetP8os_flagsm
                0x40026a84       0x28 C:\Nburn/lib/NetBurner.a(ucosflags.o)
                0x40026a84                _Z9OSFlagSetP8os_flagsm
 .text._Z24SetAddressWriteRangeTrapmm
                0x40026aac       0xec C:\Nburn/lib/NetBurner.a(debugtrap.o)
                0x40026aac                _Z24SetAddressWriteRangeTrapmm
 .text._Z23SetAddressReadRangeTrapmm
                0x40026b98       0xec C:\Nburn/lib/NetBurner.a(debugtrap.o)
                0x40026b98                _Z23SetAddressReadRangeTrapmm
 .text.UCosSetup
                0x40026c84       0x80 C:\Nburn/lib/NetBurner.a(ucosmain.o)
                0x40026c84                UCosSetup
 .text.__malloc_lock
                0x40026d04       0x1c C:\Nburn/lib/NetBurner.a(ucosmain.o)
                0x40026d04                __malloc_lock
 .text.__malloc_unlock
                0x40026d20       0x1c C:\Nburn/lib/NetBurner.a(ucosmain.o)
                0x40026d20                __malloc_unlock
 .text._Z9UCosBeginv
                0x40026d3c       0xba C:\Nburn/lib/NetBurner.a(ucosmain.o)
                0x40026d3c                _Z9UCosBeginv
 *fill*         0x40026df6        0x2 
 .text._Z22EnableOSStackProtectorv
                0x40026df8       0x14 C:\Nburn/lib/NetBurner.a(ucosmain.o)
                0x40026df8                _Z22EnableOSStackProtectorv
 .text.OSStackProtector
                0x40026e0c       0x24 C:\Nburn/lib/NetBurner.a(ucosmain.o)