Archive member included to satisfy reference by file (symbol)

C:\Nburn/lib/NANO54415.a(hardware_init.o)
                              c:/nburn/gcc-m68k/bin/../lib/gcc/m68k-unknown-elf/5.2.0/m54455\nb-crt0.o (hardware_init_hook)
C:\Nburn/lib/NANO54415.a(serial.o)
                              Drivers\dsm2.o (UartData)
C:\Nburn/lib/NANO54415.a(pins.o)
                              Drivers\IMUSetupAndSample.o (_ZN5PinIO3setEh)
C:\Nburn/lib/NANO54415.a(FlashOps.o)
                              C:\Nburn/lib/NANO54415.a(hardware_init.o) (CopySPIFlashImageOnBoot)
C:\Nburn/lib/NANO54415.a(HiResTimer.o)
                              Drivers\MPU9250.o (_ZN10HiResTimer4initEd)
C:\Nburn/lib/NANO54415.a(pin_irq.o)
                              Drivers\Odometer.o (_Z9SetPinIrqiiPFvvE)
C:\Nburn/lib/NANO54415.a(bsp.o)
                              Drivers\servodrive.o (_Z7SetIntcilii)
C:\Nburn/lib/NANO54415.a(localio.o)
                              C:\Nburn/lib/NANO54415.a(serial.o) (_Z13GetUartRecordi)
C:\Nburn/lib/NANO54415.a(multichanneli2c.o)
                              main.o (MultiChannel_I2CInit)
C:\Nburn/lib/NANO54415.a(bspa.o)
                              C:\Nburn/lib/NANO54415.a(bsp.o) (CatchNullWrites)
C:\Nburn/lib/NANO54415.a(defpins.o)
                              C:\Nburn/lib/NANO54415.a(bsp.o) (_Z14SetDefPinUsagev)
C:\Nburn/lib/NANO54415.a(SPIFlash.o)
                              C:\Nburn/lib/NANO54415.a(FlashOps.o) (_ZN8SPIFlashC1Ei)
C:\Nburn/lib/NANO54415.a(i2c_class.o)
                              C:\Nburn/lib/NANO54415.a(multichanneli2c.o) (_ZN10i2c_master4initEhh)
C:\Nburn/lib/NetBurner.a(ucosmcfa.o)
                              C:\Nburn/lib/NANO54415.a(bsp.o) (OSCtxSw)
C:\Nburn/lib/NetBurner.a(software_init.o)
                              c:/nburn/gcc-m68k/bin/../lib/gcc/m68k-unknown-elf/5.2.0/m54455\nb-crt0.o (software_init_hook)
C:\Nburn/lib/NetBurner.a(main.o)
                              c:/nburn/gcc-m68k/bin/../lib/gcc/m68k-unknown-elf/5.2.0/m54455\nb-crt0.o (main)
C:\Nburn/lib/NetBurner.a(ucosmcfc.o)
                              main.o (_Z17OSTaskCreatewNamePFvPvES_S_S_hPKc)
C:\Nburn/lib/NetBurner.a(ucos.o)
                              C:\Nburn/lib/NetBurner.a(ucosmcfc.o) (OSRdyTbl)
C:\Nburn/lib/NetBurner.a(cppmain.o)
                              C:\Nburn/lib/NetBurner.a(main.o) (cppmain)
C:\Nburn/lib/NetBurner.a(debugtrap.o)
                              C:\Nburn/lib/NANO54415.a(bsp.o) (_Z23SetAddressReadRangeTrapmm)
C:\Nburn/lib/NetBurner.a(ucosmain.o)
                              C:\Nburn/lib/NetBurner.a(software_init.o) (UCosSetup)
C:\Nburn/lib/NetBurner.a(fileio.o)
                              C:\Nburn/lib/NetBurner.a(ucosmain.o) (ioctl)
C:\Nburn/lib/NetBurner.a(system.o)
                              C:\Nburn/lib/NANO54415.a(serial.o) (rnd_collect)
C:\Nburn/lib/NetBurner.a(utils.o)
                              C:\Nburn/lib/NetBurner.a(system.o) (_Z7ShowIP47IPADDR4)
C:\Nburn/lib/NetBurner.a(ip.o)
                              main.o (_Z15InitializeStack7IPADDR4S_S_S_)
C:\Nburn/lib/NetBurner.a(buffers.o)
                              C:\Nburn/lib/NetBurner.a(utils.o) (_Z12GetFreeCountv)
C:\Nburn/lib/NetBurner.a(arp.o)
                              C:\Nburn/lib/NetBurner.a(ip.o) (_Z25GetInterfaceForMyAddress47IPADDR4)
C:\Nburn/lib/NetBurner.a(udp.o)
                              C:\Nburn/lib/NetBurner.a(ip.o) (_Z12process_udp4P11pool_bufferP5IPPKTt)
C:\Nburn/lib/NetBurner.a(ftpd.o)
                              Drivers\introspec.o (_Z9FTPDStartth)
C:\Nburn/lib/NetBurner.a(tcp.o)
                              C:\Nburn/lib/NetBurner.a(ip.o) (_Z7InitTCPv)
C:\Nburn/lib/NetBurner.a(extraio.o)
                              Drivers\introspec.o (_Z10GetExtraFDPvP14IoExpandStruct)
C:\Nburn/lib/NetBurner.a(http.o)
                              main.o (_Z9StartHTTPt)
C:\Nburn/lib/NetBurner.a(httpinternal.o)
                              C:\Nburn/lib/NetBurner.a(http.o) (_ZN12HTTP_Request11ProcessLineEPc)
C:\Nburn/lib/NetBurner.a(httpstricmp.o)
                              C:\Nburn/lib/NetBurner.a(httpinternal.o) (_Z11httpstricmpPKcS0_)
C:\Nburn/lib/NetBurner.a(htmldecomp.o)
                              C:\Nburn/lib/NetBurner.a(httpinternal.o) (_Z16SendFullResponsePKci)
C:\Nburn/lib/NetBurner.a(iosys.o)
                              C:\Nburn/lib/NANO54415.a(serial.o) (_Z12SetDataAvaili)
C:\Nburn/lib/NetBurner.a(new_ops.o)
                              Drivers\introspec.o (_Znwm)
C:\Nburn/lib/NetBurner.a(autoip.o)
                              C:\Nburn/lib/NetBurner.a(arp.o) (_ZN12AutoIPClient16addressCollisionEv)
C:\Nburn/lib/NetBurner.a(dhcpc.o)
                              main.o (_Z25GetDHCPAddressIfNecessaryib)
C:\Nburn/lib/NetBurner.a(netinterface.o)
                              C:\Nburn/lib/NetBurner.a(arp.o) (_Z14TransmitBufferP11pool_bufferi)
C:\Nburn/lib/NetBurner.a(taskmon.o)
                              main.o (_Z17EnableTaskMonitorv)
C:\Nburn/lib/NetBurner.a(smarttrap.o)
[...]
Memory Configuration

Name             Origin             Length             Attributes
ram              0x40000400         0x03fffcff         xrw
SRAM             0x80000400         0x0000fbf0         xrw
Cold_SRAM        0x8000fffe         0x00000002         xrw
*default*        0x00000000         0xffffffff

Linker script and memory map

LOAD c:/nburn/gcc-m68k/bin/../lib/gcc/m68k-unknown-elf/5.2.0/m54455\nb-crt0.o
LOAD c:/nburn/gcc-m68k/bin/../lib/gcc/m68k-unknown-elf/5.2.0/m54455/crtbegin.o
LOAD tests.o
LOAD main.o
LOAD Utility.o
LOAD Nav.o
LOAD Map.o
LOAD Logger.o
LOAD Drivers\servodrive.o
LOAD Drivers\introspec.o
LOAD Drivers\dsm2.o
LOAD Drivers\Odometer.o
LOAD Drivers\MadgwickFilter.o
LOAD Drivers\MPU9250.o
LOAD Drivers\LCD.o
LOAD Drivers\IMUSetupAndSample.o
LOAD htmldata.o
LOAD C:\Nburn/NANO54415/lib/sys.ld
                0x40000000                ovector_base = 0x40000000
                0x80000000                vector_base = 0x80000000
                0x80000400                SRAM_START_ADDR = 0x80000400
                0x8000fffe                SRAM_END_ADDR = 0x8000fffe
                0x8c000000                sim_rgpio = 0x8c000000
                0xec008000                sim1 = 0xec008000
                0xfc004000                sim2 = 0xfc004000
                0x00004000                FlashAppBase = 0x4000
                0xfc0d4008                DBETHER_EMIR_REG = 0xfc0d4008
                0x8000d000                comm_loc = 0x8000d000
START GROUP
LOAD C:\Nburn/lib/NANO54415.a
LOAD C:\Nburn/lib/NetBurner.a
LOAD C:\Nburn/lib/FatFile.a
LOAD c:/nburn/gcc-m68k/bin/../m68k-unknown-elf/sysroot/lib/m54455\libstdc++.a
LOAD C:\Nburn\lib\cryptolib.a
LOAD C:\Nburn\lib\debugLibrary.a
LOAD C:\Nburn\lib\Lua_Full.a
LOAD C:\Nburn\lib\nb-libxively.a
LOAD C:\Nburn\lib\nbwifilib.a
LOAD C:\Nburn\lib\sshLibrary.a
LOAD C:\Nburn\lib\webclient.a
END GROUP
LOAD c:/nburn/gcc-m68k/bin/../m68k-unknown-elf/sysroot/lib/m54455\libstdc++.a
LOAD c:/nburn/gcc-m68k/bin/../m68k-unknown-elf/sysroot/lib/m54455\libm.a
LOAD c:/nburn/gcc-m68k/bin/../lib/gcc/m68k-unknown-elf/5.2.0/m54455\libgcc.a
LOAD c:/nburn/gcc-m68k/bin/../m68k-unknown-elf/sysroot/lib/m54455\libc.a
LOAD c:/nburn/gcc-m68k/bin/../lib/gcc/m68k-unknown-elf/5.2.0/m54455\libgcc.a
LOAD c:/nburn/gcc-m68k/bin/../lib/gcc/m68k-unknown-elf/5.2.0/m54455/crtend.o
START GROUP
LOAD c:/nburn/gcc-m68k/bin/../m68k-unknown-elf/sysroot/lib/m54455\libc.a
LOAD c:/nburn/gcc-m68k/bin/../lib/gcc/m68k-unknown-elf/5.2.0/m54455\libgcc.a
LOAD c:/nburn/gcc-m68k/bin/../m68k-unknown-elf/sysroot/lib/m54455\libm.a
END GROUP
                0x00000000                __DYNAMIC = 0x0
                0x44000000                PROVIDE (__stack, 0x44000000)
                [!provide]                PROVIDE (hardware_init_hook, 0x0)
                [!provide]                PROVIDE (_hardware_init_hook, 0x0)
                [!provide]                PROVIDE (software_init_hook, 0x0)
                [!provide]                PROVIDE (_software_init_hook, 0x0)

.gcc_except_table._ZN10__cxxabiv111__terminateEPFvvE
                0x40000400       0x1d
 .gcc_except_table._ZN10__cxxabiv111__terminateEPFvvE
                0x40000400       0x1d c:/nburn/gcc-m68k/bin/../m68k-unknown-elf/sysroot/lib/m54455\libstdc++.a(eh_terminate.o)

.gcc_except_table.__gxx_personality_v0
                0x40000420       0x1c
 .gcc_except_table.__gxx_personality_v0
                0x40000420       0x1c c:/nburn/gcc-m68k/bin/../m68k-unknown-elf/sysroot/lib/m54455\libstdc++.a(eh_personality.o)

.gcc_except_table.__cxa_call_unexpected
                0x4000043c       0x1c
 .gcc_except_table.__cxa_call_unexpected
                0x4000043c       0x1c c:/nburn/gcc-m68k/bin/../m68k-unknown-elf/sysroot/lib/m54455\libstdc++.a(eh_personality.o)

.gcc_except_table._ZN9__gnu_cxx27__verbose_terminate_handlerEv
                0x40000458       0x2c
 .gcc_except_table._ZN9__gnu_cxx27__verbose_terminate_handlerEv
                0x40000458       0x2c c:/nburn/gcc-m68k/bin/../m68k-unknown-elf/sysroot/lib/m54455\libstdc++.a(vterminate.o)

.SRAM_SECT      0x80000400     0xac60
                0x80000400                SRAM_START = .
 *(SYS_VAR_SECT)
 SYS_VAR_SECT   0x80000400        0x4 C:\Nburn/lib/NANO54415.a(bsp.o)
                0x80000400                cacrMirror
 SYS_VAR_SECT   0x80000404      0x238 C:\Nburn/lib/NetBurner.a(ucos.o)
                0x80000404                OSRunning
                0x80000406                OSISRLevel
                0x80000408                OSRdyGrp
                0x8000040c                OSLockNesting
                0x80000410                OSIntNesting
                0x80000414                OSTCBFreeList
                0x80000418                OSTCBList
                0x8000041c                OSTCBHighRdy
                0x80000420                OSTCBCur
                0x80000424                OSRdyTbl
                0x8000042c                OSTCBPrioTbl
                0x8000052c                OSUnMapTbl
                0x8000062c                OSMapTbl
                0x80000634                Secs
                0x80000638                TimeTick
 SYS_VAR_SECT   0x8000063c      0x272 C:\Nburn/lib/NetBurner.a(ucosmain.o)
                0x8000064e                critical_count
                0x80000652                OSTcbStructSize
                0x80000656                OSTCBTbl
 SYS_VAR_SECT   0x800008ae       0x1c C:\Nburn/lib/NetBurner.a(fileio.o)
                0x800008ae                fd_map
                0x800008c6                pExtraFdFunc
 SYS_VAR_SECT   0x800008ca       0x20 C:\Nburn/lib/NetBurner.a(iosys.o)
                0x800008d2                error_file_sets
                0x800008da                write_file_sets
                0x800008e2                read_file_sets
                0x800008ea                SYS_VAR_SECT_END = .
                0x800008f0                . = ALIGN (0x10)
 *fill*         0x800008ea        0x6 
 *(IDLE_STK_SECT)
                0x800008f0                IDLE_STK_SECT_END = .
                0x800008f0                . = ALIGN (0x10)
 *(MAIN_STK_SECT)
 MAIN_STK_SECT  0x800008f0     0x3000 C:\Nburn/lib/NetBurner.a(cppmain.o)
                0x800008f0                MainStk
                0x800038f0                MAIN_STK_SECT_END = .
                0x800038f0                . = ALIGN (0x4)
 *(ETHER_VAR_SECT)
 ETHER_VAR_SECT
                0x800038f0      0x280 C:\Nburn/lib/NANO54415.a(ethernet.o)
                0x800038f0                FecFifo
                0x80003910                enet1
                0x80003a40                enet0
                0x80003b70                ETHER_VAR_SECT_END = .
                0x80003b70                . = ALIGN (0x10)
 *(ETHER_STK_SECT)
 ETHER_STK_SECT
                0x80003b70     0x2000 C:\Nburn/lib/NANO54415.a(ethernet.o)
                0x80003b70                EtherSendStk
                0x80005b70                ETHER_STK_SECT_END = .
                0x80005b70                . = ALIGN (0x4)
 *(IP_VAR_SECT)
 IP_VAR_SECT    0x80005b70      0x32a C:\Nburn/lib/NetBurner.a(ip.o)
                0x80005b70                delay
                0x80005b74                next_arp_time
                0x80005b78                multi_if_block
                0x80005e34                multi_home_if_record
                0x80005e5c                nAdditional_Homes
                0x80005e60                pFragFunc
                0x80005e64                pMultiCastFunc
                0x80005e68                pPromisciousPacketFunc
                0x80005e6c                pIpv6Tick
                0x80005e70                pAutoIPTick
                0x80005e74                pMultiTick
                0x80005e78                pDHCPServerTick
                0x80005e7c                pDHCPTick
                0x80005e80                IcmpFifo
                0x80005e84                ipRxFifo
                0x80005e96                bTTL_Default
                0x80005e98                wGlobalPktId
 IP_VAR_SECT    0x80005e9a       0xa4 C:\Nburn/lib/NetBurner.a(udp.o)
                0x80005e9a                UdpNetbiosNameServicePtr
                0x80005e9e                pTaskPacketFunc
                0x80005ea2                pDHCPv6ClientProcessFunction
                0x80005ea6                pDHCPServerProcessFunction
                0x80005eaa                pDHCPProcessFunction
                0x80005eae                UDP_fifos_used
                0x80005eb2                udp_fifos
                0x80005f3e                IP_VAR_SECT_END = .
                0x80005f40                . = ALIGN (0x10)
 *fill*         0x80005f3e        0x2 
 *(IP_STK_SECT)
 IP_STK_SECT    0x80005f40     0x2000 C:\Nburn/lib/NetBurner.a(ip.o)
                0x80005f40                IPStk
                0x80007f40                IP_STK_SECT_END = .
                0x80007f40                . = ALIGN (0x4)
 *(TCP_VAR_SECT)
 TCP_VAR_SECT   0x80007f40       0x20 C:\Nburn/lib/NetBurner.a(tcp.o)
                0x80007f40                TCP_TimerSemaphore
                0x80007f52                TCP_critical_section
                0x80007f60                TCP_VAR_SECT_END = .
                0x80007f60                . = ALIGN (0x10)
 *(TCP_STK_SECT)
 TCP_STK_SECT   0x80007f60     0x3000 C:\Nburn/lib/NetBurner.a(tcp.o)
                0x80007f60                TCPStk
                0x8000af60                TCP_STK_SECT_END = .
                0x8000af60                . = ALIGN (0x10)
 *(HTTP_STK_SECT)
                0x8000af60                HTTP_STK_SECT_END = .
                0x8000af60                . = ALIGN (0x10)
 *(FTP_STK_SECT)
                0x8000af60                FTP_STK_SECT_END = .
                0x8000af60                . = ALIGN (0x10)
 *(WIFI_STK_SECT)
                0x8000af60                WIFI_STK_SECT_END = .
                0x8000af60                . = ALIGN (0x10)
 *(PPP_STK_SECT)
                0x8000af60                PPP_STK_SECT_END = .
                0x8000af60                . = ALIGN (0x10)
 *(COMMAND_STK_SECT)
                0x8000af60                COMMAND_STK_SECT_END = .
                0x8000af60                . = ALIGN (0x4)
 *(USER_VAR_SECT)
 USER_VAR_SECT  0x8000af60       0x16 Drivers\introspec.o
                0x8000af60                LogCrit
                0x8000af6e                LogPut
                0x8000af72                LogGet
 USER_VAR_SECT  0x8000af76       0xbc C:\Nburn/lib/NANO54415.a(HiResTimer.o)
                0x8000af76                _ZN10HiResTimer12timerCreatedE
                0x8000af7a                _ZN10HiResTimer6timersE
                0x8000b032                USER_VAR_SECT_END = .
                0x8000b040                . = ALIGN (0x10)
 *fill*         0x8000b032        0xe 
 *(USER_STK_SECT)
                0x8000b040                USER_STK_SECT_END = .
                0x8000b040                . = ALIGN (0x4)
 *(TLS_VAR_SECT)
                0x8000b040                TLS_VAR_SECT_END = .
                0x8000b040                BUFFERS_SECT_START = .
                0x8000b040                . = ALIGN (0x10)
 *(BUFFERS_VAR_SECT)
 BUFFERS_VAR_SECT
                0x8000b040       0x1c C:\Nburn/lib/NetBurner.a(buffers.o)
                0x8000b040                free_list_is_initialized
                0x8000b044                free_fast_list
                0x8000b04e                free_list
                0x8000b058                FAST_BUFFER_POOL_SIZE
                0x8000b060                . = ALIGN (0x10)
 *fill*         0x8000b05c        0x4 
                0x8000b060                BUFFERS_VAR_SECT_END = .
                0x8000b060                . = ALIGN (0x10)
                0x8000b060                SRAM_END = .

.COLD_SRAM_SECT
                0x8000fffe        0x2
 *(COLD_SRAM_VAR)
 COLD_SRAM_VAR  0x8000fffe        0x2 C:\Nburn/lib/NetBurner.a(ip.o)

.text           0x40000490    0x4e7e0
 nb-crt0.o()
 .text          0x40000490       0xaa c:/nburn/gcc-m68k/bin/../lib/gcc/m68k-unknown-elf/5.2.0/m54455\nb-crt0.o
                0x40000490                start
 *fill*         0x4000053a        0x2 
 .data          0x4000053c        0x4 c:/nburn/gcc-m68k/bin/../lib/gcc/m68k-unknown-elf/5.2.0/m54455\nb-crt0.o
 .bss           0x40000540        0x0 c:/nburn/gcc-m68k/bin/../lib/gcc/m68k-unknown-elf/5.2.0/m54455\nb-crt0.o
                0x40000540                gConfigRec = .
                0x40002540                . = (. + 0x2000)
 *fill*         0x40000540     0x2000 
                0x40002540                UserParamBase = .
                0x40004540                . = (. + 0x2000)
 *fill*         0x40002540     0x2000 
 *(.text)
 .text          0x40004540      0x12c c:/nburn/gcc-m68k/bin/../lib/gcc/m68k-unknown-elf/5.2.0/m54455/crtbegin.o
 .text          0x4000466c        0x8 C:\Nburn/lib/NANO54415.a(hardware_init.o)
                0x4000466c                hardware_init_hook
 *fill*         0x40004674        0xc 
 .text          0x40004680      0x19c C:\Nburn/lib/NANO54415.a(bspa.o)
                0x40004680                CatchNullWrites
                0x40004690                _cache_inval
                0x400046b0                _cache_push
                0x400046d0                _cache_flush
                0x40004710                PushCacheLines
                0x40004760                InvalidateCacheLines
                0x400047b0                FlushCacheLines
 *fill*         0x4000481c        0x4 
 .text          0x40004820      0x41a C:\Nburn/lib/NetBurner.a(ucosmcfa.o)
                0x40004820                OSStartHighRdy
                0x40004840                OSCtxSw
                0x40004870                OSIntCtxSw
                0x400048a0                OSTickISR
                0x400048e0                OSSetupVBR
                0x40004900                OSDebugTraceHalt
                0x40004910                memcpy
                0x40004910                fmemcpy
                0x400049e0                memcpysum
                0x40004b70                memset
                0x40004b70                fmemset
                0x40004c10                GetSR_IntLevel
                0x40004c20                SetSR_IntLevel
 *fill*         0x40004c3a        0x2 
 .text          0x40004c3c        0x8 C:\Nburn/lib/NetBurner.a(software_init.o)
                0x40004c3c                software_init_hook
 .text          0x40004c44       0x2e C:\Nburn/lib/NetBurner.a(ucosmain.o)
                0x40004c44                OSStackProtectCtxSw
 *fill*         0x40004c72        0x2 
 .text          0x40004c74      0x1c0 C:\Nburn/lib/NetBurner.a(ip.o)
                0x40004c74                GetSum
                0x40004d30                GetSum20
                0x40004d68                GetSumHdr
 .text          0x40004e34     0x440e c:/nburn/gcc-m68k/bin/../m68k-unknown-elf/sysroot/lib/m54455\libstdc++.a(cp-demangle.o)
                0x4000912c                __cxa_demangle
                0x4000920c                __gcclibcxx_demangle_callback
 *fill*         0x40009242        0x2 
 .text          0x40009244       0xea c:/nburn/gcc-m68k/bin/../m68k-unknown-elf/sysroot/lib/m54455\libm.a(lib_a-s_cos.o)
                0x40009244                cos
 *fill*         0x4000932e        0x2 
 .text          0x40009330       0x6c c:/nburn/gcc-m68k/bin/../m68k-unknown-elf/sysroot/lib/m54455\libm.a(lib_a-s_fpclassify.o)
                0x40009330                __fpclassifyd
 .text          0x4000939c       0xda c:/nburn/gcc-m68k/bin/../m68k-unknown-elf/sysroot/lib/m54455\libm.a(lib_a-s_modf.o)
                0x4000939c                modf
 *fill*         0x40009476        0x2 
 .text          0x40009478       0xea c:/nburn/gcc-m68k/bin/../m68k-unknown-elf/sysroot/lib/m54455\libm.a(lib_a-s_sin.o)
                0x40009478                sin
 *fill*         0x40009562        0x2 
 .text          0x40009564      0x436 c:/nburn/gcc-m68k/bin/../m68k-unknown-elf/sysroot/lib/m54455\libm.a(lib_a-w_pow.o)
                0x40009564                pow
 *fill*         0x4000999a        0x2 
 .text          0x4000999c       0xec c:/nburn/gcc-m68k/bin/../m68k-unknown-elf/sysroot/lib/m54455\libm.a(lib_a-wf_asin.o)
                0x4000999c                asinf
 .text          0x40009a88        0xc c:/nburn/gcc-m68k/bin/../m68k-unknown-elf/sysroot/lib/m54455\libm.a(lib_a-wf_atan2.o)
                0x40009a88                atan2f
 .text          0x40009a94       0xfe c:/nburn/gcc-m68k/bin/../m68k-unknown-elf/sysroot/lib/m54455\libm.a(lib_a-wf_sqrt.o)
                0x40009a94                sqrtf
 *fill*         0x40009b92        0x2 
 .text          0x40009b94      0xdfe c:/nburn/gcc-m68k/bin/../m68k-unknown-elf/sysroot/lib/m54455\libm.a(lib_a-e_pow.o)
                0x40009b94                __ieee754_pow
 *fill*         0x4000a992        0x2 
 .text          0x4000a994      0x5f2 c:/nburn/gcc-m68k/bin/../m68k-unknown-elf/sysroot/lib/m54455\libm.a(lib_a-e_rem_pio2.o)
                0x4000a994                __ieee754_rem_pio2
 *fill*         0x4000af86        0x2 
 .text          0x4000af88      0x1d0 c:/nburn/gcc-m68k/bin/../m68k-unknown-elf/sysroot/lib/m54455\libm.a(lib_a-e_sqrt.o)
                0x4000af88                __ieee754_sqrt
 .text          0x4000b158      0x39a c:/nburn/gcc-m68k/bin/../m68k-unknown-elf/sysroot/lib/m54455\libm.a(lib_a-ef_asin.o)
                0x4000b158                __ieee754_asinf
 *fill*         0x4000b4f2        0x2 
 .text          0x4000b4f4      0x1c6 c:/nburn/gcc-m68k/bin/../m68k-unknown-elf/sysroot/lib/m54455\libm.a(lib_a-ef_atan2.o)
                0x4000b4f4                __ieee754_atan2f
 *fill*         0x4000b6ba        0x2 
 .text          0x4000b6bc       0xe4 c:/nburn/gcc-m68k/bin/../m68k-unknown-elf/sysroot/lib/m54455\libm.a(lib_a-ef_sqrt.o)
                0x4000b6bc                __ieee754_sqrtf
 .text          0x4000b7a0      0x260 c:/nburn/gcc-m68k/bin/../m68k-unknown-elf/sysroot/lib/m54455\libm.a(lib_a-k_cos.o)
                0x4000b7a0                __kernel_cos
 .text          0x4000ba00      0x8dc c:/nburn/gcc-m68k/bin/../m68k-unknown-elf/sysroot/lib/m54455\libm.a(lib_a-k_rem_pio2.o)
                0x4000ba00                __kernel_rem_pio2
 .text          0x4000c2dc      0x1fa c:/nburn/gcc-m68k/bin/../m68k-unknown-elf/sysroot/lib/m54455\libm.a(lib_a-k_sin.o)
                0x4000c2dc                __kernel_sin
 *fill*         0x4000c4d6        0x2 
 .text          0x4000c4d8       0x1c c:/nburn/gcc-m68k/bin/../m68k-unknown-elf/sysroot/lib/m54455\libm.a(lib_a-s_fabs.o)
                0x4000c4d8                fabs
 .text          0x4000c4f4       0x1c c:/nburn/gcc-m68k/bin/../m68k-unknown-elf/sysroot/lib/m54455\libm.a(lib_a-s_finite.o)
                0x4000c4f4                finite
 .text          0x4000c510      0x17c c:/nburn/gcc-m68k/bin/../m68k-unknown-elf/sysroot/lib/m54455\libm.a(lib_a-s_floor.o)
                0x4000c510                floor
 .text          0x4000c68c        0xa c:/nburn/gcc-m68k/bin/../m68k-unknown-elf/sysroot/lib/m54455\libm.a(lib_a-s_matherr.o)
                0x4000c68c                matherr
 *fill*         0x4000c696        0x2 
 .text          0x4000c698       0x10 c:/nburn/gcc-m68k/bin/../m68k-unknown-elf/sysroot/lib/m54455\libm.a(lib_a-s_nan.o)
                0x4000c698                nan
 .text          0x4000c6a8      0x19e c:/nburn/gcc-m68k/bin/../m68k-unknown-elf/sysroot/lib/m54455\libm.a(lib_a-s_rint.o)
                0x4000c6a8                rint
 *fill*         0x4000c846        0x2 
 .text          0x4000c848      0x188 c:/nburn/gcc-m68k/bin/../m68k-unknown-elf/sysroot/lib/m54455\libm.a(lib_a-s_scalbn.o)
                0x4000c848                scalbn
 .text          0x4000c9d0      0x2c0 c:/nburn/gcc-m68k/bin/../m68k-unknown-elf/sysroot/lib/m54455\libm.a(lib_a-sf_atan.o)
                0x4000c9d0                atanf
 .text          0x4000cc90       0x10 c:/nburn/gcc-m68k/bin/../m68k-unknown-elf/sysroot/lib/m54455\libm.a(lib_a-sf_fabs.o)
                0x4000cc90                fabsf
 .text          0x4000cca0       0x4a c:/nburn/gcc-m68k/bin/../m68k-unknown-elf/sysroot/lib/m54455\libm.a(lib_a-sf_fpclassify.o)
                0x4000cca0                __fpclassifyf
 *fill*         0x4000ccea        0x2 
 .text          0x4000ccec       0x2a c:/nburn/gcc-m68k/bin/../m68k-unknown-elf/sysroot/lib/m54455\libm.a(lib_a-s_copysign.o)
                0x4000ccec                copysign
 *fill*         0x4000cd16        0x2 
 .text          0x4000cd18      0xba0 c:/nburn/gcc-m68k/bin/../lib/gcc/m68k-unknown-elf/5.2.0/m54455\libgcc.a(_double.o)
                0x4000cd72                __subdf3
                0x4000cd78                __adddf3
                0x4000d214                __muldf3
                0x4000d3f0                __divdf3
                0x4000d6e0                __negdf2
                0x4000d73e                __cmpdf2_internal
                0x4000d816                __cmpdf2
 .text          0x4000d8b8      0x7ca c:/nburn/gcc-m68k/bin/../lib/gcc/m68k-unknown-elf/5.2.0/m54455\libgcc.a(_float.o)
                0x4000d900                __subsf3
                0x4000d906                __addsf3
                0x4000dbe8                __mulsf3
                0x4000dd2a                __divsf3
                0x4000df1e                __negsf2
                0x4000df70                __cmpsf2_internal
                0x4000e010                __cmpsf2
 *fill*         0x4000e082        0x2 
 .text          0x4000e084       0x74 c:/nburn/gcc-m68k/bin/../lib/gcc/m68k-unknown-elf/5.2.0/m54455\libgcc.a(_floatex.o)
                0x4000e084                __clear_sticky_bit
                0x4000e090                $_exception_handler
 .text          0x4000e0f8       0x22 c:/nburn/gcc-m68k/bin/../lib/gcc/m68k-unknown-elf/5.2.0/m54455\libgcc.a(_eqdf2.o)
                0x4000e0f8                __eqdf2
 *fill*         0x4000e11a        0x2 
 .text          0x4000e11c       0x22 c:/nburn/gcc-m68k/bin/../lib/gcc/m68k-unknown-elf/5.2.0/m54455\libgcc.a(_nedf2.o)
                0x4000e11c                __nedf2
 *fill*         0x4000e13e        0x2 
 .text          0x4000e140       0x22 c:/nburn/gcc-m68k/bin/../lib/gcc/m68k-unknown-elf/5.2.0/m54455\libgcc.a(_gtdf2.o)
                0x4000e140                __gtdf2
 *fill*         0x4000e162        0x2 
 .text          0x4000e164       0x22 c:/nburn/gcc-m68k/bin/../lib/gcc/m68k-unknown-elf/5.2.0/m54455\libgcc.a(_gedf2.o)
                0x4000e164                __gedf2
 *fill*         0x4000e186        0x2 
 .text          0x4000e188       0x22 c:/nburn/gcc-m68k/bin/../lib/gcc/m68k-unknown-elf/5.2.0/m54455\libgcc.a(_ltdf2.o)
                0x4000e188                __ltdf2
 *fill*         0x4000e1aa        0x2 
 .text          0x4000e1ac       0x22 c:/nburn/gcc-m68k/bin/../lib/gcc/m68k-unknown-elf/5.2.0/m54455\libgcc.a(_ledf2.o)
                0x4000e1ac                __ledf2
 *fill*         0x4000e1ce        0x2 
 .text          0x4000e1d0       0x1a c:/nburn/gcc-m68k/bin/../lib/gcc/m68k-unknown-elf/5.2.0/m54455\libgcc.a(_eqsf2.o)
                0x4000e1d0                __eqsf2
 *fill*         0x4000e1ea        0x2 
 .text          0x4000e1ec       0x1a c:/nburn/gcc-m68k/bin/../lib/gcc/m68k-unknown-elf/5.2.0/m54455\libgcc.a(_gtsf2.o)
                0x4000e1ec                __gtsf2
 *fill*         0x4000e206        0x2 
 .text          0x4000e208       0x1a c:/nburn/gcc-m68k/bin/../lib/gcc/m68k-unknown-elf/5.2.0/m54455\libgcc.a(_ltsf2.o)
                0x4000e208                __ltsf2
 *fill*         0x4000e222        0x2 
 .text          0x4000e224       0x66 c:/nburn/gcc-m68k/bin/../lib/gcc/m68k-unknown-elf/5.2.0/m54455\libgcc.a(_muldi3.o)
                0x4000e224                __muldi3
 *fill*         0x4000e28a        0x2 
 .text          0x4000e28c       0x76 c:/nburn/gcc-m68k/bin/../lib/gcc/m68k-unknown-elf/5.2.0/m54455\libgcc.a(_fixunsdfsi.o)
                0x4000e28c                __fixunsdfsi
 *fill*         0x4000e302        0x2 
 .text          0x4000e304       0x7a c:/nburn/gcc-m68k/bin/../lib/gcc/m68k-unknown-elf/5.2.0/m54455\libgcc.a(_fixunsdfdi.o)
                0x4000e304                __fixunsdfdi
 *fill*         0x4000e37e        0x2 
 .text          0x4000e380      0x3fe c:/nburn/gcc-m68k/bin/../lib/gcc/m68k-unknown-elf/5.2.0/m54455\libgcc.a(_udivdi3.o)
                0x4000e380                __udivdi3
 *fill*         0x4000e77e        0x2 
 .text          0x4000e780      0x372 c:/nburn/gcc-m68k/bin/../lib/gcc/m68k-unknown-elf/5.2.0/m54455\libgcc.a(_umoddi3.o)
                0x4000e780                __umoddi3
 *fill*         0x4000eaf2        0x2 
 .text          0x4000eaf4      0x442 c:/nburn/gcc-m68k/bin/../lib/gcc/m68k-unknown-elf/5.2.0/m54455\libgcc.a(fpgnulib.o)
                0x4000eaf4                __unordsf2
                0x4000eb4c                __unorddf2
                0x4000ebb6                __floatunsidf
                0x4000ec1a                __floatsidf
                0x4000ecc6                __floatunsisf
                0x4000ece0                __floatsisf
                0x4000ecfa                __extendsfdf2
                0x4000ed66                __truncdfsf2
                0x4000ee90                __fixdfsi
                0x4000ef1c                __fixsfsi
 *fill*         0x4000ef36        0x2 
 .text          0x4000ef38     0x21b4 c:/nburn/gcc-m68k/bin/../lib/gcc/m68k-unknown-elf/5.2.0/m54455\libgcc.a(unwind-dw2.o)
                0x40010b12                _Unwind_GetGR
                0x40010b78                _Unwind_GetCFA
                0x40010b88                _Unwind_SetGR
                0x40010bf2                _Unwind_GetIP
                0x40010c02                _Unwind_GetIPInfo
                0x40010c22                _Unwind_SetIP
                0x40010c34                _Unwind_GetLanguageSpecificData
                0x40010c44                _Unwind_GetRegionStart
                0x40010c54                _Unwind_FindEnclosingFunction
                0x40010c7e                _Unwind_GetDataRelBase
                0x40010c8e                _Unwind_GetTextRelBase
                0x40010c9e                __frame_state_for
                0x40010d6a                _Unwind_RaiseException
                0x40010e84                _Unwind_ForcedUnwind
                0x40010f18                _Unwind_Resume
                0x40010fae                _Unwind_Resume_or_Rethrow
                0x40011048                _Unwind_DeleteException
                0x40011066                _Unwind_Backtrace
 .text          0x400110ec     0x126e c:/nburn/gcc-m68k/bin/../lib/gcc/m68k-unknown-elf/5.2.0/m54455\libgcc.a(unwind-dw2-fde.o)
                0x40011f40                __register_frame_info_bases
                0x40011f88                __register_frame_info
                0x40011fd0                __register_frame
                0x40012028                __register_frame_info_table_bases
                0x40012072                __register_frame_info_table
                0x400120b8                __register_frame_table
                0x40012108                __deregister_frame_info_bases
                0x400121de                __deregister_frame_info
                0x400121e8                __deregister_frame
                0x4001220c                _Unwind_Find_FDE
 *fill*         0x4001235a        0x2 
 .text          0x4001235c       0x18 c:/nburn/gcc-m68k/bin/../m68k-unknown-elf/sysroot/lib/m54455\libc.a(lib_a-abort.o)
                0x4001235c                abort
 .text          0x40012374       0x18 c:/nburn/gcc-m68k/bin/../m68k-unknown-elf/sysroot/lib/m54455\libc.a(lib_a-atexit.o)
                0x40012374                atexit
 .text          0x4001238c       0x34 c:/nburn/gcc-m68k/bin/../m68k-unknown-elf/sysroot/lib/m54455\libc.a(lib_a-atoi.o)
                0x4001238c                atoi
                0x400123a4                _atoi_r
 .text          0x400123c0       0x5c c:/nburn/gcc-m68k/bin/../m68k-unknown-elf/sysroot/lib/m54455\libc.a(lib_a-bsearch.o)
                0x400123c0                bsearch
 .text          0x4001241c       0x1e c:/nburn/gcc-m68k/bin/../m68k-unknown-elf/sysroot/lib/m54455\libc.a(lib_a-cxa_atexit.o)
                0x4001241c                __cxa_atexit
 *fill*         0x4001243a        0x2 
 .text          0x4001243c        0xe c:/nburn/gcc-m68k/bin/../m68k-unknown-elf/sysroot/lib/m54455\libc.a(lib_a-errno.o)
                0x4001243c                __errno
 *fill*         0x4001244a        0x2 
 .text          0x4001244c       0x5c c:/nburn/gcc-m68k/bin/../m68k-unknown-elf/sysroot/lib/m54455\libc.a(lib_a-fputc.o)
                0x4001244c                _fputc_r
                0x4001248e                fputc
 .text          0x400124a8       0xa4 c:/nburn/gcc-m68k/bin/../m68k-unknown-elf/sysroot/lib/m54455\libc.a(lib_a-fputs.o)
                0x400124a8                _fputs_r
                0x40012532                fputs
 .text          0x4001254c      0x366 c:/nburn/gcc-m68k/bin/../m68k-unknown-elf/sysroot/lib/m54455\libc.a(lib_a-fvwrite.o)
                0x4001254c                __sfvwrite_r
 *fill*         0x400128b2        0x2 
 .text          0x400128b4       0x1a c:/nburn/gcc-m68k/bin/../m68k-unknown-elf/sysroot/lib/m54455\libc.a(lib_a-isspace.o)
                0x400128b4                isspace
 *fill*         0x400128ce        0x2 
 .text          0x400128d0       0x32 c:/nburn/gcc-m68k/bin/../m68k-unknown-elf/sysroot/lib/m54455\libc.a(lib_a-malloc.o)
                0x400128d0                malloc
                0x400128e8                free
 *fill*         0x40012902        0x2 
 .text          0x40012904      0x584 c:/nburn/gcc-m68k/bin/../m68k-unknown-elf/sysroot/lib/m54455\libc.a(lib_a-mallocr.o)
                0x40012904                _malloc_r
 .text          0x40012e88       0x32 c:/nburn/gcc-m68k/bin/../m68k-unknown-elf/sysroot/lib/m54455\libc.a(lib_a-memchr.o)
                0x40012e88                memchr
 *fill*         0x40012eba        0x2 
 .text          0x40012ebc       0x32 c:/nburn/gcc-m68k/bin/../m68k-unknown-elf/sysroot/lib/m54455\libc.a(lib_a-memcmp.o)
                0x40012ebc                memcmp
 *fill*         0x40012eee        0x2 
 .text          0x40012ef0       0x54 c:/nburn/gcc-m68k/bin/../m68k-unknown-elf/sysroot/lib/m54455\libc.a(lib_a-memmove.o)
                0x40012ef0                memmove
 .text          0x40012f44       0xa0 c:/nburn/gcc-m68k/bin/../m68k-unknown-elf/sysroot/lib/m54455\libc.a(lib_a-putc.o)
                0x40012f44                _putc_r
                0x40012fca                putc
 .text          0x40012fe4       0xac c:/nburn/gcc-m68k/bin/../m68k-unknown-elf/sysroot/lib/m54455\libc.a(lib_a-puts.o)
                0x40012fe4                _puts_r
                0x4001307a                puts
 .text          0x40013090       0x62 c:/nburn/gcc-m68k/bin/../m68k-unknown-elf/sysroot/lib/m54455\libc.a(lib_a-rand.o)
                0x40013090                srand
                0x400130a8                rand
 *fill*         0x400130f2        0x2 
 .text          0x400130f4       0x1c c:/nburn/gcc-m68k/bin/../m68k-unknown-elf/sysroot/lib/m54455\libc.a(lib_a-realloc.o)
                0x400130f4                realloc
 .text          0x40013110      0x456 c:/nburn/gcc-m68k/bin/../m68k-unknown-elf/sysroot/lib/m54455\libc.a(lib_a-reallocr.o)
                0x40013110                _realloc_r
 *fill*         0x40013566        0x2 
 .text          0x40013568      0x146 c:/nburn/gcc-m68k/bin/../m68k-unknown-elf/sysroot/lib/m54455\libc.a(lib_a-setvbuf.o)
                0x40013568                setvbuf
 *fill*         0x400136ae        0x2 
 .text          0x400136b0      0x1ce c:/nburn/gcc-m68k/bin/../m68k-unknown-elf/sysroot/lib/m54455\libc.a(lib_a-signal.o)
                0x400136b0                _init_signal_r
                0x400136f8                _signal_r
                0x40013744                _raise_r
                0x400137b8                __sigtramp_r
                0x40013826                raise
                0x4001383c                signal
                0x40013856                _init_signal
                0x40013868                __sigtramp
 *fill*         0x4001387e        0x2 
 .text          0x40013880       0x3e c:/nburn/gcc-m68k/bin/../m68k-unknown-elf/sysroot/lib/m54455\libc.a(lib_a-signalr.o)
                0x40013880                _kill_r
                0x400138b2                _getpid_r
 *fill*         0x400138be        0x2 
 .text          0x400138c0       0x18 c:/nburn/gcc-m68k/bin/../m68k-unknown-elf/sysroot/lib/m54455\libc.a(lib_a-stpcpy.o)
                0x400138c0                stpcpy
 .text          0x400138d8       0x2e c:/nburn/gcc-m68k/bin/../m68k-unknown-elf/sysroot/lib/m54455\libc.a(lib_a-strcat.o)
                0x400138d8                strcat
 *fill*         0x40013906        0x2 
 .text          0x40013908       0x2e c:/nburn/gcc-m68k/bin/../m68k-unknown-elf/sysroot/lib/m54455\libc.a(lib_a-strcmp.o)
                0x40013908                strcmp
 *fill*         0x40013936        0x2 
 .text          0x40013938       0x1c c:/nburn/gcc-m68k/bin/../m68k-unknown-elf/sysroot/lib/m54455\libc.a(lib_a-strcpy.o)
                0x40013938                strcpy
 .text          0x40013954       0x1a c:/nburn/gcc-m68k/bin/../m68k-unknown-elf/sysroot/lib/m54455\libc.a(lib_a-strlen.o)
                0x40013954                strlen
 *fill*         0x4001396e        0x2 
 .text          0x40013970       0x4e c:/nburn/gcc-m68k/bin/../m68k-unknown-elf/sysroot/lib/m54455\libc.a(lib_a-strncmp.o)
                0x40013970                strncmp
 *fill*         0x400139be        0x2 
 .text          0x400139c0       0x30 c:/nburn/gcc-m68k/bin/../m68k-unknown-elf/sysroot/lib/m54455\libc.a(lib_a-strncpy.o)
                0x400139c0                strncpy
 .text          0x400139f0       0x4a c:/nburn/gcc-m68k/bin/../m68k-unknown-elf/sysroot/lib/m54455\libc.a(lib_a-strstr.o)
                0x400139f0                strstr
 *fill*         0x40013a3a        0x2 
 .text          0x40013a3c      0x16e c:/nburn/gcc-m68k/bin/../m68k-unknown-elf/sysroot/lib/m54455\libc.a(lib_a-strtol.o)
                0x40013a3c                _strtol_r
                0x40013b8c                strtol
 *fill*         0x40013baa        0x2 
 .text          0x40013bac       0x2a c:/nburn/gcc-m68k/bin/../m68k-unknown-elf/sysroot/lib/m54455\libc.a(lib_a-tolower.o)
                0x40013bac                tolower
 *fill*         0x40013bd6        0x2 
 .text          0x40013bd8       0x2a c:/nburn/gcc-m68k/bin/../m68k-unknown-elf/sysroot/lib/m54455\libc.a(lib_a-toupper.o)
                0x40013bd8                toupper
 *fill*         0x40013c02        0x2 
 .text          0x40013c04       0xf4 c:/nburn/gcc-m68k/bin/../m68k-unknown-elf/sysroot/lib/m54455\libc.a(lib_a-wbuf.o)
                0x40013c04                __swbuf_r
                0x40013cde                __swbuf
 .text          0x40013cf8      0x116 c:/nburn/gcc-m68k/bin/../m68k-unknown-elf/sysroot/lib/m54455\libc.a(lib_a-wsetup.o)
                0x40013cf8                __swsetup_r
 *fill*         0x40013e0e        0x2 
 .text          0x40013e10       0xa0 c:/nburn/gcc-m68k/bin/../m68k-unknown-elf/sysroot/lib/m54455\libc.a(lib_a-__atexit.o)
                0x40013e10                __register_exitproc
 .text          0x40013eb0      0x204 c:/nburn/gcc-m68k/bin/../m68k-unknown-elf/sysroot/lib/m54455\libc.a(lib_a-fflush.o)
                0x40013eb0                __sflush_r
                0x40014038                _fflush_r
                0x40014086                fflush
 .text          0x400140b4      0x28c c:/nburn/gcc-m68k/bin/../m68k-unknown-elf/sysroot/lib/m54455\libc.a(lib_a-findfp.o)
                0x400140be                _cleanup_r
                0x4001415a                __sfmoreglue
                0x400141b6                _cleanup
                0x400141ca                __sinit
                0x4001423a                __sfp
                0x400142ec                __sfp_lock_acquire
                0x400142f4                __sfp_lock_release
                0x400142fc                __sinit_lock_acquire
                0x40014304                __sinit_lock_release
                0x4001430c                __fp_lock_all
                0x40014326                __fp_unlock_all
 .text          0x40014340      0x2ec c:/nburn/gcc-m68k/bin/../m68k-unknown-elf/sysroot/lib/m54455\libc.a(lib_a-freer.o)
                0x40014340                _malloc_trim_r
                0x40014414                _free_r
 .text          0x4001462c       0xb4 c:/nburn/gcc-m68k/bin/../m68k-unknown-elf/sysroot/lib/m54455\libc.a(lib_a-fwalk.o)
                0x4001462c                _fwalk
                0x40014684                _fwalk_reent
 .text          0x400146e0      0x152 c:/nburn/gcc-m68k/bin/../m68k-unknown-elf/sysroot/lib/m54455\libc.a(lib_a-makebuf.o)
                0x400146e0                __smakebuf_r
 *fill*         0x40014832        0x2 
 .text          0x40014834      0x126 c:/nburn/gcc-m68k/bin/../m68k-unknown-elf/sysroot/lib/m54455\libc.a(lib_a-stdio.o)
                0x40014834                __sread
                0x40014878                __seofread
                0x40014882                __swrite
                0x400148ee                __sseek
                0x40014942                __sclose
 *fill*         0x4001495a        0x2 
 .text          0x4001495c       0x38 c:/nburn/gcc-m68k/bin/../m68k-unknown-elf/sysroot/lib/m54455\libc.a(lib_a-writer.o)
                0x4001495c                _write_r
 .text          0x40014994       0x2e c:/nburn/gcc-m68k/bin/../m68k-unknown-elf/sysroot/lib/m54455\libc.a(lib_a-closer.o)
                0x40014994                _close_r
 *fill*         0x400149c2        0x2 
 .text          0x400149c4       0xe2 c:/nburn/gcc-m68k/bin/../m68k-unknown-elf/sysroot/lib/m54455\libc.a(lib_a-fclose.o)
                0x400149c4                _fclose_r
                0x40014a90                fclose
 *fill*         0x40014aa6        0x2 
 .text          0x40014aa8       0x32 c:/nburn/gcc-m68k/bin/../m68k-unknown-elf/sysroot/lib/m54455\libc.a(lib_a-fstatr.o)
                0x40014aa8                _fstat_r
 *fill*         0x40014ada        0x2 
 .text          0x40014adc       0x2e c:/nburn/gcc-m68k/bin/../m68k-unknown-elf/sysroot/lib/m54455\libc.a(lib_a-isattyr.o)
                0x40014adc                _isatty_r
 *fill*         0x40014b0a        0x2 
 .text          0x40014b0c       0x38 c:/nburn/gcc-m68k/bin/../m68k-unknown-elf/sysroot/lib/m54455\libc.a(lib_a-lseekr.o)
                0x40014b0c                _lseek_r
 .text          0x40014b44       0x38 c:/nburn/gcc-m68k/bin/../m68k-unknown-elf/sysroot/lib/m54455\libc.a(lib_a-readr.o)
                0x40014b44                _read_r
 .text          0x40014b7c       0x32 c:/nburn/gcc-m68k/bin/../lib/gcc/m68k-unknown-elf/5.2.0/m54455/crtend.o
                0x40014bb0                . = ALIGN (0x10)
 *fill*         0x40014bae        0x2 
 *(.text.*)
 .text._Z9LCDUpdatePv
                0x40014bb0      0x12e main.o
                0x40014bb0                _Z9LCDUpdatePv
 *fill*         0x40014cde        0x2 
 .text._Z5DrivePv
                0x40014ce0       0xce main.o
                0x40014ce0                _Z5DrivePv
 *fill*         0x40014dae        0x2 
 .text._Z4initv
                0x40014db0      0x232 main.o
                0x40014db0                _Z4initv
 *fill*         0x40014fe2        0x2 
 .text.UserMain
                0x40014fe4       0xf6 main.o
                0x40014fe4                UserMain
 *fill*         0x400150da        0x2 
 .text.startup._GLOBAL__sub_I_MainTaskSem
                0x400150dc       0xb8 main.o
 .text._ZN7Utility11odoToInchesEm
                0x40015194       0x30 Utility.o
                0x40015194                _ZN7Utility11odoToInchesEm
 .text._ZN7Utility10degreeWrapEf
                0x400151c4       0x90 Utility.o
                0x400151c4                _ZN7Utility10degreeWrapEf
 .text._ZN3NavD2Ev
                0x40015254        0x8 Nav.o
                0x40015254                _ZN3NavD1Ev
                0x40015254                _ZN3NavD2Ev
 .text._ZN3NavD0Ev
                0x4001525c       0x1c Nav.o
                0x4001525c                _ZN3NavD0Ev
 .text._ZN3NavC2Ev
                0x40015278       0x12 Nav.o
                0x40015278                _ZN3NavC2Ev
                0x40015278                _ZN3NavC1Ev
 *fill*         0x4001528a        0x2 
 .text._ZN3Nav4getXEv
                0x4001528c       0x14 Nav.o
                0x4001528c                _ZN3Nav4getXEv
 .text._ZN3Nav4getYEv
                0x400152a0       0x14 Nav.o
                0x400152a0                _ZN3Nav4getYEv
 .text._ZN3Nav9navUpdateEv
                0x400152b4      0x232 Nav.o
                0x400152b4                _ZN3Nav9navUpdateEv
 *fill*         0x400154e6        0x2 
 .text._ZN13MainLogObject9GetExtentERPmS1_
                0x400154e8       0x24 Logger.o
                0x400154e8                _ZN13MainLogObject9GetExtentERPmS1_
 .text._ZN6Logger7logLoopEPv
                0x4001550c      0x13c Logger.o
                0x4001550c                _ZN6Logger7logLoopEPv
 .text._ZN13MainLogObject8BuildOneEv
                0x40015648      0x204 Logger.o
                0x40015648                _ZN13MainLogObject8BuildOneEv
 .text._ZN13MainLogObjectC2Ev
                0x4001584c      0x2be Logger.o
                0x4001584c                _ZN13MainLogObjectC2Ev
                0x4001584c                _ZN13MainLogObjectC1Ev
 *fill*         0x40015b0a        0x2 
 .text._ZN6Logger8logBeginEv
                0x40015b0c       0x3a Logger.o
                0x40015b0c                _ZN6Logger8logBeginEv
 *fill*         0x40015b46        0x2 
 .text.startup._GLOBAL__sub_I_mainLog
                0x40015b48       0x1a Logger.o
 *fill*         0x40015b62        0x2 
 .text._Z11CoreRcTimeri
                0x40015b64       0xfa Drivers\servodrive.o
                0x40015b64                _Z11CoreRcTimeri
 *fill*         0x40015c5e        0x2 
 .text._Z12fake_Ch0_ISRv
                0x40015c60       0x54 Drivers\servodrive.o
                0x40015c60                _Z12fake_Ch0_ISRv
                0x40015c64                Ch0_ISR
 .text.real_Ch0_ISR
                0x40015cb4       0x16 Drivers\servodrive.o
                0x40015cb4                real_Ch0_ISR
 *fill*         0x40015cca        0x2 
 .text._Z12fake_Ch1_ISRv
                0x40015ccc       0x54 Drivers\servodrive.o
                0x40015ccc                _Z12fake_Ch1_ISRv
                0x40015cd0                Ch1_ISR
 .text.real_Ch1_ISR
                0x40015d20       0x18 Drivers\servodrive.o
                0x40015d20                real_Ch1_ISR
 .text._Z14ServoDriveInitv
                0x40015d38      0x16e Drivers\servodrive.o
                0x40015d38                _Z14ServoDriveInitv
 *fill*         0x40015ea6        0x2 
 .text._Z11SetServoPosid
                0x40015ea8      0x134 Drivers\servodrive.o
                0x40015ea8                _Z11SetServoPosid
 .text._Z11SetServoRawii
                0x40015fdc       0xc2 Drivers\servodrive.o
                0x40015fdc                _Z11SetServoRawii
 *fill*         0x4001609e        0x2 
 .text._Z11getServoPosi
                0x400160a0       0x1c Drivers\servodrive.o
                0x400160a0                _Z11getServoPosi
 .text._Z22BuildOrFindDescriptionPKc
                0x400160bc       0xa2 Drivers\introspec.o
                0x400160bc                _Z22BuildOrFindDescriptionPKc
 *fill*         0x4001615e        0x2 
 .text._ZN15IntrospecObjectC2EPKc
                0x40016160       0x1c Drivers\introspec.o
                0x40016160                _ZN15IntrospecObjectC1EPKc
                0x40016160                _ZN15IntrospecObjectC2EPKc
 .text._Z14LogEscapedByteh
                0x4001617c       0x72 Drivers\introspec.o
                0x4001617c                _Z14LogEscapedByteh
 *fill*         0x400161ee        0x2 
 .text._Z10LogRawByteh
                0x400161f0       0x58 Drivers\introspec.o
                0x400161f0                _Z10LogRawByteh
 .text._Z8LogRaw32m
                0x40016248      0x130 Drivers\introspec.o
                0x40016248                _Z8LogRaw32m
 .text._ZN15IntrospecObject7ElementEPvmPKcc
                0x40016378       0x94 Drivers\introspec.o
                0x40016378                _ZN15IntrospecObject7ElementEPvmPKcc
 .text._ZN15IntrospecObject12LogStructureEv
                0x4001640c       0x98 Drivers\introspec.o
                0x4001640c                _ZN15IntrospecObject12LogStructureEv
 .text._ZN15IntrospecObject3LogEb
                0x400164a4      0x136 Drivers\introspec.o
                0x400164a4                _ZN15IntrospecObject3LogEb
 *fill*         0x400165da        0x2 
 .text._Z10LogMessagePKcb
                0x400165dc       0x84 Drivers\introspec.o
                0x400165dc                _Z10LogMessagePKcb
 .text._Z12WriteLogToFdi
                0x40016660       0xf0 Drivers\introspec.o
                0x40016660                _Z12WriteLogToFdi
 .text._Z10GetLogSizev
                0x40016750       0x80 Drivers\introspec.o
                0x40016750                _Z10GetLogSizev
 .text._Z10InitLogFtpi
                0x400167d0       0x20 Drivers\introspec.o
                0x400167d0                _Z10InitLogFtpi
 .text._Z22FTPD_GetFileFromClientPKcS0_Pvi
                0x400167f0        0xa Drivers\introspec.o
                0x400167f0                _Z22FTPD_GetFileFromClientPKcS0_Pvi
 *fill*         0x400167fa        0x2 
 .text._Z21FTPD_AbleToCreateFilePKcS0_Pv
                0x400167fc        0xa Drivers\introspec.o
                0x400167fc                _Z21FTPD_AbleToCreateFilePKcS0_Pv
 *fill*         0x40016806        0x2 
 .text._Z16FTPDSessionStartPKcS0_7IPADDR4
                0x40016808        0xa Drivers\introspec.o
                0x40016808                _Z16FTPDSessionStartPKcS0_7IPADDR4
 *fill*         0x40016812        0x2 
 .text._Z14FTPDSessionEndPv
                0x40016814        0x8 Drivers\introspec.o
                0x40016814                _Z14FTPDSessionEndPv
 .text._Z23FTPD_ListSubDirectoriesPKcPvPFviS0_Ei
                0x4001681c        0xa Drivers\introspec.o
                0x4001681c                _Z23FTPD_ListSubDirectoriesPKcPvPFviS0_Ei
 *fill*         0x40016826        0x2 
 .text._Z20FTPD_DirectoryExistsPKcPv
                0x40016828        0xa Drivers\introspec.o
                0x40016828                _Z20FTPD_DirectoryExistsPKcPv
 *fill*         0x40016832        0x2 
 .text._Z23FTPD_CreateSubDirectoryPKcS0_Pv
                0x40016834        0xa Drivers\introspec.o
                0x40016834                _Z23FTPD_CreateSubDirectoryPKcS0_Pv
 *fill*         0x4001683e        0x2 
 .text._Z23FTPD_DeleteSubDirectoryPKcS0_Pv
                0x40016840        0xa Drivers\introspec.o
                0x40016840                _Z23FTPD_DeleteSubDirectoryPKcS0_Pv
 *fill*         0x4001684a        0x2 
 .text._Z15FTPD_DeleteFilePKcS0_Pv
                0x4001684c       0x60 Drivers\introspec.o
                0x4001684c                _Z15FTPD_DeleteFilePKcS0_Pv
 .text._Z11FTPD_RenamePKcS0_S0_Pv
                0x400168ac        0xa Drivers\introspec.o
                0x400168ac                _Z11FTPD_RenamePKcS0_S0_Pv
 *fill*         0x400168b6        0x2 
 .text._Z16FTPD_GetFileSizePKcS0_
                0x400168b8        0xa Drivers\introspec.o
                0x400168b8                _Z16FTPD_GetFileSizePKcS0_
 *fill*         0x400168c2        0x2 
 .text._Z12getdirstringPKclPc
                0x400168c4       0xac Drivers\introspec.o
                0x400168c4                _Z12getdirstringPKclPc
 .text._Z13FTPD_ListFilePKcPvPFviS0_Ei
                0x40016970       0x5e Drivers\introspec.o
                0x40016970                _Z13FTPD_ListFilePKcPvPFviS0_Ei
 *fill*         0x400169ce        0x2 
 .text._Z21FTPD_SendFileToClientPKcS0_Pvi
                0x400169d0       0x78 Drivers\introspec.o
                0x400169d0                _Z21FTPD_SendFileToClientPKcS0_Pvi
 .text._Z15FTPD_FileExistsPKcS0_Pv
                0x40016a48        0xa Drivers\introspec.o
                0x40016a48                _Z15FTPD_FileExistsPKcS0_Pv
 *fill*         0x40016a52        0x2 
 .text._ZN7FileLogC2EPKc
                0x40016a54       0x20 Drivers\introspec.o
                0x40016a54                _ZN7FileLogC2EPKc
                0x40016a54                _ZN7FileLogC1EPKc
 .text._Z15LogFileVersionsv
                0x40016a74       0x5e Drivers\introspec.o
                0x40016a74                _Z15LogFileVersionsv
 *fill*         0x40016ad2        0x2 
 .text.startup._GLOBAL__sub_I__ZN15IntrospecObject7bShowMeE
                0x40016ad4       0x44 Drivers\introspec.o
 .text._Z15RC_ProcessCharsih
                0x40016b18       0xe6 Drivers\dsm2.o
                0x40016b18                _Z15RC_ProcessCharsih
 *fill*         0x40016bfe        0x2 
 .text._Z10InitDSM2Rxi
                0x40016c00       0x52 Drivers\dsm2.o
                0x40016c00                _Z10InitDSM2Rxi
 *fill*         0x40016c52        0x2 
 .text._ZN8OdometerD2Ev
                0x40016c54        0x8 Drivers\Odometer.o
                0x40016c54                _ZN8OdometerD2Ev
                0x40016c54                _ZN8OdometerD1Ev
 .text._ZN8OdometerD0Ev
                0x40016c5c       0x1c Drivers\Odometer.o
                0x40016c5c                _ZN8OdometerD0Ev
 .text._ZN8Odometer6OdoIrqEv
                0x40016c78       0x46 Drivers\Odometer.o
                0x40016c78                _ZN8Odometer6OdoIrqEv
 *fill*         0x40016cbe        0x2 
 .text._ZN8OdometerC2Ev
                0x40016cc0       0x12 Drivers\Odometer.o
                0x40016cc0                _ZN8OdometerC1Ev
                0x40016cc0                _ZN8OdometerC2Ev
 *fill*         0x40016cd2        0x2 
 .text._ZN8OdometerC2Ei
                0x40016cd4       0x52 Drivers\Odometer.o
                0x40016cd4                _ZN8OdometerC1Ei
                0x40016cd4                _ZN8OdometerC2Ei
 *fill*         0x40016d26        0x2 
 .text._ZN8Odometer8getCountEv
                0x40016d28        0xe Drivers\Odometer.o
                0x40016d28                _ZN8Odometer8getCountEv
 .text._ZN5Madge24MadgwickQuaternionUpdateEfffffffff
                0x40016d36      0xde8 Drivers\MadgwickFilter.o
                0x40016d36                _ZN5Madge24MadgwickQuaternionUpdateEfffffffff
 *fill*         0x40017b1e        0x2 
 .text._ZN7MPU9250C2Eh
                0x40017b20       0x66 Drivers\MPU9250.o
                0x40017b20                _ZN7MPU9250C1Eh
                0x40017b20                _ZN7MPU9250C2Eh
 *fill*         0x40017b86        0x2 
 .text._ZN7MPU92507getMresEh
                0x40017b88       0x4e Drivers\MPU9250.o
                0x40017b88                _ZN7MPU92507getMresEh
 *fill*         0x40017bd6        0x2 
 .text._ZN7MPU92507getGresEh
                0x40017bd8       0x7e Drivers\MPU9250.o
                0x40017bd8                _ZN7MPU92507getGresEh
 *fill*         0x40017c56        0x2 
 .text._ZN7MPU92507getAresEh
                0x40017c58       0x7e Drivers\MPU9250.o
                0x40017c58                _ZN7MPU92507getAresEh
 *fill*         0x40017cd6        0x2 
 .text._ZN7MPU925018I2CWriteReadBufferEhhPhi
                0x40017cd8       0xb0 Drivers\MPU9250.o
                0x40017cd8                _ZN7MPU925018I2CWriteReadBufferEhhPhi
 .text._ZN7MPU925011initMPU9250Ehh
                0x40017d88      0x1f8 Drivers\MPU9250.o
                0x40017d88                _ZN7MPU925011initMPU9250Ehh
 .text._ZN7MPU925015readMPU9250DataEPs
                0x40017f80       0xfa Drivers\MPU9250.o
                0x40017f80                _ZN7MPU925015readMPU9250DataEPs
 *fill*         0x4001807a        0x2 
 .text._ZN7MPU925011readMagDataEPs
                0x4001807c       0x72 Drivers\MPU9250.o
                0x4001807c                _ZN7MPU925011readMagDataEPs
 *fill*         0x400180ee        0x2 
 .text._ZN7MPU925013magcalMPU9250EPfS0_
                0x400180f0      0x332 Drivers\MPU9250.o
                0x400180f0                _ZN7MPU925013magcalMPU9250EPfS0_
 *fill*         0x40018422        0x2 
 .text._ZN7MPU925010initAK8963EhhPf
                0x40018424      0x1ea Drivers\MPU9250.o
                0x40018424                _ZN7MPU925010initAK8963EhhPf
 *fill*         0x4001860e        0x2 
 .text._ZN7MPU925016calibrateMPU9250EPfS0_
                0x40018610      0x81e Drivers\MPU9250.o
                0x40018610                _ZN7MPU925016calibrateMPU9250EPfS0_
 *fill*         0x40018e2e        0x2 
 .text._ZN7MPU92508SelfTestEPf
                0x40018e30      0x8cc Drivers\MPU9250.o
                0x40018e30                _ZN7MPU92508SelfTestEPf
 .text._ZN7MPU92508readByteEhh
                0x400196fc       0x2e Drivers\MPU9250.o
                0x400196fc                _ZN7MPU92508readByteEhh
 *fill*         0x4001972a        0x2 
 .text._ZN7MPU9250C2Ev
                0x4001972c        0x8 Drivers\MPU9250.o
                0x4001972c                _ZN7MPU9250C2Ev
                0x4001972c                _ZN7MPU9250C1Ev
 .text._ZN3LCDD2Ev
                0x40019734        0x8 Drivers\LCD.o
                0x40019734                _ZN3LCDD2Ev
                0x40019734                _ZN3LCDD1Ev
 .text._ZN3LCDD0Ev
                0x4001973c       0x1c Drivers\LCD.o
                0x4001973c                _ZN3LCDD0Ev
 .text._ZN3LCDC2Ev
                0x40019758       0x16 Drivers\LCD.o
                0x40019758                _ZN3LCDC1Ev
                0x40019758                _ZN3LCDC2Ev
 *fill*         0x4001976e        0x2 
 .text._ZN3LCDC2Eii
                0x40019770       0x3c Drivers\LCD.o
                0x40019770                _ZN3LCDC1Eii
                0x40019770                _ZN3LCDC2Eii
 .text._ZN3LCD5clearEv
                0x400197ac       0x7c Drivers\LCD.o
                0x400197ac                _ZN3LCD5clearEv
 .text._ZN3LCD5printEPKc
                0x40019828       0x1a Drivers\LCD.o
                0x40019828                _ZN3LCD5printEPKc
 *fill*         0x40019842        0x2 
 .text._ZN3LCD5printEPKci
                0x40019844       0x1a Drivers\LCD.o
                0x40019844                _ZN3LCD5printEPKci
 *fill*         0x4001985e        0x2 
 .text._Z4Pirqv
                0x40019860       0x28 Drivers\IMUSetupAndSample.o
                0x40019860                _Z4Pirqv
 .text._Z13IMUSampleLoopPv
                0x40019888      0xac6 Drivers\IMUSetupAndSample.o
                0x40019888                _Z13IMUSampleLoopPv
 *fill*         0x4001a34e        0x2 
 .text._Z15CalibAccAndGyrov
                0x4001a350      0x216 Drivers\IMUSetupAndSample.o
                0x4001a350                _Z15CalibAccAndGyrov
 *fill*         0x4001a566        0x2 
 .text._Z9unclodI2Cv
                0x4001a568       0xf0 Drivers\IMUSetupAndSample.o
                0x4001a568                _Z9unclodI2Cv
 .text._Z11whoAmICheckv
                0x4001a658       0x80 Drivers\IMUSetupAndSample.o
                0x4001a658                _Z11whoAmICheckv
 .text._Z8IMUSetupv
                0x4001a6d8      0x242 Drivers\IMUSetupAndSample.o
                0x4001a6d8                _Z8IMUSetupv
 *fill*         0x4001a91a        0x2 
 .text._Z6IMURunv
                0x4001a91c       0x6a Drivers\IMUSetupAndSample.o
                0x4001a91c                _Z6IMURunv
 *fill*         0x4001a986        0x2 
 .text._Z10getHeadingv
                0x4001a988        0xe Drivers\IMUSetupAndSample.o
                0x4001a988                _Z10getHeadingv
 *fill*         0x4001a996        0x2 
 .text._Z13getQuaternionv
                0x4001a998        0xe Drivers\IMUSetupAndSample.o
                0x4001a998                _Z13getQuaternionv
 *fill*         0x4001a9a6        0x2 
 .text.startup._GLOBAL__sub_I_Gscale
                0x4001a9a8       0x9e Drivers\IMUSetupAndSample.o
 *fill*         0x4001aa46        0x2 
 .text._Z14DoHtmlFunctioniPKct
                0x4001aa48        0xa htmldata.o
                0x4001aa48                _Z14DoHtmlFunctioniPKct
 *fill*         0x4001aa52        0x2 
 .text._Z14DoHtmlVariableit
                0x4001aa54        0xa htmldata.o
                0x4001aa54                _Z14DoHtmlVariableit
 *fill*         0x4001aa5e        0x2 
 .text.__tcf_0  0x4001aa60       0x38 C:\Nburn/lib/NANO54415.a(serial.o)
 .text._Z11BaseGetChari
                0x4001aa98       0xac C:\Nburn/lib/NANO54415.a(serial.o)
                0x4001aa98                _Z11BaseGetChari
 .text._Z14InitializeMapsv.part.1
                0x4001ab44       0x76 C:\Nburn/lib/NANO54415.a(serial.o)
 *fill*         0x4001abba        0x2 
 .text._Z6WakeTxi
                0x4001abbc       0x8c C:\Nburn/lib/NANO54415.a(serial.o)
                0x4001abbc                _Z6WakeTxi
 .text._Z11BasePutCharih
                0x4001ac48       0xf0 C:\Nburn/lib/NANO54415.a(serial.o)
                0x4001ac48                _Z11BasePutCharih
 .text._Z8serwriteiPKci
                0x4001ad38      0x156 C:\Nburn/lib/NANO54415.a(serial.o)
                0x4001ad38                _Z8serwriteiPKci
 *fill*         0x4001ae8e        0x2 
 .text._Z8DoSerIsri
                0x4001ae90      0x302 C:\Nburn/lib/NANO54415.a(serial.o)
                0x4001ae90                _Z8DoSerIsri
 *fill*         0x4001b192        0x2 
 .text._Z14fake_SER_0_ISRv
                0x4001b194       0x54 C:\Nburn/lib/NANO54415.a(serial.o)
                0x4001b194                _Z14fake_SER_0_ISRv
                0x4001b198                SER_0_ISR
 .text.real_SER_0_ISR
                0x4001b1e8       0x12 C:\Nburn/lib/NANO54415.a(serial.o)
                0x4001b1e8                real_SER_0_ISR
 *fill*         0x4001b1fa        0x2 
 .text._Z14fake_SER_1_ISRv
                0x4001b1fc       0x54 C:\Nburn/lib/NANO54415.a(serial.o)
                0x4001b1fc                _Z14fake_SER_1_ISRv
                0x4001b200                SER_1_ISR
 .text.real_SER_1_ISR
                0x4001b250       0x14 C:\Nburn/lib/NANO54415.a(serial.o)
                0x4001b250                real_SER_1_ISR
 .text._Z14fake_SER_2_ISRv
                0x4001b264       0x54 C:\Nburn/lib/NANO54415.a(serial.o)
                0x4001b264                _Z14fake_SER_2_ISRv
                0x4001b268                SER_2_ISR
 .text.real_SER_2_ISR
                0x4001b2b8       0x14 C:\Nburn/lib/NANO54415.a(serial.o)
                0x4001b2b8                real_SER_2_ISR
 .text._Z14fake_SER_3_ISRv
                0x4001b2cc       0x54 C:\Nburn/lib/NANO54415.a(serial.o)
                0x4001b2cc                _Z14fake_SER_3_ISRv
                0x4001b2d0                SER_3_ISR
 .text.real_SER_3_ISR
                0x4001b320       0x14 C:\Nburn/lib/NANO54415.a(serial.o)
                0x4001b320                real_SER_3_ISR
 .text._Z14fake_SER_4_ISRv
                0x4001b334       0x54 C:\Nburn/lib/NANO54415.a(serial.o)
                0x4001b334                _Z14fake_SER_4_ISRv
                0x4001b338                SER_4_ISR
 .text.real_SER_4_ISR
                0x4001b388       0x14 C:\Nburn/lib/NANO54415.a(serial.o)
                0x4001b388                real_SER_4_ISR
 .text._Z14fake_SER_5_ISRv
                0x4001b39c       0x54 C:\Nburn/lib/NANO54415.a(serial.o)
                0x4001b39c                _Z14fake_SER_5_ISRv
                0x4001b3a0                SER_5_ISR
 .text.real_SER_5_ISR
                0x4001b3f0       0x14 C:\Nburn/lib/NANO54415.a(serial.o)
                0x4001b3f0                real_SER_5_ISR
 .text._Z14fake_SER_6_ISRv
                0x4001b404       0x54 C:\Nburn/lib/NANO54415.a(serial.o)
                0x4001b404                _Z14fake_SER_6_ISRv
                0x4001b408                SER_6_ISR
 .text.real_SER_6_ISR
                0x4001b458       0x14 C:\Nburn/lib/NANO54415.a(serial.o)
                0x4001b458                real_SER_6_ISR
 .text._Z14fake_SER_7_ISRv
                0x4001b46c       0x54 C:\Nburn/lib/NANO54415.a(serial.o)
                0x4001b46c                _Z14fake_SER_7_ISRv
                0x4001b470                SER_7_ISR
 .text.real_SER_7_ISR
                0x4001b4c0       0x14 C:\Nburn/lib/NANO54415.a(serial.o)
                0x4001b4c0                real_SER_7_ISR
 .text._Z14fake_SER_8_ISRv
                0x4001b4d4       0x54 C:\Nburn/lib/NANO54415.a(serial.o)
                0x4001b4d4                _Z14fake_SER_8_ISRv
                0x4001b4d8                SER_8_ISR
 .text.real_SER_8_ISR
                0x4001b528       0x14 C:\Nburn/lib/NANO54415.a(serial.o)
                0x4001b528                real_SER_8_ISR
 .text._Z14fake_SER_9_ISRv
                0x4001b53c       0x54 C:\Nburn/lib/NANO54415.a(serial.o)
                0x4001b53c                _Z14fake_SER_9_ISRv
                0x4001b540                SER_9_ISR
 .text.real_SER_9_ISR
                0x4001b590       0x14 C:\Nburn/lib/NANO54415.a(serial.o)
                0x4001b590                real_SER_9_ISR
 .text._Z10serreadwtoiPcii
                0x4001b5a4      0x21a C:\Nburn/lib/NANO54415.a(serial.o)
                0x4001b5a4                _Z10serreadwtoiPcii
 *fill*         0x4001b7be        0x2 
 .text._Z7serreadiPci
                0x4001b7c0       0x1c C:\Nburn/lib/NANO54415.a(serial.o)
                0x4001b7c0                _Z7serreadiPci
 .text._Z10OpenSerialijii11parity_mode
                0x4001b7dc      0x6f0 C:\Nburn/lib/NANO54415.a(serial.o)
                0x4001b7dc                _Z10OpenSerialijii11parity_mode
 .text._Z11SerialClosei
                0x4001becc       0xda C:\Nburn/lib/NANO54415.a(serial.o)
                0x4001becc                _Z11SerialClosei
 *fill*         0x4001bfa6        0x2 
 .text._Z16serexternalclosei
                0x4001bfa8       0x34 C:\Nburn/lib/NANO54415.a(serial.o)
                0x4001bfa8                _Z16serexternalclosei
 .text.startup._GLOBAL__sub_I_Uarts
                0x4001bfdc       0x5e C:\Nburn/lib/NANO54415.a(serial.o)
 *fill*         0x4001c03a        0x2 
 .text._ZN5PinIO3setEh
                0x4001c03c      0xa84 C:\Nburn/lib/NANO54415.a(pins.o)
                0x4001c03c                _ZN5PinIO3setEh
 .text._ZN5PinIO4readEv
                0x4001cac0      0x5d8 C:\Nburn/lib/NANO54415.a(pins.o)
                0x4001cac0                _ZN5PinIO4readEv
 .text._ZN5PinIO8functionEi
                0x4001d098      0x524 C:\Nburn/lib/NANO54415.a(pins.o)
                0x4001d098                _ZN5PinIO8functionEi
 .text._Z15GetSpiFlashCritv
                0x4001d5bc       0x46 C:\Nburn/lib/NANO54415.a(FlashOps.o)
                0x4001d5bc                _Z15GetSpiFlashCritv
 *fill*         0x4001d602        0x2 
 .text._Z10FlashErasePvi
                0x4001d604       0xac C:\Nburn/lib/NANO54415.a(FlashOps.o)
                0x4001d604                _Z10FlashErasePvi
 .text._Z12FlashProgramPvS_i
                0x4001d6b0      0x160 C:\Nburn/lib/NANO54415.a(FlashOps.o)
                0x4001d6b0                _Z12FlashProgramPvS_i
 .text.CopySPIFlashImageOnBoot
                0x4001d810       0x66 C:\Nburn/lib/NANO54415.a(FlashOps.o)
                0x4001d810                CopySPIFlashImageOnBoot
 *fill*         0x4001d876        0x2 
 .text.startup._GLOBAL__sub_I_SPI_Main
                0x4001d878       0x4a C:\Nburn/lib/NANO54415.a(FlashOps.o)
 *fill*         0x4001d8c2        0x2 
 .text.__tcf_0  0x4001d8c4        0x8 C:\Nburn/lib/NANO54415.a(HiResTimer.o)
 .text._Z21fake_Timer0_Interruptv
                0x4001d8cc       0x54 C:\Nburn/lib/NANO54415.a(HiResTimer.o)
                0x4001d8cc                _Z21fake_Timer0_Interruptv
                0x4001d8d0                Timer0_Interrupt
 .text.real_Timer0_Interrupt
                0x4001d920       0x6c C:\Nburn/lib/NANO54415.a(HiResTimer.o)
                0x4001d920                real_Timer0_Interrupt
 .text._Z21fake_Timer1_Interruptv
                0x4001d98c       0x54 C:\Nburn/lib/NANO54415.a(HiResTimer.o)
                0x4001d98c                _Z21fake_Timer1_Interruptv
                0x4001d990                Timer1_Interrupt
 .text.real_Timer1_Interrupt
                0x4001d9e0       0x6c C:\Nburn/lib/NANO54415.a(HiResTimer.o)
                0x4001d9e0                real_Timer1_Interrupt
 .text._Z21fake_Timer2_Interruptv
                0x4001da4c       0x54 C:\Nburn/lib/NANO54415.a(HiResTimer.o)
                0x4001da4c                _Z21fake_Timer2_Interruptv
                0x4001da50                Timer2_Interrupt
 .text.real_Timer2_Interrupt
                0x4001daa0       0x6c C:\Nburn/lib/NANO54415.a(HiResTimer.o)
                0x4001daa0                real_Timer2_Interrupt
 .text._Z21fake_Timer3_Interruptv
                0x4001db0c       0x54 C:\Nburn/lib/NANO54415.a(HiResTimer.o)
                0x4001db0c                _Z21fake_Timer3_Interruptv
                0x4001db10                Timer3_Interrupt
 .text.real_Timer3_Interrupt
                0x4001db60       0x6c C:\Nburn/lib/NANO54415.a(HiResTimer.o)
                0x4001db60                real_Timer3_Interrupt
 .text._ZN10HiResTimer10init_ticksEmi
                0x4001dbcc       0xf2 C:\Nburn/lib/NANO54415.a(HiResTimer.o)
                0x4001dbcc                _ZN10HiResTimer10init_ticksEmi
 *fill*         0x4001dcbe        0x2 
 .text._ZN10HiResTimer4initEd
                0x4001dcc0      0x122 C:\Nburn/lib/NANO54415.a(HiResTimer.o)
                0x4001dcc0                _ZN10HiResTimer4initEd
 *fill*         0x4001dde2        0x2 
 .text._ZN10HiResTimer8readTimeEv
                0x4001dde4       0xfe C:\Nburn/lib/NANO54415.a(HiResTimer.o)
                0x4001dde4                _ZN10HiResTimer8readTimeEv
 *fill*         0x4001dee2        0x2 
 .text._ZN10HiResTimer5delayEd
                0x4001dee4       0x70 C:\Nburn/lib/NANO54415.a(HiResTimer.o)
                0x4001dee4                _ZN10HiResTimer5delayEd
 .text._ZN10HiResTimerC2Ei
                0x4001df54       0x5e C:\Nburn/lib/NANO54415.a(HiResTimer.o)
                0x4001df54                _ZN10HiResTimerC2Ei
                0x4001df54                _ZN10HiResTimerC1Ei
 *fill*         0x4001dfb2        0x2 
 .text._ZN10HiResTimer13getHiResTimerEi
                0x4001dfb4       0xf8 C:\Nburn/lib/NANO54415.a(HiResTimer.o)
                0x4001dfb4                _ZN10HiResTimer13getHiResTimerEi
 .text.startup._GLOBAL__sub_I__ZN10HiResTimer6timersE
                0x4001e0ac       0x58 C:\Nburn/lib/NANO54415.a(HiResTimer.o)
 .text._Z18fake_firq2_pin_isrv
                0x4001e104       0x54 C:\Nburn/lib/NANO54415.a(pin_irq.o)
                0x4001e104                _Z18fake_firq2_pin_isrv
                0x4001e108                firq2_pin_isr
 .text.real_firq2_pin_isr
                0x4001e158       0x28 C:\Nburn/lib/NANO54415.a(pin_irq.o)
                0x4001e158                real_firq2_pin_isr
 .text._Z18fake_firq3_pin_isrv
                0x4001e180       0x54 C:\Nburn/lib/NANO54415.a(pin_irq.o)
                0x4001e180                _Z18fake_firq3_pin_isrv
                0x4001e184                firq3_pin_isr
 .text.real_firq3_pin_isr
                0x4001e1d4       0x28 C:\Nburn/lib/NANO54415.a(pin_irq.o)
                0x4001e1d4                real_firq3_pin_isr
 .text._Z9SetPinIrqiiPFvvE
                0x4001e1fc      0x266 C:\Nburn/lib/NANO54415.a(pin_irq.o)
                0x4001e1fc                _Z9SetPinIrqiiPFvvE
 *fill*         0x4001e462        0x2 
 .text._Z5xTickv
                0x4001e464       0x1c C:\Nburn/lib/NANO54415.a(bsp.o)
                0x4001e464                _Z5xTickv
                0x4001e468                Tick5441X
 .text._Z7SetIntcilii
                0x4001e480       0xc0 C:\Nburn/lib/NANO54415.a(bsp.o)
                0x4001e480                _Z7SetIntcilii
 .text._Z11ForceRebootb
                0x4001e540       0x26 C:\Nburn/lib/NANO54415.a(bsp.o)
                0x4001e540                _Z11ForceRebootb
 *fill*         0x4001e566        0x2 
 .text._Z12DisableCachev
                0x4001e568       0x56 C:\Nburn/lib/NANO54415.a(bsp.o)
                0x4001e568                _Z12DisableCachev
 *fill*         0x4001e5be        0x2 
 .text._Z11EnableCachev
                0x4001e5c0       0x42 C:\Nburn/lib/NANO54415.a(bsp.o)
                0x4001e5c0                _Z11EnableCachev
 *fill*         0x4001e602        0x2 
 .text._Z13HardwareSetupl
                0x4001e604      0x1e0 C:\Nburn/lib/NANO54415.a(bsp.o)
                0x4001e604                _Z13HardwareSetupl
 .text._sbrk_r  0x4001e7e4       0x48 C:\Nburn/lib/NANO54415.a(bsp.o)
                0x4001e7e4                _sbrk_r
 .text._Z18BspGetTickFractionv
                0x4001e82c       0x18 C:\Nburn/lib/NANO54415.a(bsp.o)
                0x4001e82c                _Z18BspGetTickFractionv
 .text._Z13GetUartRecordi
                0x4001e844       0x3a C:\Nburn/lib/NANO54415.a(localio.o)
                0x4001e844                _Z13GetUartRecordi
 *fill*         0x4001e87e        0x2 
 .text._Z11LocalInBytev
                0x4001e880       0x5e C:\Nburn/lib/NANO54415.a(localio.o)
                0x4001e880                _Z11LocalInBytev
 *fill*         0x4001e8de        0x2 
 .text._Z12LocalOutBytec
                0x4001e8e0       0x66 C:\Nburn/lib/NANO54415.a(localio.o)
                0x4001e8e0                _Z12LocalOutBytec
 *fill*         0x4001e946        0x2 
 .text.MultiChannel_I2CInit
                0x4001e948      0x1e6 C:\Nburn/lib/NANO54415.a(multichanneli2c.o)
                0x4001e948                MultiChannel_I2CInit
 *fill*         0x4001eb2e        0x2 
 .text.MultiChannel_I2CRestart
                0x4001eb30       0x42 C:\Nburn/lib/NANO54415.a(multichanneli2c.o)
                0x4001eb30                MultiChannel_I2CRestart
 *fill*         0x4001eb72        0x2 
 .text.MultiChannel_I2CSendBuf
                0x4001eb74      0x1ac C:\Nburn/lib/NANO54415.a(multichanneli2c.o)
                0x4001eb74                MultiChannel_I2CSendBuf
 .text.MultiChannel_I2CReadBuf
                0x4001ed20      0x25e C:\Nburn/lib/NANO54415.a(multichanneli2c.o)
                0x4001ed20                MultiChannel_I2CReadBuf
 *fill*         0x4001ef7e        0x2 
 .text.I2CMultiChannelResetPeripheral
                0x4001ef80       0x24 C:\Nburn/lib/NANO54415.a(multichanneli2c.o)
                0x4001ef80                I2CMultiChannelResetPeripheral
 .text.startup._GLOBAL__sub_I_I2C_SlaveTX_Callback
                0x4001efa4       0x26 C:\Nburn/lib/NANO54415.a(multichanneli2c.o)
 *fill*         0x4001efca        0x2 
 .text._Z14SetDefPinUsagev
                0x4001efcc      0x1aa C:\Nburn/lib/NANO54415.a(defpins.o)
                0x4001efcc                _Z14SetDefPinUsagev
 *fill*         0x4001f176        0x2 
 .text._ZN8SPIFlashC2Ei
                0x4001f178       0x66 C:\Nburn/lib/NANO54415.a(SPIFlash.o)
                0x4001f178                _ZN8SPIFlashC1Ei
                0x4001f178                _ZN8SPIFlashC2Ei
 *fill*         0x4001f1de        0x2 
 .text._ZN8SPIFlashD2Ev
                0x4001f1e0        0x8 C:\Nburn/lib/NANO54415.a(SPIFlash.o)
                0x4001f1e0                _ZN8SPIFlashD1Ev
                0x4001f1e0                _ZN8SPIFlashD2Ev
 .text._ZN8SPIFlash9SpiAscCmdEPKc
                0x4001f1e8      0x1ce C:\Nburn/lib/NANO54415.a(SPIFlash.o)
                0x4001f1e8                _ZN8SPIFlash9SpiAscCmdEPKc
 *fill*         0x4001f3b6        0x2 
 .text._ZN8SPIFlash9WriteDataEPhii
                0x4001f3b8      0x490 C:\Nburn/lib/NANO54415.a(SPIFlash.o)
                0x4001f3b8                _ZN8SPIFlash9WriteDataEPhii
 .text._ZN8SPIFlash11EraseSectorEi
                0x4001f848      0x2d6 C:\Nburn/lib/NANO54415.a(SPIFlash.o)
                0x4001f848                _ZN8SPIFlash11EraseSectorEi
 *fill*         0x4001fb1e        0x2 
 .text._ZN8SPIFlash15WriteDataWEraseEPhii
                0x4001fb20       0x7a C:\Nburn/lib/NANO54415.a(SPIFlash.o)
                0x4001fb20                _ZN8SPIFlash15WriteDataWEraseEPhii
 *fill*         0x4001fb9a        0x2 
 .text._ZN8SPIFlash10EraseRangeEii
                0x4001fb9c       0x64 C:\Nburn/lib/NANO54415.a(SPIFlash.o)
                0x4001fb9c                _ZN8SPIFlash10EraseRangeEii
 .text._ZN8SPIFlash7ResetMeEv
                0x4001fc00      0x164 C:\Nburn/lib/NANO54415.a(SPIFlash.o)
                0x4001fc00                _ZN8SPIFlash7ResetMeEv
 .text._ZN8SPIFlash8ReadDataEPhii
                0x4001fd64      0x34e C:\Nburn/lib/NANO54415.a(SPIFlash.o)
                0x4001fd64                _ZN8SPIFlash8ReadDataEPhii
 *fill*         0x400200b2        0x2 
 .text._Z34fake_i2c0_multichannel_int_routinev
                0x400200b4       0x54 C:\Nburn/lib/NANO54415.a(i2c_class.o)
                0x400200b4                _Z34fake_i2c0_multichannel_int_routinev
                0x400200b8                i2c0_multichannel_int_routine
 .text._Z34fake_i2c1_multichannel_int_routinev
                0x40020108       0x54 C:\Nburn/lib/NANO54415.a(i2c_class.o)
                0x40020108                _Z34fake_i2c1_multichannel_int_routinev
                0x4002010c                i2c1_multichannel_int_routine
 .text._Z34fake_i2c2_multichannel_int_routinev
                0x4002015c       0x54 C:\Nburn/lib/NANO54415.a(i2c_class.o)
                0x4002015c                _Z34fake_i2c2_multichannel_int_routinev
                0x40020160                i2c2_multichannel_int_routine
 .text._Z34fake_i2c3_multichannel_int_routinev
                0x400201b0       0x54 C:\Nburn/lib/NANO54415.a(i2c_class.o)
                0x400201b0                _Z34fake_i2c3_multichannel_int_routinev
                0x400201b4                i2c3_multichannel_int_routine
 .text._Z34fake_i2c4_multichannel_int_routinev
                0x40020204       0x54 C:\Nburn/lib/NANO54415.a(i2c_class.o)
                0x40020204                _Z34fake_i2c4_multichannel_int_routinev
                0x40020208                i2c4_multichannel_int_routine
 .text._Z34fake_i2c5_multichannel_int_routinev
                0x40020258       0x54 C:\Nburn/lib/NANO54415.a(i2c_class.o)
                0x40020258                _Z34fake_i2c5_multichannel_int_routinev
                0x4002025c                i2c5_multichannel_int_routine
 .text._ZN10i2c_masterC2Ev
                0x400202ac       0x48 C:\Nburn/lib/NANO54415.a(i2c_class.o)
                0x400202ac                _ZN10i2c_masterC2Ev
                0x400202ac                _ZN10i2c_masterC1Ev
 .text._ZN10i2c_master4initEhh
                0x400202f4      0x1b0 C:\Nburn/lib/NANO54415.a(i2c_class.o)
                0x400202f4                _ZN10i2c_master4initEhh
 .text._ZN10i2c_master5resetEv
                0x400204a4       0x8e C:\Nburn/lib/NANO54415.a(i2c_class.o)
                0x400204a4                _ZN10i2c_master5resetEv
 *fill*         0x40020532        0x2 
 .text._ZN10i2c_master4stopEm
                0x40020534       0x76 C:\Nburn/lib/NANO54415.a(i2c_class.o)
                0x40020534                _ZN10i2c_master4stopEm
 *fill*         0x400205aa        0x2 
 .text._ZN10i2c_master6write8Ehm
                0x400205ac       0x96 C:\Nburn/lib/NANO54415.a(i2c_class.o)
                0x400205ac                _ZN10i2c_master6write8Ehm
 *fill*         0x40020642        0x2 
 .text._ZN10i2c_master5startEhbm
                0x40020644       0xe4 C:\Nburn/lib/NANO54415.a(i2c_class.o)
                0x40020644                _ZN10i2c_master5startEhbm
 .text._ZN10i2c_master7restartEhbm
                0x40020728       0xaa C:\Nburn/lib/NANO54415.a(i2c_class.o)
                0x40020728                _ZN10i2c_master7restartEhbm
 *fill*         0x400207d2        0x2 
 .text._ZN10i2c_master5read8EPhm
                0x400207d4       0x86 C:\Nburn/lib/NANO54415.a(i2c_class.o)
                0x400207d4                _ZN10i2c_master5read8EPhm
 *fill*         0x4002085a        0x2 
 .text._ZN10i2c_master16SlaveRX_CallbackEh
                0x4002085c       0x78 C:\Nburn/lib/NANO54415.a(i2c_class.o)
                0x4002085c                _ZN10i2c_master16SlaveRX_CallbackEh
 .text._ZN10i2c_master3isrEv
                0x400208d4      0x35e C:\Nburn/lib/NANO54415.a(i2c_class.o)
                0x400208d4                _ZN10i2c_master3isrEv
 *fill*         0x40020c32        0x2 
 .text.real_i2c0_multichannel_int_routine
                0x40020c34       0x16 C:\Nburn/lib/NANO54415.a(i2c_class.o)
                0x40020c34                real_i2c0_multichannel_int_routine
 *fill*         0x40020c4a        0x2 
 .text.real_i2c1_multichannel_int_routine
                0x40020c4c       0x16 C:\Nburn/lib/NANO54415.a(i2c_class.o)
                0x40020c4c                real_i2c1_multichannel_int_routine
 *fill*         0x40020c62        0x2 
 .text.real_i2c2_multichannel_int_routine
                0x40020c64       0x16 C:\Nburn/lib/NANO54415.a(i2c_class.o)
                0x40020c64                real_i2c2_multichannel_int_routine
 *fill*         0x40020c7a        0x2 
 .text.real_i2c3_multichannel_int_routine
                0x40020c7c       0x16 C:\Nburn/lib/NANO54415.a(i2c_class.o)
                0x40020c7c                real_i2c3_multichannel_int_routine
 *fill*         0x40020c92        0x2 
 .text.real_i2c4_multichannel_int_routine
                0x40020c94       0x16 C:\Nburn/lib/NANO54415.a(i2c_class.o)
                0x40020c94                real_i2c4_multichannel_int_routine
 *fill*         0x40020caa        0x2 
 .text.real_i2c5_multichannel_int_routine
                0x40020cac       0x16 C:\Nburn/lib/NANO54415.a(i2c_class.o)
                0x40020cac                real_i2c5_multichannel_int_routine
 *fill*         0x40020cc2        0x2 
 .text.startup._GLOBAL__sub_I_I2C
                0x40020cc4       0x34 C:\Nburn/lib/NANO54415.a(i2c_class.o)
 .text.startup  0x40020cf8        0xc C:\Nburn/lib/NetBurner.a(main.o)
                0x40020cf8                main
 .text._Z22TopOfStackKillfunctionv
                0x40020d04        0xc C:\Nburn/lib/NetBurner.a(ucosmcfc.o)
                0x40020d04                _Z22TopOfStackKillfunctionv
                0x40020d08                KillFunctionLink
 .text._Z9OSTCBInithPvS_PlPKc
                0x40020d10       0xd6 C:\Nburn/lib/NetBurner.a(ucosmcfc.o)
                0x40020d10                _Z9OSTCBInithPvS_PlPKc
 *fill*         0x40020de6        0x2 
 .text._Z17OSTaskCreatewNamePFvPvES_S_S_hPKc.part.0
                0x40020de8      0x1d2 C:\Nburn/lib/NetBurner.a(ucosmcfc.o)
 *fill*         0x40020fba        0x2 
 .text._Z17OSTaskCreatewNamePFvPvES_S_S_hPKc
                0x40020fbc       0x44 C:\Nburn/lib/NetBurner.a(ucosmcfc.o)
                0x40020fbc                _Z17OSTaskCreatewNamePFvPvES_S_S_hPKc
 .text._ZL10OSTaskIdlePv
                0x40021000       0x2a C:\Nburn/lib/NetBurner.a(ucos.o)
 *fill*         0x4002102a        0x2 
 .text._Z6OSInitPvS_h
                0x4002102c      0x174 C:\Nburn/lib/NetBurner.a(ucos.o)
                0x4002102c                _Z6OSInitPvS_h
 .text._Z7OSStartv
                0x400211a0       0x7c C:\Nburn/lib/NetBurner.a(ucos.o)
                0x400211a0                _Z7OSStartv
 .text.OSSched  0x4002121c       0x92 C:\Nburn/lib/NetBurner.a(ucos.o)
                0x4002121c                OSSched
                0x400212a0                UCOSWAITS_HERE
 *fill*         0x400212ae        0x2 
 .text.OSIntExit
                0x400212b0       0x94 C:\Nburn/lib/NetBurner.a(ucos.o)
                0x400212b0                OSIntExit
 .text._Z9OSTimeDlyt
                0x40021344       0xb4 C:\Nburn/lib/NetBurner.a(ucos.o)
                0x40021344                _Z9OSTimeDlyt
 .text.OSTimeTick
                0x400213f8      0x104 C:\Nburn/lib/NetBurner.a(ucos.o)
                0x400213f8                OSTimeTick
 .text._Z12OSTCBGetFreev
                0x400214fc       0x2c C:\Nburn/lib/NetBurner.a(ucos.o)
                0x400214fc                _Z12OSTCBGetFreev
 .text._Z6OSLockv
                0x40021528       0x26 C:\Nburn/lib/NetBurner.a(ucos.o)
                0x40021528                _Z6OSLockv
 *fill*         0x4002154e        0x2 
 .text._Z8OSUnlockv
                0x40021550       0x3e C:\Nburn/lib/NetBurner.a(ucos.o)
                0x40021550                _Z8OSUnlockv
 *fill*         0x4002158e        0x2 
 .text._Z12OSChangePrioh
                0x40021590      0x100 C:\Nburn/lib/NetBurner.a(ucos.o)
                0x40021590                _Z12OSChangePrioh
 .text._Z12OSTaskDeletev
                0x40021690      0x112 C:\Nburn/lib/NetBurner.a(ucos.o)
                0x40021690                _Z12OSTaskDeletev
 *fill*         0x400217a2        0x2 
 .text._ZN15OS_TASK_DLY_OBJC2Ev
                0x400217a4       0x30 C:\Nburn/lib/NetBurner.a(ucos.o)
                0x400217a4                _ZN15OS_TASK_DLY_OBJC2Ev
                0x400217a4                _ZN15OS_TASK_DLY_OBJC1Ev
 .text._ZN6OS_SEM5ClaimEv
                0x400217d4       0x52 C:\Nburn/lib/NetBurner.a(ucos.o)
                0x400217d4                _ZN6OS_SEM5ClaimEv
 *fill*         0x40021826        0x2 
 .text._ZN6OS_SEM4InitEl
                0x40021828       0x88 C:\Nburn/lib/NetBurner.a(ucos.o)
                0x40021828                _ZN6OS_SEM4InitEl
 .text._ZN6OS_SEM4PendEm
                0x400218b0      0x1d6 C:\Nburn/lib/NetBurner.a(ucos.o)
                0x400218b0                _ZN6OS_SEM4PendEm
 *fill*         0x40021a86        0x2 
 .text._ZN6OS_SEM10PendNoWaitEv
                0x40021a88       0x3a C:\Nburn/lib/NetBurner.a(ucos.o)
                0x40021a88                _ZN6OS_SEM10PendNoWaitEv
 *fill*         0x40021ac2        0x2 
 .text._ZN6OS_SEM4PostEv
                0x40021ac4      0x178 C:\Nburn/lib/NetBurner.a(ucos.o)
                0x40021ac4                _ZN6OS_SEM4PostEv
 .text._ZN7OS_FIFO4InitEv
                0x40021c3c       0x48 C:\Nburn/lib/NetBurner.a(ucos.o)
                0x40021c3c                _ZN7OS_FIFO4InitEv
 .text._ZN7OS_FIFO4PendEPPV10os_fifo_elm
                0x40021c84      0x1d6 C:\Nburn/lib/NetBurner.a(ucos.o)
                0x40021c84                _ZN7OS_FIFO4PendEPPV10os_fifo_elm
 *fill*         0x40021e5a        0x2 
 .text._ZN7OS_FIFO4PostEP10os_fifo_el
                0x40021e5c      0x160 C:\Nburn/lib/NetBurner.a(ucos.o)
                0x40021e5c                _ZN7OS_FIFO4PostEP10os_fifo_el
 .text.getpid   0x40021fbc       0x18 C:\Nburn/lib/NetBurner.a(ucos.o)
                0x40021fbc                getpid
 .text._ZN7OS_CRIT4InitEv
                0x40021fd4       0x4c C:\Nburn/lib/NetBurner.a(ucos.o)
                0x40021fd4                _ZN7OS_CRIT4InitEv
 .text._ZN7OS_CRIT5EnterEm
                0x40022020      0x208 C:\Nburn/lib/NetBurner.a(ucos.o)
                0x40022020                _ZN7OS_CRIT5EnterEm
 .text._ZN7OS_CRIT11EnterNoWaitEv
                0x40022228       0x70 C:\Nburn/lib/NetBurner.a(ucos.o)
                0x40022228                _ZN7OS_CRIT11EnterNoWaitEv
 .text._ZN7OS_CRIT5LeaveEv
                0x40022298      0x19e C:\Nburn/lib/NetBurner.a(ucos.o)
                0x40022298                _ZN7OS_CRIT5LeaveEv
 *fill*         0x40022436        0x2 
 .text.cppmain  0x40022438       0x40 C:\Nburn/lib/NetBurner.a(cppmain.o)
                0x40022438                cppmain
 .text._Z24SetAddressWriteRangeTrapmm
                0x40022478       0xec C:\Nburn/lib/NetBurner.a(debugtrap.o)
                0x40022478                _Z24SetAddressWriteRangeTrapmm
 .text._Z23SetAddressReadRangeTrapmm
                0x40022564       0xec C:\Nburn/lib/NetBurner.a(debugtrap.o)
                0x40022564                _Z23SetAddressReadRangeTrapmm
 .text.UCosSetup
                0x40022650       0x80 C:\Nburn/lib/NetBurner.a(ucosmain.o)
                0x40022650                UCosSetup
 .text.__malloc_lock
                0x400226d0       0x1c C:\Nburn/lib/NetBurner.a(ucosmain.o)
                0x400226d0                __malloc_lock
 .text.__malloc_unlock
                0x400226ec       0x1c C:\Nburn/lib/NetBurner.a(ucosmain.o)
                0x400226ec                __malloc_unlock
 .text._Z9UCosBeginv
                0x40022708       0xba C:\Nburn/lib/NetBurner.a(ucosmain.o)
                0x40022708                _Z9UCosBeginv
 *fill*         0x400227c2        0x2 
 .text._Z22EnableOSStackProtectorv
                0x400227c4       0x14 C:\Nburn/lib/NetBurner.a(ucosmain.o)
                0x400227c4                _Z22EnableOSStackProtectorv
 .text.OSStackProtector
                0x400227d8       0x24 C:\Nburn/lib/NetBurner.a(ucosmain.o)
                0x400227d8                OSStackProtector
 .text.startup._GLOBAL__sub_I_OSIdleTaskStk
                0x400227fc       0x22 C:\Nburn/lib/NetBurner.a(ucosmain.o)
 *fill*         0x4002281e        0x2 
 .text.ioctl    0x40022820       0x76 C:\Nburn/lib/NetBurner.a(fileio.o)
                0x40022820                ioctl
 *fill*         0x40022896        0x2 
 .text.close    0x40022898       0x4c C:\Nburn/lib/NetBurner.a(fileio.o)
                0x40022898                close
 .text.write    0x400228e4      0x150 C:\Nburn/lib/NetBurner.a(fileio.o)
                0x400228e4                write
 .text._Z8rawwriteiPKci
                0x40022a34       0x82 C:\Nburn/lib/NetBurner.a(fileio.o)
                0x40022a34                _Z8rawwriteiPKci
 *fill*         0x40022ab6        0x2 
 .text.isatty   0x40022ab8       0x14 C:\Nburn/lib/NetBurner.a(fileio.o)
                0x40022ab8                isatty
 .text.lseek    0x40022acc       0x16 C:\Nburn/lib/NetBurner.a(fileio.o)
                0x40022acc                lseek
 *fill*         0x40022ae2        0x2 
 .text.fstat    0x40022ae4       0x1c C:\Nburn/lib/NetBurner.a(fileio.o)
                0x40022ae4                fstat
 .text._Z11stdioinbytei
                0x40022b00       0x76 C:\Nburn/lib/NetBurner.a(fileio.o)
                0x40022b00                _Z11stdioinbytei
 *fill*         0x40022b76        0x2 
 .text.read     0x40022b78      0x1aa C:\Nburn/lib/NetBurner.a(fileio.o)
                0x40022b78                read
 *fill*         0x40022d22        0x2 
 .text.ReplaceStdio
                0x40022d24       0xa0 C:\Nburn/lib/NetBurner.a(fileio.o)
                0x40022d24                ReplaceStdio
 .text.CurrentStdioFD
                0x40022dc4       0x22 C:\Nburn/lib/NetBurner.a(fileio.o)
                0x40022dc4                CurrentStdioFD
 *fill*         0x40022de6        0x2 
 .text._Z9isvalidcrP12ConfigRecord
                0x40022de8       0x46 C:\Nburn/lib/NetBurner.a(system.o)
                0x40022de8                _Z9isvalidcrP12ConfigRecord
 *fill*         0x40022e2e        0x2 
 .text._Z12RawGetConfigi
                0x40022e30       0x24 C:\Nburn/lib/NetBurner.a(system.o)
                0x40022e30                _Z12RawGetConfigi
 .text._Z22UpdateConfigRecord_NumP12ConfigRecordi
                0x40022e54      0x184 C:\Nburn/lib/NetBurner.a(system.o)
                0x40022e54                _Z22UpdateConfigRecord_NumP12ConfigRecordi
 .text._Z18UpdateConfigRecordP12ConfigRecord
                0x40022fd8       0x16 C:\Nburn/lib/NetBurner.a(system.o)
                0x40022fd8                _Z18UpdateConfigRecordP12ConfigRecord
 *fill*         0x40022fee        0x2 
 .text.kill     0x40022ff0        0x8 C:\Nburn/lib/NetBurner.a(utils.o)
                0x40022ff0                kill
 .text._exit    0x40022ff8        0x6 C:\Nburn/lib/NetBurner.a(utils.o)
                0x40022ff8                _exit
 *fill*         0x40022ffe        0x2 
 .text._Z7ShowMacP6MACADR
                0x40023000       0x42 C:\Nburn/lib/NetBurner.a(utils.o)
                0x40023000                _Z7ShowMacP6MACADR
 *fill*         0x40023042        0x2 
 .text._Z7ShowIP47IPADDR4
                0x40023044       0x36 C:\Nburn/lib/NetBurner.a(utils.o)
                0x40023044                _Z7ShowIP47IPADDR4
 *fill*         0x4002307a        0x2 
 .text._Z9snShowIP4Pcm7IPADDR4
                0x4002307c       0x3a C:\Nburn/lib/NetBurner.a(utils.o)
                0x4002307c                _Z9snShowIP4Pcm7IPADDR4
 *fill*         0x400230b6        0x2 
 .text._Z8ShowDataPKht
                0x400230b8      0x556 C:\Nburn/lib/NetBurner.a(utils.o)
                0x400230b8                _Z8ShowDataPKht
 *fill*         0x4002360e        0x2 
 .text._Z11IsBroadCast7IPADDR4i.part.1
                0x40023610       0x48 C:\Nburn/lib/NetBurner.a(ip.o)
 .text._Z12AddInterface7IPADDR4S_S_i
                0x40023658      0x156 C:\Nburn/lib/NetBurner.a(ip.o)
                0x40023658                _Z12AddInterface7IPADDR4S_S_i
 *fill*         0x400237ae        0x2 
 .text._Z22GetMultiHomeInterface47IPADDR4i
                0x400237b0       0x6e C:\Nburn/lib/NetBurner.a(ip.o)
                0x400237b0                _Z22GetMultiHomeInterface47IPADDR4i
 *fill*         0x4002381e        0x2 
 .text._Z10DoIPPacketP11pool_bufferP6EFRAMEt
                0x40023820      0x1ae C:\Nburn/lib/NetBurner.a(ip.o)
                0x40023820                _Z10DoIPPacketP11pool_bufferP6EFRAMEt
 *fill*         0x400239ce        0x2 
 .text._Z20GetLocalIPInterface47IPADDR4
                0x400239d0       0x5e C:\Nburn/lib/NetBurner.a(ip.o)
                0x400239d0                _Z20GetLocalIPInterface47IPADDR4
 *fill*         0x40023a2e        0x2 
 .text._Z8IsLocal47IPADDR4i
                0x40023a30       0x44 C:\Nburn/lib/NetBurner.a(ip.o)
                0x40023a30                _Z8IsLocal47IPADDR4i
 .text._Z11IsBroadCast7IPADDR4i
                0x40023a74       0x1c C:\Nburn/lib/NetBurner.a(ip.o)
                0x40023a74                _Z11IsBroadCast7IPADDR4i
 .text._Z7IsMyIp47IPADDR4
                0x40023a90       0x20 C:\Nburn/lib/NetBurner.a(ip.o)
                0x40023a90                _Z7IsMyIp47IPADDR4
 .text._Z16FixHeaderAndSendP11pool_bufferP5IPPKT
                0x40023ab0      0x210 C:\Nburn/lib/NetBurner.a(ip.o)
                0x40023ab0                _Z16FixHeaderAndSendP11pool_bufferP5IPPKT
 .text._Z28FixHeaderAndSendViaInterfaceP11pool_bufferP5IPPKTi
                0x40023cc0      0x192 C:\Nburn/lib/NetBurner.a(ip.o)
                0x40023cc0                _Z28FixHeaderAndSendViaInterfaceP11pool_bufferP5IPPKTi
 *fill*         0x40023e52        0x2 
 .text._Z9SaveErrorP11pool_buffer
                0x40023e54       0x42 C:\Nburn/lib/NetBurner.a(ip.o)
                0x40023e54                _Z9SaveErrorP11pool_buffer
 *fill*         0x40023e96        0x2 
 .text._Z13process_icmp4P11pool_bufferP5IPPKTt
                0x40023e98      0x150 C:\Nburn/lib/NetBurner.a(ip.o)
                0x40023e98                _Z13process_icmp4P11pool_bufferP5IPPKTt
 .text._Z6IPTaskPv
                0x40023fe8      0x23a C:\Nburn/lib/NetBurner.a(ip.o)
                0x40023fe8                _Z6IPTaskPv
 *fill*         0x40024222        0x2 
 .text._Z15InitializeStack7IPADDR4S_S_S_
                0x40024224      0x144 C:\Nburn/lib/NetBurner.a(ip.o)
                0x40024224                _Z15InitializeStack7IPADDR4S_S_S_
 .text._Z9FixUpICMPP5IPPKThhPht
                0x40024368       0x68 C:\Nburn/lib/NetBurner.a(ip.o)
                0x40024368                _Z9FixUpICMPP5IPPKThhPht
 .text._Z13SendICMPErrorP11pool_bufferhh
                0x400243d0       0xa8 C:\Nburn/lib/NetBurner.a(ip.o)
                0x400243d0                _Z13SendICMPErrorP11pool_bufferhh
 .text._Z16GetEphemeralPortv
                0x40024478       0x40 C:\Nburn/lib/NetBurner.a(ip.o)
                0x40024478                _Z16GetEphemeralPortv
 .text.startup._GLOBAL__sub_I_wGlobalPktId
                0x400244b8       0x5c C:\Nburn/lib/NetBurner.a(ip.o)
 .text._Z13IncUsageCountP11pool_buffer
                0x40024514       0x3e C:\Nburn/lib/NetBurner.a(buffers.o)
                0x40024514                _Z13IncUsageCountP11pool_buffer
 *fill*         0x40024552        0x2 
 .text._Z12GetFreeCountv
                0x40024554       0x16 C:\Nburn/lib/NetBurner.a(buffers.o)
                0x40024554                _Z12GetFreeCountv
 *fill*         0x4002456a        0x2 
 .text._ZN11buffer_list10InsertHeadEP11pool_buffer
                0x4002456c       0x6c C:\Nburn/lib/NetBurner.a(buffers.o)
                0x4002456c                _ZN11buffer_list10InsertHeadEP11pool_buffer
 .text._Z10FreeBufferP11pool_buffer
                0x400245d8       0x8c C:\Nburn/lib/NetBurner.a(buffers.o)
                0x400245d8                _Z10FreeBufferP11pool_buffer
 .text._Z11InitBuffersv
                0x40024664       0xca C:\Nburn/lib/NetBurner.a(buffers.o)
                0x40024664                _Z11InitBuffersv
 *fill*         0x4002472e        0x2 
 .text._ZN11buffer_list10InsertTailEP11pool_buffer
                0x40024730       0x5e C:\Nburn/lib/NetBurner.a(buffers.o)
                0x40024730                _ZN11buffer_list10InsertTailEP11pool_buffer
 *fill*         0x4002478e        0x2 
 .text._ZN11buffer_list10RemoveHeadEv
                0x40024790       0x62 C:\Nburn/lib/NetBurner.a(buffers.o)
                0x40024790                _ZN11buffer_list10RemoveHeadEv
 *fill*         0x400247f2        0x2 
 .text._Z9GetBufferv
                0x400247f4       0x44 C:\Nburn/lib/NetBurner.a(buffers.o)
                0x400247f4                _Z9GetBufferv
 .text._ZN19fifo_buffer_storage14LongSpaceAvailEv
                0x40024838       0xc4 C:\Nburn/lib/NetBurner.a(buffers.o)
                0x40024838                _ZN19fifo_buffer_storage14LongSpaceAvailEv
 .text._ZN19fifo_buffer_storage10SpaceAvailEv
                0x400248fc       0x1e C:\Nburn/lib/NetBurner.a(buffers.o)
                0x400248fc                _ZN19fifo_buffer_storage10SpaceAvailEv