Archive member included to satisfy reference by file (symbol)

C:\Nburn/lib/NANO54415.a(hardware_init.o)
                              c:/nburn/gcc-m68k/bin/../lib/gcc/m68k-unknown-elf/5.2.0/m54455\nb-crt0.o (hardware_init_hook)
C:\Nburn/lib/NANO54415.a(serial.o)
                              Drivers\dsm2.o (UartData)
C:\Nburn/lib/NANO54415.a(pins.o)
                              Drivers\IMUSetupAndSample.o (_ZN5PinIO3setEh)
C:\Nburn/lib/NANO54415.a(SimpleAD.o)
                              main.o (_Z15InitSingleEndADv)
C:\Nburn/lib/NANO54415.a(FlashOps.o)
                              C:\Nburn/lib/NANO54415.a(hardware_init.o) (CopySPIFlashImageOnBoot)
C:\Nburn/lib/NANO54415.a(HiResTimer.o)
                              Drivers\MPU9250.o (_ZN10HiResTimer4initEd)
C:\Nburn/lib/NANO54415.a(pin_irq.o)
                              Drivers\Odometer.o (_Z9SetPinIrqiiPFvvE)
C:\Nburn/lib/NANO54415.a(bsp.o)
                              Drivers\servodrive.o (_Z7SetIntcilii)
C:\Nburn/lib/NANO54415.a(localio.o)
                              C:\Nburn/lib/NANO54415.a(serial.o) (_Z13GetUartRecordi)
C:\Nburn/lib/NANO54415.a(userparam.o)
                              main.o (_Z18SaveUserParametersPvi)
C:\Nburn/lib/NANO54415.a(multichanneli2c.o)
                              main.o (MultiChannel_I2CInit)
C:\Nburn/lib/NANO54415.a(bspa.o)
                              C:\Nburn/lib/NANO54415.a(bsp.o) (CatchNullWrites)
C:\Nburn/lib/NANO54415.a(defpins.o)
                              C:\Nburn/lib/NANO54415.a(bsp.o) (_Z14SetDefPinUsagev)
C:\Nburn/lib/NANO54415.a(SPIFlash.o)
                              C:\Nburn/lib/NANO54415.a(FlashOps.o) (_ZN8SPIFlashC1Ei)
C:\Nburn/lib/NANO54415.a(i2c_class.o)
                              C:\Nburn/lib/NANO54415.a(multichanneli2c.o) (_ZN10i2c_master4initEhh)
C:\Nburn/lib/NetBurner.a(ucosmcfa.o)
                              C:\Nburn/lib/NANO54415.a(bsp.o) (OSCtxSw)
C:\Nburn/lib/NetBurner.a(software_init.o)
                              c:/nburn/gcc-m68k/bin/../lib/gcc/m68k-unknown-elf/5.2.0/m54455\nb-crt0.o (software_init_hook)
C:\Nburn/lib/NetBurner.a(main.o)
                              c:/nburn/gcc-m68k/bin/../lib/gcc/m68k-unknown-elf/5.2.0/m54455\nb-crt0.o (main)
C:\Nburn/lib/NetBurner.a(ucosmcfc.o)
                              main.o (_Z17OSTaskCreatewNamePFvPvES_S_S_hPKc)
C:\Nburn/lib/NetBurner.a(ucos.o)
                              C:\Nburn/lib/NetBurner.a(ucosmcfc.o) (OSRdyTbl)
C:\Nburn/lib/NetBurner.a(cppmain.o)
                              C:\Nburn/lib/NetBurner.a(main.o) (cppmain)
C:\Nburn/lib/NetBurner.a(debugtrap.o)
                              C:\Nburn/lib/NANO54415.a(bsp.o) (_Z23SetAddressReadRangeTrapmm)
C:\Nburn/lib/NetBurner.a(ucosmain.o)
                              C:\Nburn/lib/NetBurner.a(software_init.o) (UCosSetup)
C:\Nburn/lib/NetBurner.a(fileio.o)
                              C:\Nburn/lib/NetBurner.a(ucosmain.o) (ioctl)
C:\Nburn/lib/NetBurner.a(system.o)
                              C:\Nburn/lib/NANO54415.a(serial.o) (rnd_collect)
C:\Nburn/lib/NetBurner.a(utils.o)
                              C:\Nburn/lib/NetBurner.a(system.o) (_Z7ShowIP47IPADDR4)
C:\Nburn/lib/NetBurner.a(ip.o)
                              main.o (_Z15InitializeStack7IPADDR4S_S_S_)
C:\Nburn/lib/NetBurner.a(buffers.o)
                              C:\Nburn/lib/NetBurner.a(utils.o) (_Z12GetFreeCountv)
C:\Nburn/lib/NetBurner.a(arp.o)
                              C:\Nburn/lib/NetBurner.a(ip.o) (_Z25GetInterfaceForMyAddress47IPADDR4)
C:\Nburn/lib/NetBurner.a(udp.o)
                              C:\Nburn/lib/NetBurner.a(ip.o) (_Z12process_udp4P11pool_bufferP5IPPKTt)
C:\Nburn/lib/NetBurner.a(ftpd.o)
                              Drivers\introspec.o (_Z9FTPDStartth)
C:\Nburn/lib/NetBurner.a(tcp.o)
                              C:\Nburn/lib/NetBurner.a(ip.o) (_Z7InitTCPv)
C:\Nburn/lib/NetBurner.a(extraio.o)
                              Drivers\introspec.o (_Z10GetExtraFDPvP14IoExpandStruct)
C:\Nburn/lib/NetBurner.a(http.o)
                              main.o (_Z9StartHTTPt)
C:\Nburn/lib/NetBurner.a(httpinternal.o)
                              C:\Nburn/lib/NetBurner.a(http.o) (_ZN12HTTP_Request11ProcessLineEPc)
C:\Nburn/lib/NetBurner.a(httpstricmp.o)
                              C:\Nburn/lib/NetBurner.a(httpinternal.o) (_Z11httpstricmpPKcS0_)
C:\Nburn/lib/NetBurner.a(htmldecomp.o)
                              C:\Nburn/lib/NetBurner.a(httpinternal.o) (_Z16SendFullResponsePKci)
C:\Nburn/lib/NetBurner.a(iosys.o)
                              C:\Nburn/lib/NANO54415.a(serial.o) (_Z12SetDataAvaili)
C:\Nburn/lib/NetBurner.a(new_ops.o)
                              Drivers\introspec.o (_Znwm)
C:\Nburn/lib/NetBurner.a(autoip.o)
                              C:\Nburn/lib/NetBurner.a(arp.o) (_ZN12AutoIPClient16addressCollisionEv)
C:\Nburn/lib/NetBurner.a(dhcpc.o)
                              main.o (_Z25GetDHCPAddressIfNecessaryib)
C:\Nburn/lib/NetBurner.a(netinterface.o)
[...]
Memory Configuration

Name             Origin             Length             Attributes
ram              0x40000400         0x03fffcff         xrw
SRAM             0x80000400         0x0000fbf0         xrw
Cold_SRAM        0x8000fffe         0x00000002         xrw
*default*        0x00000000         0xffffffff

Linker script and memory map

LOAD c:/nburn/gcc-m68k/bin/../lib/gcc/m68k-unknown-elf/5.2.0/m54455\nb-crt0.o
LOAD c:/nburn/gcc-m68k/bin/../lib/gcc/m68k-unknown-elf/5.2.0/m54455/crtbegin.o
LOAD tests.o
LOAD main.o
LOAD Utility.o
LOAD Nav.o
LOAD Map.o
LOAD Logger.o
LOAD Drivers\servodrive.o
LOAD Drivers\pwm.o
LOAD Drivers\introspec.o
LOAD Drivers\dsm2.o
LOAD Drivers\SpinningLidar.o
LOAD Drivers\Odometer.o
LOAD Drivers\MadgwickFilter.o
LOAD Drivers\MPU9250.o
LOAD Drivers\LidarPWM.o
LOAD Drivers\LCD.o
LOAD Drivers\IMUSetupAndSample.o
LOAD htmldata.o
LOAD C:\Nburn/NANO54415/lib/sys.ld
                0x40000000                ovector_base = 0x40000000
                0x80000000                vector_base = 0x80000000
                0x80000400                SRAM_START_ADDR = 0x80000400
                0x8000fffe                SRAM_END_ADDR = 0x8000fffe
                0x8c000000                sim_rgpio = 0x8c000000
                0xec008000                sim1 = 0xec008000
                0xfc004000                sim2 = 0xfc004000
                0x00004000                FlashAppBase = 0x4000
                0xfc0d4008                DBETHER_EMIR_REG = 0xfc0d4008
                0x8000d000                comm_loc = 0x8000d000
START GROUP
LOAD C:\Nburn/lib/NANO54415.a
LOAD C:\Nburn/lib/NetBurner.a
LOAD C:\Nburn/lib/FatFile.a
LOAD c:/nburn/gcc-m68k/bin/../m68k-unknown-elf/sysroot/lib/m54455\libstdc++.a
LOAD C:\Nburn\lib\cryptolib.a
LOAD C:\Nburn\lib\debugLibrary.a
LOAD C:\Nburn\lib\Lua_Full.a
LOAD C:\Nburn\lib\nb-libxively.a
LOAD C:\Nburn\lib\nbwifilib.a
LOAD C:\Nburn\lib\sshLibrary.a
LOAD C:\Nburn\lib\webclient.a
END GROUP
LOAD c:/nburn/gcc-m68k/bin/../m68k-unknown-elf/sysroot/lib/m54455\libstdc++.a
LOAD c:/nburn/gcc-m68k/bin/../m68k-unknown-elf/sysroot/lib/m54455\libm.a
LOAD c:/nburn/gcc-m68k/bin/../lib/gcc/m68k-unknown-elf/5.2.0/m54455\libgcc.a
LOAD c:/nburn/gcc-m68k/bin/../m68k-unknown-elf/sysroot/lib/m54455\libc.a
LOAD c:/nburn/gcc-m68k/bin/../lib/gcc/m68k-unknown-elf/5.2.0/m54455\libgcc.a
LOAD c:/nburn/gcc-m68k/bin/../lib/gcc/m68k-unknown-elf/5.2.0/m54455/crtend.o
START GROUP
LOAD c:/nburn/gcc-m68k/bin/../m68k-unknown-elf/sysroot/lib/m54455\libc.a
LOAD c:/nburn/gcc-m68k/bin/../lib/gcc/m68k-unknown-elf/5.2.0/m54455\libgcc.a
LOAD c:/nburn/gcc-m68k/bin/../m68k-unknown-elf/sysroot/lib/m54455\libm.a
END GROUP
                0x00000000                __DYNAMIC = 0x0
                0x44000000                PROVIDE (__stack, 0x44000000)
                [!provide]                PROVIDE (hardware_init_hook, 0x0)
                [!provide]                PROVIDE (_hardware_init_hook, 0x0)
                [!provide]                PROVIDE (software_init_hook, 0x0)
                [!provide]                PROVIDE (_software_init_hook, 0x0)

.gcc_except_table._ZN10__cxxabiv111__terminateEPFvvE
                0x40000400       0x1d
 .gcc_except_table._ZN10__cxxabiv111__terminateEPFvvE
                0x40000400       0x1d c:/nburn/gcc-m68k/bin/../m68k-unknown-elf/sysroot/lib/m54455\libstdc++.a(eh_terminate.o)

.gcc_except_table.__gxx_personality_v0
                0x40000420       0x1c
 .gcc_except_table.__gxx_personality_v0
                0x40000420       0x1c c:/nburn/gcc-m68k/bin/../m68k-unknown-elf/sysroot/lib/m54455\libstdc++.a(eh_personality.o)

.gcc_except_table.__cxa_call_unexpected
                0x4000043c       0x1c
 .gcc_except_table.__cxa_call_unexpected
                0x4000043c       0x1c c:/nburn/gcc-m68k/bin/../m68k-unknown-elf/sysroot/lib/m54455\libstdc++.a(eh_personality.o)

.gcc_except_table._ZN9__gnu_cxx27__verbose_terminate_handlerEv
                0x40000458       0x2c
 .gcc_except_table._ZN9__gnu_cxx27__verbose_terminate_handlerEv
                0x40000458       0x2c c:/nburn/gcc-m68k/bin/../m68k-unknown-elf/sysroot/lib/m54455\libstdc++.a(vterminate.o)

.SRAM_SECT      0x80000400     0xac60
                0x80000400                SRAM_START = .
 *(SYS_VAR_SECT)
 SYS_VAR_SECT   0x80000400        0x4 C:\Nburn/lib/NANO54415.a(bsp.o)
                0x80000400                cacrMirror
 SYS_VAR_SECT   0x80000404      0x238 C:\Nburn/lib/NetBurner.a(ucos.o)
                0x80000404                OSRunning
                0x80000406                OSISRLevel
                0x80000408                OSRdyGrp
                0x8000040c                OSLockNesting
                0x80000410                OSIntNesting
                0x80000414                OSTCBFreeList
                0x80000418                OSTCBList
                0x8000041c                OSTCBHighRdy
                0x80000420                OSTCBCur
                0x80000424                OSRdyTbl
                0x8000042c                OSTCBPrioTbl
                0x8000052c                OSUnMapTbl
                0x8000062c                OSMapTbl
                0x80000634                Secs
                0x80000638                TimeTick
 SYS_VAR_SECT   0x8000063c      0x272 C:\Nburn/lib/NetBurner.a(ucosmain.o)
                0x8000064e                critical_count
                0x80000652                OSTcbStructSize
                0x80000656                OSTCBTbl
 SYS_VAR_SECT   0x800008ae       0x1c C:\Nburn/lib/NetBurner.a(fileio.o)
                0x800008ae                fd_map
                0x800008c6                pExtraFdFunc
 SYS_VAR_SECT   0x800008ca       0x20 C:\Nburn/lib/NetBurner.a(iosys.o)
                0x800008d2                error_file_sets
                0x800008da                write_file_sets
                0x800008e2                read_file_sets
                0x800008ea                SYS_VAR_SECT_END = .
                0x800008f0                . = ALIGN (0x10)
 *fill*         0x800008ea        0x6 
 *(IDLE_STK_SECT)
                0x800008f0                IDLE_STK_SECT_END = .
                0x800008f0                . = ALIGN (0x10)
 *(MAIN_STK_SECT)
 MAIN_STK_SECT  0x800008f0     0x3000 C:\Nburn/lib/NetBurner.a(cppmain.o)
                0x800008f0                MainStk
                0x800038f0                MAIN_STK_SECT_END = .
                0x800038f0                . = ALIGN (0x4)
 *(ETHER_VAR_SECT)
 ETHER_VAR_SECT
                0x800038f0      0x280 C:\Nburn/lib/NANO54415.a(ethernet.o)
                0x800038f0                FecFifo
                0x80003910                enet1
                0x80003a40                enet0
                0x80003b70                ETHER_VAR_SECT_END = .
                0x80003b70                . = ALIGN (0x10)
 *(ETHER_STK_SECT)
 ETHER_STK_SECT
                0x80003b70     0x2000 C:\Nburn/lib/NANO54415.a(ethernet.o)
                0x80003b70                EtherSendStk
                0x80005b70                ETHER_STK_SECT_END = .
                0x80005b70                . = ALIGN (0x4)
 *(IP_VAR_SECT)
 IP_VAR_SECT    0x80005b70      0x32a C:\Nburn/lib/NetBurner.a(ip.o)
                0x80005b70                delay
                0x80005b74                next_arp_time
                0x80005b78                multi_if_block
                0x80005e34                multi_home_if_record
                0x80005e5c                nAdditional_Homes
                0x80005e60                pFragFunc
                0x80005e64                pMultiCastFunc
                0x80005e68                pPromisciousPacketFunc
                0x80005e6c                pIpv6Tick
                0x80005e70                pAutoIPTick
                0x80005e74                pMultiTick
                0x80005e78                pDHCPServerTick
                0x80005e7c                pDHCPTick
                0x80005e80                IcmpFifo
                0x80005e84                ipRxFifo
                0x80005e96                bTTL_Default
                0x80005e98                wGlobalPktId
 IP_VAR_SECT    0x80005e9a       0xa4 C:\Nburn/lib/NetBurner.a(udp.o)
                0x80005e9a                UdpNetbiosNameServicePtr
                0x80005e9e                pTaskPacketFunc
                0x80005ea2                pDHCPv6ClientProcessFunction
                0x80005ea6                pDHCPServerProcessFunction
                0x80005eaa                pDHCPProcessFunction
                0x80005eae                UDP_fifos_used
                0x80005eb2                udp_fifos
                0x80005f3e                IP_VAR_SECT_END = .
                0x80005f40                . = ALIGN (0x10)
 *fill*         0x80005f3e        0x2 
 *(IP_STK_SECT)
 IP_STK_SECT    0x80005f40     0x2000 C:\Nburn/lib/NetBurner.a(ip.o)
                0x80005f40                IPStk
                0x80007f40                IP_STK_SECT_END = .
                0x80007f40                . = ALIGN (0x4)
 *(TCP_VAR_SECT)
 TCP_VAR_SECT   0x80007f40       0x20 C:\Nburn/lib/NetBurner.a(tcp.o)
                0x80007f40                TCP_TimerSemaphore
                0x80007f52                TCP_critical_section
                0x80007f60                TCP_VAR_SECT_END = .
                0x80007f60                . = ALIGN (0x10)
 *(TCP_STK_SECT)
 TCP_STK_SECT   0x80007f60     0x3000 C:\Nburn/lib/NetBurner.a(tcp.o)
                0x80007f60                TCPStk
                0x8000af60                TCP_STK_SECT_END = .
                0x8000af60                . = ALIGN (0x10)
 *(HTTP_STK_SECT)
                0x8000af60                HTTP_STK_SECT_END = .
                0x8000af60                . = ALIGN (0x10)
 *(FTP_STK_SECT)
                0x8000af60                FTP_STK_SECT_END = .
                0x8000af60                . = ALIGN (0x10)
 *(WIFI_STK_SECT)
                0x8000af60                WIFI_STK_SECT_END = .
                0x8000af60                . = ALIGN (0x10)
 *(PPP_STK_SECT)
                0x8000af60                PPP_STK_SECT_END = .
                0x8000af60                . = ALIGN (0x10)
 *(COMMAND_STK_SECT)
                0x8000af60                COMMAND_STK_SECT_END = .
                0x8000af60                . = ALIGN (0x4)
 *(USER_VAR_SECT)
 USER_VAR_SECT  0x8000af60       0x16 Drivers\introspec.o
                0x8000af60                LogCrit
                0x8000af6e                LogPut
                0x8000af72                LogGet
 USER_VAR_SECT  0x8000af76       0xbc C:\Nburn/lib/NANO54415.a(HiResTimer.o)
                0x8000af76                _ZN10HiResTimer12timerCreatedE
                0x8000af7a                _ZN10HiResTimer6timersE
                0x8000b032                USER_VAR_SECT_END = .
                0x8000b040                . = ALIGN (0x10)
 *fill*         0x8000b032        0xe 
 *(USER_STK_SECT)
                0x8000b040                USER_STK_SECT_END = .
                0x8000b040                . = ALIGN (0x4)
 *(TLS_VAR_SECT)
                0x8000b040                TLS_VAR_SECT_END = .
                0x8000b040                BUFFERS_SECT_START = .
                0x8000b040                . = ALIGN (0x10)
 *(BUFFERS_VAR_SECT)
 BUFFERS_VAR_SECT
                0x8000b040       0x1c C:\Nburn/lib/NetBurner.a(buffers.o)
                0x8000b040                free_list_is_initialized
                0x8000b044                free_fast_list
                0x8000b04e                free_list
                0x8000b058                FAST_BUFFER_POOL_SIZE
                0x8000b060                . = ALIGN (0x10)
 *fill*         0x8000b05c        0x4 
                0x8000b060                BUFFERS_VAR_SECT_END = .
                0x8000b060                . = ALIGN (0x10)
                0x8000b060                SRAM_END = .

.COLD_SRAM_SECT
                0x8000fffe        0x2
 *(COLD_SRAM_VAR)
 COLD_SRAM_VAR  0x8000fffe        0x2 C:\Nburn/lib/NetBurner.a(ip.o)

.text           0x40000490    0x50be0
 nb-crt0.o()
 .text          0x40000490       0xaa c:/nburn/gcc-m68k/bin/../lib/gcc/m68k-unknown-elf/5.2.0/m54455\nb-crt0.o
                0x40000490                start
 *fill*         0x4000053a        0x2 
 .data          0x4000053c        0x4 c:/nburn/gcc-m68k/bin/../lib/gcc/m68k-unknown-elf/5.2.0/m54455\nb-crt0.o
 .bss           0x40000540        0x0 c:/nburn/gcc-m68k/bin/../lib/gcc/m68k-unknown-elf/5.2.0/m54455\nb-crt0.o
                0x40000540                gConfigRec = .
                0x40002540                . = (. + 0x2000)
 *fill*         0x40000540     0x2000 
                0x40002540                UserParamBase = .
                0x40004540                . = (. + 0x2000)
 *fill*         0x40002540     0x2000 
 *(.text)
 .text          0x40004540      0x12c c:/nburn/gcc-m68k/bin/../lib/gcc/m68k-unknown-elf/5.2.0/m54455/crtbegin.o
 .text          0x4000466c        0x8 C:\Nburn/lib/NANO54415.a(hardware_init.o)
                0x4000466c                hardware_init_hook
 *fill*         0x40004674        0xc 
 .text          0x40004680      0x19c C:\Nburn/lib/NANO54415.a(bspa.o)
                0x40004680                CatchNullWrites
                0x40004690                _cache_inval
                0x400046b0                _cache_push
                0x400046d0                _cache_flush
                0x40004710                PushCacheLines
                0x40004760                InvalidateCacheLines
                0x400047b0                FlushCacheLines
 *fill*         0x4000481c        0x4 
 .text          0x40004820      0x41a C:\Nburn/lib/NetBurner.a(ucosmcfa.o)
                0x40004820                OSStartHighRdy
                0x40004840                OSCtxSw
                0x40004870                OSIntCtxSw
                0x400048a0                OSTickISR
                0x400048e0                OSSetupVBR
                0x40004900                OSDebugTraceHalt
                0x40004910                memcpy
                0x40004910                fmemcpy
                0x400049e0                memcpysum
                0x40004b70                memset
                0x40004b70                fmemset
                0x40004c10                GetSR_IntLevel
                0x40004c20                SetSR_IntLevel
 *fill*         0x40004c3a        0x2 
 .text          0x40004c3c        0x8 C:\Nburn/lib/NetBurner.a(software_init.o)
                0x40004c3c                software_init_hook
 .text          0x40004c44       0x2e C:\Nburn/lib/NetBurner.a(ucosmain.o)
                0x40004c44                OSStackProtectCtxSw
 *fill*         0x40004c72        0x2 
 .text          0x40004c74      0x1c0 C:\Nburn/lib/NetBurner.a(ip.o)
                0x40004c74                GetSum
                0x40004d30                GetSum20
                0x40004d68                GetSumHdr
 .text          0x40004e34     0x440e c:/nburn/gcc-m68k/bin/../m68k-unknown-elf/sysroot/lib/m54455\libstdc++.a(cp-demangle.o)
                0x4000912c                __cxa_demangle
                0x4000920c                __gcclibcxx_demangle_callback
 *fill*         0x40009242        0x2 
 .text          0x40009244       0xea c:/nburn/gcc-m68k/bin/../m68k-unknown-elf/sysroot/lib/m54455\libm.a(lib_a-s_cos.o)
                0x40009244                cos
 *fill*         0x4000932e        0x2 
 .text          0x40009330       0x6c c:/nburn/gcc-m68k/bin/../m68k-unknown-elf/sysroot/lib/m54455\libm.a(lib_a-s_fpclassify.o)
                0x40009330                __fpclassifyd
 .text          0x4000939c       0xda c:/nburn/gcc-m68k/bin/../m68k-unknown-elf/sysroot/lib/m54455\libm.a(lib_a-s_modf.o)
                0x4000939c                modf
 *fill*         0x40009476        0x2 
 .text          0x40009478       0xc6 c:/nburn/gcc-m68k/bin/../m68k-unknown-elf/sysroot/lib/m54455\libm.a(lib_a-s_round.o)
                0x40009478                round
 *fill*         0x4000953e        0x2 
 .text          0x40009540       0xea c:/nburn/gcc-m68k/bin/../m68k-unknown-elf/sysroot/lib/m54455\libm.a(lib_a-s_sin.o)
                0x40009540                sin
 *fill*         0x4000962a        0x2 
 .text          0x4000962c        0xc c:/nburn/gcc-m68k/bin/../m68k-unknown-elf/sysroot/lib/m54455\libm.a(lib_a-w_atan2.o)
                0x4000962c                atan2
 .text          0x40009638      0x436 c:/nburn/gcc-m68k/bin/../m68k-unknown-elf/sysroot/lib/m54455\libm.a(lib_a-w_pow.o)
                0x40009638                pow
 *fill*         0x40009a6e        0x2 
 .text          0x40009a70       0xf8 c:/nburn/gcc-m68k/bin/../m68k-unknown-elf/sysroot/lib/m54455\libm.a(lib_a-w_sqrt.o)
                0x40009a70                sqrt
 .text          0x40009b68       0xec c:/nburn/gcc-m68k/bin/../m68k-unknown-elf/sysroot/lib/m54455\libm.a(lib_a-wf_asin.o)
                0x40009b68                asinf
 .text          0x40009c54        0xc c:/nburn/gcc-m68k/bin/../m68k-unknown-elf/sysroot/lib/m54455\libm.a(lib_a-wf_atan2.o)
                0x40009c54                atan2f
 .text          0x40009c60       0xfe c:/nburn/gcc-m68k/bin/../m68k-unknown-elf/sysroot/lib/m54455\libm.a(lib_a-wf_sqrt.o)
                0x40009c60                sqrtf
 *fill*         0x40009d5e        0x2 
 .text          0x40009d60      0x24c c:/nburn/gcc-m68k/bin/../m68k-unknown-elf/sysroot/lib/m54455\libm.a(lib_a-e_atan2.o)
                0x40009d60                __ieee754_atan2
 .text          0x40009fac      0xdfe c:/nburn/gcc-m68k/bin/../m68k-unknown-elf/sysroot/lib/m54455\libm.a(lib_a-e_pow.o)
                0x40009fac                __ieee754_pow
 *fill*         0x4000adaa        0x2 
 .text          0x4000adac      0x5f2 c:/nburn/gcc-m68k/bin/../m68k-unknown-elf/sysroot/lib/m54455\libm.a(lib_a-e_rem_pio2.o)
                0x4000adac                __ieee754_rem_pio2
 *fill*         0x4000b39e        0x2 
 .text          0x4000b3a0      0x1d0 c:/nburn/gcc-m68k/bin/../m68k-unknown-elf/sysroot/lib/m54455\libm.a(lib_a-e_sqrt.o)
                0x4000b3a0                __ieee754_sqrt
 .text          0x4000b570      0x39a c:/nburn/gcc-m68k/bin/../m68k-unknown-elf/sysroot/lib/m54455\libm.a(lib_a-ef_asin.o)
                0x4000b570                __ieee754_asinf
 *fill*         0x4000b90a        0x2 
 .text          0x4000b90c      0x1c6 c:/nburn/gcc-m68k/bin/../m68k-unknown-elf/sysroot/lib/m54455\libm.a(lib_a-ef_atan2.o)
                0x4000b90c                __ieee754_atan2f
 *fill*         0x4000bad2        0x2 
 .text          0x4000bad4       0xe4 c:/nburn/gcc-m68k/bin/../m68k-unknown-elf/sysroot/lib/m54455\libm.a(lib_a-ef_sqrt.o)
                0x4000bad4                __ieee754_sqrtf
 .text          0x4000bbb8      0x260 c:/nburn/gcc-m68k/bin/../m68k-unknown-elf/sysroot/lib/m54455\libm.a(lib_a-k_cos.o)
                0x4000bbb8                __kernel_cos
 .text          0x4000be18      0x8dc c:/nburn/gcc-m68k/bin/../m68k-unknown-elf/sysroot/lib/m54455\libm.a(lib_a-k_rem_pio2.o)
                0x4000be18                __kernel_rem_pio2
 .text          0x4000c6f4      0x1fa c:/nburn/gcc-m68k/bin/../m68k-unknown-elf/sysroot/lib/m54455\libm.a(lib_a-k_sin.o)
                0x4000c6f4                __kernel_sin
 *fill*         0x4000c8ee        0x2 
 .text          0x4000c8f0      0x440 c:/nburn/gcc-m68k/bin/../m68k-unknown-elf/sysroot/lib/m54455\libm.a(lib_a-s_atan.o)
                0x4000c8f0                atan
 .text          0x4000cd30       0x1c c:/nburn/gcc-m68k/bin/../m68k-unknown-elf/sysroot/lib/m54455\libm.a(lib_a-s_fabs.o)
                0x4000cd30                fabs
 .text          0x4000cd4c       0x1c c:/nburn/gcc-m68k/bin/../m68k-unknown-elf/sysroot/lib/m54455\libm.a(lib_a-s_finite.o)
                0x4000cd4c                finite
 .text          0x4000cd68      0x17c c:/nburn/gcc-m68k/bin/../m68k-unknown-elf/sysroot/lib/m54455\libm.a(lib_a-s_floor.o)
                0x4000cd68                floor
 .text          0x4000cee4        0xa c:/nburn/gcc-m68k/bin/../m68k-unknown-elf/sysroot/lib/m54455\libm.a(lib_a-s_matherr.o)
                0x4000cee4                matherr
 *fill*         0x4000ceee        0x2 
 .text          0x4000cef0       0x10 c:/nburn/gcc-m68k/bin/../m68k-unknown-elf/sysroot/lib/m54455\libm.a(lib_a-s_nan.o)
                0x4000cef0                nan
 .text          0x4000cf00      0x19e c:/nburn/gcc-m68k/bin/../m68k-unknown-elf/sysroot/lib/m54455\libm.a(lib_a-s_rint.o)
                0x4000cf00                rint
 *fill*         0x4000d09e        0x2 
 .text          0x4000d0a0      0x188 c:/nburn/gcc-m68k/bin/../m68k-unknown-elf/sysroot/lib/m54455\libm.a(lib_a-s_scalbn.o)
                0x4000d0a0                scalbn
 .text          0x4000d228      0x2c0 c:/nburn/gcc-m68k/bin/../m68k-unknown-elf/sysroot/lib/m54455\libm.a(lib_a-sf_atan.o)
                0x4000d228                atanf
 .text          0x4000d4e8       0x10 c:/nburn/gcc-m68k/bin/../m68k-unknown-elf/sysroot/lib/m54455\libm.a(lib_a-sf_fabs.o)
                0x4000d4e8                fabsf
 .text          0x4000d4f8       0x4a c:/nburn/gcc-m68k/bin/../m68k-unknown-elf/sysroot/lib/m54455\libm.a(lib_a-sf_fpclassify.o)
                0x4000d4f8                __fpclassifyf
 *fill*         0x4000d542        0x2 
 .text          0x4000d544       0x2a c:/nburn/gcc-m68k/bin/../m68k-unknown-elf/sysroot/lib/m54455\libm.a(lib_a-s_copysign.o)
                0x4000d544                copysign
 *fill*         0x4000d56e        0x2 
 .text          0x4000d570      0xba0 c:/nburn/gcc-m68k/bin/../lib/gcc/m68k-unknown-elf/5.2.0/m54455\libgcc.a(_double.o)
                0x4000d5ca                __subdf3
                0x4000d5d0                __adddf3
                0x4000da6c                __muldf3
                0x4000dc48                __divdf3
                0x4000df38                __negdf2
                0x4000df96                __cmpdf2_internal
                0x4000e06e                __cmpdf2
 .text          0x4000e110      0x7ca c:/nburn/gcc-m68k/bin/../lib/gcc/m68k-unknown-elf/5.2.0/m54455\libgcc.a(_float.o)
                0x4000e158                __subsf3
                0x4000e15e                __addsf3
                0x4000e440                __mulsf3
                0x4000e582                __divsf3
                0x4000e776                __negsf2
                0x4000e7c8                __cmpsf2_internal
                0x4000e868                __cmpsf2
 *fill*         0x4000e8da        0x2 
 .text          0x4000e8dc       0x74 c:/nburn/gcc-m68k/bin/../lib/gcc/m68k-unknown-elf/5.2.0/m54455\libgcc.a(_floatex.o)
                0x4000e8dc                __clear_sticky_bit
                0x4000e8e8                $_exception_handler
 .text          0x4000e950       0x22 c:/nburn/gcc-m68k/bin/../lib/gcc/m68k-unknown-elf/5.2.0/m54455\libgcc.a(_eqdf2.o)
                0x4000e950                __eqdf2
 *fill*         0x4000e972        0x2 
 .text          0x4000e974       0x22 c:/nburn/gcc-m68k/bin/../lib/gcc/m68k-unknown-elf/5.2.0/m54455\libgcc.a(_nedf2.o)
                0x4000e974                __nedf2
 *fill*         0x4000e996        0x2 
 .text          0x4000e998       0x22 c:/nburn/gcc-m68k/bin/../lib/gcc/m68k-unknown-elf/5.2.0/m54455\libgcc.a(_gtdf2.o)
                0x4000e998                __gtdf2
 *fill*         0x4000e9ba        0x2 
 .text          0x4000e9bc       0x22 c:/nburn/gcc-m68k/bin/../lib/gcc/m68k-unknown-elf/5.2.0/m54455\libgcc.a(_gedf2.o)
                0x4000e9bc                __gedf2
 *fill*         0x4000e9de        0x2 
 .text          0x4000e9e0       0x22 c:/nburn/gcc-m68k/bin/../lib/gcc/m68k-unknown-elf/5.2.0/m54455\libgcc.a(_ltdf2.o)
                0x4000e9e0                __ltdf2
 *fill*         0x4000ea02        0x2 
 .text          0x4000ea04       0x22 c:/nburn/gcc-m68k/bin/../lib/gcc/m68k-unknown-elf/5.2.0/m54455\libgcc.a(_ledf2.o)
                0x4000ea04                __ledf2
 *fill*         0x4000ea26        0x2 
 .text          0x4000ea28       0x1a c:/nburn/gcc-m68k/bin/../lib/gcc/m68k-unknown-elf/5.2.0/m54455\libgcc.a(_eqsf2.o)
                0x4000ea28                __eqsf2
 *fill*         0x4000ea42        0x2 
 .text          0x4000ea44       0x1a c:/nburn/gcc-m68k/bin/../lib/gcc/m68k-unknown-elf/5.2.0/m54455\libgcc.a(_gtsf2.o)
                0x4000ea44                __gtsf2
 *fill*         0x4000ea5e        0x2 
 .text          0x4000ea60       0x1a c:/nburn/gcc-m68k/bin/../lib/gcc/m68k-unknown-elf/5.2.0/m54455\libgcc.a(_ltsf2.o)
                0x4000ea60                __ltsf2
 *fill*         0x4000ea7a        0x2 
 .text          0x4000ea7c       0x66 c:/nburn/gcc-m68k/bin/../lib/gcc/m68k-unknown-elf/5.2.0/m54455\libgcc.a(_muldi3.o)
                0x4000ea7c                __muldi3
 *fill*         0x4000eae2        0x2 
 .text          0x4000eae4       0x76 c:/nburn/gcc-m68k/bin/../lib/gcc/m68k-unknown-elf/5.2.0/m54455\libgcc.a(_fixunsdfsi.o)
                0x4000eae4                __fixunsdfsi
 *fill*         0x4000eb5a        0x2 
 .text          0x4000eb5c       0x7a c:/nburn/gcc-m68k/bin/../lib/gcc/m68k-unknown-elf/5.2.0/m54455\libgcc.a(_fixunsdfdi.o)
                0x4000eb5c                __fixunsdfdi
 *fill*         0x4000ebd6        0x2 
 .text          0x4000ebd8      0x3fe c:/nburn/gcc-m68k/bin/../lib/gcc/m68k-unknown-elf/5.2.0/m54455\libgcc.a(_udivdi3.o)
                0x4000ebd8                __udivdi3
 *fill*         0x4000efd6        0x2 
 .text          0x4000efd8      0x372 c:/nburn/gcc-m68k/bin/../lib/gcc/m68k-unknown-elf/5.2.0/m54455\libgcc.a(_umoddi3.o)
                0x4000efd8                __umoddi3
 *fill*         0x4000f34a        0x2 
 .text          0x4000f34c      0x442 c:/nburn/gcc-m68k/bin/../lib/gcc/m68k-unknown-elf/5.2.0/m54455\libgcc.a(fpgnulib.o)
                0x4000f34c                __unordsf2
                0x4000f3a4                __unorddf2
                0x4000f40e                __floatunsidf
                0x4000f472                __floatsidf
                0x4000f51e                __floatunsisf
                0x4000f538                __floatsisf
                0x4000f552                __extendsfdf2
                0x4000f5be                __truncdfsf2
                0x4000f6e8                __fixdfsi
                0x4000f774                __fixsfsi
 *fill*         0x4000f78e        0x2 
 .text          0x4000f790     0x21b4 c:/nburn/gcc-m68k/bin/../lib/gcc/m68k-unknown-elf/5.2.0/m54455\libgcc.a(unwind-dw2.o)
                0x4001136a                _Unwind_GetGR
                0x400113d0                _Unwind_GetCFA
                0x400113e0                _Unwind_SetGR
                0x4001144a                _Unwind_GetIP
                0x4001145a                _Unwind_GetIPInfo
                0x4001147a                _Unwind_SetIP
                0x4001148c                _Unwind_GetLanguageSpecificData
                0x4001149c                _Unwind_GetRegionStart
                0x400114ac                _Unwind_FindEnclosingFunction
                0x400114d6                _Unwind_GetDataRelBase
                0x400114e6                _Unwind_GetTextRelBase
                0x400114f6                __frame_state_for
                0x400115c2                _Unwind_RaiseException
                0x400116dc                _Unwind_ForcedUnwind
                0x40011770                _Unwind_Resume
                0x40011806                _Unwind_Resume_or_Rethrow
                0x400118a0                _Unwind_DeleteException
                0x400118be                _Unwind_Backtrace
 .text          0x40011944     0x126e c:/nburn/gcc-m68k/bin/../lib/gcc/m68k-unknown-elf/5.2.0/m54455\libgcc.a(unwind-dw2-fde.o)
                0x40012798                __register_frame_info_bases
                0x400127e0                __register_frame_info
                0x40012828                __register_frame
                0x40012880                __register_frame_info_table_bases
                0x400128ca                __register_frame_info_table
                0x40012910                __register_frame_table
                0x40012960                __deregister_frame_info_bases
                0x40012a36                __deregister_frame_info
                0x40012a40                __deregister_frame
                0x40012a64                _Unwind_Find_FDE
 *fill*         0x40012bb2        0x2 
 .text          0x40012bb4       0x18 c:/nburn/gcc-m68k/bin/../m68k-unknown-elf/sysroot/lib/m54455\libc.a(lib_a-abort.o)
                0x40012bb4                abort
 .text          0x40012bcc       0x18 c:/nburn/gcc-m68k/bin/../m68k-unknown-elf/sysroot/lib/m54455\libc.a(lib_a-atexit.o)
                0x40012bcc                atexit
 .text          0x40012be4       0x34 c:/nburn/gcc-m68k/bin/../m68k-unknown-elf/sysroot/lib/m54455\libc.a(lib_a-atoi.o)
                0x40012be4                atoi
                0x40012bfc                _atoi_r
 .text          0x40012c18       0x5c c:/nburn/gcc-m68k/bin/../m68k-unknown-elf/sysroot/lib/m54455\libc.a(lib_a-bsearch.o)
                0x40012c18                bsearch
 .text          0x40012c74       0x1e c:/nburn/gcc-m68k/bin/../m68k-unknown-elf/sysroot/lib/m54455\libc.a(lib_a-cxa_atexit.o)
                0x40012c74                __cxa_atexit
 *fill*         0x40012c92        0x2 
 .text          0x40012c94        0xe c:/nburn/gcc-m68k/bin/../m68k-unknown-elf/sysroot/lib/m54455\libc.a(lib_a-errno.o)
                0x40012c94                __errno
 *fill*         0x40012ca2        0x2 
 .text          0x40012ca4       0x5c c:/nburn/gcc-m68k/bin/../m68k-unknown-elf/sysroot/lib/m54455\libc.a(lib_a-fputc.o)
                0x40012ca4                _fputc_r
                0x40012ce6                fputc
 .text          0x40012d00       0xa4 c:/nburn/gcc-m68k/bin/../m68k-unknown-elf/sysroot/lib/m54455\libc.a(lib_a-fputs.o)
                0x40012d00                _fputs_r
                0x40012d8a                fputs
 .text          0x40012da4      0x366 c:/nburn/gcc-m68k/bin/../m68k-unknown-elf/sysroot/lib/m54455\libc.a(lib_a-fvwrite.o)
                0x40012da4                __sfvwrite_r
 *fill*         0x4001310a        0x2 
 .text          0x4001310c       0x1a c:/nburn/gcc-m68k/bin/../m68k-unknown-elf/sysroot/lib/m54455\libc.a(lib_a-isspace.o)
                0x4001310c                isspace
 *fill*         0x40013126        0x2 
 .text          0x40013128       0x32 c:/nburn/gcc-m68k/bin/../m68k-unknown-elf/sysroot/lib/m54455\libc.a(lib_a-malloc.o)
                0x40013128                malloc
                0x40013140                free
 *fill*         0x4001315a        0x2 
 .text          0x4001315c      0x584 c:/nburn/gcc-m68k/bin/../m68k-unknown-elf/sysroot/lib/m54455\libc.a(lib_a-mallocr.o)
                0x4001315c                _malloc_r
 .text          0x400136e0       0x32 c:/nburn/gcc-m68k/bin/../m68k-unknown-elf/sysroot/lib/m54455\libc.a(lib_a-memchr.o)
                0x400136e0                memchr
 *fill*         0x40013712        0x2 
 .text          0x40013714       0x32 c:/nburn/gcc-m68k/bin/../m68k-unknown-elf/sysroot/lib/m54455\libc.a(lib_a-memcmp.o)
                0x40013714                memcmp
 *fill*         0x40013746        0x2 
 .text          0x40013748       0x54 c:/nburn/gcc-m68k/bin/../m68k-unknown-elf/sysroot/lib/m54455\libc.a(lib_a-memmove.o)
                0x40013748                memmove
 .text          0x4001379c       0xa0 c:/nburn/gcc-m68k/bin/../m68k-unknown-elf/sysroot/lib/m54455\libc.a(lib_a-putc.o)
                0x4001379c                _putc_r
                0x40013822                putc
 .text          0x4001383c       0xac c:/nburn/gcc-m68k/bin/../m68k-unknown-elf/sysroot/lib/m54455\libc.a(lib_a-puts.o)
                0x4001383c                _puts_r
                0x400138d2                puts
 .text          0x400138e8       0x62 c:/nburn/gcc-m68k/bin/../m68k-unknown-elf/sysroot/lib/m54455\libc.a(lib_a-rand.o)
                0x400138e8                srand
                0x40013900                rand
 *fill*         0x4001394a        0x2 
 .text          0x4001394c       0x1c c:/nburn/gcc-m68k/bin/../m68k-unknown-elf/sysroot/lib/m54455\libc.a(lib_a-realloc.o)
                0x4001394c                realloc
 .text          0x40013968      0x456 c:/nburn/gcc-m68k/bin/../m68k-unknown-elf/sysroot/lib/m54455\libc.a(lib_a-reallocr.o)
                0x40013968                _realloc_r
 *fill*         0x40013dbe        0x2 
 .text          0x40013dc0      0x146 c:/nburn/gcc-m68k/bin/../m68k-unknown-elf/sysroot/lib/m54455\libc.a(lib_a-setvbuf.o)
                0x40013dc0                setvbuf
 *fill*         0x40013f06        0x2 
 .text          0x40013f08      0x1ce c:/nburn/gcc-m68k/bin/../m68k-unknown-elf/sysroot/lib/m54455\libc.a(lib_a-signal.o)
                0x40013f08                _init_signal_r
                0x40013f50                _signal_r
                0x40013f9c                _raise_r
                0x40014010                __sigtramp_r
                0x4001407e                raise
                0x40014094                signal
                0x400140ae                _init_signal
                0x400140c0                __sigtramp
 *fill*         0x400140d6        0x2 
 .text          0x400140d8       0x3e c:/nburn/gcc-m68k/bin/../m68k-unknown-elf/sysroot/lib/m54455\libc.a(lib_a-signalr.o)
                0x400140d8                _kill_r
                0x4001410a                _getpid_r
 *fill*         0x40014116        0x2 
 .text          0x40014118       0x18 c:/nburn/gcc-m68k/bin/../m68k-unknown-elf/sysroot/lib/m54455\libc.a(lib_a-stpcpy.o)
                0x40014118                stpcpy
 .text          0x40014130       0x2e c:/nburn/gcc-m68k/bin/../m68k-unknown-elf/sysroot/lib/m54455\libc.a(lib_a-strcat.o)
                0x40014130                strcat
 *fill*         0x4001415e        0x2 
 .text          0x40014160       0x2e c:/nburn/gcc-m68k/bin/../m68k-unknown-elf/sysroot/lib/m54455\libc.a(lib_a-strcmp.o)
                0x40014160                strcmp
 *fill*         0x4001418e        0x2 
 .text          0x40014190       0x1c c:/nburn/gcc-m68k/bin/../m68k-unknown-elf/sysroot/lib/m54455\libc.a(lib_a-strcpy.o)
                0x40014190                strcpy
 .text          0x400141ac       0x1a c:/nburn/gcc-m68k/bin/../m68k-unknown-elf/sysroot/lib/m54455\libc.a(lib_a-strlen.o)
                0x400141ac                strlen
 *fill*         0x400141c6        0x2 
 .text          0x400141c8       0x4e c:/nburn/gcc-m68k/bin/../m68k-unknown-elf/sysroot/lib/m54455\libc.a(lib_a-strncmp.o)
                0x400141c8                strncmp
 *fill*         0x40014216        0x2 
 .text          0x40014218       0x30 c:/nburn/gcc-m68k/bin/../m68k-unknown-elf/sysroot/lib/m54455\libc.a(lib_a-strncpy.o)
                0x40014218                strncpy
 .text          0x40014248       0x4a c:/nburn/gcc-m68k/bin/../m68k-unknown-elf/sysroot/lib/m54455\libc.a(lib_a-strstr.o)
                0x40014248                strstr
 *fill*         0x40014292        0x2 
 .text          0x40014294      0x16e c:/nburn/gcc-m68k/bin/../m68k-unknown-elf/sysroot/lib/m54455\libc.a(lib_a-strtol.o)
                0x40014294                _strtol_r
                0x400143e4                strtol
 *fill*         0x40014402        0x2 
 .text          0x40014404       0x2a c:/nburn/gcc-m68k/bin/../m68k-unknown-elf/sysroot/lib/m54455\libc.a(lib_a-tolower.o)
                0x40014404                tolower
 *fill*         0x4001442e        0x2 
 .text          0x40014430       0x2a c:/nburn/gcc-m68k/bin/../m68k-unknown-elf/sysroot/lib/m54455\libc.a(lib_a-toupper.o)
                0x40014430                toupper
 *fill*         0x4001445a        0x2 
 .text          0x4001445c       0xf4 c:/nburn/gcc-m68k/bin/../m68k-unknown-elf/sysroot/lib/m54455\libc.a(lib_a-wbuf.o)
                0x4001445c                __swbuf_r
                0x40014536                __swbuf
 .text          0x40014550      0x116 c:/nburn/gcc-m68k/bin/../m68k-unknown-elf/sysroot/lib/m54455\libc.a(lib_a-wsetup.o)
                0x40014550                __swsetup_r
 *fill*         0x40014666        0x2 
 .text          0x40014668       0xa0 c:/nburn/gcc-m68k/bin/../m68k-unknown-elf/sysroot/lib/m54455\libc.a(lib_a-__atexit.o)
                0x40014668                __register_exitproc
 .text          0x40014708      0x204 c:/nburn/gcc-m68k/bin/../m68k-unknown-elf/sysroot/lib/m54455\libc.a(lib_a-fflush.o)
                0x40014708                __sflush_r
                0x40014890                _fflush_r
                0x400148de                fflush
 .text          0x4001490c      0x28c c:/nburn/gcc-m68k/bin/../m68k-unknown-elf/sysroot/lib/m54455\libc.a(lib_a-findfp.o)
                0x40014916                _cleanup_r
                0x400149b2                __sfmoreglue
                0x40014a0e                _cleanup
                0x40014a22                __sinit
                0x40014a92                __sfp
                0x40014b44                __sfp_lock_acquire
                0x40014b4c                __sfp_lock_release
                0x40014b54                __sinit_lock_acquire
                0x40014b5c                __sinit_lock_release
                0x40014b64                __fp_lock_all
                0x40014b7e                __fp_unlock_all
 .text          0x40014b98      0x2ec c:/nburn/gcc-m68k/bin/../m68k-unknown-elf/sysroot/lib/m54455\libc.a(lib_a-freer.o)
                0x40014b98                _malloc_trim_r
                0x40014c6c                _free_r
 .text          0x40014e84       0xb4 c:/nburn/gcc-m68k/bin/../m68k-unknown-elf/sysroot/lib/m54455\libc.a(lib_a-fwalk.o)
                0x40014e84                _fwalk
                0x40014edc                _fwalk_reent
 .text          0x40014f38      0x152 c:/nburn/gcc-m68k/bin/../m68k-unknown-elf/sysroot/lib/m54455\libc.a(lib_a-makebuf.o)
                0x40014f38                __smakebuf_r
 *fill*         0x4001508a        0x2 
 .text          0x4001508c      0x126 c:/nburn/gcc-m68k/bin/../m68k-unknown-elf/sysroot/lib/m54455\libc.a(lib_a-stdio.o)
                0x4001508c                __sread
                0x400150d0                __seofread
                0x400150da                __swrite
                0x40015146                __sseek
                0x4001519a                __sclose
 *fill*         0x400151b2        0x2 
 .text          0x400151b4       0x38 c:/nburn/gcc-m68k/bin/../m68k-unknown-elf/sysroot/lib/m54455\libc.a(lib_a-writer.o)
                0x400151b4                _write_r
 .text          0x400151ec       0x2e c:/nburn/gcc-m68k/bin/../m68k-unknown-elf/sysroot/lib/m54455\libc.a(lib_a-closer.o)
                0x400151ec                _close_r
 *fill*         0x4001521a        0x2 
 .text          0x4001521c       0xe2 c:/nburn/gcc-m68k/bin/../m68k-unknown-elf/sysroot/lib/m54455\libc.a(lib_a-fclose.o)
                0x4001521c                _fclose_r
                0x400152e8                fclose
 *fill*         0x400152fe        0x2 
 .text          0x40015300       0x32 c:/nburn/gcc-m68k/bin/../m68k-unknown-elf/sysroot/lib/m54455\libc.a(lib_a-fstatr.o)
                0x40015300                _fstat_r
 *fill*         0x40015332        0x2 
 .text          0x40015334       0x2e c:/nburn/gcc-m68k/bin/../m68k-unknown-elf/sysroot/lib/m54455\libc.a(lib_a-isattyr.o)
                0x40015334                _isatty_r
 *fill*         0x40015362        0x2 
 .text          0x40015364       0x38 c:/nburn/gcc-m68k/bin/../m68k-unknown-elf/sysroot/lib/m54455\libc.a(lib_a-lseekr.o)
                0x40015364                _lseek_r
 .text          0x4001539c       0x38 c:/nburn/gcc-m68k/bin/../m68k-unknown-elf/sysroot/lib/m54455\libc.a(lib_a-readr.o)
                0x4001539c                _read_r
 .text          0x400153d4       0x32 c:/nburn/gcc-m68k/bin/../lib/gcc/m68k-unknown-elf/5.2.0/m54455/crtend.o
                0x40015410                . = ALIGN (0x10)
 *fill*         0x40015406        0xa 
 *(.text.*)
 .text._Z9LCDUpdatePv
                0x40015410      0x162 main.o
                0x40015410                _Z9LCDUpdatePv
 *fill*         0x40015572        0x2 
 .text._Z5DrivePv
                0x40015574      0x136 main.o
                0x40015574                _Z5DrivePv
 *fill*         0x400156aa        0x2 
 .text._Z15CheckNVSettingsv
                0x400156ac      0x1bc main.o
                0x400156ac                _Z15CheckNVSettingsv
 .text._Z4initv
                0x40015868      0x226 main.o
                0x40015868                _Z4initv
 *fill*         0x40015a8e        0x2 
 .text.UserMain
                0x40015a90      0x100 main.o
                0x40015a90                UserMain
 .text.startup._GLOBAL__sub_I_MainTaskSem
                0x40015b90       0xb8 main.o
 .text._ZN7Utility4modeEv
                0x40015c48       0x32 Utility.o
                0x40015c48                _ZN7Utility4modeEv
 *fill*         0x40015c7a        0x2 
 .text._ZN7Utility9odoToFeetEm
                0x40015c7c       0x46 Utility.o
                0x40015c7c                _ZN7Utility9odoToFeetEm
 *fill*         0x40015cc2        0x2 
 .text._ZN7Utility10degreeWrapEf
                0x40015cc4       0x90 Utility.o
                0x40015cc4                _ZN7Utility10degreeWrapEf
 .text._ZN7Utility9switchValEi
                0x40015d54       0x26 Utility.o
                0x40015d54                _ZN7Utility9switchValEi
 *fill*         0x40015d7a        0x2 
 .text._ZN3NavD2Ev
                0x40015d7c        0x8 Nav.o
                0x40015d7c                _ZN3NavD1Ev
                0x40015d7c                _ZN3NavD2Ev
 .text._ZN3NavD0Ev
                0x40015d84       0x1c Nav.o
                0x40015d84                _ZN3NavD0Ev
 .text._ZN3NavC2Ev
                0x40015da0       0x4c Nav.o
                0x40015da0                _ZN3NavC2Ev
                0x40015da0                _ZN3NavC1Ev
 .text._ZN3Nav4getXEv
                0x40015dec       0x10 Nav.o
                0x40015dec                _ZN3Nav4getXEv
 .text._ZN3Nav4getYEv
                0x40015dfc       0x10 Nav.o
                0x40015dfc                _ZN3Nav4getYEv
 .text._ZN3Nav10getHeadDesEv
                0x40015e0c       0x10 Nav.o
                0x40015e0c                _ZN3Nav10getHeadDesEv
 .text._ZN3Nav4getVEv
                0x40015e1c       0x10 Nav.o
                0x40015e1c                _ZN3Nav4getVEv
 .text._ZN3Nav10isFinishedEv
                0x40015e2c       0x10 Nav.o
                0x40015e2c                _ZN3Nav10isFinishedEv
 .text._ZN3Nav9navUpdateEv
                0x40015e3c      0x502 Nav.o
                0x40015e3c                _ZN3Nav9navUpdateEv
 *fill*         0x4001633e        0x2 
 .text._ZN3Nav8getSteerEv
                0x40016340      0x108 Nav.o
                0x40016340                _ZN3Nav8getSteerEv
 .text._ZN3Nav11getThrottleEv
                0x40016448      0x1f8 Nav.o
                0x40016448                _ZN3Nav11getThrottleEv
 .text._ZN13MainLogObject9GetExtentERPmS1_
                0x40016640       0x24 Logger.o
                0x40016640                _ZN13MainLogObject9GetExtentERPmS1_
 .text._ZN6Logger7logLoopEPv
                0x40016664      0x10c Logger.o
                0x40016664                _ZN6Logger7logLoopEPv
 .text._ZN13MainLogObject8BuildOneEv
                0x40016770      0x184 Logger.o
                0x40016770                _ZN13MainLogObject8BuildOneEv
 .text._ZN13MainLogObjectC2Ev
                0x400168f4      0x214 Logger.o
                0x400168f4                _ZN13MainLogObjectC2Ev
                0x400168f4                _ZN13MainLogObjectC1Ev
 .text._ZN6Logger8logBeginEv
                0x40016b08       0x3a Logger.o
                0x40016b08                _ZN6Logger8logBeginEv
 *fill*         0x40016b42        0x2 
 .text.startup._GLOBAL__sub_I_mainLog
                0x40016b44       0x1a Logger.o
 *fill*         0x40016b5e        0x2 
 .text._Z11CoreRcTimeri
                0x40016b60       0xfa Drivers\servodrive.o
                0x40016b60                _Z11CoreRcTimeri
 *fill*         0x40016c5a        0x2 
 .text._Z12fake_Ch0_ISRv
                0x40016c5c       0x54 Drivers\servodrive.o
                0x40016c5c                _Z12fake_Ch0_ISRv
                0x40016c60                Ch0_ISR
 .text.real_Ch0_ISR
                0x40016cb0       0x16 Drivers\servodrive.o
                0x40016cb0                real_Ch0_ISR
 *fill*         0x40016cc6        0x2 
 .text._Z12fake_Ch1_ISRv
                0x40016cc8       0x54 Drivers\servodrive.o
                0x40016cc8                _Z12fake_Ch1_ISRv
                0x40016ccc                Ch1_ISR
 .text.real_Ch1_ISR
                0x40016d1c       0x18 Drivers\servodrive.o
                0x40016d1c                real_Ch1_ISR
 .text._Z14ServoDriveInitv
                0x40016d34      0x16e Drivers\servodrive.o
                0x40016d34                _Z14ServoDriveInitv
 *fill*         0x40016ea2        0x2 
 .text._Z11SetServoPosid
                0x40016ea4      0x134 Drivers\servodrive.o
                0x40016ea4                _Z11SetServoPosid
 .text._Z11SetServoRawii
                0x40016fd8       0xc2 Drivers\servodrive.o
                0x40016fd8                _Z11SetServoRawii
 *fill*         0x4001709a        0x2 
 .text._Z11getServoPosi
                0x4001709c       0x1c Drivers\servodrive.o
                0x4001709c                _Z11getServoPosi
 .text._Z14PinFunctionPWMi
                0x400170b8      0x11a Drivers\pwm.o
                0x400170b8                _Z14PinFunctionPWMi
 *fill*         0x400171d2        0x2 
 .text._Z18CheckLoadOkayClearv
                0x400171d4       0x7c Drivers\pwm.o
                0x400171d4                _Z18CheckLoadOkayClearv
 .text._Z19RegisterDefinitionsih
                0x40017250       0x9a Drivers\pwm.o
                0x40017250                _Z19RegisterDefinitionsih
 *fill*         0x400172ea        0x2 
 .text._Z14EdgeAlignedPWMiii
                0x400172ec      0x408 Drivers\pwm.o
                0x400172ec                _Z14EdgeAlignedPWMiii
 .text._Z6PinPWMiid
                0x400176f4       0x86 Drivers\pwm.o
                0x400176f4                _Z6PinPWMiid
 *fill*         0x4001777a        0x2 
 .text._Z22BuildOrFindDescriptionPKc
                0x4001777c       0xa2 Drivers\introspec.o
                0x4001777c                _Z22BuildOrFindDescriptionPKc
 *fill*         0x4001781e        0x2 
 .text._ZN15IntrospecObjectC2EPKc
                0x40017820       0x1c Drivers\introspec.o
                0x40017820                _ZN15IntrospecObjectC1EPKc
                0x40017820                _ZN15IntrospecObjectC2EPKc
 .text._Z14LogEscapedByteh
                0x4001783c       0x72 Drivers\introspec.o
                0x4001783c                _Z14LogEscapedByteh
 *fill*         0x400178ae        0x2 
 .text._Z10LogRawByteh
                0x400178b0       0x58 Drivers\introspec.o
                0x400178b0                _Z10LogRawByteh
 .text._Z8LogRaw32m
                0x40017908      0x130 Drivers\introspec.o
                0x40017908                _Z8LogRaw32m
 .text._ZN15IntrospecObject7ElementEPvmPKcc
                0x40017a38       0x94 Drivers\introspec.o
                0x40017a38                _ZN15IntrospecObject7ElementEPvmPKcc
 .text._ZN15IntrospecObject12LogStructureEv
                0x40017acc       0x98 Drivers\introspec.o
                0x40017acc                _ZN15IntrospecObject12LogStructureEv
 .text._ZN15IntrospecObject3LogEb
                0x40017b64      0x136 Drivers\introspec.o
                0x40017b64                _ZN15IntrospecObject3LogEb
 *fill*         0x40017c9a        0x2 
 .text._Z10LogMessagePKcb
                0x40017c9c       0x84 Drivers\introspec.o
                0x40017c9c                _Z10LogMessagePKcb
 .text._Z12WriteLogToFdi
                0x40017d20       0xf0 Drivers\introspec.o
                0x40017d20                _Z12WriteLogToFdi
 .text._Z10GetLogSizev
                0x40017e10       0x80 Drivers\introspec.o
                0x40017e10                _Z10GetLogSizev
 .text._Z10InitLogFtpi
                0x40017e90       0x20 Drivers\introspec.o
                0x40017e90                _Z10InitLogFtpi
 .text._Z22FTPD_GetFileFromClientPKcS0_Pvi
                0x40017eb0        0xa Drivers\introspec.o
                0x40017eb0                _Z22FTPD_GetFileFromClientPKcS0_Pvi
 *fill*         0x40017eba        0x2 
 .text._Z21FTPD_AbleToCreateFilePKcS0_Pv
                0x40017ebc        0xa Drivers\introspec.o
                0x40017ebc                _Z21FTPD_AbleToCreateFilePKcS0_Pv
 *fill*         0x40017ec6        0x2 
 .text._Z16FTPDSessionStartPKcS0_7IPADDR4
                0x40017ec8        0xa Drivers\introspec.o
                0x40017ec8                _Z16FTPDSessionStartPKcS0_7IPADDR4
 *fill*         0x40017ed2        0x2 
 .text._Z14FTPDSessionEndPv
                0x40017ed4        0x8 Drivers\introspec.o
                0x40017ed4                _Z14FTPDSessionEndPv
 .text._Z23FTPD_ListSubDirectoriesPKcPvPFviS0_Ei
                0x40017edc        0xa Drivers\introspec.o
                0x40017edc                _Z23FTPD_ListSubDirectoriesPKcPvPFviS0_Ei
 *fill*         0x40017ee6        0x2 
 .text._Z20FTPD_DirectoryExistsPKcPv
                0x40017ee8        0xa Drivers\introspec.o
                0x40017ee8                _Z20FTPD_DirectoryExistsPKcPv
 *fill*         0x40017ef2        0x2 
 .text._Z23FTPD_CreateSubDirectoryPKcS0_Pv
                0x40017ef4        0xa Drivers\introspec.o
                0x40017ef4                _Z23FTPD_CreateSubDirectoryPKcS0_Pv
 *fill*         0x40017efe        0x2 
 .text._Z23FTPD_DeleteSubDirectoryPKcS0_Pv
                0x40017f00        0xa Drivers\introspec.o
                0x40017f00                _Z23FTPD_DeleteSubDirectoryPKcS0_Pv
 *fill*         0x40017f0a        0x2 
 .text._Z15FTPD_DeleteFilePKcS0_Pv
                0x40017f0c       0x60 Drivers\introspec.o
                0x40017f0c                _Z15FTPD_DeleteFilePKcS0_Pv
 .text._Z11FTPD_RenamePKcS0_S0_Pv
                0x40017f6c        0xa Drivers\introspec.o
                0x40017f6c                _Z11FTPD_RenamePKcS0_S0_Pv
 *fill*         0x40017f76        0x2 
 .text._Z16FTPD_GetFileSizePKcS0_
                0x40017f78        0xa Drivers\introspec.o
                0x40017f78                _Z16FTPD_GetFileSizePKcS0_
 *fill*         0x40017f82        0x2 
 .text._Z12getdirstringPKclPc
                0x40017f84       0xac Drivers\introspec.o
                0x40017f84                _Z12getdirstringPKclPc
 .text._Z13FTPD_ListFilePKcPvPFviS0_Ei
                0x40018030       0x5e Drivers\introspec.o
                0x40018030                _Z13FTPD_ListFilePKcPvPFviS0_Ei
 *fill*         0x4001808e        0x2 
 .text._Z21FTPD_SendFileToClientPKcS0_Pvi
                0x40018090       0x78 Drivers\introspec.o
                0x40018090                _Z21FTPD_SendFileToClientPKcS0_Pvi
 .text._Z15FTPD_FileExistsPKcS0_Pv
                0x40018108        0xa Drivers\introspec.o
                0x40018108                _Z15FTPD_FileExistsPKcS0_Pv
 *fill*         0x40018112        0x2 
 .text._ZN7FileLogC2EPKc
                0x40018114       0x20 Drivers\introspec.o
                0x40018114                _ZN7FileLogC2EPKc
                0x40018114                _ZN7FileLogC1EPKc
 .text._Z15LogFileVersionsv
                0x40018134       0x5e Drivers\introspec.o
                0x40018134                _Z15LogFileVersionsv
 *fill*         0x40018192        0x2 
 .text.startup._GLOBAL__sub_I__ZN15IntrospecObject7bShowMeE
                0x40018194       0x44 Drivers\introspec.o
 .text._Z15RC_ProcessCharsih
                0x400181d8       0xe6 Drivers\dsm2.o
                0x400181d8                _Z15RC_ProcessCharsih
 *fill*         0x400182be        0x2 
 .text._Z10InitDSM2Rxi
                0x400182c0       0x52 Drivers\dsm2.o
                0x400182c0                _Z10InitDSM2Rxi
 *fill*         0x40018312        0x2 
 .text._ZN13SpinningLidar17SpinningLidarInitEv
                0x40018314       0x34 Drivers\SpinningLidar.o
                0x40018314                _ZN13SpinningLidar17SpinningLidarInitEv
 .text._ZN13SpinningLidar11checkHealthEi
                0x40018348       0xe6 Drivers\SpinningLidar.o
                0x40018348                _ZN13SpinningLidar11checkHealthEi
 *fill*         0x4001842e        0x2 
 .text._ZN13SpinningLidar9hardResetEi
                0x40018430       0x46 Drivers\SpinningLidar.o
                0x40018430                _ZN13SpinningLidar9hardResetEi
 *fill*         0x40018476        0x2 
 .text._ZN13SpinningLidar9startScanEi
                0x40018478       0x78 Drivers\SpinningLidar.o
                0x40018478                _ZN13SpinningLidar9startScanEi
 .text._ZN13SpinningLidar11processCharEih
                0x400184f0      0x154 Drivers\SpinningLidar.o
                0x400184f0                _ZN13SpinningLidar11processCharEih
 .text._ZN13SpinningLidar9LidarTaskEPv
                0x40018644      0x14a Drivers\SpinningLidar.o
                0x40018644                _ZN13SpinningLidar9LidarTaskEPv
 *fill*         0x4001878e        0x2 
 .text._ZN8OdometerD2Ev
                0x40018790        0x8 Drivers\Odometer.o
                0x40018790                _ZN8OdometerD2Ev
                0x40018790                _ZN8OdometerD1Ev
 .text._ZN8OdometerD0Ev
                0x40018798       0x1c Drivers\Odometer.o
                0x40018798                _ZN8OdometerD0Ev
 .text._ZN8Odometer6OdoIrqEv
                0x400187b4       0x46 Drivers\Odometer.o
                0x400187b4                _ZN8Odometer6OdoIrqEv
 *fill*         0x400187fa        0x2 
 .text._ZN8OdometerC2Ev
                0x400187fc       0x12 Drivers\Odometer.o
                0x400187fc                _ZN8OdometerC1Ev
                0x400187fc                _ZN8OdometerC2Ev
 *fill*         0x4001880e        0x2 
 .text._ZN8OdometerC2Ei
                0x40018810       0x52 Drivers\Odometer.o
                0x40018810                _ZN8OdometerC1Ei
                0x40018810                _ZN8OdometerC2Ei
 *fill*         0x40018862        0x2 
 .text._ZN8Odometer8getCountEv
                0x40018864        0xe Drivers\Odometer.o
                0x40018864                _ZN8Odometer8getCountEv
 .text._ZN5Madge24MadgwickQuaternionUpdateEfffffffff
                0x40018872      0xde8 Drivers\MadgwickFilter.o
                0x40018872                _ZN5Madge24MadgwickQuaternionUpdateEfffffffff
 *fill*         0x4001965a        0x2 
 .text._ZN7MPU9250C2Eh
                0x4001965c       0x66 Drivers\MPU9250.o
                0x4001965c                _ZN7MPU9250C1Eh
                0x4001965c                _ZN7MPU9250C2Eh
 *fill*         0x400196c2        0x2 
 .text._ZN7MPU92507getMresEh
                0x400196c4       0x4e Drivers\MPU9250.o
                0x400196c4                _ZN7MPU92507getMresEh
 *fill*         0x40019712        0x2 
 .text._ZN7MPU92507getGresEh
                0x40019714       0x7e Drivers\MPU9250.o
                0x40019714                _ZN7MPU92507getGresEh
 *fill*         0x40019792        0x2 
 .text._ZN7MPU92507getAresEh
                0x40019794       0x7e Drivers\MPU9250.o
                0x40019794                _ZN7MPU92507getAresEh
 *fill*         0x40019812        0x2 
 .text._ZN7MPU925018I2CWriteReadBufferEhhPhi
                0x40019814       0xb0 Drivers\MPU9250.o
                0x40019814                _ZN7MPU925018I2CWriteReadBufferEhhPhi
 .text._ZN7MPU925011initMPU9250Ehh
                0x400198c4      0x1f8 Drivers\MPU9250.o
                0x400198c4                _ZN7MPU925011initMPU9250Ehh
 .text._ZN7MPU925015readMPU9250DataEPs
                0x40019abc       0xfa Drivers\MPU9250.o
                0x40019abc                _ZN7MPU925015readMPU9250DataEPs
 *fill*         0x40019bb6        0x2 
 .text._ZN7MPU925011readMagDataEPs
                0x40019bb8       0x72 Drivers\MPU9250.o
                0x40019bb8                _ZN7MPU925011readMagDataEPs
 *fill*         0x40019c2a        0x2 
 .text._ZN7MPU925013magcalMPU9250EPfS0_
                0x40019c2c      0x332 Drivers\MPU9250.o
                0x40019c2c                _ZN7MPU925013magcalMPU9250EPfS0_
 *fill*         0x40019f5e        0x2 
 .text._ZN7MPU925010initAK8963EhhPf
                0x40019f60      0x1ea Drivers\MPU9250.o
                0x40019f60                _ZN7MPU925010initAK8963EhhPf
 *fill*         0x4001a14a        0x2 
 .text._ZN7MPU925016calibrateMPU9250EPfS0_
                0x4001a14c      0x81e Drivers\MPU9250.o
                0x4001a14c                _ZN7MPU925016calibrateMPU9250EPfS0_
 *fill*         0x4001a96a        0x2 
 .text._ZN7MPU92508SelfTestEPf
                0x4001a96c      0x8cc Drivers\MPU9250.o
                0x4001a96c                _ZN7MPU92508SelfTestEPf
 .text._ZN7MPU92508readByteEhh
                0x4001b238       0x2e Drivers\MPU9250.o
                0x4001b238                _ZN7MPU92508readByteEhh
 *fill*         0x4001b266        0x2 
 .text._ZN7MPU9250C2Ev
                0x4001b268        0x8 Drivers\MPU9250.o
                0x4001b268                _ZN7MPU9250C2Ev
                0x4001b268                _ZN7MPU9250C1Ev
 .text._Z20fake_LIDAR_ISR_RIGHTv
                0x4001b270       0x54 Drivers\LidarPWM.o
                0x4001b270                _Z20fake_LIDAR_ISR_RIGHTv
                0x4001b274                LIDAR_ISR_RIGHT
 .text.real_LIDAR_ISR_RIGHT
                0x4001b2c4       0x90 Drivers\LidarPWM.o
                0x4001b2c4                real_LIDAR_ISR_RIGHT
 .text._Z15GlobalTimerIniti
                0x4001b354       0x7e Drivers\LidarPWM.o
                0x4001b354                _Z15GlobalTimerIniti
 *fill*         0x4001b3d2        0x2 
 .text._Z12LidarPWMInitv
                0x4001b3d4       0x38 Drivers\LidarPWM.o
                0x4001b3d4                _Z12LidarPWMInitv
 .text._ZN3LCDD2Ev
                0x4001b40c        0x8 Drivers\LCD.o
                0x4001b40c                _ZN3LCDD2Ev
                0x4001b40c                _ZN3LCDD1Ev
 .text._ZN3LCDD0Ev
                0x4001b414       0x1c Drivers\LCD.o
                0x4001b414                _ZN3LCDD0Ev
 .text._ZN3LCDC2Ev
                0x4001b430       0x16 Drivers\LCD.o
                0x4001b430                _ZN3LCDC1Ev
                0x4001b430                _ZN3LCDC2Ev
 *fill*         0x4001b446        0x2 
 .text._ZN3LCDC2Eii
                0x4001b448       0x3c Drivers\LCD.o
                0x4001b448                _ZN3LCDC1Eii
                0x4001b448                _ZN3LCDC2Eii
 .text._ZN3LCD5clearEv
                0x4001b484       0x7c Drivers\LCD.o
                0x4001b484                _ZN3LCD5clearEv
 .text._ZN3LCD5printEPKc
                0x4001b500       0x1a Drivers\LCD.o
                0x4001b500                _ZN3LCD5printEPKc
 *fill*         0x4001b51a        0x2 
 .text._ZN3LCD5printEPKci
                0x4001b51c       0x1a Drivers\LCD.o
                0x4001b51c                _ZN3LCD5printEPKci
 *fill*         0x4001b536        0x2 
 .text._Z4Pirqv
                0x4001b538       0x28 Drivers\IMUSetupAndSample.o
                0x4001b538                _Z4Pirqv
 .text._Z13IMUSampleLoopPv
                0x4001b560      0xb86 Drivers\IMUSetupAndSample.o
                0x4001b560                _Z13IMUSampleLoopPv
 *fill*         0x4001c0e6        0x2 
 .text._Z15CalibAccAndGyrov
                0x4001c0e8      0x216 Drivers\IMUSetupAndSample.o
                0x4001c0e8                _Z15CalibAccAndGyrov
 *fill*         0x4001c2fe        0x2 
 .text._Z9unclodI2Cv
                0x4001c300       0xf0 Drivers\IMUSetupAndSample.o
                0x4001c300                _Z9unclodI2Cv
 .text._Z11whoAmICheckv
                0x4001c3f0       0x80 Drivers\IMUSetupAndSample.o
                0x4001c3f0                _Z11whoAmICheckv
 .text._Z8IMUSetupv
                0x4001c470      0x358 Drivers\IMUSetupAndSample.o
                0x4001c470                _Z8IMUSetupv
 .text._Z6IMURunv
                0x4001c7c8       0x6a Drivers\IMUSetupAndSample.o
                0x4001c7c8                _Z6IMURunv
 *fill*         0x4001c832        0x2 
 .text._Z10getHeadingv
                0x4001c834       0x28 Drivers\IMUSetupAndSample.o
                0x4001c834                _Z10getHeadingv
 .text.startup._GLOBAL__sub_I_Gscale
                0x4001c85c       0x9e Drivers\IMUSetupAndSample.o
 *fill*         0x4001c8fa        0x2 
 .text._Z14DoHtmlFunctioniPKct
                0x4001c8fc        0xa htmldata.o
                0x4001c8fc                _Z14DoHtmlFunctioniPKct
 *fill*         0x4001c906        0x2 
 .text._Z14DoHtmlVariableit
                0x4001c908        0xa htmldata.o
                0x4001c908                _Z14DoHtmlVariableit
 *fill*         0x4001c912        0x2 
 .text.__tcf_0  0x4001c914       0x38 C:\Nburn/lib/NANO54415.a(serial.o)
 .text._Z11BaseGetChari
                0x4001c94c       0xac C:\Nburn/lib/NANO54415.a(serial.o)
                0x4001c94c                _Z11BaseGetChari
 .text._Z14InitializeMapsv.part.1
                0x4001c9f8       0x76 C:\Nburn/lib/NANO54415.a(serial.o)
 *fill*         0x4001ca6e        0x2 
 .text._Z6WakeTxi
                0x4001ca70       0x8c C:\Nburn/lib/NANO54415.a(serial.o)
                0x4001ca70                _Z6WakeTxi
 .text._Z11BasePutCharih
                0x4001cafc       0xf0 C:\Nburn/lib/NANO54415.a(serial.o)
                0x4001cafc                _Z11BasePutCharih
 .text._Z8serwriteiPKci
                0x4001cbec      0x156 C:\Nburn/lib/NANO54415.a(serial.o)
                0x4001cbec                _Z8serwriteiPKci
 *fill*         0x4001cd42        0x2 
 .text._Z8DoSerIsri
                0x4001cd44      0x302 C:\Nburn/lib/NANO54415.a(serial.o)
                0x4001cd44                _Z8DoSerIsri
 *fill*         0x4001d046        0x2 
 .text._Z14fake_SER_0_ISRv
                0x4001d048       0x54 C:\Nburn/lib/NANO54415.a(serial.o)
                0x4001d048                _Z14fake_SER_0_ISRv
                0x4001d04c                SER_0_ISR
 .text.real_SER_0_ISR
                0x4001d09c       0x12 C:\Nburn/lib/NANO54415.a(serial.o)
                0x4001d09c                real_SER_0_ISR
 *fill*         0x4001d0ae        0x2 
 .text._Z14fake_SER_1_ISRv
                0x4001d0b0       0x54 C:\Nburn/lib/NANO54415.a(serial.o)
                0x4001d0b0                _Z14fake_SER_1_ISRv
                0x4001d0b4                SER_1_ISR
 .text.real_SER_1_ISR
                0x4001d104       0x14 C:\Nburn/lib/NANO54415.a(serial.o)
                0x4001d104                real_SER_1_ISR
 .text._Z14fake_SER_2_ISRv
                0x4001d118       0x54 C:\Nburn/lib/NANO54415.a(serial.o)
                0x4001d118                _Z14fake_SER_2_ISRv
                0x4001d11c                SER_2_ISR
 .text.real_SER_2_ISR
                0x4001d16c       0x14 C:\Nburn/lib/NANO54415.a(serial.o)
                0x4001d16c                real_SER_2_ISR
 .text._Z14fake_SER_3_ISRv
                0x4001d180       0x54 C:\Nburn/lib/NANO54415.a(serial.o)
                0x4001d180                _Z14fake_SER_3_ISRv
                0x4001d184                SER_3_ISR
 .text.real_SER_3_ISR
                0x4001d1d4       0x14 C:\Nburn/lib/NANO54415.a(serial.o)
                0x4001d1d4                real_SER_3_ISR
 .text._Z14fake_SER_4_ISRv
                0x4001d1e8       0x54 C:\Nburn/lib/NANO54415.a(serial.o)
                0x4001d1e8                _Z14fake_SER_4_ISRv
                0x4001d1ec                SER_4_ISR
 .text.real_SER_4_ISR
                0x4001d23c       0x14 C:\Nburn/lib/NANO54415.a(serial.o)
                0x4001d23c                real_SER_4_ISR
 .text._Z14fake_SER_5_ISRv
                0x4001d250       0x54 C:\Nburn/lib/NANO54415.a(serial.o)
                0x4001d250                _Z14fake_SER_5_ISRv
                0x4001d254                SER_5_ISR
 .text.real_SER_5_ISR
                0x4001d2a4       0x14 C:\Nburn/lib/NANO54415.a(serial.o)
                0x4001d2a4                real_SER_5_ISR
 .text._Z14fake_SER_6_ISRv
                0x4001d2b8       0x54 C:\Nburn/lib/NANO54415.a(serial.o)
                0x4001d2b8                _Z14fake_SER_6_ISRv
                0x4001d2bc                SER_6_ISR
 .text.real_SER_6_ISR
                0x4001d30c       0x14 C:\Nburn/lib/NANO54415.a(serial.o)
                0x4001d30c                real_SER_6_ISR
 .text._Z14fake_SER_7_ISRv
                0x4001d320       0x54 C:\Nburn/lib/NANO54415.a(serial.o)
                0x4001d320                _Z14fake_SER_7_ISRv
                0x4001d324                SER_7_ISR
 .text.real_SER_7_ISR
                0x4001d374       0x14 C:\Nburn/lib/NANO54415.a(serial.o)
                0x4001d374                real_SER_7_ISR
 .text._Z14fake_SER_8_ISRv
                0x4001d388       0x54 C:\Nburn/lib/NANO54415.a(serial.o)
                0x4001d388                _Z14fake_SER_8_ISRv
                0x4001d38c                SER_8_ISR
 .text.real_SER_8_ISR
                0x4001d3dc       0x14 C:\Nburn/lib/NANO54415.a(serial.o)
                0x4001d3dc                real_SER_8_ISR
 .text._Z14fake_SER_9_ISRv
                0x4001d3f0       0x54 C:\Nburn/lib/NANO54415.a(serial.o)
                0x4001d3f0                _Z14fake_SER_9_ISRv
                0x4001d3f4                SER_9_ISR
 .text.real_SER_9_ISR
                0x4001d444       0x14 C:\Nburn/lib/NANO54415.a(serial.o)
                0x4001d444                real_SER_9_ISR
 .text._Z10serreadwtoiPcii
                0x4001d458      0x21a C:\Nburn/lib/NANO54415.a(serial.o)
                0x4001d458                _Z10serreadwtoiPcii
 *fill*         0x4001d672        0x2 
 .text._Z7serreadiPci
                0x4001d674       0x1c C:\Nburn/lib/NANO54415.a(serial.o)
                0x4001d674                _Z7serreadiPci
 .text._Z10OpenSerialijii11parity_mode
                0x4001d690      0x6f0 C:\Nburn/lib/NANO54415.a(serial.o)
                0x4001d690                _Z10OpenSerialijii11parity_mode
 .text._Z11SerialClosei
                0x4001dd80       0xda C:\Nburn/lib/NANO54415.a(serial.o)
                0x4001dd80                _Z11SerialClosei
 *fill*         0x4001de5a        0x2 
 .text._Z16serexternalclosei
                0x4001de5c       0x34 C:\Nburn/lib/NANO54415.a(serial.o)
                0x4001de5c                _Z16serexternalclosei
 .text.startup._GLOBAL__sub_I_Uarts
                0x4001de90       0x5e C:\Nburn/lib/NANO54415.a(serial.o)
 *fill*         0x4001deee        0x2 
 .text._ZN5PinIO3setEh
                0x4001def0      0xa84 C:\Nburn/lib/NANO54415.a(pins.o)
                0x4001def0                _ZN5PinIO3setEh
 .text._ZN5PinIO4readEv
                0x4001e974      0x5d8 C:\Nburn/lib/NANO54415.a(pins.o)
                0x4001e974                _ZN5PinIO4readEv
 .text._ZN5PinIO8functionEi
                0x4001ef4c      0x524 C:\Nburn/lib/NANO54415.a(pins.o)
                0x4001ef4c                _ZN5PinIO8functionEi
 .text._Z15InitSingleEndADv
                0x4001f470       0xec C:\Nburn/lib/NANO54415.a(SimpleAD.o)
                0x4001f470                _Z15InitSingleEndADv
 .text._Z7StartADv
                0x4001f55c       0x26 C:\Nburn/lib/NANO54415.a(SimpleAD.o)
                0x4001f55c                _Z7StartADv
 *fill*         0x4001f582        0x2 
 .text._Z6ADDonev
                0x4001f584       0x20 C:\Nburn/lib/NANO54415.a(SimpleAD.o)
                0x4001f584                _Z6ADDonev
 .text._Z11GetADResulti
                0x4001f5a4       0x1c C:\Nburn/lib/NANO54415.a(SimpleAD.o)
                0x4001f5a4                _Z11GetADResulti
 .text._Z15GetSpiFlashCritv
                0x4001f5c0       0x46 C:\Nburn/lib/NANO54415.a(FlashOps.o)
                0x4001f5c0                _Z15GetSpiFlashCritv
 *fill*         0x4001f606        0x2 
 .text._Z10FlashErasePvi
                0x4001f608       0xac C:\Nburn/lib/NANO54415.a(FlashOps.o)
                0x4001f608                _Z10FlashErasePvi
 .text._Z12FlashProgramPvS_i
                0x4001f6b4      0x160 C:\Nburn/lib/NANO54415.a(FlashOps.o)
                0x4001f6b4                _Z12FlashProgramPvS_i
 .text.CopySPIFlashImageOnBoot
                0x4001f814       0x66 C:\Nburn/lib/NANO54415.a(FlashOps.o)
                0x4001f814                CopySPIFlashImageOnBoot
 *fill*         0x4001f87a        0x2 
 .text.startup._GLOBAL__sub_I_SPI_Main
                0x4001f87c       0x4a C:\Nburn/lib/NANO54415.a(FlashOps.o)
 *fill*         0x4001f8c6        0x2 
 .text.__tcf_0  0x4001f8c8        0x8 C:\Nburn/lib/NANO54415.a(HiResTimer.o)
 .text._Z21fake_Timer0_Interruptv
                0x4001f8d0       0x54 C:\Nburn/lib/NANO54415.a(HiResTimer.o)
                0x4001f8d0                _Z21fake_Timer0_Interruptv
                0x4001f8d4                Timer0_Interrupt
 .text.real_Timer0_Interrupt
                0x4001f924       0x6c C:\Nburn/lib/NANO54415.a(HiResTimer.o)
                0x4001f924                real_Timer0_Interrupt
 .text._Z21fake_Timer1_Interruptv
                0x4001f990       0x54 C:\Nburn/lib/NANO54415.a(HiResTimer.o)
                0x4001f990                _Z21fake_Timer1_Interruptv
                0x4001f994                Timer1_Interrupt
 .text.real_Timer1_Interrupt
                0x4001f9e4       0x6c C:\Nburn/lib/NANO54415.a(HiResTimer.o)
                0x4001f9e4                real_Timer1_Interrupt
 .text._Z21fake_Timer2_Interruptv
                0x4001fa50       0x54 C:\Nburn/lib/NANO54415.a(HiResTimer.o)
                0x4001fa50                _Z21fake_Timer2_Interruptv
                0x4001fa54                Timer2_Interrupt
 .text.real_Timer2_Interrupt
                0x4001faa4       0x6c C:\Nburn/lib/NANO54415.a(HiResTimer.o)
                0x4001faa4                real_Timer2_Interrupt
 .text._Z21fake_Timer3_Interruptv
                0x4001fb10       0x54 C:\Nburn/lib/NANO54415.a(HiResTimer.o)
                0x4001fb10                _Z21fake_Timer3_Interruptv
                0x4001fb14                Timer3_Interrupt
 .text.real_Timer3_Interrupt
                0x4001fb64       0x6c C:\Nburn/lib/NANO54415.a(HiResTimer.o)
                0x4001fb64                real_Timer3_Interrupt
 .text._ZN10HiResTimer10init_ticksEmi
                0x4001fbd0       0xf2 C:\Nburn/lib/NANO54415.a(HiResTimer.o)
                0x4001fbd0                _ZN10HiResTimer10init_ticksEmi
 *fill*         0x4001fcc2        0x2 
 .text._ZN10HiResTimer4initEd
                0x4001fcc4      0x122 C:\Nburn/lib/NANO54415.a(HiResTimer.o)
                0x4001fcc4                _ZN10HiResTimer4initEd
 *fill*         0x4001fde6        0x2 
 .text._ZN10HiResTimer8readTimeEv
                0x4001fde8       0xfe C:\Nburn/lib/NANO54415.a(HiResTimer.o)
                0x4001fde8                _ZN10HiResTimer8readTimeEv
 *fill*         0x4001fee6        0x2 
 .text._ZN10HiResTimer5delayEd
                0x4001fee8       0x70 C:\Nburn/lib/NANO54415.a(HiResTimer.o)
                0x4001fee8                _ZN10HiResTimer5delayEd
 .text._ZN10HiResTimerC2Ei
                0x4001ff58       0x5e C:\Nburn/lib/NANO54415.a(HiResTimer.o)
                0x4001ff58                _ZN10HiResTimerC2Ei
                0x4001ff58                _ZN10HiResTimerC1Ei
 *fill*         0x4001ffb6        0x2 
 .text._ZN10HiResTimer13getHiResTimerEi
                0x4001ffb8       0xf8 C:\Nburn/lib/NANO54415.a(HiResTimer.o)
                0x4001ffb8                _ZN10HiResTimer13getHiResTimerEi
 .text.startup._GLOBAL__sub_I__ZN10HiResTimer6timersE
                0x400200b0       0x58 C:\Nburn/lib/NANO54415.a(HiResTimer.o)
 .text._Z18fake_firq2_pin_isrv
                0x40020108       0x54 C:\Nburn/lib/NANO54415.a(pin_irq.o)
                0x40020108                _Z18fake_firq2_pin_isrv
                0x4002010c                firq2_pin_isr
 .text.real_firq2_pin_isr
                0x4002015c       0x28 C:\Nburn/lib/NANO54415.a(pin_irq.o)
                0x4002015c                real_firq2_pin_isr
 .text._Z18fake_firq3_pin_isrv
                0x40020184       0x54 C:\Nburn/lib/NANO54415.a(pin_irq.o)
                0x40020184                _Z18fake_firq3_pin_isrv
                0x40020188                firq3_pin_isr
 .text.real_firq3_pin_isr
                0x400201d8       0x28 C:\Nburn/lib/NANO54415.a(pin_irq.o)
                0x400201d8                real_firq3_pin_isr
 .text._Z9SetPinIrqiiPFvvE
                0x40020200      0x266 C:\Nburn/lib/NANO54415.a(pin_irq.o)
                0x40020200                _Z9SetPinIrqiiPFvvE
 *fill*         0x40020466        0x2 
 .text._Z5xTickv
                0x40020468       0x1c C:\Nburn/lib/NANO54415.a(bsp.o)
                0x40020468                _Z5xTickv
                0x4002046c                Tick5441X
 .text._Z7SetIntcilii
                0x40020484       0xc0 C:\Nburn/lib/NANO54415.a(bsp.o)
                0x40020484                _Z7SetIntcilii
 .text._Z11ForceRebootb
                0x40020544       0x26 C:\Nburn/lib/NANO54415.a(bsp.o)
                0x40020544                _Z11ForceRebootb
 *fill*         0x4002056a        0x2 
 .text._Z12DisableCachev
                0x4002056c       0x56 C:\Nburn/lib/NANO54415.a(bsp.o)
                0x4002056c                _Z12DisableCachev
 *fill*         0x400205c2        0x2 
 .text._Z11EnableCachev
                0x400205c4       0x42 C:\Nburn/lib/NANO54415.a(bsp.o)
                0x400205c4                _Z11EnableCachev
 *fill*         0x40020606        0x2 
 .text._Z13HardwareSetupl
                0x40020608      0x1e0 C:\Nburn/lib/NANO54415.a(bsp.o)
                0x40020608                _Z13HardwareSetupl
 .text._sbrk_r  0x400207e8       0x48 C:\Nburn/lib/NANO54415.a(bsp.o)
                0x400207e8                _sbrk_r
 .text._Z18BspGetTickFractionv
                0x40020830       0x18 C:\Nburn/lib/NANO54415.a(bsp.o)
                0x40020830                _Z18BspGetTickFractionv
 .text._Z13GetUartRecordi
                0x40020848       0x3a C:\Nburn/lib/NANO54415.a(localio.o)
                0x40020848                _Z13GetUartRecordi
 *fill*         0x40020882        0x2 
 .text._Z11LocalInBytev
                0x40020884       0x5e C:\Nburn/lib/NANO54415.a(localio.o)
                0x40020884                _Z11LocalInBytev
 *fill*         0x400208e2        0x2 
 .text._Z12LocalOutBytec
                0x400208e4       0x66 C:\Nburn/lib/NANO54415.a(localio.o)
                0x400208e4                _Z12LocalOutBytec
 *fill*         0x4002094a        0x2 
 .text._Z14LocalCharAvailv
                0x4002094c       0x58 C:\Nburn/lib/NANO54415.a(localio.o)
                0x4002094c                _Z14LocalCharAvailv
 .text._Z18SaveUserParametersPvi
                0x400209a4       0x78 C:\Nburn/lib/NANO54415.a(userparam.o)
                0x400209a4                _Z18SaveUserParametersPvi
 .text._Z17GetUserParametersv
                0x40020a1c        0xe C:\Nburn/lib/NANO54415.a(userparam.o)
                0x40020a1c                _Z17GetUserParametersv
 *fill*         0x40020a2a        0x2 
 .text.MultiChannel_I2CInit
                0x40020a2c      0x1e6 C:\Nburn/lib/NANO54415.a(multichanneli2c.o)
                0x40020a2c                MultiChannel_I2CInit
 *fill*         0x40020c12        0x2 
 .text.MultiChannel_I2CRestart
                0x40020c14       0x42 C:\Nburn/lib/NANO54415.a(multichanneli2c.o)
                0x40020c14                MultiChannel_I2CRestart
 *fill*         0x40020c56        0x2 
 .text.MultiChannel_I2CSendBuf
                0x40020c58      0x1ac C:\Nburn/lib/NANO54415.a(multichanneli2c.o)
                0x40020c58                MultiChannel_I2CSendBuf
 .text.MultiChannel_I2CReadBuf
                0x40020e04      0x25e C:\Nburn/lib/NANO54415.a(multichanneli2c.o)
                0x40020e04                MultiChannel_I2CReadBuf
 *fill*         0x40021062        0x2 
 .text.I2CMultiChannelResetPeripheral
                0x40021064       0x24 C:\Nburn/lib/NANO54415.a(multichanneli2c.o)
                0x40021064                I2CMultiChannelResetPeripheral
 .text.startup._GLOBAL__sub_I_I2C_SlaveTX_Callback
                0x40021088       0x26 C:\Nburn/lib/NANO54415.a(multichanneli2c.o)
 *fill*         0x400210ae        0x2 
 .text._Z14SetDefPinUsagev
                0x400210b0      0x1aa C:\Nburn/lib/NANO54415.a(defpins.o)
                0x400210b0                _Z14SetDefPinUsagev
 *fill*         0x4002125a        0x2 
 .text._ZN8SPIFlashC2Ei
                0x4002125c       0x66 C:\Nburn/lib/NANO54415.a(SPIFlash.o)
                0x4002125c                _ZN8SPIFlashC1Ei
                0x4002125c                _ZN8SPIFlashC2Ei
 *fill*         0x400212c2        0x2 
 .text._ZN8SPIFlashD2Ev
                0x400212c4        0x8 C:\Nburn/lib/NANO54415.a(SPIFlash.o)
                0x400212c4                _ZN8SPIFlashD1Ev
                0x400212c4                _ZN8SPIFlashD2Ev
 .text._ZN8SPIFlash9SpiAscCmdEPKc
                0x400212cc      0x1ce C:\Nburn/lib/NANO54415.a(SPIFlash.o)
                0x400212cc                _ZN8SPIFlash9SpiAscCmdEPKc
 *fill*         0x4002149a        0x2 
 .text._ZN8SPIFlash9WriteDataEPhii
                0x4002149c      0x490 C:\Nburn/lib/NANO54415.a(SPIFlash.o)
                0x4002149c                _ZN8SPIFlash9WriteDataEPhii
 .text._ZN8SPIFlash11EraseSectorEi
                0x4002192c      0x2d6 C:\Nburn/lib/NANO54415.a(SPIFlash.o)
                0x4002192c                _ZN8SPIFlash11EraseSectorEi
 *fill*         0x40021c02        0x2 
 .text._ZN8SPIFlash15WriteDataWEraseEPhii
                0x40021c04       0x7a C:\Nburn/lib/NANO54415.a(SPIFlash.o)
                0x40021c04                _ZN8SPIFlash15WriteDataWEraseEPhii
 *fill*         0x40021c7e        0x2 
 .text._ZN8SPIFlash10EraseRangeEii
                0x40021c80       0x64 C:\Nburn/lib/NANO54415.a(SPIFlash.o)
                0x40021c80                _ZN8SPIFlash10EraseRangeEii
 .text._ZN8SPIFlash7ResetMeEv
                0x40021ce4      0x164 C:\Nburn/lib/NANO54415.a(SPIFlash.o)
                0x40021ce4                _ZN8SPIFlash7ResetMeEv
 .text._ZN8SPIFlash8ReadDataEPhii
                0x40021e48      0x34e C:\Nburn/lib/NANO54415.a(SPIFlash.o)
                0x40021e48                _ZN8SPIFlash8ReadDataEPhii
 *fill*         0x40022196        0x2 
 .text._Z34fake_i2c0_multichannel_int_routinev
                0x40022198       0x54 C:\Nburn/lib/NANO54415.a(i2c_class.o)
                0x40022198                _Z34fake_i2c0_multichannel_int_routinev
                0x4002219c                i2c0_multichannel_int_routine
 .text._Z34fake_i2c1_multichannel_int_routinev
                0x400221ec       0x54 C:\Nburn/lib/NANO54415.a(i2c_class.o)
                0x400221ec                _Z34fake_i2c1_multichannel_int_routinev
                0x400221f0                i2c1_multichannel_int_routine
 .text._Z34fake_i2c2_multichannel_int_routinev
                0x40022240       0x54 C:\Nburn/lib/NANO54415.a(i2c_class.o)
                0x40022240                _Z34fake_i2c2_multichannel_int_routinev
                0x40022244                i2c2_multichannel_int_routine
 .text._Z34fake_i2c3_multichannel_int_routinev
                0x40022294       0x54 C:\Nburn/lib/NANO54415.a(i2c_class.o)
                0x40022294                _Z34fake_i2c3_multichannel_int_routinev
                0x40022298                i2c3_multichannel_int_routine
 .text._Z34fake_i2c4_multichannel_int_routinev
                0x400222e8       0x54 C:\Nburn/lib/NANO54415.a(i2c_class.o)
                0x400222e8                _Z34fake_i2c4_multichannel_int_routinev
                0x400222ec                i2c4_multichannel_int_routine
 .text._Z34fake_i2c5_multichannel_int_routinev
                0x4002233c       0x54 C:\Nburn/lib/NANO54415.a(i2c_class.o)
                0x4002233c                _Z34fake_i2c5_multichannel_int_routinev
                0x40022340                i2c5_multichannel_int_routine
 .text._ZN10i2c_masterC2Ev
                0x40022390       0x48 C:\Nburn/lib/NANO54415.a(i2c_class.o)
                0x40022390                _ZN10i2c_masterC2Ev
                0x40022390                _ZN10i2c_masterC1Ev
 .text._ZN10i2c_master4initEhh
                0x400223d8      0x1b0 C:\Nburn/lib/NANO54415.a(i2c_class.o)
                0x400223d8                _ZN10i2c_master4initEhh
 .text._ZN10i2c_master5resetEv
                0x40022588       0x8e C:\Nburn/lib/NANO54415.a(i2c_class.o)
                0x40022588                _ZN10i2c_master5resetEv
 *fill*         0x40022616        0x2 
 .text._ZN10i2c_master4stopEm
                0x40022618       0x76 C:\Nburn/lib/NANO54415.a(i2c_class.o)
                0x40022618                _ZN10i2c_master4stopEm
 *fill*         0x4002268e        0x2 
 .text._ZN10i2c_master6write8Ehm
                0x40022690       0x96 C:\Nburn/lib/NANO54415.a(i2c_class.o)
                0x40022690                _ZN10i2c_master6write8Ehm
 *fill*         0x40022726        0x2 
 .text._ZN10i2c_master5startEhbm
                0x40022728       0xe4 C:\Nburn/lib/NANO54415.a(i2c_class.o)
                0x40022728                _ZN10i2c_master5startEhbm
 .text._ZN10i2c_master7restartEhbm
                0x4002280c       0xaa C:\Nburn/lib/NANO54415.a(i2c_class.o)
                0x4002280c                _ZN10i2c_master7restartEhbm
 *fill*         0x400228b6        0x2 
 .text._ZN10i2c_master5read8EPhm
                0x400228b8       0x86 C:\Nburn/lib/NANO54415.a(i2c_class.o)
                0x400228b8                _ZN10i2c_master5read8EPhm
 *fill*         0x4002293e        0x2 
 .text._ZN10i2c_master16SlaveRX_CallbackEh
                0x40022940       0x78 C:\Nburn/lib/NANO54415.a(i2c_class.o)
                0x40022940                _ZN10i2c_master16SlaveRX_CallbackEh
 .text._ZN10i2c_master3isrEv
                0x400229b8      0x35e C:\Nburn/lib/NANO54415.a(i2c_class.o)
                0x400229b8                _ZN10i2c_master3isrEv
 *fill*         0x40022d16        0x2 
 .text.real_i2c0_multichannel_int_routine
                0x40022d18       0x16 C:\Nburn/lib/NANO54415.a(i2c_class.o)
                0x40022d18                real_i2c0_multichannel_int_routine
 *fill*         0x40022d2e        0x2 
 .text.real_i2c1_multichannel_int_routine
                0x40022d30       0x16 C:\Nburn/lib/NANO54415.a(i2c_class.o)
                0x40022d30                real_i2c1_multichannel_int_routine
 *fill*         0x40022d46        0x2 
 .text.real_i2c2_multichannel_int_routine
                0x40022d48       0x16 C:\Nburn/lib/NANO54415.a(i2c_class.o)
                0x40022d48                real_i2c2_multichannel_int_routine
 *fill*         0x40022d5e        0x2 
 .text.real_i2c3_multichannel_int_routine
                0x40022d60       0x16 C:\Nburn/lib/NANO54415.a(i2c_class.o)
                0x40022d60                real_i2c3_multichannel_int_routine
 *fill*         0x40022d76        0x2 
 .text.real_i2c4_multichannel_int_routine
                0x40022d78       0x16 C:\Nburn/lib/NANO54415.a(i2c_class.o)
                0x40022d78                real_i2c4_multichannel_int_routine
 *fill*         0x40022d8e        0x2 
 .text.real_i2c5_multichannel_int_routine
                0x40022d90       0x16 C:\Nburn/lib/NANO54415.a(i2c_class.o)
                0x40022d90                real_i2c5_multichannel_int_routine
 *fill*         0x40022da6        0x2 
 .text.startup._GLOBAL__sub_I_I2C
                0x40022da8       0x34 C:\Nburn/lib/NANO54415.a(i2c_class.o)
 .text.startup  0x40022ddc        0xc C:\Nburn/lib/NetBurner.a(main.o)
                0x40022ddc                main
 .text._Z22TopOfStackKillfunctionv
                0x40022de8        0xc C:\Nburn/lib/NetBurner.a(ucosmcfc.o)
                0x40022de8                _Z22TopOfStackKillfunctionv
                0x40022dec                KillFunctionLink
 .text._Z9OSTCBInithPvS_PlPKc
                0x40022df4       0xd6 C:\Nburn/lib/NetBurner.a(ucosmcfc.o)
                0x40022df4                _Z9OSTCBInithPvS_PlPKc
 *fill*         0x40022eca        0x2 
 .text._Z17OSTaskCreatewNamePFvPvES_S_S_hPKc.part.0
                0x40022ecc      0x1d2 C:\Nburn/lib/NetBurner.a(ucosmcfc.o)
 *fill*         0x4002309e        0x2 
 .text._Z17OSTaskCreatewNamePFvPvES_S_S_hPKc
                0x400230a0       0x44 C:\Nburn/lib/NetBurner.a(ucosmcfc.o)
                0x400230a0                _Z17OSTaskCreatewNamePFvPvES_S_S_hPKc
 .text._ZL10OSTaskIdlePv
                0x400230e4       0x2a C:\Nburn/lib/NetBurner.a(ucos.o)
 *fill*         0x4002310e        0x2 
 .text._Z6OSInitPvS_h
                0x40023110      0x174 C:\Nburn/lib/NetBurner.a(ucos.o)
                0x40023110                _Z6OSInitPvS_h
 .text._Z7OSStartv
                0x40023284       0x7c C:\Nburn/lib/NetBurner.a(ucos.o)
                0x40023284                _Z7OSStartv
 .text.OSSched  0x40023300       0x92 C:\Nburn/lib/NetBurner.a(ucos.o)
                0x40023300                OSSched
                0x40023384                UCOSWAITS_HERE
 *fill*         0x40023392        0x2 
 .text.OSIntExit
                0x40023394       0x94 C:\Nburn/lib/NetBurner.a(ucos.o)
                0x40023394                OSIntExit
 .text._Z9OSTimeDlyt
                0x40023428       0xb4 C:\Nburn/lib/NetBurner.a(ucos.o)
                0x40023428                _Z9OSTimeDlyt
 .text.OSTimeTick
                0x400234dc      0x104 C:\Nburn/lib/NetBurner.a(ucos.o)
                0x400234dc                OSTimeTick
 .text._Z12OSTCBGetFreev
                0x400235e0       0x2c C:\Nburn/lib/NetBurner.a(ucos.o)
                0x400235e0                _Z12OSTCBGetFreev
 .text._Z6OSLockv
                0x4002360c       0x26 C:\Nburn/lib/NetBurner.a(ucos.o)
                0x4002360c                _Z6OSLockv
 *fill*         0x40023632        0x2 
 .text._Z8OSUnlockv
                0x40023634       0x3e C:\Nburn/lib/NetBurner.a(ucos.o)
                0x40023634                _Z8OSUnlockv
 *fill*         0x40023672        0x2 
 .text._Z12OSChangePrioh
                0x40023674      0x100 C:\Nburn/lib/NetBurner.a(ucos.o)
                0x40023674                _Z12OSChangePrioh
 .text._Z12OSTaskDeletev
                0x40023774      0x112 C:\Nburn/lib/NetBurner.a(ucos.o)
                0x40023774                _Z12OSTaskDeletev
 *fill*         0x40023886        0x2 
 .text._ZN15OS_TASK_DLY_OBJC2Ev
                0x40023888       0x30 C:\Nburn/lib/NetBurner.a(ucos.o)
                0x40023888                _ZN15OS_TASK_DLY_OBJC2Ev
                0x40023888                _ZN15OS_TASK_DLY_OBJC1Ev
 .text._ZN6OS_SEM5ClaimEv
                0x400238b8       0x52 C:\Nburn/lib/NetBurner.a(ucos.o)
                0x400238b8                _ZN6OS_SEM5ClaimEv
 *fill*         0x4002390a        0x2 
 .text._ZN6OS_SEM4InitEl
                0x4002390c       0x88 C:\Nburn/lib/NetBurner.a(ucos.o)
                0x4002390c                _ZN6OS_SEM4InitEl
 .text._ZN6OS_SEM4PendEm
                0x40023994      0x1d6 C:\Nburn/lib/NetBurner.a(ucos.o)
                0x40023994                _ZN6OS_SEM4PendEm
 *fill*         0x40023b6a        0x2 
 .text._ZN6OS_SEM10PendNoWaitEv
                0x40023b6c       0x3a C:\Nburn/lib/NetBurner.a(ucos.o)
                0x40023b6c                _ZN6OS_SEM10PendNoWaitEv
 *fill*         0x40023ba6        0x2 
 .text._ZN6OS_SEM4PostEv
                0x40023ba8      0x178 C:\Nburn/lib/NetBurner.a(ucos.o)
                0x40023ba8                _ZN6OS_SEM4PostEv
 .text._ZN7OS_FIFO4InitEv
                0x40023d20       0x48 C:\Nburn/lib/NetBurner.a(ucos.o)
                0x40023d20                _ZN7OS_FIFO4InitEv
 .text._ZN7OS_FIFO4PendEPPV10os_fifo_elm
                0x40023d68      0x1d6 C:\Nburn/lib/NetBurner.a(ucos.o)
                0x40023d68                _ZN7OS_FIFO4PendEPPV10os_fifo_elm
 *fill*         0x40023f3e        0x2 
 .text._ZN7OS_FIFO4PostEP10os_fifo_el
                0x40023f40      0x160 C:\Nburn/lib/NetBurner.a(ucos.o)
                0x40023f40                _ZN7OS_FIFO4PostEP10os_fifo_el
 .text.getpid   0x400240a0       0x18 C:\Nburn/lib/NetBurner.a(ucos.o)
                0x400240a0                getpid
 .text._ZN7OS_CRIT4InitEv
                0x400240b8       0x4c C:\Nburn/lib/NetBurner.a(ucos.o)
                0x400240b8                _ZN7OS_CRIT4InitEv
 .text._ZN7OS_CRIT5EnterEm
                0x40024104      0x208 C:\Nburn/lib/NetBurner.a(ucos.o)
                0x40024104                _ZN7OS_CRIT5EnterEm
 .text._ZN7OS_CRIT11EnterNoWaitEv
                0x4002430c       0x70 C:\Nburn/lib/NetBurner.a(ucos.o)
                0x4002430c                _ZN7OS_CRIT11EnterNoWaitEv
 .text._ZN7OS_CRIT5LeaveEv
                0x4002437c      0x19e C:\Nburn/lib/NetBurner.a(ucos.o)
                0x4002437c                _ZN7OS_CRIT5LeaveEv
 *fill*         0x4002451a        0x2 
 .text.cppmain  0x4002451c       0x40 C:\Nburn/lib/NetBurner.a(cppmain.o)
                0x4002451c                cppmain
 .text._Z24SetAddressWriteRangeTrapmm
                0x4002455c       0xec C:\Nburn/lib/NetBurner.a(debugtrap.o)
                0x4002455c                _Z24SetAddressWriteRangeTrapmm
 .text._Z23SetAddressReadRangeTrapmm
                0x40024648       0xec C:\Nburn/lib/NetBurner.a(debugtrap.o)
                0x40024648                _Z23SetAddressReadRangeTrapmm
 .text.UCosSetup
                0x40024734       0x80 C:\Nburn/lib/NetBurner.a(ucosmain.o)
                0x40024734                UCosSetup
 .text.__malloc_lock
                0x400247b4       0x1c C:\Nburn/lib/NetBurner.a(ucosmain.o)
                0x400247b4                __malloc_lock
 .text.__malloc_unlock
                0x400247d0       0x1c C:\Nburn/lib/NetBurner.a(ucosmain.o)
                0x400247d0                __malloc_unlock
 .text._Z9UCosBeginv
                0x400247ec       0xba C:\Nburn/lib/NetBurner.a(ucosmain.o)
                0x400247ec                _Z9UCosBeginv
 *fill*         0x400248a6        0x2 
 .text._Z22EnableOSStackProtectorv
                0x400248a8       0x14 C:\Nburn/lib/NetBurner.a(ucosmain.o)
                0x400248a8                _Z22EnableOSStackProtectorv
 .text.OSStackProtector
                0x400248bc       0x24 C:\Nburn/lib/NetBurner.a(ucosmain.o)
                0x400248bc                OSStackProtector
 .text.startup._GLOBAL__sub_I_OSIdleTaskStk
                0x400248e0       0x22 C:\Nburn/lib/NetBurner.a(ucosmain.o)
 *fill*         0x40024902        0x2 
 .text.ioctl    0x40024904       0x76 C:\Nburn/lib/NetBurner.a(fileio.o)
                0x40024904                ioctl
 *fill*         0x4002497a        0x2 
 .text.close    0x4002497c       0x4c C:\Nburn/lib/NetBurner.a(fileio.o)
                0x4002497c                close
 .text.write    0x400249c8      0x150 C:\Nburn/lib/NetBurner.a(fileio.o)
                0x400249c8                write
 .text._Z8rawwriteiPKci
                0x40024b18       0x82 C:\Nburn/lib/NetBurner.a(fileio.o)
                0x40024b18                _Z8rawwriteiPKci
 *fill*         0x40024b9a        0x2 
 .text.isatty   0x40024b9c       0x14 C:\Nburn/lib/NetBurner.a(fileio.o)
                0x40024b9c                isatty
 .text.lseek    0x40024bb0       0x16 C:\Nburn/lib/NetBurner.a(fileio.o)
                0x40024bb0                lseek
 *fill*         0x40024bc6        0x2 
 .text.fstat    0x40024bc8       0x1c C:\Nburn/lib/NetBurner.a(fileio.o)
                0x40024bc8                fstat
 .text._Z11stdioinbytei
                0x40024be4       0x76 C:\Nburn/lib/NetBurner.a(fileio.o)
                0x40024be4                _Z11stdioinbytei
 *fill*         0x40024c5a        0x2 
 .text.read     0x40024c5c      0x1aa C:\Nburn/lib/NetBurner.a(fileio.o)
                0x40024c5c                read
 *fill*         0x40024e06        0x2 
 .text.charavail
                0x40024e08       0x2e C:\Nburn/lib/NetBurner.a(fileio.o)
                0x40024e08                charavail
 *fill*         0x40024e36        0x2 
 .text.ReplaceStdio
                0x40024e38       0xa0 C:\Nburn/lib/NetBurner.a(fileio.o)
                0x40024e38                ReplaceStdio
 .text.CurrentStdioFD
                0x40024ed8       0x22 C:\Nburn/lib/NetBurner.a(fileio.o)
                0x40024ed8                CurrentStdioFD
 *fill*         0x40024efa        0x2 
 .text._Z9isvalidcrP12ConfigRecord
                0x40024efc       0x46 C:\Nburn/lib/NetBurner.a(system.o)
                0x40024efc                _Z9isvalidcrP12ConfigRecord
 *fill*         0x40024f42        0x2 
 .text._Z12RawGetConfigi
                0x40024f44       0x24 C:\Nburn/lib/NetBurner.a(system.o)
                0x40024f44                _Z12RawGetConfigi
 .text._Z22UpdateConfigRecord_NumP12ConfigRecordi
                0x40024f68      0x184 C:\Nburn/lib/NetBurner.a(system.o)
                0x40024f68                _Z22UpdateConfigRecord_NumP12ConfigRecordi
 .text._Z18UpdateConfigRecordP12ConfigRecord
                0x400250ec       0x16 C:\Nburn/lib/NetBurner.a(system.o)
                0x400250ec                _Z18UpdateConfigRecordP12ConfigRecord
 *fill*         0x40025102        0x2 
 .text.kill     0x40025104        0x8 C:\Nburn/lib/NetBurner.a(utils.o)
                0x40025104                kill
 .text._exit    0x4002510c        0x6 C:\Nburn/lib/NetBurner.a(utils.o)
                0x4002510c                _exit
 *fill*         0x40025112        0x2 
 .text._Z7ShowMacP6MACADR
                0x40025114       0x42 C:\Nburn/lib/NetBurner.a(utils.o)
                0x40025114                _Z7ShowMacP6MACADR
 *fill*         0x40025156        0x2 
 .text._Z7ShowIP47IPADDR4
                0x40025158       0x36 C:\Nburn/lib/NetBurner.a(utils.o)