Archive member included to satisfy reference by file (symbol)

C:\Nburn/lib/NANO54415.a(hardware_init.o)
                              c:/nburn/gcc-m68k/bin/../lib/gcc/m68k-unknown-elf/5.2.0/m54455\nb-crt0.o (hardware_init_hook)
C:\Nburn/lib/NANO54415.a(serial.o)
                              Drivers\dsm2.o (UartData)
C:\Nburn/lib/NANO54415.a(pins.o)
                              Drivers\IMUSetupAndSample.o (_ZN5PinIO3setEh)
C:\Nburn/lib/NANO54415.a(FlashOps.o)
                              C:\Nburn/lib/NANO54415.a(hardware_init.o) (CopySPIFlashImageOnBoot)
C:\Nburn/lib/NANO54415.a(HiResTimer.o)
                              Drivers\MPU9250.o (_ZN10HiResTimer4initEd)
C:\Nburn/lib/NANO54415.a(pin_irq.o)
                              Drivers\Odometer.o (_Z9SetPinIrqiiPFvvE)
C:\Nburn/lib/NANO54415.a(bsp.o)
                              Drivers\servodrive.o (_Z7SetIntcilii)
C:\Nburn/lib/NANO54415.a(localio.o)
                              C:\Nburn/lib/NANO54415.a(serial.o) (_Z13GetUartRecordi)
C:\Nburn/lib/NANO54415.a(multichanneli2c.o)
                              main.o (MultiChannel_I2CInit)
C:\Nburn/lib/NANO54415.a(bspa.o)
                              C:\Nburn/lib/NANO54415.a(bsp.o) (CatchNullWrites)
C:\Nburn/lib/NANO54415.a(defpins.o)
                              C:\Nburn/lib/NANO54415.a(bsp.o) (_Z14SetDefPinUsagev)
C:\Nburn/lib/NANO54415.a(SPIFlash.o)
                              C:\Nburn/lib/NANO54415.a(FlashOps.o) (_ZN8SPIFlashC1Ei)
C:\Nburn/lib/NANO54415.a(i2c_class.o)
                              C:\Nburn/lib/NANO54415.a(multichanneli2c.o) (_ZN10i2c_master4initEhh)
C:\Nburn/lib/NetBurner.a(ucosmcfa.o)
                              C:\Nburn/lib/NANO54415.a(bsp.o) (OSCtxSw)
C:\Nburn/lib/NetBurner.a(software_init.o)
                              c:/nburn/gcc-m68k/bin/../lib/gcc/m68k-unknown-elf/5.2.0/m54455\nb-crt0.o (software_init_hook)
C:\Nburn/lib/NetBurner.a(main.o)
                              c:/nburn/gcc-m68k/bin/../lib/gcc/m68k-unknown-elf/5.2.0/m54455\nb-crt0.o (main)
C:\Nburn/lib/NetBurner.a(ucosmcfc.o)
                              main.o (_Z17OSTaskCreatewNamePFvPvES_S_S_hPKc)
C:\Nburn/lib/NetBurner.a(ucos.o)
                              C:\Nburn/lib/NetBurner.a(ucosmcfc.o) (OSRdyTbl)
C:\Nburn/lib/NetBurner.a(cppmain.o)
                              C:\Nburn/lib/NetBurner.a(main.o) (cppmain)
C:\Nburn/lib/NetBurner.a(debugtrap.o)
                              C:\Nburn/lib/NANO54415.a(bsp.o) (_Z23SetAddressReadRangeTrapmm)
C:\Nburn/lib/NetBurner.a(ucosmain.o)
                              C:\Nburn/lib/NetBurner.a(software_init.o) (UCosSetup)
C:\Nburn/lib/NetBurner.a(fileio.o)
                              C:\Nburn/lib/NetBurner.a(ucosmain.o) (ioctl)
C:\Nburn/lib/NetBurner.a(system.o)
                              C:\Nburn/lib/NANO54415.a(serial.o) (rnd_collect)
C:\Nburn/lib/NetBurner.a(utils.o)
                              C:\Nburn/lib/NetBurner.a(system.o) (_Z7ShowIP47IPADDR4)
C:\Nburn/lib/NetBurner.a(ip.o)
                              main.o (_Z15InitializeStack7IPADDR4S_S_S_)
C:\Nburn/lib/NetBurner.a(buffers.o)
                              C:\Nburn/lib/NetBurner.a(utils.o) (_Z12GetFreeCountv)
C:\Nburn/lib/NetBurner.a(arp.o)
                              C:\Nburn/lib/NetBurner.a(ip.o) (_Z25GetInterfaceForMyAddress47IPADDR4)
C:\Nburn/lib/NetBurner.a(udp.o)
                              C:\Nburn/lib/NetBurner.a(ip.o) (_Z12process_udp4P11pool_bufferP5IPPKTt)
C:\Nburn/lib/NetBurner.a(ftpd.o)
                              Drivers\introspec.o (_Z9FTPDStartth)
C:\Nburn/lib/NetBurner.a(tcp.o)
                              C:\Nburn/lib/NetBurner.a(ip.o) (_Z7InitTCPv)
C:\Nburn/lib/NetBurner.a(extraio.o)
                              Drivers\introspec.o (_Z10GetExtraFDPvP14IoExpandStruct)
C:\Nburn/lib/NetBurner.a(http.o)
                              main.o (_Z9StartHTTPt)
C:\Nburn/lib/NetBurner.a(httpinternal.o)
                              C:\Nburn/lib/NetBurner.a(http.o) (_ZN12HTTP_Request11ProcessLineEPc)
C:\Nburn/lib/NetBurner.a(httpstricmp.o)
                              C:\Nburn/lib/NetBurner.a(httpinternal.o) (_Z11httpstricmpPKcS0_)
C:\Nburn/lib/NetBurner.a(htmldecomp.o)
                              C:\Nburn/lib/NetBurner.a(httpinternal.o) (_Z16SendFullResponsePKci)
C:\Nburn/lib/NetBurner.a(iosys.o)
                              C:\Nburn/lib/NANO54415.a(serial.o) (_Z12SetDataAvaili)
C:\Nburn/lib/NetBurner.a(new_ops.o)
                              Drivers\introspec.o (_Znwm)
C:\Nburn/lib/NetBurner.a(autoip.o)
                              C:\Nburn/lib/NetBurner.a(arp.o) (_ZN12AutoIPClient16addressCollisionEv)
C:\Nburn/lib/NetBurner.a(dhcpc.o)
                              main.o (_Z25GetDHCPAddressIfNecessaryib)
C:\Nburn/lib/NetBurner.a(netinterface.o)
                              C:\Nburn/lib/NetBurner.a(arp.o) (_Z14TransmitBufferP11pool_bufferi)
C:\Nburn/lib/NetBurner.a(taskmon.o)
                              main.o (_Z17EnableTaskMonitorv)
C:\Nburn/lib/NetBurner.a(smarttrap.o)
[...]
Memory Configuration

Name             Origin             Length             Attributes
ram              0x40000400         0x03fffcff         xrw
SRAM             0x80000400         0x0000fbf0         xrw
Cold_SRAM        0x8000fffe         0x00000002         xrw
*default*        0x00000000         0xffffffff

Linker script and memory map

LOAD c:/nburn/gcc-m68k/bin/../lib/gcc/m68k-unknown-elf/5.2.0/m54455\nb-crt0.o
LOAD c:/nburn/gcc-m68k/bin/../lib/gcc/m68k-unknown-elf/5.2.0/m54455/crtbegin.o
LOAD tests.o
LOAD main.o
LOAD Utility.o
LOAD Nav.o
LOAD Map.o
LOAD Logger.o
LOAD Drivers\servodrive.o
LOAD Drivers\pwm.o
LOAD Drivers\introspec.o
LOAD Drivers\dsm2.o
LOAD Drivers\SpinningLidar.o
LOAD Drivers\Odometer.o
LOAD Drivers\MadgwickFilter.o
LOAD Drivers\MPU9250.o
LOAD Drivers\LidarPWM.o
LOAD Drivers\LCD.o
LOAD Drivers\IMUSetupAndSample.o
LOAD htmldata.o
LOAD C:\Nburn/NANO54415/lib/sys.ld
                0x40000000                ovector_base = 0x40000000
                0x80000000                vector_base = 0x80000000
                0x80000400                SRAM_START_ADDR = 0x80000400
                0x8000fffe                SRAM_END_ADDR = 0x8000fffe
                0x8c000000                sim_rgpio = 0x8c000000
                0xec008000                sim1 = 0xec008000
                0xfc004000                sim2 = 0xfc004000
                0x00004000                FlashAppBase = 0x4000
                0xfc0d4008                DBETHER_EMIR_REG = 0xfc0d4008
                0x8000d000                comm_loc = 0x8000d000
START GROUP
LOAD C:\Nburn/lib/NANO54415.a
LOAD C:\Nburn/lib/NetBurner.a
LOAD C:\Nburn/lib/FatFile.a
LOAD c:/nburn/gcc-m68k/bin/../m68k-unknown-elf/sysroot/lib/m54455\libstdc++.a
LOAD C:\Nburn\lib\cryptolib.a
LOAD C:\Nburn\lib\debugLibrary.a
LOAD C:\Nburn\lib\Lua_Full.a
LOAD C:\Nburn\lib\nb-libxively.a
LOAD C:\Nburn\lib\nbwifilib.a
LOAD C:\Nburn\lib\sshLibrary.a
LOAD C:\Nburn\lib\webclient.a
END GROUP
LOAD c:/nburn/gcc-m68k/bin/../m68k-unknown-elf/sysroot/lib/m54455\libstdc++.a
LOAD c:/nburn/gcc-m68k/bin/../m68k-unknown-elf/sysroot/lib/m54455\libm.a
LOAD c:/nburn/gcc-m68k/bin/../lib/gcc/m68k-unknown-elf/5.2.0/m54455\libgcc.a
LOAD c:/nburn/gcc-m68k/bin/../m68k-unknown-elf/sysroot/lib/m54455\libc.a
LOAD c:/nburn/gcc-m68k/bin/../lib/gcc/m68k-unknown-elf/5.2.0/m54455\libgcc.a
LOAD c:/nburn/gcc-m68k/bin/../lib/gcc/m68k-unknown-elf/5.2.0/m54455/crtend.o
START GROUP
LOAD c:/nburn/gcc-m68k/bin/../m68k-unknown-elf/sysroot/lib/m54455\libc.a
LOAD c:/nburn/gcc-m68k/bin/../lib/gcc/m68k-unknown-elf/5.2.0/m54455\libgcc.a
LOAD c:/nburn/gcc-m68k/bin/../m68k-unknown-elf/sysroot/lib/m54455\libm.a
END GROUP
                0x00000000                __DYNAMIC = 0x0
                0x44000000                PROVIDE (__stack, 0x44000000)
                [!provide]                PROVIDE (hardware_init_hook, 0x0)
                [!provide]                PROVIDE (_hardware_init_hook, 0x0)
                [!provide]                PROVIDE (software_init_hook, 0x0)
                [!provide]                PROVIDE (_software_init_hook, 0x0)

.gcc_except_table._ZN10__cxxabiv111__terminateEPFvvE
                0x40000400       0x1d
 .gcc_except_table._ZN10__cxxabiv111__terminateEPFvvE
                0x40000400       0x1d c:/nburn/gcc-m68k/bin/../m68k-unknown-elf/sysroot/lib/m54455\libstdc++.a(eh_terminate.o)

.gcc_except_table.__gxx_personality_v0
                0x40000420       0x1c
 .gcc_except_table.__gxx_personality_v0
                0x40000420       0x1c c:/nburn/gcc-m68k/bin/../m68k-unknown-elf/sysroot/lib/m54455\libstdc++.a(eh_personality.o)

.gcc_except_table.__cxa_call_unexpected
                0x4000043c       0x1c
 .gcc_except_table.__cxa_call_unexpected
                0x4000043c       0x1c c:/nburn/gcc-m68k/bin/../m68k-unknown-elf/sysroot/lib/m54455\libstdc++.a(eh_personality.o)

.gcc_except_table._ZN9__gnu_cxx27__verbose_terminate_handlerEv
                0x40000458       0x2c
 .gcc_except_table._ZN9__gnu_cxx27__verbose_terminate_handlerEv
                0x40000458       0x2c c:/nburn/gcc-m68k/bin/../m68k-unknown-elf/sysroot/lib/m54455\libstdc++.a(vterminate.o)

.SRAM_SECT      0x80000400     0xac60
                0x80000400                SRAM_START = .
 *(SYS_VAR_SECT)
 SYS_VAR_SECT   0x80000400        0x4 C:\Nburn/lib/NANO54415.a(bsp.o)
                0x80000400                cacrMirror
 SYS_VAR_SECT   0x80000404      0x238 C:\Nburn/lib/NetBurner.a(ucos.o)
                0x80000404                OSRunning
                0x80000406                OSISRLevel
                0x80000408                OSRdyGrp
                0x8000040c                OSLockNesting
                0x80000410                OSIntNesting
                0x80000414                OSTCBFreeList
                0x80000418                OSTCBList
                0x8000041c                OSTCBHighRdy
                0x80000420                OSTCBCur
                0x80000424                OSRdyTbl
                0x8000042c                OSTCBPrioTbl
                0x8000052c                OSUnMapTbl
                0x8000062c                OSMapTbl
                0x80000634                Secs
                0x80000638                TimeTick
 SYS_VAR_SECT   0x8000063c      0x272 C:\Nburn/lib/NetBurner.a(ucosmain.o)
                0x8000064e                critical_count
                0x80000652                OSTcbStructSize
                0x80000656                OSTCBTbl
 SYS_VAR_SECT   0x800008ae       0x1c C:\Nburn/lib/NetBurner.a(fileio.o)
                0x800008ae                fd_map
                0x800008c6                pExtraFdFunc
 SYS_VAR_SECT   0x800008ca       0x20 C:\Nburn/lib/NetBurner.a(iosys.o)
                0x800008d2                error_file_sets
                0x800008da                write_file_sets
                0x800008e2                read_file_sets
                0x800008ea                SYS_VAR_SECT_END = .
                0x800008f0                . = ALIGN (0x10)
 *fill*         0x800008ea        0x6 
 *(IDLE_STK_SECT)
                0x800008f0                IDLE_STK_SECT_END = .
                0x800008f0                . = ALIGN (0x10)
 *(MAIN_STK_SECT)
 MAIN_STK_SECT  0x800008f0     0x3000 C:\Nburn/lib/NetBurner.a(cppmain.o)
                0x800008f0                MainStk
                0x800038f0                MAIN_STK_SECT_END = .
                0x800038f0                . = ALIGN (0x4)
 *(ETHER_VAR_SECT)
 ETHER_VAR_SECT
                0x800038f0      0x280 C:\Nburn/lib/NANO54415.a(ethernet.o)
                0x800038f0                FecFifo
                0x80003910                enet1
                0x80003a40                enet0
                0x80003b70                ETHER_VAR_SECT_END = .
                0x80003b70                . = ALIGN (0x10)
 *(ETHER_STK_SECT)
 ETHER_STK_SECT
                0x80003b70     0x2000 C:\Nburn/lib/NANO54415.a(ethernet.o)
                0x80003b70                EtherSendStk
                0x80005b70                ETHER_STK_SECT_END = .
                0x80005b70                . = ALIGN (0x4)
 *(IP_VAR_SECT)
 IP_VAR_SECT    0x80005b70      0x32a C:\Nburn/lib/NetBurner.a(ip.o)
                0x80005b70                delay
                0x80005b74                next_arp_time
                0x80005b78                multi_if_block
                0x80005e34                multi_home_if_record
                0x80005e5c                nAdditional_Homes
                0x80005e60                pFragFunc
                0x80005e64                pMultiCastFunc
                0x80005e68                pPromisciousPacketFunc
                0x80005e6c                pIpv6Tick
                0x80005e70                pAutoIPTick
                0x80005e74                pMultiTick
                0x80005e78                pDHCPServerTick
                0x80005e7c                pDHCPTick
                0x80005e80                IcmpFifo
                0x80005e84                ipRxFifo
                0x80005e96                bTTL_Default
                0x80005e98                wGlobalPktId
 IP_VAR_SECT    0x80005e9a       0xa4 C:\Nburn/lib/NetBurner.a(udp.o)
                0x80005e9a                UdpNetbiosNameServicePtr
                0x80005e9e                pTaskPacketFunc
                0x80005ea2                pDHCPv6ClientProcessFunction
                0x80005ea6                pDHCPServerProcessFunction
                0x80005eaa                pDHCPProcessFunction
                0x80005eae                UDP_fifos_used
                0x80005eb2                udp_fifos
                0x80005f3e                IP_VAR_SECT_END = .
                0x80005f40                . = ALIGN (0x10)
 *fill*         0x80005f3e        0x2 
 *(IP_STK_SECT)
 IP_STK_SECT    0x80005f40     0x2000 C:\Nburn/lib/NetBurner.a(ip.o)
                0x80005f40                IPStk
                0x80007f40                IP_STK_SECT_END = .
                0x80007f40                . = ALIGN (0x4)
 *(TCP_VAR_SECT)
 TCP_VAR_SECT   0x80007f40       0x20 C:\Nburn/lib/NetBurner.a(tcp.o)
                0x80007f40                TCP_TimerSemaphore
                0x80007f52                TCP_critical_section
                0x80007f60                TCP_VAR_SECT_END = .
                0x80007f60                . = ALIGN (0x10)
 *(TCP_STK_SECT)
 TCP_STK_SECT   0x80007f60     0x3000 C:\Nburn/lib/NetBurner.a(tcp.o)
                0x80007f60                TCPStk
                0x8000af60                TCP_STK_SECT_END = .
                0x8000af60                . = ALIGN (0x10)
 *(HTTP_STK_SECT)
                0x8000af60                HTTP_STK_SECT_END = .
                0x8000af60                . = ALIGN (0x10)
 *(FTP_STK_SECT)
                0x8000af60                FTP_STK_SECT_END = .
                0x8000af60                . = ALIGN (0x10)
 *(WIFI_STK_SECT)
                0x8000af60                WIFI_STK_SECT_END = .
                0x8000af60                . = ALIGN (0x10)
 *(PPP_STK_SECT)
                0x8000af60                PPP_STK_SECT_END = .
                0x8000af60                . = ALIGN (0x10)
 *(COMMAND_STK_SECT)
                0x8000af60                COMMAND_STK_SECT_END = .
                0x8000af60                . = ALIGN (0x4)
 *(USER_VAR_SECT)
 USER_VAR_SECT  0x8000af60       0x16 Drivers\introspec.o
                0x8000af60                LogCrit
                0x8000af6e                LogPut
                0x8000af72                LogGet
 USER_VAR_SECT  0x8000af76       0xbc C:\Nburn/lib/NANO54415.a(HiResTimer.o)
                0x8000af76                _ZN10HiResTimer12timerCreatedE
                0x8000af7a                _ZN10HiResTimer6timersE
                0x8000b032                USER_VAR_SECT_END = .
                0x8000b040                . = ALIGN (0x10)
 *fill*         0x8000b032        0xe 
 *(USER_STK_SECT)
                0x8000b040                USER_STK_SECT_END = .
                0x8000b040                . = ALIGN (0x4)
 *(TLS_VAR_SECT)
                0x8000b040                TLS_VAR_SECT_END = .
                0x8000b040                BUFFERS_SECT_START = .
                0x8000b040                . = ALIGN (0x10)
 *(BUFFERS_VAR_SECT)
 BUFFERS_VAR_SECT
                0x8000b040       0x1c C:\Nburn/lib/NetBurner.a(buffers.o)
                0x8000b040                free_list_is_initialized
                0x8000b044                free_fast_list
                0x8000b04e                free_list
                0x8000b058                FAST_BUFFER_POOL_SIZE
                0x8000b060                . = ALIGN (0x10)
 *fill*         0x8000b05c        0x4 
                0x8000b060                BUFFERS_VAR_SECT_END = .
                0x8000b060                . = ALIGN (0x10)
                0x8000b060                SRAM_END = .

.COLD_SRAM_SECT
                0x8000fffe        0x2
 *(COLD_SRAM_VAR)
 COLD_SRAM_VAR  0x8000fffe        0x2 C:\Nburn/lib/NetBurner.a(ip.o)

.text           0x40000490    0x4f6d0
 nb-crt0.o()
 .text          0x40000490       0xaa c:/nburn/gcc-m68k/bin/../lib/gcc/m68k-unknown-elf/5.2.0/m54455\nb-crt0.o
                0x40000490                start
 *fill*         0x4000053a        0x2 
 .data          0x4000053c        0x4 c:/nburn/gcc-m68k/bin/../lib/gcc/m68k-unknown-elf/5.2.0/m54455\nb-crt0.o
 .bss           0x40000540        0x0 c:/nburn/gcc-m68k/bin/../lib/gcc/m68k-unknown-elf/5.2.0/m54455\nb-crt0.o
                0x40000540                gConfigRec = .
                0x40002540                . = (. + 0x2000)
 *fill*         0x40000540     0x2000 
                0x40002540                UserParamBase = .
                0x40004540                . = (. + 0x2000)
 *fill*         0x40002540     0x2000 
 *(.text)
 .text          0x40004540      0x12c c:/nburn/gcc-m68k/bin/../lib/gcc/m68k-unknown-elf/5.2.0/m54455/crtbegin.o
 .text          0x4000466c        0x8 C:\Nburn/lib/NANO54415.a(hardware_init.o)
                0x4000466c                hardware_init_hook
 *fill*         0x40004674        0xc 
 .text          0x40004680      0x19c C:\Nburn/lib/NANO54415.a(bspa.o)
                0x40004680                CatchNullWrites
                0x40004690                _cache_inval
                0x400046b0                _cache_push
                0x400046d0                _cache_flush
                0x40004710                PushCacheLines
                0x40004760                InvalidateCacheLines
                0x400047b0                FlushCacheLines
 *fill*         0x4000481c        0x4 
 .text          0x40004820      0x41a C:\Nburn/lib/NetBurner.a(ucosmcfa.o)
                0x40004820                OSStartHighRdy
                0x40004840                OSCtxSw
                0x40004870                OSIntCtxSw
                0x400048a0                OSTickISR
                0x400048e0                OSSetupVBR
                0x40004900                OSDebugTraceHalt
                0x40004910                memcpy
                0x40004910                fmemcpy
                0x400049e0                memcpysum
                0x40004b70                memset
                0x40004b70                fmemset
                0x40004c10                GetSR_IntLevel
                0x40004c20                SetSR_IntLevel
 *fill*         0x40004c3a        0x2 
 .text          0x40004c3c        0x8 C:\Nburn/lib/NetBurner.a(software_init.o)
                0x40004c3c                software_init_hook
 .text          0x40004c44       0x2e C:\Nburn/lib/NetBurner.a(ucosmain.o)
                0x40004c44                OSStackProtectCtxSw
 *fill*         0x40004c72        0x2 
 .text          0x40004c74      0x1c0 C:\Nburn/lib/NetBurner.a(ip.o)
                0x40004c74                GetSum
                0x40004d30                GetSum20
                0x40004d68                GetSumHdr
 .text          0x40004e34     0x440e c:/nburn/gcc-m68k/bin/../m68k-unknown-elf/sysroot/lib/m54455\libstdc++.a(cp-demangle.o)
                0x4000912c                __cxa_demangle
                0x4000920c                __gcclibcxx_demangle_callback
 *fill*         0x40009242        0x2 
 .text          0x40009244       0xea c:/nburn/gcc-m68k/bin/../m68k-unknown-elf/sysroot/lib/m54455\libm.a(lib_a-s_cos.o)
                0x40009244                cos
 *fill*         0x4000932e        0x2 
 .text          0x40009330       0x6c c:/nburn/gcc-m68k/bin/../m68k-unknown-elf/sysroot/lib/m54455\libm.a(lib_a-s_fpclassify.o)
                0x40009330                __fpclassifyd
 .text          0x4000939c       0xda c:/nburn/gcc-m68k/bin/../m68k-unknown-elf/sysroot/lib/m54455\libm.a(lib_a-s_modf.o)
                0x4000939c                modf
 *fill*         0x40009476        0x2 
 .text          0x40009478       0xc6 c:/nburn/gcc-m68k/bin/../m68k-unknown-elf/sysroot/lib/m54455\libm.a(lib_a-s_round.o)
                0x40009478                round
 *fill*         0x4000953e        0x2 
 .text          0x40009540       0xea c:/nburn/gcc-m68k/bin/../m68k-unknown-elf/sysroot/lib/m54455\libm.a(lib_a-s_sin.o)
                0x40009540                sin
 *fill*         0x4000962a        0x2 
 .text          0x4000962c      0x436 c:/nburn/gcc-m68k/bin/../m68k-unknown-elf/sysroot/lib/m54455\libm.a(lib_a-w_pow.o)
                0x4000962c                pow
 *fill*         0x40009a62        0x2 
 .text          0x40009a64       0xec c:/nburn/gcc-m68k/bin/../m68k-unknown-elf/sysroot/lib/m54455\libm.a(lib_a-wf_asin.o)
                0x40009a64                asinf
 .text          0x40009b50        0xc c:/nburn/gcc-m68k/bin/../m68k-unknown-elf/sysroot/lib/m54455\libm.a(lib_a-wf_atan2.o)
                0x40009b50                atan2f
 .text          0x40009b5c       0xfe c:/nburn/gcc-m68k/bin/../m68k-unknown-elf/sysroot/lib/m54455\libm.a(lib_a-wf_sqrt.o)
                0x40009b5c                sqrtf
 *fill*         0x40009c5a        0x2 
 .text          0x40009c5c      0xdfe c:/nburn/gcc-m68k/bin/../m68k-unknown-elf/sysroot/lib/m54455\libm.a(lib_a-e_pow.o)
                0x40009c5c                __ieee754_pow
 *fill*         0x4000aa5a        0x2 
 .text          0x4000aa5c      0x5f2 c:/nburn/gcc-m68k/bin/../m68k-unknown-elf/sysroot/lib/m54455\libm.a(lib_a-e_rem_pio2.o)
                0x4000aa5c                __ieee754_rem_pio2
 *fill*         0x4000b04e        0x2 
 .text          0x4000b050      0x1d0 c:/nburn/gcc-m68k/bin/../m68k-unknown-elf/sysroot/lib/m54455\libm.a(lib_a-e_sqrt.o)
                0x4000b050                __ieee754_sqrt
 .text          0x4000b220      0x39a c:/nburn/gcc-m68k/bin/../m68k-unknown-elf/sysroot/lib/m54455\libm.a(lib_a-ef_asin.o)
                0x4000b220                __ieee754_asinf
 *fill*         0x4000b5ba        0x2 
 .text          0x4000b5bc      0x1c6 c:/nburn/gcc-m68k/bin/../m68k-unknown-elf/sysroot/lib/m54455\libm.a(lib_a-ef_atan2.o)
                0x4000b5bc                __ieee754_atan2f
 *fill*         0x4000b782        0x2 
 .text          0x4000b784       0xe4 c:/nburn/gcc-m68k/bin/../m68k-unknown-elf/sysroot/lib/m54455\libm.a(lib_a-ef_sqrt.o)
                0x4000b784                __ieee754_sqrtf
 .text          0x4000b868      0x260 c:/nburn/gcc-m68k/bin/../m68k-unknown-elf/sysroot/lib/m54455\libm.a(lib_a-k_cos.o)
                0x4000b868                __kernel_cos
 .text          0x4000bac8      0x8dc c:/nburn/gcc-m68k/bin/../m68k-unknown-elf/sysroot/lib/m54455\libm.a(lib_a-k_rem_pio2.o)
                0x4000bac8                __kernel_rem_pio2
 .text          0x4000c3a4      0x1fa c:/nburn/gcc-m68k/bin/../m68k-unknown-elf/sysroot/lib/m54455\libm.a(lib_a-k_sin.o)
                0x4000c3a4                __kernel_sin
 *fill*         0x4000c59e        0x2 
 .text          0x4000c5a0       0x1c c:/nburn/gcc-m68k/bin/../m68k-unknown-elf/sysroot/lib/m54455\libm.a(lib_a-s_fabs.o)
                0x4000c5a0                fabs
 .text          0x4000c5bc       0x1c c:/nburn/gcc-m68k/bin/../m68k-unknown-elf/sysroot/lib/m54455\libm.a(lib_a-s_finite.o)
                0x4000c5bc                finite
 .text          0x4000c5d8      0x17c c:/nburn/gcc-m68k/bin/../m68k-unknown-elf/sysroot/lib/m54455\libm.a(lib_a-s_floor.o)
                0x4000c5d8                floor
 .text          0x4000c754        0xa c:/nburn/gcc-m68k/bin/../m68k-unknown-elf/sysroot/lib/m54455\libm.a(lib_a-s_matherr.o)
                0x4000c754                matherr
 *fill*         0x4000c75e        0x2 
 .text          0x4000c760       0x10 c:/nburn/gcc-m68k/bin/../m68k-unknown-elf/sysroot/lib/m54455\libm.a(lib_a-s_nan.o)
                0x4000c760                nan
 .text          0x4000c770      0x19e c:/nburn/gcc-m68k/bin/../m68k-unknown-elf/sysroot/lib/m54455\libm.a(lib_a-s_rint.o)
                0x4000c770                rint
 *fill*         0x4000c90e        0x2 
 .text          0x4000c910      0x188 c:/nburn/gcc-m68k/bin/../m68k-unknown-elf/sysroot/lib/m54455\libm.a(lib_a-s_scalbn.o)
                0x4000c910                scalbn
 .text          0x4000ca98      0x2c0 c:/nburn/gcc-m68k/bin/../m68k-unknown-elf/sysroot/lib/m54455\libm.a(lib_a-sf_atan.o)
                0x4000ca98                atanf
 .text          0x4000cd58       0x10 c:/nburn/gcc-m68k/bin/../m68k-unknown-elf/sysroot/lib/m54455\libm.a(lib_a-sf_fabs.o)
                0x4000cd58                fabsf
 .text          0x4000cd68       0x4a c:/nburn/gcc-m68k/bin/../m68k-unknown-elf/sysroot/lib/m54455\libm.a(lib_a-sf_fpclassify.o)
                0x4000cd68                __fpclassifyf
 *fill*         0x4000cdb2        0x2 
 .text          0x4000cdb4       0x2a c:/nburn/gcc-m68k/bin/../m68k-unknown-elf/sysroot/lib/m54455\libm.a(lib_a-s_copysign.o)
                0x4000cdb4                copysign
 *fill*         0x4000cdde        0x2 
 .text          0x4000cde0      0xba0 c:/nburn/gcc-m68k/bin/../lib/gcc/m68k-unknown-elf/5.2.0/m54455\libgcc.a(_double.o)
                0x4000ce3a                __subdf3
                0x4000ce40                __adddf3
                0x4000d2dc                __muldf3
                0x4000d4b8                __divdf3
                0x4000d7a8                __negdf2
                0x4000d806                __cmpdf2_internal
                0x4000d8de                __cmpdf2
 .text          0x4000d980      0x7ca c:/nburn/gcc-m68k/bin/../lib/gcc/m68k-unknown-elf/5.2.0/m54455\libgcc.a(_float.o)
                0x4000d9c8                __subsf3
                0x4000d9ce                __addsf3
                0x4000dcb0                __mulsf3
                0x4000ddf2                __divsf3
                0x4000dfe6                __negsf2
                0x4000e038                __cmpsf2_internal
                0x4000e0d8                __cmpsf2
 *fill*         0x4000e14a        0x2 
 .text          0x4000e14c       0x74 c:/nburn/gcc-m68k/bin/../lib/gcc/m68k-unknown-elf/5.2.0/m54455\libgcc.a(_floatex.o)
                0x4000e14c                __clear_sticky_bit
                0x4000e158                $_exception_handler
 .text          0x4000e1c0       0x22 c:/nburn/gcc-m68k/bin/../lib/gcc/m68k-unknown-elf/5.2.0/m54455\libgcc.a(_eqdf2.o)
                0x4000e1c0                __eqdf2
 *fill*         0x4000e1e2        0x2 
 .text          0x4000e1e4       0x22 c:/nburn/gcc-m68k/bin/../lib/gcc/m68k-unknown-elf/5.2.0/m54455\libgcc.a(_nedf2.o)
                0x4000e1e4                __nedf2
 *fill*         0x4000e206        0x2 
 .text          0x4000e208       0x22 c:/nburn/gcc-m68k/bin/../lib/gcc/m68k-unknown-elf/5.2.0/m54455\libgcc.a(_gtdf2.o)
                0x4000e208                __gtdf2
 *fill*         0x4000e22a        0x2 
 .text          0x4000e22c       0x22 c:/nburn/gcc-m68k/bin/../lib/gcc/m68k-unknown-elf/5.2.0/m54455\libgcc.a(_gedf2.o)
                0x4000e22c                __gedf2
 *fill*         0x4000e24e        0x2 
 .text          0x4000e250       0x22 c:/nburn/gcc-m68k/bin/../lib/gcc/m68k-unknown-elf/5.2.0/m54455\libgcc.a(_ltdf2.o)
                0x4000e250                __ltdf2
 *fill*         0x4000e272        0x2 
 .text          0x4000e274       0x22 c:/nburn/gcc-m68k/bin/../lib/gcc/m68k-unknown-elf/5.2.0/m54455\libgcc.a(_ledf2.o)
                0x4000e274                __ledf2
 *fill*         0x4000e296        0x2 
 .text          0x4000e298       0x1a c:/nburn/gcc-m68k/bin/../lib/gcc/m68k-unknown-elf/5.2.0/m54455\libgcc.a(_eqsf2.o)
                0x4000e298                __eqsf2
 *fill*         0x4000e2b2        0x2 
 .text          0x4000e2b4       0x1a c:/nburn/gcc-m68k/bin/../lib/gcc/m68k-unknown-elf/5.2.0/m54455\libgcc.a(_gtsf2.o)
                0x4000e2b4                __gtsf2
 *fill*         0x4000e2ce        0x2 
 .text          0x4000e2d0       0x1a c:/nburn/gcc-m68k/bin/../lib/gcc/m68k-unknown-elf/5.2.0/m54455\libgcc.a(_ltsf2.o)
                0x4000e2d0                __ltsf2
 *fill*         0x4000e2ea        0x2 
 .text          0x4000e2ec       0x66 c:/nburn/gcc-m68k/bin/../lib/gcc/m68k-unknown-elf/5.2.0/m54455\libgcc.a(_muldi3.o)
                0x4000e2ec                __muldi3
 *fill*         0x4000e352        0x2 
 .text          0x4000e354       0x76 c:/nburn/gcc-m68k/bin/../lib/gcc/m68k-unknown-elf/5.2.0/m54455\libgcc.a(_fixunsdfsi.o)
                0x4000e354                __fixunsdfsi
 *fill*         0x4000e3ca        0x2 
 .text          0x4000e3cc       0x7a c:/nburn/gcc-m68k/bin/../lib/gcc/m68k-unknown-elf/5.2.0/m54455\libgcc.a(_fixunsdfdi.o)
                0x4000e3cc                __fixunsdfdi
 *fill*         0x4000e446        0x2 
 .text          0x4000e448      0x3fe c:/nburn/gcc-m68k/bin/../lib/gcc/m68k-unknown-elf/5.2.0/m54455\libgcc.a(_udivdi3.o)
                0x4000e448                __udivdi3
 *fill*         0x4000e846        0x2 
 .text          0x4000e848      0x372 c:/nburn/gcc-m68k/bin/../lib/gcc/m68k-unknown-elf/5.2.0/m54455\libgcc.a(_umoddi3.o)
                0x4000e848                __umoddi3
 *fill*         0x4000ebba        0x2 
 .text          0x4000ebbc      0x442 c:/nburn/gcc-m68k/bin/../lib/gcc/m68k-unknown-elf/5.2.0/m54455\libgcc.a(fpgnulib.o)
                0x4000ebbc                __unordsf2
                0x4000ec14                __unorddf2
                0x4000ec7e                __floatunsidf
                0x4000ece2                __floatsidf
                0x4000ed8e                __floatunsisf
                0x4000eda8                __floatsisf
                0x4000edc2                __extendsfdf2
                0x4000ee2e                __truncdfsf2
                0x4000ef58                __fixdfsi
                0x4000efe4                __fixsfsi
 *fill*         0x4000effe        0x2 
 .text          0x4000f000     0x21b4 c:/nburn/gcc-m68k/bin/../lib/gcc/m68k-unknown-elf/5.2.0/m54455\libgcc.a(unwind-dw2.o)
                0x40010bda                _Unwind_GetGR
                0x40010c40                _Unwind_GetCFA
                0x40010c50                _Unwind_SetGR
                0x40010cba                _Unwind_GetIP
                0x40010cca                _Unwind_GetIPInfo
                0x40010cea                _Unwind_SetIP
                0x40010cfc                _Unwind_GetLanguageSpecificData
                0x40010d0c                _Unwind_GetRegionStart
                0x40010d1c                _Unwind_FindEnclosingFunction
                0x40010d46                _Unwind_GetDataRelBase
                0x40010d56                _Unwind_GetTextRelBase
                0x40010d66                __frame_state_for
                0x40010e32                _Unwind_RaiseException
                0x40010f4c                _Unwind_ForcedUnwind
                0x40010fe0                _Unwind_Resume
                0x40011076                _Unwind_Resume_or_Rethrow
                0x40011110                _Unwind_DeleteException
                0x4001112e                _Unwind_Backtrace
 .text          0x400111b4     0x126e c:/nburn/gcc-m68k/bin/../lib/gcc/m68k-unknown-elf/5.2.0/m54455\libgcc.a(unwind-dw2-fde.o)
                0x40012008                __register_frame_info_bases
                0x40012050                __register_frame_info
                0x40012098                __register_frame
                0x400120f0                __register_frame_info_table_bases
                0x4001213a                __register_frame_info_table
                0x40012180                __register_frame_table
                0x400121d0                __deregister_frame_info_bases
                0x400122a6                __deregister_frame_info
                0x400122b0                __deregister_frame
                0x400122d4                _Unwind_Find_FDE
 *fill*         0x40012422        0x2 
 .text          0x40012424       0x18 c:/nburn/gcc-m68k/bin/../m68k-unknown-elf/sysroot/lib/m54455\libc.a(lib_a-abort.o)
                0x40012424                abort
 .text          0x4001243c       0x18 c:/nburn/gcc-m68k/bin/../m68k-unknown-elf/sysroot/lib/m54455\libc.a(lib_a-atexit.o)
                0x4001243c                atexit
 .text          0x40012454       0x34 c:/nburn/gcc-m68k/bin/../m68k-unknown-elf/sysroot/lib/m54455\libc.a(lib_a-atoi.o)
                0x40012454                atoi
                0x4001246c                _atoi_r
 .text          0x40012488       0x5c c:/nburn/gcc-m68k/bin/../m68k-unknown-elf/sysroot/lib/m54455\libc.a(lib_a-bsearch.o)
                0x40012488                bsearch
 .text          0x400124e4       0x1e c:/nburn/gcc-m68k/bin/../m68k-unknown-elf/sysroot/lib/m54455\libc.a(lib_a-cxa_atexit.o)
                0x400124e4                __cxa_atexit
 *fill*         0x40012502        0x2 
 .text          0x40012504        0xe c:/nburn/gcc-m68k/bin/../m68k-unknown-elf/sysroot/lib/m54455\libc.a(lib_a-errno.o)
                0x40012504                __errno
 *fill*         0x40012512        0x2 
 .text          0x40012514       0x5c c:/nburn/gcc-m68k/bin/../m68k-unknown-elf/sysroot/lib/m54455\libc.a(lib_a-fputc.o)
                0x40012514                _fputc_r
                0x40012556                fputc
 .text          0x40012570       0xa4 c:/nburn/gcc-m68k/bin/../m68k-unknown-elf/sysroot/lib/m54455\libc.a(lib_a-fputs.o)
                0x40012570                _fputs_r
                0x400125fa                fputs
 .text          0x40012614      0x366 c:/nburn/gcc-m68k/bin/../m68k-unknown-elf/sysroot/lib/m54455\libc.a(lib_a-fvwrite.o)
                0x40012614                __sfvwrite_r
 *fill*         0x4001297a        0x2 
 .text          0x4001297c       0x1a c:/nburn/gcc-m68k/bin/../m68k-unknown-elf/sysroot/lib/m54455\libc.a(lib_a-isspace.o)
                0x4001297c                isspace
 *fill*         0x40012996        0x2 
 .text          0x40012998       0x32 c:/nburn/gcc-m68k/bin/../m68k-unknown-elf/sysroot/lib/m54455\libc.a(lib_a-malloc.o)
                0x40012998                malloc
                0x400129b0                free
 *fill*         0x400129ca        0x2 
 .text          0x400129cc      0x584 c:/nburn/gcc-m68k/bin/../m68k-unknown-elf/sysroot/lib/m54455\libc.a(lib_a-mallocr.o)
                0x400129cc                _malloc_r
 .text          0x40012f50       0x32 c:/nburn/gcc-m68k/bin/../m68k-unknown-elf/sysroot/lib/m54455\libc.a(lib_a-memchr.o)
                0x40012f50                memchr
 *fill*         0x40012f82        0x2 
 .text          0x40012f84       0x32 c:/nburn/gcc-m68k/bin/../m68k-unknown-elf/sysroot/lib/m54455\libc.a(lib_a-memcmp.o)
                0x40012f84                memcmp
 *fill*         0x40012fb6        0x2 
 .text          0x40012fb8       0x54 c:/nburn/gcc-m68k/bin/../m68k-unknown-elf/sysroot/lib/m54455\libc.a(lib_a-memmove.o)
                0x40012fb8                memmove
 .text          0x4001300c       0xa0 c:/nburn/gcc-m68k/bin/../m68k-unknown-elf/sysroot/lib/m54455\libc.a(lib_a-putc.o)
                0x4001300c                _putc_r
                0x40013092                putc
 .text          0x400130ac       0xac c:/nburn/gcc-m68k/bin/../m68k-unknown-elf/sysroot/lib/m54455\libc.a(lib_a-puts.o)
                0x400130ac                _puts_r
                0x40013142                puts
 .text          0x40013158       0x62 c:/nburn/gcc-m68k/bin/../m68k-unknown-elf/sysroot/lib/m54455\libc.a(lib_a-rand.o)
                0x40013158                srand
                0x40013170                rand
 *fill*         0x400131ba        0x2 
 .text          0x400131bc       0x1c c:/nburn/gcc-m68k/bin/../m68k-unknown-elf/sysroot/lib/m54455\libc.a(lib_a-realloc.o)
                0x400131bc                realloc
 .text          0x400131d8      0x456 c:/nburn/gcc-m68k/bin/../m68k-unknown-elf/sysroot/lib/m54455\libc.a(lib_a-reallocr.o)
                0x400131d8                _realloc_r
 *fill*         0x4001362e        0x2 
 .text          0x40013630      0x146 c:/nburn/gcc-m68k/bin/../m68k-unknown-elf/sysroot/lib/m54455\libc.a(lib_a-setvbuf.o)
                0x40013630                setvbuf
 *fill*         0x40013776        0x2 
 .text          0x40013778      0x1ce c:/nburn/gcc-m68k/bin/../m68k-unknown-elf/sysroot/lib/m54455\libc.a(lib_a-signal.o)
                0x40013778                _init_signal_r
                0x400137c0                _signal_r
                0x4001380c                _raise_r
                0x40013880                __sigtramp_r
                0x400138ee                raise
                0x40013904                signal
                0x4001391e                _init_signal
                0x40013930                __sigtramp
 *fill*         0x40013946        0x2 
 .text          0x40013948       0x3e c:/nburn/gcc-m68k/bin/../m68k-unknown-elf/sysroot/lib/m54455\libc.a(lib_a-signalr.o)
                0x40013948                _kill_r
                0x4001397a                _getpid_r
 *fill*         0x40013986        0x2 
 .text          0x40013988       0x18 c:/nburn/gcc-m68k/bin/../m68k-unknown-elf/sysroot/lib/m54455\libc.a(lib_a-stpcpy.o)
                0x40013988                stpcpy
 .text          0x400139a0       0x2e c:/nburn/gcc-m68k/bin/../m68k-unknown-elf/sysroot/lib/m54455\libc.a(lib_a-strcat.o)
                0x400139a0                strcat
 *fill*         0x400139ce        0x2 
 .text          0x400139d0       0x2e c:/nburn/gcc-m68k/bin/../m68k-unknown-elf/sysroot/lib/m54455\libc.a(lib_a-strcmp.o)
                0x400139d0                strcmp
 *fill*         0x400139fe        0x2 
 .text          0x40013a00       0x1c c:/nburn/gcc-m68k/bin/../m68k-unknown-elf/sysroot/lib/m54455\libc.a(lib_a-strcpy.o)
                0x40013a00                strcpy
 .text          0x40013a1c       0x1a c:/nburn/gcc-m68k/bin/../m68k-unknown-elf/sysroot/lib/m54455\libc.a(lib_a-strlen.o)
                0x40013a1c                strlen
 *fill*         0x40013a36        0x2 
 .text          0x40013a38       0x4e c:/nburn/gcc-m68k/bin/../m68k-unknown-elf/sysroot/lib/m54455\libc.a(lib_a-strncmp.o)
                0x40013a38                strncmp
 *fill*         0x40013a86        0x2 
 .text          0x40013a88       0x30 c:/nburn/gcc-m68k/bin/../m68k-unknown-elf/sysroot/lib/m54455\libc.a(lib_a-strncpy.o)
                0x40013a88                strncpy
 .text          0x40013ab8       0x4a c:/nburn/gcc-m68k/bin/../m68k-unknown-elf/sysroot/lib/m54455\libc.a(lib_a-strstr.o)
                0x40013ab8                strstr
 *fill*         0x40013b02        0x2 
 .text          0x40013b04      0x16e c:/nburn/gcc-m68k/bin/../m68k-unknown-elf/sysroot/lib/m54455\libc.a(lib_a-strtol.o)
                0x40013b04                _strtol_r
                0x40013c54                strtol
 *fill*         0x40013c72        0x2 
 .text          0x40013c74       0x2a c:/nburn/gcc-m68k/bin/../m68k-unknown-elf/sysroot/lib/m54455\libc.a(lib_a-tolower.o)
                0x40013c74                tolower
 *fill*         0x40013c9e        0x2 
 .text          0x40013ca0       0x2a c:/nburn/gcc-m68k/bin/../m68k-unknown-elf/sysroot/lib/m54455\libc.a(lib_a-toupper.o)
                0x40013ca0                toupper
 *fill*         0x40013cca        0x2 
 .text          0x40013ccc       0xf4 c:/nburn/gcc-m68k/bin/../m68k-unknown-elf/sysroot/lib/m54455\libc.a(lib_a-wbuf.o)
                0x40013ccc                __swbuf_r
                0x40013da6                __swbuf
 .text          0x40013dc0      0x116 c:/nburn/gcc-m68k/bin/../m68k-unknown-elf/sysroot/lib/m54455\libc.a(lib_a-wsetup.o)
                0x40013dc0                __swsetup_r
 *fill*         0x40013ed6        0x2 
 .text          0x40013ed8       0xa0 c:/nburn/gcc-m68k/bin/../m68k-unknown-elf/sysroot/lib/m54455\libc.a(lib_a-__atexit.o)
                0x40013ed8                __register_exitproc
 .text          0x40013f78      0x204 c:/nburn/gcc-m68k/bin/../m68k-unknown-elf/sysroot/lib/m54455\libc.a(lib_a-fflush.o)
                0x40013f78                __sflush_r
                0x40014100                _fflush_r
                0x4001414e                fflush
 .text          0x4001417c      0x28c c:/nburn/gcc-m68k/bin/../m68k-unknown-elf/sysroot/lib/m54455\libc.a(lib_a-findfp.o)
                0x40014186                _cleanup_r
                0x40014222                __sfmoreglue
                0x4001427e                _cleanup
                0x40014292                __sinit
                0x40014302                __sfp
                0x400143b4                __sfp_lock_acquire
                0x400143bc                __sfp_lock_release
                0x400143c4                __sinit_lock_acquire
                0x400143cc                __sinit_lock_release
                0x400143d4                __fp_lock_all
                0x400143ee                __fp_unlock_all
 .text          0x40014408      0x2ec c:/nburn/gcc-m68k/bin/../m68k-unknown-elf/sysroot/lib/m54455\libc.a(lib_a-freer.o)
                0x40014408                _malloc_trim_r
                0x400144dc                _free_r
 .text          0x400146f4       0xb4 c:/nburn/gcc-m68k/bin/../m68k-unknown-elf/sysroot/lib/m54455\libc.a(lib_a-fwalk.o)
                0x400146f4                _fwalk
                0x4001474c                _fwalk_reent
 .text          0x400147a8      0x152 c:/nburn/gcc-m68k/bin/../m68k-unknown-elf/sysroot/lib/m54455\libc.a(lib_a-makebuf.o)
                0x400147a8                __smakebuf_r
 *fill*         0x400148fa        0x2 
 .text          0x400148fc      0x126 c:/nburn/gcc-m68k/bin/../m68k-unknown-elf/sysroot/lib/m54455\libc.a(lib_a-stdio.o)
                0x400148fc                __sread
                0x40014940                __seofread
                0x4001494a                __swrite
                0x400149b6                __sseek
                0x40014a0a                __sclose
 *fill*         0x40014a22        0x2 
 .text          0x40014a24       0x38 c:/nburn/gcc-m68k/bin/../m68k-unknown-elf/sysroot/lib/m54455\libc.a(lib_a-writer.o)
                0x40014a24                _write_r
 .text          0x40014a5c       0x2e c:/nburn/gcc-m68k/bin/../m68k-unknown-elf/sysroot/lib/m54455\libc.a(lib_a-closer.o)
                0x40014a5c                _close_r
 *fill*         0x40014a8a        0x2 
 .text          0x40014a8c       0xe2 c:/nburn/gcc-m68k/bin/../m68k-unknown-elf/sysroot/lib/m54455\libc.a(lib_a-fclose.o)
                0x40014a8c                _fclose_r
                0x40014b58                fclose
 *fill*         0x40014b6e        0x2 
 .text          0x40014b70       0x32 c:/nburn/gcc-m68k/bin/../m68k-unknown-elf/sysroot/lib/m54455\libc.a(lib_a-fstatr.o)
                0x40014b70                _fstat_r
 *fill*         0x40014ba2        0x2 
 .text          0x40014ba4       0x2e c:/nburn/gcc-m68k/bin/../m68k-unknown-elf/sysroot/lib/m54455\libc.a(lib_a-isattyr.o)
                0x40014ba4                _isatty_r
 *fill*         0x40014bd2        0x2 
 .text          0x40014bd4       0x38 c:/nburn/gcc-m68k/bin/../m68k-unknown-elf/sysroot/lib/m54455\libc.a(lib_a-lseekr.o)
                0x40014bd4                _lseek_r
 .text          0x40014c0c       0x38 c:/nburn/gcc-m68k/bin/../m68k-unknown-elf/sysroot/lib/m54455\libc.a(lib_a-readr.o)
                0x40014c0c                _read_r
 .text          0x40014c44       0x32 c:/nburn/gcc-m68k/bin/../lib/gcc/m68k-unknown-elf/5.2.0/m54455/crtend.o
                0x40014c80                . = ALIGN (0x10)
 *fill*         0x40014c76        0xa 
 *(.text.*)
 .text._Z9LCDUpdatePv
                0x40014c80       0xe8 main.o
                0x40014c80                _Z9LCDUpdatePv
 .text._Z5DrivePv
                0x40014d68      0x126 main.o
                0x40014d68                _Z5DrivePv
 *fill*         0x40014e8e        0x2 
 .text._Z4initv
                0x40014e90      0x220 main.o
                0x40014e90                _Z4initv
 .text.UserMain
                0x400150b0       0xfc main.o
                0x400150b0                UserMain
 .text.startup._GLOBAL__sub_I_MainTaskSem
                0x400151ac       0xb8 main.o
 .text._ZN7Utility4modeEv
                0x40015264       0x32 Utility.o
                0x40015264                _ZN7Utility4modeEv
 *fill*         0x40015296        0x2 
 .text._ZN7Utility9odoToFeetEm
                0x40015298       0x46 Utility.o
                0x40015298                _ZN7Utility9odoToFeetEm
 *fill*         0x400152de        0x2 
 .text._ZN7Utility10degreeWrapEf
                0x400152e0       0x90 Utility.o
                0x400152e0                _ZN7Utility10degreeWrapEf
 .text._ZN3NavD2Ev
                0x40015370        0x8 Nav.o
                0x40015370                _ZN3NavD1Ev
                0x40015370                _ZN3NavD2Ev
 .text._ZN3NavD0Ev
                0x40015378       0x1c Nav.o
                0x40015378                _ZN3NavD0Ev
 .text._ZN3NavC2Ev
                0x40015394       0x12 Nav.o
                0x40015394                _ZN3NavC2Ev
                0x40015394                _ZN3NavC1Ev
 *fill*         0x400153a6        0x2 
 .text._ZN3Nav4getXEv
                0x400153a8       0x14 Nav.o
                0x400153a8                _ZN3Nav4getXEv
 .text._ZN3Nav4getYEv
                0x400153bc       0x14 Nav.o
                0x400153bc                _ZN3Nav4getYEv
 .text._ZN3Nav9navUpdateEv
                0x400153d0      0x232 Nav.o
                0x400153d0                _ZN3Nav9navUpdateEv
 *fill*         0x40015602        0x2 
 .text._ZN3Nav8getSteerEv
                0x40015604        0xc Nav.o
                0x40015604                _ZN3Nav8getSteerEv
 .text._ZN3Nav11getThrottleEv
                0x40015610        0xc Nav.o
                0x40015610                _ZN3Nav11getThrottleEv
 .text._ZN13MainLogObject9GetExtentERPmS1_
                0x4001561c       0x24 Logger.o
                0x4001561c                _ZN13MainLogObject9GetExtentERPmS1_
 .text._ZN6Logger7logLoopEPv
                0x40015640      0x13c Logger.o
                0x40015640                _ZN6Logger7logLoopEPv
 .text._ZN13MainLogObject8BuildOneEv
                0x4001577c      0x204 Logger.o
                0x4001577c                _ZN13MainLogObject8BuildOneEv
 .text._ZN13MainLogObjectC2Ev
                0x40015980      0x2be Logger.o
                0x40015980                _ZN13MainLogObjectC2Ev
                0x40015980                _ZN13MainLogObjectC1Ev
 *fill*         0x40015c3e        0x2 
 .text._ZN6Logger8logBeginEv
                0x40015c40       0x3a Logger.o
                0x40015c40                _ZN6Logger8logBeginEv
 *fill*         0x40015c7a        0x2 
 .text.startup._GLOBAL__sub_I_mainLog
                0x40015c7c       0x1a Logger.o
 *fill*         0x40015c96        0x2 
 .text._Z11CoreRcTimeri
                0x40015c98       0xfa Drivers\servodrive.o
                0x40015c98                _Z11CoreRcTimeri
 *fill*         0x40015d92        0x2 
 .text._Z12fake_Ch0_ISRv
                0x40015d94       0x54 Drivers\servodrive.o
                0x40015d94                _Z12fake_Ch0_ISRv
                0x40015d98                Ch0_ISR
 .text.real_Ch0_ISR
                0x40015de8       0x16 Drivers\servodrive.o
                0x40015de8                real_Ch0_ISR
 *fill*         0x40015dfe        0x2 
 .text._Z12fake_Ch1_ISRv
                0x40015e00       0x54 Drivers\servodrive.o
                0x40015e00                _Z12fake_Ch1_ISRv
                0x40015e04                Ch1_ISR
 .text.real_Ch1_ISR
                0x40015e54       0x18 Drivers\servodrive.o
                0x40015e54                real_Ch1_ISR
 .text._Z14ServoDriveInitv
                0x40015e6c      0x16e Drivers\servodrive.o
                0x40015e6c                _Z14ServoDriveInitv
 *fill*         0x40015fda        0x2 
 .text._Z11SetServoPosid
                0x40015fdc      0x134 Drivers\servodrive.o
                0x40015fdc                _Z11SetServoPosid
 .text._Z11SetServoRawii
                0x40016110       0xc2 Drivers\servodrive.o
                0x40016110                _Z11SetServoRawii
 *fill*         0x400161d2        0x2 
 .text._Z11getServoPosi
                0x400161d4       0x1c Drivers\servodrive.o
                0x400161d4                _Z11getServoPosi
 .text._Z14PinFunctionPWMi
                0x400161f0      0x11a Drivers\pwm.o
                0x400161f0                _Z14PinFunctionPWMi
 *fill*         0x4001630a        0x2 
 .text._Z18CheckLoadOkayClearv
                0x4001630c       0x7c Drivers\pwm.o
                0x4001630c                _Z18CheckLoadOkayClearv
 .text._Z19RegisterDefinitionsih
                0x40016388       0x9a Drivers\pwm.o
                0x40016388                _Z19RegisterDefinitionsih
 *fill*         0x40016422        0x2 
 .text._Z14EdgeAlignedPWMiii
                0x40016424      0x408 Drivers\pwm.o
                0x40016424                _Z14EdgeAlignedPWMiii
 .text._Z6PinPWMiid
                0x4001682c       0x86 Drivers\pwm.o
                0x4001682c                _Z6PinPWMiid
 *fill*         0x400168b2        0x2 
 .text._Z22BuildOrFindDescriptionPKc
                0x400168b4       0xa2 Drivers\introspec.o
                0x400168b4                _Z22BuildOrFindDescriptionPKc
 *fill*         0x40016956        0x2 
 .text._ZN15IntrospecObjectC2EPKc
                0x40016958       0x1c Drivers\introspec.o
                0x40016958                _ZN15IntrospecObjectC1EPKc
                0x40016958                _ZN15IntrospecObjectC2EPKc
 .text._Z14LogEscapedByteh
                0x40016974       0x72 Drivers\introspec.o
                0x40016974                _Z14LogEscapedByteh
 *fill*         0x400169e6        0x2 
 .text._Z10LogRawByteh
                0x400169e8       0x58 Drivers\introspec.o
                0x400169e8                _Z10LogRawByteh
 .text._Z8LogRaw32m
                0x40016a40      0x130 Drivers\introspec.o
                0x40016a40                _Z8LogRaw32m
 .text._ZN15IntrospecObject7ElementEPvmPKcc
                0x40016b70       0x94 Drivers\introspec.o
                0x40016b70                _ZN15IntrospecObject7ElementEPvmPKcc
 .text._ZN15IntrospecObject12LogStructureEv
                0x40016c04       0x98 Drivers\introspec.o
                0x40016c04                _ZN15IntrospecObject12LogStructureEv
 .text._ZN15IntrospecObject3LogEb
                0x40016c9c      0x136 Drivers\introspec.o
                0x40016c9c                _ZN15IntrospecObject3LogEb
 *fill*         0x40016dd2        0x2 
 .text._Z10LogMessagePKcb
                0x40016dd4       0x84 Drivers\introspec.o
                0x40016dd4                _Z10LogMessagePKcb
 .text._Z12WriteLogToFdi
                0x40016e58       0xf0 Drivers\introspec.o
                0x40016e58                _Z12WriteLogToFdi
 .text._Z10GetLogSizev
                0x40016f48       0x80 Drivers\introspec.o
                0x40016f48                _Z10GetLogSizev
 .text._Z10InitLogFtpi
                0x40016fc8       0x20 Drivers\introspec.o
                0x40016fc8                _Z10InitLogFtpi
 .text._Z22FTPD_GetFileFromClientPKcS0_Pvi
                0x40016fe8        0xa Drivers\introspec.o
                0x40016fe8                _Z22FTPD_GetFileFromClientPKcS0_Pvi
 *fill*         0x40016ff2        0x2 
 .text._Z21FTPD_AbleToCreateFilePKcS0_Pv
                0x40016ff4        0xa Drivers\introspec.o
                0x40016ff4                _Z21FTPD_AbleToCreateFilePKcS0_Pv
 *fill*         0x40016ffe        0x2 
 .text._Z16FTPDSessionStartPKcS0_7IPADDR4
                0x40017000        0xa Drivers\introspec.o
                0x40017000                _Z16FTPDSessionStartPKcS0_7IPADDR4
 *fill*         0x4001700a        0x2 
 .text._Z14FTPDSessionEndPv
                0x4001700c        0x8 Drivers\introspec.o
                0x4001700c                _Z14FTPDSessionEndPv
 .text._Z23FTPD_ListSubDirectoriesPKcPvPFviS0_Ei
                0x40017014        0xa Drivers\introspec.o
                0x40017014                _Z23FTPD_ListSubDirectoriesPKcPvPFviS0_Ei
 *fill*         0x4001701e        0x2 
 .text._Z20FTPD_DirectoryExistsPKcPv
                0x40017020        0xa Drivers\introspec.o
                0x40017020                _Z20FTPD_DirectoryExistsPKcPv
 *fill*         0x4001702a        0x2 
 .text._Z23FTPD_CreateSubDirectoryPKcS0_Pv
                0x4001702c        0xa Drivers\introspec.o
                0x4001702c                _Z23FTPD_CreateSubDirectoryPKcS0_Pv
 *fill*         0x40017036        0x2 
 .text._Z23FTPD_DeleteSubDirectoryPKcS0_Pv
                0x40017038        0xa Drivers\introspec.o
                0x40017038                _Z23FTPD_DeleteSubDirectoryPKcS0_Pv
 *fill*         0x40017042        0x2 
 .text._Z15FTPD_DeleteFilePKcS0_Pv
                0x40017044       0x60 Drivers\introspec.o
                0x40017044                _Z15FTPD_DeleteFilePKcS0_Pv
 .text._Z11FTPD_RenamePKcS0_S0_Pv
                0x400170a4        0xa Drivers\introspec.o
                0x400170a4                _Z11FTPD_RenamePKcS0_S0_Pv
 *fill*         0x400170ae        0x2 
 .text._Z16FTPD_GetFileSizePKcS0_
                0x400170b0        0xa Drivers\introspec.o
                0x400170b0                _Z16FTPD_GetFileSizePKcS0_
 *fill*         0x400170ba        0x2 
 .text._Z12getdirstringPKclPc
                0x400170bc       0xac Drivers\introspec.o
                0x400170bc                _Z12getdirstringPKclPc
 .text._Z13FTPD_ListFilePKcPvPFviS0_Ei
                0x40017168       0x5e Drivers\introspec.o
                0x40017168                _Z13FTPD_ListFilePKcPvPFviS0_Ei
 *fill*         0x400171c6        0x2 
 .text._Z21FTPD_SendFileToClientPKcS0_Pvi
                0x400171c8       0x78 Drivers\introspec.o
                0x400171c8                _Z21FTPD_SendFileToClientPKcS0_Pvi
 .text._Z15FTPD_FileExistsPKcS0_Pv
                0x40017240        0xa Drivers\introspec.o
                0x40017240                _Z15FTPD_FileExistsPKcS0_Pv
 *fill*         0x4001724a        0x2 
 .text._ZN7FileLogC2EPKc
                0x4001724c       0x20 Drivers\introspec.o
                0x4001724c                _ZN7FileLogC2EPKc
                0x4001724c                _ZN7FileLogC1EPKc
 .text._Z15LogFileVersionsv
                0x4001726c       0x5e Drivers\introspec.o
                0x4001726c                _Z15LogFileVersionsv
 *fill*         0x400172ca        0x2 
 .text.startup._GLOBAL__sub_I__ZN15IntrospecObject7bShowMeE
                0x400172cc       0x44 Drivers\introspec.o
 .text._Z15RC_ProcessCharsih
                0x40017310       0xe6 Drivers\dsm2.o
                0x40017310                _Z15RC_ProcessCharsih
 *fill*         0x400173f6        0x2 
 .text._Z10InitDSM2Rxi
                0x400173f8       0x52 Drivers\dsm2.o
                0x400173f8                _Z10InitDSM2Rxi
 *fill*         0x4001744a        0x2 
 .text._ZN13SpinningLidar17SpinningLidarInitEv
                0x4001744c       0x34 Drivers\SpinningLidar.o
                0x4001744c                _ZN13SpinningLidar17SpinningLidarInitEv
 .text._ZN13SpinningLidar11checkHealthEi
                0x40017480       0xe6 Drivers\SpinningLidar.o
                0x40017480                _ZN13SpinningLidar11checkHealthEi
 *fill*         0x40017566        0x2 
 .text._ZN13SpinningLidar9hardResetEi
                0x40017568       0x46 Drivers\SpinningLidar.o
                0x40017568                _ZN13SpinningLidar9hardResetEi
 *fill*         0x400175ae        0x2 
 .text._ZN13SpinningLidar9startScanEi
                0x400175b0       0x78 Drivers\SpinningLidar.o
                0x400175b0                _ZN13SpinningLidar9startScanEi
 .text._ZN13SpinningLidar11processcharEih
                0x40017628      0x154 Drivers\SpinningLidar.o
                0x40017628                _ZN13SpinningLidar11processcharEih
 .text._ZN13SpinningLidar9LidarTaskEPv
                0x4001777c      0x118 Drivers\SpinningLidar.o
                0x4001777c                _ZN13SpinningLidar9LidarTaskEPv
 .text._ZN8OdometerD2Ev
                0x40017894        0x8 Drivers\Odometer.o
                0x40017894                _ZN8OdometerD2Ev
                0x40017894                _ZN8OdometerD1Ev
 .text._ZN8OdometerD0Ev
                0x4001789c       0x1c Drivers\Odometer.o
                0x4001789c                _ZN8OdometerD0Ev
 .text._ZN8Odometer6OdoIrqEv
                0x400178b8       0x46 Drivers\Odometer.o
                0x400178b8                _ZN8Odometer6OdoIrqEv
 *fill*         0x400178fe        0x2 
 .text._ZN8OdometerC2Ev
                0x40017900       0x12 Drivers\Odometer.o
                0x40017900                _ZN8OdometerC1Ev
                0x40017900                _ZN8OdometerC2Ev
 *fill*         0x40017912        0x2 
 .text._ZN8OdometerC2Ei
                0x40017914       0x52 Drivers\Odometer.o
                0x40017914                _ZN8OdometerC1Ei
                0x40017914                _ZN8OdometerC2Ei
 *fill*         0x40017966        0x2 
 .text._ZN8Odometer8getCountEv
                0x40017968        0xe Drivers\Odometer.o
                0x40017968                _ZN8Odometer8getCountEv
 .text._ZN5Madge24MadgwickQuaternionUpdateEfffffffff
                0x40017976      0xde8 Drivers\MadgwickFilter.o
                0x40017976                _ZN5Madge24MadgwickQuaternionUpdateEfffffffff
 *fill*         0x4001875e        0x2 
 .text._ZN7MPU9250C2Eh
                0x40018760       0x66 Drivers\MPU9250.o
                0x40018760                _ZN7MPU9250C1Eh
                0x40018760                _ZN7MPU9250C2Eh
 *fill*         0x400187c6        0x2 
 .text._ZN7MPU92507getMresEh
                0x400187c8       0x4e Drivers\MPU9250.o
                0x400187c8                _ZN7MPU92507getMresEh
 *fill*         0x40018816        0x2 
 .text._ZN7MPU92507getGresEh
                0x40018818       0x7e Drivers\MPU9250.o
                0x40018818                _ZN7MPU92507getGresEh
 *fill*         0x40018896        0x2 
 .text._ZN7MPU92507getAresEh
                0x40018898       0x7e Drivers\MPU9250.o
                0x40018898                _ZN7MPU92507getAresEh
 *fill*         0x40018916        0x2 
 .text._ZN7MPU925018I2CWriteReadBufferEhhPhi
                0x40018918       0xb0 Drivers\MPU9250.o
                0x40018918                _ZN7MPU925018I2CWriteReadBufferEhhPhi
 .text._ZN7MPU925011initMPU9250Ehh
                0x400189c8      0x1f8 Drivers\MPU9250.o
                0x400189c8                _ZN7MPU925011initMPU9250Ehh
 .text._ZN7MPU925015readMPU9250DataEPs
                0x40018bc0       0xfa Drivers\MPU9250.o
                0x40018bc0                _ZN7MPU925015readMPU9250DataEPs
 *fill*         0x40018cba        0x2 
 .text._ZN7MPU925011readMagDataEPs
                0x40018cbc       0x72 Drivers\MPU9250.o
                0x40018cbc                _ZN7MPU925011readMagDataEPs
 *fill*         0x40018d2e        0x2 
 .text._ZN7MPU925013magcalMPU9250EPfS0_
                0x40018d30      0x332 Drivers\MPU9250.o
                0x40018d30                _ZN7MPU925013magcalMPU9250EPfS0_
 *fill*         0x40019062        0x2 
 .text._ZN7MPU925010initAK8963EhhPf
                0x40019064      0x1ea Drivers\MPU9250.o
                0x40019064                _ZN7MPU925010initAK8963EhhPf
 *fill*         0x4001924e        0x2 
 .text._ZN7MPU925016calibrateMPU9250EPfS0_
                0x40019250      0x81e Drivers\MPU9250.o
                0x40019250                _ZN7MPU925016calibrateMPU9250EPfS0_
 *fill*         0x40019a6e        0x2 
 .text._ZN7MPU92508SelfTestEPf
                0x40019a70      0x8cc Drivers\MPU9250.o
                0x40019a70                _ZN7MPU92508SelfTestEPf
 .text._ZN7MPU92508readByteEhh
                0x4001a33c       0x2e Drivers\MPU9250.o
                0x4001a33c                _ZN7MPU92508readByteEhh
 *fill*         0x4001a36a        0x2 
 .text._ZN7MPU9250C2Ev
                0x4001a36c        0x8 Drivers\MPU9250.o
                0x4001a36c                _ZN7MPU9250C2Ev
                0x4001a36c                _ZN7MPU9250C1Ev
 .text._Z20fake_LIDAR_ISR_RIGHTv
                0x4001a374       0x54 Drivers\LidarPWM.o
                0x4001a374                _Z20fake_LIDAR_ISR_RIGHTv
                0x4001a378                LIDAR_ISR_RIGHT
 .text.real_LIDAR_ISR_RIGHT
                0x4001a3c8       0x90 Drivers\LidarPWM.o
                0x4001a3c8                real_LIDAR_ISR_RIGHT
 .text._Z12LidarPWMInitv
                0x4001a458       0x7c Drivers\LidarPWM.o
                0x4001a458                _Z12LidarPWMInitv
 .text._ZN3LCDD2Ev
                0x4001a4d4        0x8 Drivers\LCD.o
                0x4001a4d4                _ZN3LCDD2Ev
                0x4001a4d4                _ZN3LCDD1Ev
 .text._ZN3LCDD0Ev
                0x4001a4dc       0x1c Drivers\LCD.o
                0x4001a4dc                _ZN3LCDD0Ev
 .text._ZN3LCDC2Ev
                0x4001a4f8       0x16 Drivers\LCD.o
                0x4001a4f8                _ZN3LCDC1Ev
                0x4001a4f8                _ZN3LCDC2Ev
 *fill*         0x4001a50e        0x2 
 .text._ZN3LCDC2Eii
                0x4001a510       0x3c Drivers\LCD.o
                0x4001a510                _ZN3LCDC1Eii
                0x4001a510                _ZN3LCDC2Eii
 .text._ZN3LCD5clearEv
                0x4001a54c       0x7c Drivers\LCD.o
                0x4001a54c                _ZN3LCD5clearEv
 .text._ZN3LCD5printEPKc
                0x4001a5c8       0x1a Drivers\LCD.o
                0x4001a5c8                _ZN3LCD5printEPKc
 *fill*         0x4001a5e2        0x2 
 .text._ZN3LCD5printEPKci
                0x4001a5e4       0x1a Drivers\LCD.o
                0x4001a5e4                _ZN3LCD5printEPKci
 *fill*         0x4001a5fe        0x2 
 .text._Z4Pirqv
                0x4001a600       0x28 Drivers\IMUSetupAndSample.o
                0x4001a600                _Z4Pirqv
 .text._Z13IMUSampleLoopPv
                0x4001a628      0xaee Drivers\IMUSetupAndSample.o
                0x4001a628                _Z13IMUSampleLoopPv
 *fill*         0x4001b116        0x2 
 .text._Z15CalibAccAndGyrov
                0x4001b118      0x216 Drivers\IMUSetupAndSample.o
                0x4001b118                _Z15CalibAccAndGyrov
 *fill*         0x4001b32e        0x2 
 .text._Z9unclodI2Cv
                0x4001b330       0xf0 Drivers\IMUSetupAndSample.o
                0x4001b330                _Z9unclodI2Cv
 .text._Z11whoAmICheckv
                0x4001b420       0x80 Drivers\IMUSetupAndSample.o
                0x4001b420                _Z11whoAmICheckv
 .text._Z8IMUSetupv
                0x4001b4a0      0x242 Drivers\IMUSetupAndSample.o
                0x4001b4a0                _Z8IMUSetupv
 *fill*         0x4001b6e2        0x2 
 .text._Z6IMURunv
                0x4001b6e4       0x6a Drivers\IMUSetupAndSample.o
                0x4001b6e4                _Z6IMURunv
 *fill*         0x4001b74e        0x2 
 .text._Z10getHeadingv
                0x4001b750        0xe Drivers\IMUSetupAndSample.o
                0x4001b750                _Z10getHeadingv
 *fill*         0x4001b75e        0x2 
 .text._Z13getQuaternionv
                0x4001b760        0xe Drivers\IMUSetupAndSample.o
                0x4001b760                _Z13getQuaternionv
 *fill*         0x4001b76e        0x2 
 .text.startup._GLOBAL__sub_I_Gscale
                0x4001b770       0x9e Drivers\IMUSetupAndSample.o
 *fill*         0x4001b80e        0x2 
 .text._Z14DoHtmlFunctioniPKct
                0x4001b810        0xa htmldata.o
                0x4001b810                _Z14DoHtmlFunctioniPKct
 *fill*         0x4001b81a        0x2 
 .text._Z14DoHtmlVariableit
                0x4001b81c        0xa htmldata.o
                0x4001b81c                _Z14DoHtmlVariableit
 *fill*         0x4001b826        0x2 
 .text.__tcf_0  0x4001b828       0x38 C:\Nburn/lib/NANO54415.a(serial.o)
 .text._Z11BaseGetChari
                0x4001b860       0xac C:\Nburn/lib/NANO54415.a(serial.o)
                0x4001b860                _Z11BaseGetChari
 .text._Z14InitializeMapsv.part.1
                0x4001b90c       0x76 C:\Nburn/lib/NANO54415.a(serial.o)
 *fill*         0x4001b982        0x2 
 .text._Z6WakeTxi
                0x4001b984       0x8c C:\Nburn/lib/NANO54415.a(serial.o)
                0x4001b984                _Z6WakeTxi
 .text._Z11BasePutCharih
                0x4001ba10       0xf0 C:\Nburn/lib/NANO54415.a(serial.o)
                0x4001ba10                _Z11BasePutCharih
 .text._Z8serwriteiPKci
                0x4001bb00      0x156 C:\Nburn/lib/NANO54415.a(serial.o)
                0x4001bb00                _Z8serwriteiPKci
 *fill*         0x4001bc56        0x2 
 .text._Z8DoSerIsri
                0x4001bc58      0x302 C:\Nburn/lib/NANO54415.a(serial.o)
                0x4001bc58                _Z8DoSerIsri
 *fill*         0x4001bf5a        0x2 
 .text._Z14fake_SER_0_ISRv
                0x4001bf5c       0x54 C:\Nburn/lib/NANO54415.a(serial.o)
                0x4001bf5c                _Z14fake_SER_0_ISRv
                0x4001bf60                SER_0_ISR
 .text.real_SER_0_ISR
                0x4001bfb0       0x12 C:\Nburn/lib/NANO54415.a(serial.o)
                0x4001bfb0                real_SER_0_ISR
 *fill*         0x4001bfc2        0x2 
 .text._Z14fake_SER_1_ISRv
                0x4001bfc4       0x54 C:\Nburn/lib/NANO54415.a(serial.o)
                0x4001bfc4                _Z14fake_SER_1_ISRv
                0x4001bfc8                SER_1_ISR
 .text.real_SER_1_ISR
                0x4001c018       0x14 C:\Nburn/lib/NANO54415.a(serial.o)
                0x4001c018                real_SER_1_ISR
 .text._Z14fake_SER_2_ISRv
                0x4001c02c       0x54 C:\Nburn/lib/NANO54415.a(serial.o)
                0x4001c02c                _Z14fake_SER_2_ISRv
                0x4001c030                SER_2_ISR
 .text.real_SER_2_ISR
                0x4001c080       0x14 C:\Nburn/lib/NANO54415.a(serial.o)
                0x4001c080                real_SER_2_ISR
 .text._Z14fake_SER_3_ISRv
                0x4001c094       0x54 C:\Nburn/lib/NANO54415.a(serial.o)
                0x4001c094                _Z14fake_SER_3_ISRv
                0x4001c098                SER_3_ISR
 .text.real_SER_3_ISR
                0x4001c0e8       0x14 C:\Nburn/lib/NANO54415.a(serial.o)
                0x4001c0e8                real_SER_3_ISR
 .text._Z14fake_SER_4_ISRv
                0x4001c0fc       0x54 C:\Nburn/lib/NANO54415.a(serial.o)
                0x4001c0fc                _Z14fake_SER_4_ISRv
                0x4001c100                SER_4_ISR
 .text.real_SER_4_ISR
                0x4001c150       0x14 C:\Nburn/lib/NANO54415.a(serial.o)
                0x4001c150                real_SER_4_ISR
 .text._Z14fake_SER_5_ISRv
                0x4001c164       0x54 C:\Nburn/lib/NANO54415.a(serial.o)
                0x4001c164                _Z14fake_SER_5_ISRv
                0x4001c168                SER_5_ISR
 .text.real_SER_5_ISR
                0x4001c1b8       0x14 C:\Nburn/lib/NANO54415.a(serial.o)
                0x4001c1b8                real_SER_5_ISR
 .text._Z14fake_SER_6_ISRv
                0x4001c1cc       0x54 C:\Nburn/lib/NANO54415.a(serial.o)
                0x4001c1cc                _Z14fake_SER_6_ISRv
                0x4001c1d0                SER_6_ISR
 .text.real_SER_6_ISR
                0x4001c220       0x14 C:\Nburn/lib/NANO54415.a(serial.o)
                0x4001c220                real_SER_6_ISR
 .text._Z14fake_SER_7_ISRv
                0x4001c234       0x54 C:\Nburn/lib/NANO54415.a(serial.o)
                0x4001c234                _Z14fake_SER_7_ISRv
                0x4001c238                SER_7_ISR
 .text.real_SER_7_ISR
                0x4001c288       0x14 C:\Nburn/lib/NANO54415.a(serial.o)
                0x4001c288                real_SER_7_ISR
 .text._Z14fake_SER_8_ISRv
                0x4001c29c       0x54 C:\Nburn/lib/NANO54415.a(serial.o)
                0x4001c29c                _Z14fake_SER_8_ISRv
                0x4001c2a0                SER_8_ISR
 .text.real_SER_8_ISR
                0x4001c2f0       0x14 C:\Nburn/lib/NANO54415.a(serial.o)
                0x4001c2f0                real_SER_8_ISR
 .text._Z14fake_SER_9_ISRv
                0x4001c304       0x54 C:\Nburn/lib/NANO54415.a(serial.o)
                0x4001c304                _Z14fake_SER_9_ISRv
                0x4001c308                SER_9_ISR
 .text.real_SER_9_ISR
                0x4001c358       0x14 C:\Nburn/lib/NANO54415.a(serial.o)
                0x4001c358                real_SER_9_ISR
 .text._Z10serreadwtoiPcii
                0x4001c36c      0x21a C:\Nburn/lib/NANO54415.a(serial.o)
                0x4001c36c                _Z10serreadwtoiPcii
 *fill*         0x4001c586        0x2 
 .text._Z7serreadiPci
                0x4001c588       0x1c C:\Nburn/lib/NANO54415.a(serial.o)
                0x4001c588                _Z7serreadiPci
 .text._Z10OpenSerialijii11parity_mode
                0x4001c5a4      0x6f0 C:\Nburn/lib/NANO54415.a(serial.o)
                0x4001c5a4                _Z10OpenSerialijii11parity_mode
 .text._Z11SerialClosei
                0x4001cc94       0xda C:\Nburn/lib/NANO54415.a(serial.o)
                0x4001cc94                _Z11SerialClosei
 *fill*         0x4001cd6e        0x2 
 .text._Z16serexternalclosei
                0x4001cd70       0x34 C:\Nburn/lib/NANO54415.a(serial.o)
                0x4001cd70                _Z16serexternalclosei
 .text.startup._GLOBAL__sub_I_Uarts
                0x4001cda4       0x5e C:\Nburn/lib/NANO54415.a(serial.o)
 *fill*         0x4001ce02        0x2 
 .text._ZN5PinIO3setEh
                0x4001ce04      0xa84 C:\Nburn/lib/NANO54415.a(pins.o)
                0x4001ce04                _ZN5PinIO3setEh
 .text._ZN5PinIO4readEv
                0x4001d888      0x5d8 C:\Nburn/lib/NANO54415.a(pins.o)
                0x4001d888                _ZN5PinIO4readEv
 .text._ZN5PinIO8functionEi
                0x4001de60      0x524 C:\Nburn/lib/NANO54415.a(pins.o)
                0x4001de60                _ZN5PinIO8functionEi
 .text._Z15GetSpiFlashCritv
                0x4001e384       0x46 C:\Nburn/lib/NANO54415.a(FlashOps.o)
                0x4001e384                _Z15GetSpiFlashCritv
 *fill*         0x4001e3ca        0x2 
 .text._Z10FlashErasePvi
                0x4001e3cc       0xac C:\Nburn/lib/NANO54415.a(FlashOps.o)
                0x4001e3cc                _Z10FlashErasePvi
 .text._Z12FlashProgramPvS_i
                0x4001e478      0x160 C:\Nburn/lib/NANO54415.a(FlashOps.o)
                0x4001e478                _Z12FlashProgramPvS_i
 .text.CopySPIFlashImageOnBoot
                0x4001e5d8       0x66 C:\Nburn/lib/NANO54415.a(FlashOps.o)
                0x4001e5d8                CopySPIFlashImageOnBoot
 *fill*         0x4001e63e        0x2 
 .text.startup._GLOBAL__sub_I_SPI_Main
                0x4001e640       0x4a C:\Nburn/lib/NANO54415.a(FlashOps.o)
 *fill*         0x4001e68a        0x2 
 .text.__tcf_0  0x4001e68c        0x8 C:\Nburn/lib/NANO54415.a(HiResTimer.o)
 .text._Z21fake_Timer0_Interruptv
                0x4001e694       0x54 C:\Nburn/lib/NANO54415.a(HiResTimer.o)
                0x4001e694                _Z21fake_Timer0_Interruptv
                0x4001e698                Timer0_Interrupt
 .text.real_Timer0_Interrupt
                0x4001e6e8       0x6c C:\Nburn/lib/NANO54415.a(HiResTimer.o)
                0x4001e6e8                real_Timer0_Interrupt
 .text._Z21fake_Timer1_Interruptv
                0x4001e754       0x54 C:\Nburn/lib/NANO54415.a(HiResTimer.o)
                0x4001e754                _Z21fake_Timer1_Interruptv
                0x4001e758                Timer1_Interrupt
 .text.real_Timer1_Interrupt
                0x4001e7a8       0x6c C:\Nburn/lib/NANO54415.a(HiResTimer.o)
                0x4001e7a8                real_Timer1_Interrupt
 .text._Z21fake_Timer2_Interruptv
                0x4001e814       0x54 C:\Nburn/lib/NANO54415.a(HiResTimer.o)
                0x4001e814                _Z21fake_Timer2_Interruptv
                0x4001e818                Timer2_Interrupt
 .text.real_Timer2_Interrupt
                0x4001e868       0x6c C:\Nburn/lib/NANO54415.a(HiResTimer.o)
                0x4001e868                real_Timer2_Interrupt
 .text._Z21fake_Timer3_Interruptv
                0x4001e8d4       0x54 C:\Nburn/lib/NANO54415.a(HiResTimer.o)
                0x4001e8d4                _Z21fake_Timer3_Interruptv
                0x4001e8d8                Timer3_Interrupt
 .text.real_Timer3_Interrupt
                0x4001e928       0x6c C:\Nburn/lib/NANO54415.a(HiResTimer.o)
                0x4001e928                real_Timer3_Interrupt
 .text._ZN10HiResTimer10init_ticksEmi
                0x4001e994       0xf2 C:\Nburn/lib/NANO54415.a(HiResTimer.o)
                0x4001e994                _ZN10HiResTimer10init_ticksEmi
 *fill*         0x4001ea86        0x2 
 .text._ZN10HiResTimer4initEd
                0x4001ea88      0x122 C:\Nburn/lib/NANO54415.a(HiResTimer.o)
                0x4001ea88                _ZN10HiResTimer4initEd
 *fill*         0x4001ebaa        0x2 
 .text._ZN10HiResTimer8readTimeEv
                0x4001ebac       0xfe C:\Nburn/lib/NANO54415.a(HiResTimer.o)
                0x4001ebac                _ZN10HiResTimer8readTimeEv
 *fill*         0x4001ecaa        0x2 
 .text._ZN10HiResTimer5delayEd
                0x4001ecac       0x70 C:\Nburn/lib/NANO54415.a(HiResTimer.o)
                0x4001ecac                _ZN10HiResTimer5delayEd
 .text._ZN10HiResTimerC2Ei
                0x4001ed1c       0x5e C:\Nburn/lib/NANO54415.a(HiResTimer.o)
                0x4001ed1c                _ZN10HiResTimerC2Ei
                0x4001ed1c                _ZN10HiResTimerC1Ei
 *fill*         0x4001ed7a        0x2 
 .text._ZN10HiResTimer13getHiResTimerEi
                0x4001ed7c       0xf8 C:\Nburn/lib/NANO54415.a(HiResTimer.o)
                0x4001ed7c                _ZN10HiResTimer13getHiResTimerEi
 .text.startup._GLOBAL__sub_I__ZN10HiResTimer6timersE
                0x4001ee74       0x58 C:\Nburn/lib/NANO54415.a(HiResTimer.o)
 .text._Z18fake_firq2_pin_isrv
                0x4001eecc       0x54 C:\Nburn/lib/NANO54415.a(pin_irq.o)
                0x4001eecc                _Z18fake_firq2_pin_isrv
                0x4001eed0                firq2_pin_isr
 .text.real_firq2_pin_isr
                0x4001ef20       0x28 C:\Nburn/lib/NANO54415.a(pin_irq.o)
                0x4001ef20                real_firq2_pin_isr
 .text._Z18fake_firq3_pin_isrv
                0x4001ef48       0x54 C:\Nburn/lib/NANO54415.a(pin_irq.o)
                0x4001ef48                _Z18fake_firq3_pin_isrv
                0x4001ef4c                firq3_pin_isr
 .text.real_firq3_pin_isr
                0x4001ef9c       0x28 C:\Nburn/lib/NANO54415.a(pin_irq.o)
                0x4001ef9c                real_firq3_pin_isr
 .text._Z9SetPinIrqiiPFvvE
                0x4001efc4      0x266 C:\Nburn/lib/NANO54415.a(pin_irq.o)
                0x4001efc4                _Z9SetPinIrqiiPFvvE
 *fill*         0x4001f22a        0x2 
 .text._Z5xTickv
                0x4001f22c       0x1c C:\Nburn/lib/NANO54415.a(bsp.o)
                0x4001f22c                _Z5xTickv
                0x4001f230                Tick5441X
 .text._Z7SetIntcilii
                0x4001f248       0xc0 C:\Nburn/lib/NANO54415.a(bsp.o)
                0x4001f248                _Z7SetIntcilii
 .text._Z11ForceRebootb
                0x4001f308       0x26 C:\Nburn/lib/NANO54415.a(bsp.o)
                0x4001f308                _Z11ForceRebootb
 *fill*         0x4001f32e        0x2 
 .text._Z12DisableCachev
                0x4001f330       0x56 C:\Nburn/lib/NANO54415.a(bsp.o)
                0x4001f330                _Z12DisableCachev
 *fill*         0x4001f386        0x2 
 .text._Z11EnableCachev
                0x4001f388       0x42 C:\Nburn/lib/NANO54415.a(bsp.o)
                0x4001f388                _Z11EnableCachev
 *fill*         0x4001f3ca        0x2 
 .text._Z13HardwareSetupl
                0x4001f3cc      0x1e0 C:\Nburn/lib/NANO54415.a(bsp.o)
                0x4001f3cc                _Z13HardwareSetupl
 .text._sbrk_r  0x4001f5ac       0x48 C:\Nburn/lib/NANO54415.a(bsp.o)
                0x4001f5ac                _sbrk_r
 .text._Z18BspGetTickFractionv
                0x4001f5f4       0x18 C:\Nburn/lib/NANO54415.a(bsp.o)
                0x4001f5f4                _Z18BspGetTickFractionv
 .text._Z13GetUartRecordi
                0x4001f60c       0x3a C:\Nburn/lib/NANO54415.a(localio.o)
                0x4001f60c                _Z13GetUartRecordi
 *fill*         0x4001f646        0x2 
 .text._Z11LocalInBytev
                0x4001f648       0x5e C:\Nburn/lib/NANO54415.a(localio.o)
                0x4001f648                _Z11LocalInBytev
 *fill*         0x4001f6a6        0x2 
 .text._Z12LocalOutBytec
                0x4001f6a8       0x66 C:\Nburn/lib/NANO54415.a(localio.o)
                0x4001f6a8                _Z12LocalOutBytec
 *fill*         0x4001f70e        0x2 
 .text.MultiChannel_I2CInit
                0x4001f710      0x1e6 C:\Nburn/lib/NANO54415.a(multichanneli2c.o)
                0x4001f710                MultiChannel_I2CInit
 *fill*         0x4001f8f6        0x2 
 .text.MultiChannel_I2CRestart
                0x4001f8f8       0x42 C:\Nburn/lib/NANO54415.a(multichanneli2c.o)
                0x4001f8f8                MultiChannel_I2CRestart
 *fill*         0x4001f93a        0x2 
 .text.MultiChannel_I2CSendBuf
                0x4001f93c      0x1ac C:\Nburn/lib/NANO54415.a(multichanneli2c.o)
                0x4001f93c                MultiChannel_I2CSendBuf
 .text.MultiChannel_I2CReadBuf
                0x4001fae8      0x25e C:\Nburn/lib/NANO54415.a(multichanneli2c.o)
                0x4001fae8                MultiChannel_I2CReadBuf
 *fill*         0x4001fd46        0x2 
 .text.I2CMultiChannelResetPeripheral
                0x4001fd48       0x24 C:\Nburn/lib/NANO54415.a(multichanneli2c.o)
                0x4001fd48                I2CMultiChannelResetPeripheral
 .text.startup._GLOBAL__sub_I_I2C_SlaveTX_Callback
                0x4001fd6c       0x26 C:\Nburn/lib/NANO54415.a(multichanneli2c.o)
 *fill*         0x4001fd92        0x2 
 .text._Z14SetDefPinUsagev
                0x4001fd94      0x1aa C:\Nburn/lib/NANO54415.a(defpins.o)
                0x4001fd94                _Z14SetDefPinUsagev
 *fill*         0x4001ff3e        0x2 
 .text._ZN8SPIFlashC2Ei
                0x4001ff40       0x66 C:\Nburn/lib/NANO54415.a(SPIFlash.o)
                0x4001ff40                _ZN8SPIFlashC1Ei
                0x4001ff40                _ZN8SPIFlashC2Ei
 *fill*         0x4001ffa6        0x2 
 .text._ZN8SPIFlashD2Ev
                0x4001ffa8        0x8 C:\Nburn/lib/NANO54415.a(SPIFlash.o)
                0x4001ffa8                _ZN8SPIFlashD1Ev
                0x4001ffa8                _ZN8SPIFlashD2Ev
 .text._ZN8SPIFlash9SpiAscCmdEPKc
                0x4001ffb0      0x1ce C:\Nburn/lib/NANO54415.a(SPIFlash.o)
                0x4001ffb0                _ZN8SPIFlash9SpiAscCmdEPKc
 *fill*         0x4002017e        0x2 
 .text._ZN8SPIFlash9WriteDataEPhii
                0x40020180      0x490 C:\Nburn/lib/NANO54415.a(SPIFlash.o)
                0x40020180                _ZN8SPIFlash9WriteDataEPhii
 .text._ZN8SPIFlash11EraseSectorEi
                0x40020610      0x2d6 C:\Nburn/lib/NANO54415.a(SPIFlash.o)
                0x40020610                _ZN8SPIFlash11EraseSectorEi
 *fill*         0x400208e6        0x2 
 .text._ZN8SPIFlash15WriteDataWEraseEPhii
                0x400208e8       0x7a C:\Nburn/lib/NANO54415.a(SPIFlash.o)
                0x400208e8                _ZN8SPIFlash15WriteDataWEraseEPhii
 *fill*         0x40020962        0x2 
 .text._ZN8SPIFlash10EraseRangeEii
                0x40020964       0x64 C:\Nburn/lib/NANO54415.a(SPIFlash.o)
                0x40020964                _ZN8SPIFlash10EraseRangeEii
 .text._ZN8SPIFlash7ResetMeEv
                0x400209c8      0x164 C:\Nburn/lib/NANO54415.a(SPIFlash.o)
                0x400209c8                _ZN8SPIFlash7ResetMeEv
 .text._ZN8SPIFlash8ReadDataEPhii
                0x40020b2c      0x34e C:\Nburn/lib/NANO54415.a(SPIFlash.o)
                0x40020b2c                _ZN8SPIFlash8ReadDataEPhii
 *fill*         0x40020e7a        0x2 
 .text._Z34fake_i2c0_multichannel_int_routinev
                0x40020e7c       0x54 C:\Nburn/lib/NANO54415.a(i2c_class.o)
                0x40020e7c                _Z34fake_i2c0_multichannel_int_routinev
                0x40020e80                i2c0_multichannel_int_routine
 .text._Z34fake_i2c1_multichannel_int_routinev
                0x40020ed0       0x54 C:\Nburn/lib/NANO54415.a(i2c_class.o)
                0x40020ed0                _Z34fake_i2c1_multichannel_int_routinev
                0x40020ed4                i2c1_multichannel_int_routine
 .text._Z34fake_i2c2_multichannel_int_routinev
                0x40020f24       0x54 C:\Nburn/lib/NANO54415.a(i2c_class.o)
                0x40020f24                _Z34fake_i2c2_multichannel_int_routinev
                0x40020f28                i2c2_multichannel_int_routine
 .text._Z34fake_i2c3_multichannel_int_routinev
                0x40020f78       0x54 C:\Nburn/lib/NANO54415.a(i2c_class.o)
                0x40020f78                _Z34fake_i2c3_multichannel_int_routinev
                0x40020f7c                i2c3_multichannel_int_routine
 .text._Z34fake_i2c4_multichannel_int_routinev
                0x40020fcc       0x54 C:\Nburn/lib/NANO54415.a(i2c_class.o)
                0x40020fcc                _Z34fake_i2c4_multichannel_int_routinev
                0x40020fd0                i2c4_multichannel_int_routine
 .text._Z34fake_i2c5_multichannel_int_routinev
                0x40021020       0x54 C:\Nburn/lib/NANO54415.a(i2c_class.o)
                0x40021020                _Z34fake_i2c5_multichannel_int_routinev
                0x40021024                i2c5_multichannel_int_routine
 .text._ZN10i2c_masterC2Ev
                0x40021074       0x48 C:\Nburn/lib/NANO54415.a(i2c_class.o)
                0x40021074                _ZN10i2c_masterC2Ev
                0x40021074                _ZN10i2c_masterC1Ev
 .text._ZN10i2c_master4initEhh
                0x400210bc      0x1b0 C:\Nburn/lib/NANO54415.a(i2c_class.o)
                0x400210bc                _ZN10i2c_master4initEhh
 .text._ZN10i2c_master5resetEv
                0x4002126c       0x8e C:\Nburn/lib/NANO54415.a(i2c_class.o)
                0x4002126c                _ZN10i2c_master5resetEv
 *fill*         0x400212fa        0x2 
 .text._ZN10i2c_master4stopEm
                0x400212fc       0x76 C:\Nburn/lib/NANO54415.a(i2c_class.o)
                0x400212fc                _ZN10i2c_master4stopEm
 *fill*         0x40021372        0x2 
 .text._ZN10i2c_master6write8Ehm
                0x40021374       0x96 C:\Nburn/lib/NANO54415.a(i2c_class.o)
                0x40021374                _ZN10i2c_master6write8Ehm
 *fill*         0x4002140a        0x2 
 .text._ZN10i2c_master5startEhbm
                0x4002140c       0xe4 C:\Nburn/lib/NANO54415.a(i2c_class.o)
                0x4002140c                _ZN10i2c_master5startEhbm
 .text._ZN10i2c_master7restartEhbm
                0x400214f0       0xaa C:\Nburn/lib/NANO54415.a(i2c_class.o)
                0x400214f0                _ZN10i2c_master7restartEhbm
 *fill*         0x4002159a        0x2 
 .text._ZN10i2c_master5read8EPhm
                0x4002159c       0x86 C:\Nburn/lib/NANO54415.a(i2c_class.o)
                0x4002159c                _ZN10i2c_master5read8EPhm
 *fill*         0x40021622        0x2 
 .text._ZN10i2c_master16SlaveRX_CallbackEh
                0x40021624       0x78 C:\Nburn/lib/NANO54415.a(i2c_class.o)
                0x40021624                _ZN10i2c_master16SlaveRX_CallbackEh
 .text._ZN10i2c_master3isrEv
                0x4002169c      0x35e C:\Nburn/lib/NANO54415.a(i2c_class.o)
                0x4002169c                _ZN10i2c_master3isrEv
 *fill*         0x400219fa        0x2 
 .text.real_i2c0_multichannel_int_routine
                0x400219fc       0x16 C:\Nburn/lib/NANO54415.a(i2c_class.o)
                0x400219fc                real_i2c0_multichannel_int_routine
 *fill*         0x40021a12        0x2 
 .text.real_i2c1_multichannel_int_routine
                0x40021a14       0x16 C:\Nburn/lib/NANO54415.a(i2c_class.o)
                0x40021a14                real_i2c1_multichannel_int_routine
 *fill*         0x40021a2a        0x2 
 .text.real_i2c2_multichannel_int_routine
                0x40021a2c       0x16 C:\Nburn/lib/NANO54415.a(i2c_class.o)
                0x40021a2c                real_i2c2_multichannel_int_routine
 *fill*         0x40021a42        0x2 
 .text.real_i2c3_multichannel_int_routine
                0x40021a44       0x16 C:\Nburn/lib/NANO54415.a(i2c_class.o)
                0x40021a44                real_i2c3_multichannel_int_routine
 *fill*         0x40021a5a        0x2 
 .text.real_i2c4_multichannel_int_routine
                0x40021a5c       0x16 C:\Nburn/lib/NANO54415.a(i2c_class.o)
                0x40021a5c                real_i2c4_multichannel_int_routine
 *fill*         0x40021a72        0x2 
 .text.real_i2c5_multichannel_int_routine
                0x40021a74       0x16 C:\Nburn/lib/NANO54415.a(i2c_class.o)
                0x40021a74                real_i2c5_multichannel_int_routine
 *fill*         0x40021a8a        0x2 
 .text.startup._GLOBAL__sub_I_I2C
                0x40021a8c       0x34 C:\Nburn/lib/NANO54415.a(i2c_class.o)
 .text.startup  0x40021ac0        0xc C:\Nburn/lib/NetBurner.a(main.o)
                0x40021ac0                main
 .text._Z22TopOfStackKillfunctionv
                0x40021acc        0xc C:\Nburn/lib/NetBurner.a(ucosmcfc.o)
                0x40021acc                _Z22TopOfStackKillfunctionv
                0x40021ad0                KillFunctionLink
 .text._Z9OSTCBInithPvS_PlPKc
                0x40021ad8       0xd6 C:\Nburn/lib/NetBurner.a(ucosmcfc.o)
                0x40021ad8                _Z9OSTCBInithPvS_PlPKc
 *fill*         0x40021bae        0x2 
 .text._Z17OSTaskCreatewNamePFvPvES_S_S_hPKc.part.0
                0x40021bb0      0x1d2 C:\Nburn/lib/NetBurner.a(ucosmcfc.o)
 *fill*         0x40021d82        0x2 
 .text._Z17OSTaskCreatewNamePFvPvES_S_S_hPKc
                0x40021d84       0x44 C:\Nburn/lib/NetBurner.a(ucosmcfc.o)
                0x40021d84                _Z17OSTaskCreatewNamePFvPvES_S_S_hPKc
 .text._ZL10OSTaskIdlePv
                0x40021dc8       0x2a C:\Nburn/lib/NetBurner.a(ucos.o)
 *fill*         0x40021df2        0x2 
 .text._Z6OSInitPvS_h
                0x40021df4      0x174 C:\Nburn/lib/NetBurner.a(ucos.o)
                0x40021df4                _Z6OSInitPvS_h
 .text._Z7OSStartv
                0x40021f68       0x7c C:\Nburn/lib/NetBurner.a(ucos.o)
                0x40021f68                _Z7OSStartv
 .text.OSSched  0x40021fe4       0x92 C:\Nburn/lib/NetBurner.a(ucos.o)
                0x40021fe4                OSSched
                0x40022068                UCOSWAITS_HERE
 *fill*         0x40022076        0x2 
 .text.OSIntExit
                0x40022078       0x94 C:\Nburn/lib/NetBurner.a(ucos.o)
                0x40022078                OSIntExit
 .text._Z9OSTimeDlyt
                0x4002210c       0xb4 C:\Nburn/lib/NetBurner.a(ucos.o)
                0x4002210c                _Z9OSTimeDlyt
 .text.OSTimeTick
                0x400221c0      0x104 C:\Nburn/lib/NetBurner.a(ucos.o)
                0x400221c0                OSTimeTick
 .text._Z12OSTCBGetFreev
                0x400222c4       0x2c C:\Nburn/lib/NetBurner.a(ucos.o)
                0x400222c4                _Z12OSTCBGetFreev
 .text._Z6OSLockv
                0x400222f0       0x26 C:\Nburn/lib/NetBurner.a(ucos.o)
                0x400222f0                _Z6OSLockv
 *fill*         0x40022316        0x2 
 .text._Z8OSUnlockv
                0x40022318       0x3e C:\Nburn/lib/NetBurner.a(ucos.o)
                0x40022318                _Z8OSUnlockv
 *fill*         0x40022356        0x2 
 .text._Z12OSChangePrioh
                0x40022358      0x100 C:\Nburn/lib/NetBurner.a(ucos.o)
                0x40022358                _Z12OSChangePrioh
 .text._Z12OSTaskDeletev
                0x40022458      0x112 C:\Nburn/lib/NetBurner.a(ucos.o)
                0x40022458                _Z12OSTaskDeletev
 *fill*         0x4002256a        0x2 
 .text._ZN15OS_TASK_DLY_OBJC2Ev
                0x4002256c       0x30 C:\Nburn/lib/NetBurner.a(ucos.o)
                0x4002256c                _ZN15OS_TASK_DLY_OBJC2Ev
                0x4002256c                _ZN15OS_TASK_DLY_OBJC1Ev
 .text._ZN6OS_SEM5ClaimEv
                0x4002259c       0x52 C:\Nburn/lib/NetBurner.a(ucos.o)
                0x4002259c                _ZN6OS_SEM5ClaimEv
 *fill*         0x400225ee        0x2 
 .text._ZN6OS_SEM4InitEl
                0x400225f0       0x88 C:\Nburn/lib/NetBurner.a(ucos.o)
                0x400225f0                _ZN6OS_SEM4InitEl
 .text._ZN6OS_SEM4PendEm
                0x40022678      0x1d6 C:\Nburn/lib/NetBurner.a(ucos.o)
                0x40022678                _ZN6OS_SEM4PendEm
 *fill*         0x4002284e        0x2 
 .text._ZN6OS_SEM10PendNoWaitEv
                0x40022850       0x3a C:\Nburn/lib/NetBurner.a(ucos.o)
                0x40022850                _ZN6OS_SEM10PendNoWaitEv
 *fill*         0x4002288a        0x2 
 .text._ZN6OS_SEM4PostEv
                0x4002288c      0x178 C:\Nburn/lib/NetBurner.a(ucos.o)
                0x4002288c                _ZN6OS_SEM4PostEv
 .text._ZN7OS_FIFO4InitEv
                0x40022a04       0x48 C:\Nburn/lib/NetBurner.a(ucos.o)
                0x40022a04                _ZN7OS_FIFO4InitEv
 .text._ZN7OS_FIFO4PendEPPV10os_fifo_elm
                0x40022a4c      0x1d6 C:\Nburn/lib/NetBurner.a(ucos.o)
                0x40022a4c                _ZN7OS_FIFO4PendEPPV10os_fifo_elm
 *fill*         0x40022c22        0x2 
 .text._ZN7OS_FIFO4PostEP10os_fifo_el
                0x40022c24      0x160 C:\Nburn/lib/NetBurner.a(ucos.o)
                0x40022c24                _ZN7OS_FIFO4PostEP10os_fifo_el
 .text.getpid   0x40022d84       0x18 C:\Nburn/lib/NetBurner.a(ucos.o)
                0x40022d84                getpid
 .text._ZN7OS_CRIT4InitEv
                0x40022d9c       0x4c C:\Nburn/lib/NetBurner.a(ucos.o)
                0x40022d9c                _ZN7OS_CRIT4InitEv
 .text._ZN7OS_CRIT5EnterEm
                0x40022de8      0x208 C:\Nburn/lib/NetBurner.a(ucos.o)
                0x40022de8                _ZN7OS_CRIT5EnterEm
 .text._ZN7OS_CRIT11EnterNoWaitEv
                0x40022ff0       0x70 C:\Nburn/lib/NetBurner.a(ucos.o)
                0x40022ff0                _ZN7OS_CRIT11EnterNoWaitEv
 .text._ZN7OS_CRIT5LeaveEv
                0x40023060      0x19e C:\Nburn/lib/NetBurner.a(ucos.o)
                0x40023060                _ZN7OS_CRIT5LeaveEv
 *fill*         0x400231fe        0x2 
 .text.cppmain  0x40023200       0x40 C:\Nburn/lib/NetBurner.a(cppmain.o)
                0x40023200                cppmain
 .text._Z24SetAddressWriteRangeTrapmm
                0x40023240       0xec C:\Nburn/lib/NetBurner.a(debugtrap.o)
                0x40023240                _Z24SetAddressWriteRangeTrapmm
 .text._Z23SetAddressReadRangeTrapmm
                0x4002332c       0xec C:\Nburn/lib/NetBurner.a(debugtrap.o)
                0x4002332c                _Z23SetAddressReadRangeTrapmm
 .text.UCosSetup
                0x40023418       0x80 C:\Nburn/lib/NetBurner.a(ucosmain.o)
                0x40023418                UCosSetup
 .text.__malloc_lock
                0x40023498       0x1c C:\Nburn/lib/NetBurner.a(ucosmain.o)
                0x40023498                __malloc_lock
 .text.__malloc_unlock
                0x400234b4       0x1c C:\Nburn/lib/NetBurner.a(ucosmain.o)
                0x400234b4                __malloc_unlock
 .text._Z9UCosBeginv
                0x400234d0       0xba C:\Nburn/lib/NetBurner.a(ucosmain.o)
                0x400234d0                _Z9UCosBeginv
 *fill*         0x4002358a        0x2 
 .text._Z22EnableOSStackProtectorv
                0x4002358c       0x14 C:\Nburn/lib/NetBurner.a(ucosmain.o)
                0x4002358c                _Z22EnableOSStackProtectorv
 .text.OSStackProtector
                0x400235a0       0x24 C:\Nburn/lib/NetBurner.a(ucosmain.o)
                0x400235a0                OSStackProtector
 .text.startup._GLOBAL__sub_I_OSIdleTaskStk
                0x400235c4       0x22 C:\Nburn/lib/NetBurner.a(ucosmain.o)
 *fill*         0x400235e6        0x2 
 .text.ioctl    0x400235e8       0x76 C:\Nburn/lib/NetBurner.a(fileio.o)
                0x400235e8                ioctl
 *fill*         0x4002365e        0x2 
 .text.close    0x40023660       0x4c C:\Nburn/lib/NetBurner.a(fileio.o)
                0x40023660                close
 .text.write    0x400236ac      0x150 C:\Nburn/lib/NetBurner.a(fileio.o)
                0x400236ac                write
 .text._Z8rawwriteiPKci
                0x400237fc       0x82 C:\Nburn/lib/NetBurner.a(fileio.o)
                0x400237fc                _Z8rawwriteiPKci
 *fill*         0x4002387e        0x2 
 .text.isatty   0x40023880       0x14 C:\Nburn/lib/NetBurner.a(fileio.o)
                0x40023880                isatty
 .text.lseek    0x40023894       0x16 C:\Nburn/lib/NetBurner.a(fileio.o)
                0x40023894                lseek
 *fill*         0x400238aa        0x2 
 .text.fstat    0x400238ac       0x1c C:\Nburn/lib/NetBurner.a(fileio.o)
                0x400238ac                fstat
 .text._Z11stdioinbytei
                0x400238c8       0x76 C:\Nburn/lib/NetBurner.a(fileio.o)
                0x400238c8                _Z11stdioinbytei
 *fill*         0x4002393e        0x2 
 .text.read     0x40023940      0x1aa C:\Nburn/lib/NetBurner.a(fileio.o)
                0x40023940                read
 *fill*         0x40023aea        0x2 
 .text.ReplaceStdio
                0x40023aec       0xa0 C:\Nburn/lib/NetBurner.a(fileio.o)
                0x40023aec                ReplaceStdio
 .text.CurrentStdioFD
                0x40023b8c       0x22 C:\Nburn/lib/NetBurner.a(fileio.o)
                0x40023b8c                CurrentStdioFD
 *fill*         0x40023bae        0x2 
 .text._Z9isvalidcrP12ConfigRecord
                0x40023bb0       0x46 C:\Nburn/lib/NetBurner.a(system.o)
                0x40023bb0                _Z9isvalidcrP12ConfigRecord
 *fill*         0x40023bf6        0x2 
 .text._Z12RawGetConfigi
                0x40023bf8       0x24 C:\Nburn/lib/NetBurner.a(system.o)
                0x40023bf8                _Z12RawGetConfigi
 .text._Z22UpdateConfigRecord_NumP12ConfigRecordi
                0x40023c1c      0x184 C:\Nburn/lib/NetBurner.a(system.o)
                0x40023c1c                _Z22UpdateConfigRecord_NumP12ConfigRecordi
 .text._Z18UpdateConfigRecordP12ConfigRecord
                0x40023da0       0x16 C:\Nburn/lib/NetBurner.a(system.o)
                0x40023da0                _Z18UpdateConfigRecordP12ConfigRecord
 *fill*         0x40023db6        0x2 
 .text.kill     0x40023db8        0x8 C:\Nburn/lib/NetBurner.a(utils.o)
                0x40023db8                kill
 .text._exit    0x40023dc0        0x6 C:\Nburn/lib/NetBurner.a(utils.o)
                0x40023dc0                _exit
 *fill*         0x40023dc6        0x2 
 .text._Z7ShowMacP6MACADR
                0x40023dc8       0x42 C:\Nburn/lib/NetBurner.a(utils.o)
                0x40023dc8                _Z7ShowMacP6MACADR
 *fill*         0x40023e0a        0x2 
 .text._Z7ShowIP47IPADDR4
                0x40023e0c       0x36 C:\Nburn/lib/NetBurner.a(utils.o)
                0x40023e0c                _Z7ShowIP47IPADDR4
 *fill*         0x40023e42        0x2 
 .text._Z9snShowIP4Pcm7IPADDR4
                0x40023e44       0x3a C:\Nburn/lib/NetBurner.a(utils.o)
                0x40023e44                _Z9snShowIP4Pcm7IPADDR4
 *fill*         0x40023e7e        0x2 
 .text._Z8ShowDataPKht
                0x40023e80      0x556 C:\Nburn/lib/NetBurner.a(utils.o)
                0x40023e80                _Z8ShowDataPKht
 *fill*         0x400243d6        0x2 
 .text._Z11IsBroadCast7IPADDR4i.part.1
                0x400243d8       0x48 C:\Nburn/lib/NetBurner.a(ip.o)
 .text._Z12AddInterface7IPADDR4S_S_i
                0x40024420      0x156 C:\Nburn/lib/NetBurner.a(ip.o)
                0x40024420                _Z12AddInterface7IPADDR4S_S_i
 *fill*         0x40024576        0x2 
 .text._Z22GetMultiHomeInterface47IPADDR4i
                0x40024578       0x6e C:\Nburn/lib/NetBurner.a(ip.o)
                0x40024578                _Z22GetMultiHomeInterface47IPADDR4i
 *fill*         0x400245e6        0x2 
 .text._Z10DoIPPacketP11pool_bufferP6EFRAMEt
                0x400245e8      0x1ae C:\Nburn/lib/NetBurner.a(ip.o)
                0x400245e8                _Z10DoIPPacketP11pool_bufferP6EFRAMEt
 *fill*         0x40024796        0x2 
 .text._Z20GetLocalIPInterface47IPADDR4
                0x40024798       0x5e C:\Nburn/lib/NetBurner.a(ip.o)
                0x40024798                _Z20GetLocalIPInterface47IPADDR4
 *fill*         0x400247f6        0x2 
 .text._Z8IsLocal47IPADDR4i
                0x400247f8       0x44 C:\Nburn/lib/NetBurner.a(ip.o)
                0x400247f8                _Z8IsLocal47IPADDR4i
 .text._Z11IsBroadCast7IPADDR4i
                0x4002483c       0x1c C:\Nburn/lib/NetBurner.a(ip.o)
                0x4002483c                _Z11IsBroadCast7IPADDR4i
 .text._Z7IsMyIp47IPADDR4
                0x40024858       0x20 C:\Nburn/lib/NetBurner.a(ip.o)
                0x40024858                _Z7IsMyIp47IPADDR4
 .text._Z16FixHeaderAndSendP11pool_bufferP5IPPKT
                0x40024878      0x210 C:\Nburn/lib/NetBurner.a(ip.o)
                0x40024878                _Z16FixHeaderAndSendP11pool_bufferP5IPPKT
 .text._Z28FixHeaderAndSendViaInterfaceP11pool_bufferP5IPPKTi
                0x40024a88      0x192 C:\Nburn/lib/NetBurner.a(ip.o)
                0x40024a88                _Z28FixHeaderAndSendViaInterfaceP11pool_bufferP5IPPKTi
 *fill*         0x40024c1a        0x2 
 .text._Z9SaveErrorP11pool_buffer
                0x40024c1c       0x42 C:\Nburn/lib/NetBurner.a(ip.o)
                0x40024c1c                _Z9SaveErrorP11pool_buffer
 *fill*         0x40024c5e        0x2 
 .text._Z13process_icmp4P11pool_bufferP5IPPKTt